../../Drivers/CMSIS/Include/core_cm33.h:3212:26:ITM_SendChar	4
C:/Users/raphael.baumeler/workspace_STM/202_DMA/STM32CubeIDE/FFT/complex.h:22:9:complex_add	1
C:/Users/raphael.baumeler/workspace_STM/202_DMA/STM32CubeIDE/FFT/complex.h:32:9:complex_sub	1
C:/Users/raphael.baumeler/workspace_STM/202_DMA/STM32CubeIDE/FFT/complex.h:42:9:complex_mul	1
C:/Users/raphael.baumeler/workspace_STM/202_DMA/STM32CubeIDE/FFT/complex.h:52:9:complex_exp	1
C:/Users/raphael.baumeler/workspace_STM/202_DMA/STM32CubeIDE/FFT/complex.h:62:6:scale	2
C:/Users/raphael.baumeler/workspace_STM/202_DMA/STM32CubeIDE/FFT/complex.h:72:6:abs_val	3
C:/Users/raphael.baumeler/workspace_STM/202_DMA/STM32CubeIDE/FFT/complex.h:85:6:make_complex	2
C:/Users/raphael.baumeler/workspace_STM/202_DMA/STM32CubeIDE/FFT/fft.h:15:6:dft	3
C:/Users/raphael.baumeler/workspace_STM/202_DMA/STM32CubeIDE/FFT/fft.h:40:6:fft	4
C:/Users/raphael.baumeler/workspace_STM/202_DMA/Core/Src/main.c:89:5:main	2
C:/Users/raphael.baumeler/workspace_STM/202_DMA/Core/Src/main.c:179:6:SystemClock_Config	4
C:/Users/raphael.baumeler/workspace_STM/202_DMA/Core/Src/main.c:234:13:SystemPower_Config	2
C:/Users/raphael.baumeler/workspace_STM/202_DMA/Core/Src/main.c:255:5:_write	2
C:/Users/raphael.baumeler/workspace_STM/202_DMA/Core/Src/main.c:270:6:MPU_Config	1
C:/Users/raphael.baumeler/workspace_STM/202_DMA/Core/Src/main.c:325:6:Error_Handler	1
