../../Drivers/CMSIS/Include/core_cm33.h:3212:26:ITM_SendChar	4
C:/Users/raphael.baumeler/workspace_STM/206_Monitoringsystem_Matlab/STM32CubeIDE/Funktionen/complex.h:29:9:complex_add	1
C:/Users/raphael.baumeler/workspace_STM/206_Monitoringsystem_Matlab/STM32CubeIDE/Funktionen/complex.h:43:9:complex_sub	1
C:/Users/raphael.baumeler/workspace_STM/206_Monitoringsystem_Matlab/STM32CubeIDE/Funktionen/complex.h:57:9:complex_mul	1
C:/Users/raphael.baumeler/workspace_STM/206_Monitoringsystem_Matlab/STM32CubeIDE/Funktionen/complex.h:70:9:complex_exp	1
C:/Users/raphael.baumeler/workspace_STM/206_Monitoringsystem_Matlab/STM32CubeIDE/Funktionen/complex.h:83:6:scale	2
C:/Users/raphael.baumeler/workspace_STM/206_Monitoringsystem_Matlab/STM32CubeIDE/Funktionen/complex.h:97:6:abs_val	3
C:/Users/raphael.baumeler/workspace_STM/206_Monitoringsystem_Matlab/STM32CubeIDE/Funktionen/complex.h:113:6:make_complex	2
C:/Users/raphael.baumeler/workspace_STM/206_Monitoringsystem_Matlab/STM32CubeIDE/Funktionen/fft.h:29:6:dft	3
C:/Users/raphael.baumeler/workspace_STM/206_Monitoringsystem_Matlab/STM32CubeIDE/Funktionen/fft.h:56:6:fft	4
C:/Users/raphael.baumeler/workspace_STM/206_Monitoringsystem_Matlab/STM32CubeIDE/Funktionen/fft.h:94:6:calc_voltage	2
C:/Users/raphael.baumeler/workspace_STM/206_Monitoringsystem_Matlab/STM32CubeIDE/Funktionen/fft.h:108:11:get_array_max	3
C:/Users/raphael.baumeler/workspace_STM/206_Monitoringsystem_Matlab/STM32CubeIDE/Funktionen/konsole.h:24:5:_write	2
C:/Users/raphael.baumeler/workspace_STM/206_Monitoringsystem_Matlab/STM32CubeIDE/Funktionen/konsole.h:41:6:_print	1
C:/Users/raphael.baumeler/workspace_STM/206_Monitoringsystem_Matlab/STM32CubeIDE/Funktionen/statemachine.h:97:6:StateMachine	9
C:/Users/raphael.baumeler/workspace_STM/206_Monitoringsystem_Matlab/Core/Src/main.c:134:5:main	1
C:/Users/raphael.baumeler/workspace_STM/206_Monitoringsystem_Matlab/Core/Src/main.c:220:6:SystemClock_Config	4
C:/Users/raphael.baumeler/workspace_STM/206_Monitoringsystem_Matlab/Core/Src/main.c:274:13:SystemPower_Config	2
C:/Users/raphael.baumeler/workspace_STM/206_Monitoringsystem_Matlab/Core/Src/main.c:296:6:HAL_ADC_ConvCpltCallback	5
C:/Users/raphael.baumeler/workspace_STM/206_Monitoringsystem_Matlab/Core/Src/main.c:333:6:HAL_TIM_PeriodElapsedCallback	1
C:/Users/raphael.baumeler/workspace_STM/206_Monitoringsystem_Matlab/Core/Src/main.c:338:6:HAL_GPIO_EXTI_Rising_Callback	1
C:/Users/raphael.baumeler/workspace_STM/206_Monitoringsystem_Matlab/Core/Src/main.c:359:6:MPU_Config	1
C:/Users/raphael.baumeler/workspace_STM/206_Monitoringsystem_Matlab/Core/Src/main.c:413:6:Error_Handler	1
