../../Drivers/CMSIS/Include/core_cm33.h:3212:26:ITM_SendChar	16	static,ignoring_inline_asm
C:/Users/raphael.baumeler/workspace_STM/206_Monitoringsystem_Matlab/STM32CubeIDE/Funktionen/complex.h:29:9:complex_add	48	static
C:/Users/raphael.baumeler/workspace_STM/206_Monitoringsystem_Matlab/STM32CubeIDE/Funktionen/complex.h:43:9:complex_sub	48	static
C:/Users/raphael.baumeler/workspace_STM/206_Monitoringsystem_Matlab/STM32CubeIDE/Funktionen/complex.h:57:9:complex_mul	48	static
C:/Users/raphael.baumeler/workspace_STM/206_Monitoringsystem_Matlab/STM32CubeIDE/Funktionen/complex.h:70:9:complex_exp	40	static
C:/Users/raphael.baumeler/workspace_STM/206_Monitoringsystem_Matlab/STM32CubeIDE/Funktionen/complex.h:83:6:scale	24	static
C:/Users/raphael.baumeler/workspace_STM/206_Monitoringsystem_Matlab/STM32CubeIDE/Funktionen/complex.h:97:6:abs_val	48	static
C:/Users/raphael.baumeler/workspace_STM/206_Monitoringsystem_Matlab/STM32CubeIDE/Funktionen/complex.h:113:6:make_complex	32	static
C:/Users/raphael.baumeler/workspace_STM/206_Monitoringsystem_Matlab/STM32CubeIDE/Funktionen/fft.h:20:6:dft	56	static
C:/Users/raphael.baumeler/workspace_STM/206_Monitoringsystem_Matlab/STM32CubeIDE/Funktionen/fft.h:47:6:fft	104	dynamic
C:/Users/raphael.baumeler/workspace_STM/206_Monitoringsystem_Matlab/STM32CubeIDE/Funktionen/fft.h:83:6:calc_voltage	40	static
C:/Users/raphael.baumeler/workspace_STM/206_Monitoringsystem_Matlab/STM32CubeIDE/Funktionen/konsole.h:24:5:_write	32	static
C:/Users/raphael.baumeler/workspace_STM/206_Monitoringsystem_Matlab/STM32CubeIDE/Funktionen/konsole.h:41:6:_print	16	static
C:/Users/raphael.baumeler/workspace_STM/206_Monitoringsystem_Matlab/Core/Src/main.c:148:5:main	96	static
C:/Users/raphael.baumeler/workspace_STM/206_Monitoringsystem_Matlab/Core/Src/main.c:284:6:SystemClock_Config	128	static
C:/Users/raphael.baumeler/workspace_STM/206_Monitoringsystem_Matlab/Core/Src/main.c:339:13:SystemPower_Config	8	static
C:/Users/raphael.baumeler/workspace_STM/206_Monitoringsystem_Matlab/Core/Src/main.c:361:6:HAL_ADC_ConvCpltCallback	16	static
C:/Users/raphael.baumeler/workspace_STM/206_Monitoringsystem_Matlab/Core/Src/main.c:395:6:HAL_TIM_PeriodElapsedCallback	16	static
C:/Users/raphael.baumeler/workspace_STM/206_Monitoringsystem_Matlab/Core/Src/main.c:400:6:HAL_GPIO_EXTI_Rising_Callback	16	static
C:/Users/raphael.baumeler/workspace_STM/206_Monitoringsystem_Matlab/Core/Src/main.c:420:6:MPU_Config	32	static
C:/Users/raphael.baumeler/workspace_STM/206_Monitoringsystem_Matlab/Core/Src/main.c:474:6:Error_Handler	4	static,ignoring_inline_asm
