Archive member included to satisfy reference by file (symbol)

../../Middlewares/ST/ARM/DSP/Lib\libarm_ARMv8MMLlfsp_math.a(arm_sin_f32.o)
                              ./Application/User/Core/main.o (arm_sin_f32)
../../Middlewares/ST/ARM/DSP/Lib\libarm_ARMv8MMLlfsp_math.a(arm_cos_f32.o)
                              ./Application/User/Core/main.o (arm_cos_f32)
../../Middlewares/ST/ARM/DSP/Lib\libarm_ARMv8MMLlfsp_math.a(arm_common_tables.o)
                              ../../Middlewares/ST/ARM/DSP/Lib\libarm_ARMv8MMLlfsp_math.a(arm_sin_f32.o) (sinTable_f32)
C:/ST/STM32CubeIDE_2.1.1/STM32CubeIDE/plugins/com.st.stm32cube.ide.mcu.externaltools.gnu-tools-for-stm32.14.3.rel1.win32_1.0.100.202602081740/tools/bin/../lib/gcc/arm-none-eabi/14.3.1/../../../../arm-none-eabi/lib/thumb/v8-m.main+fp/hard\libc_nano.a(libc_a-exit.o)
                              C:/ST/STM32CubeIDE_2.1.1/STM32CubeIDE/plugins/com.st.stm32cube.ide.mcu.externaltools.gnu-tools-for-stm32.14.3.rel1.win32_1.0.100.202602081740/tools/bin/../lib/gcc/arm-none-eabi/14.3.1/../../../../arm-none-eabi/lib/thumb/v8-m.main+fp/hard/crt0.o (exit)
C:/ST/STM32CubeIDE_2.1.1/STM32CubeIDE/plugins/com.st.stm32cube.ide.mcu.externaltools.gnu-tools-for-stm32.14.3.rel1.win32_1.0.100.202602081740/tools/bin/../lib/gcc/arm-none-eabi/14.3.1/../../../../arm-none-eabi/lib/thumb/v8-m.main+fp/hard\libc_nano.a(libc_a-nano-vfprintf_float.o)
                              (_printf_float)
C:/ST/STM32CubeIDE_2.1.1/STM32CubeIDE/plugins/com.st.stm32cube.ide.mcu.externaltools.gnu-tools-for-stm32.14.3.rel1.win32_1.0.100.202602081740/tools/bin/../lib/gcc/arm-none-eabi/14.3.1/../../../../arm-none-eabi/lib/thumb/v8-m.main+fp/hard\libc_nano.a(libc_a-nano-vfprintf_i.o)
                              C:/ST/STM32CubeIDE_2.1.1/STM32CubeIDE/plugins/com.st.stm32cube.ide.mcu.externaltools.gnu-tools-for-stm32.14.3.rel1.win32_1.0.100.202602081740/tools/bin/../lib/gcc/arm-none-eabi/14.3.1/../../../../arm-none-eabi/lib/thumb/v8-m.main+fp/hard\libc_nano.a(libc_a-nano-vfprintf_float.o) (_printf_common)
C:/ST/STM32CubeIDE_2.1.1/STM32CubeIDE/plugins/com.st.stm32cube.ide.mcu.externaltools.gnu-tools-for-stm32.14.3.rel1.win32_1.0.100.202602081740/tools/bin/../lib/gcc/arm-none-eabi/14.3.1/../../../../arm-none-eabi/lib/thumb/v8-m.main+fp/hard\libc_nano.a(libc_a-findfp.o)
                              C:/ST/STM32CubeIDE_2.1.1/STM32CubeIDE/plugins/com.st.stm32cube.ide.mcu.externaltools.gnu-tools-for-stm32.14.3.rel1.win32_1.0.100.202602081740/tools/bin/../lib/gcc/arm-none-eabi/14.3.1/../../../../arm-none-eabi/lib/thumb/v8-m.main+fp/hard\libc_nano.a(libc_a-exit.o) (__stdio_exit_handler)
C:/ST/STM32CubeIDE_2.1.1/STM32CubeIDE/plugins/com.st.stm32cube.ide.mcu.externaltools.gnu-tools-for-stm32.14.3.rel1.win32_1.0.100.202602081740/tools/bin/../lib/gcc/arm-none-eabi/14.3.1/../../../../arm-none-eabi/lib/thumb/v8-m.main+fp/hard\libc_nano.a(libc_a-fwalk.o)
                              C:/ST/STM32CubeIDE_2.1.1/STM32CubeIDE/plugins/com.st.stm32cube.ide.mcu.externaltools.gnu-tools-for-stm32.14.3.rel1.win32_1.0.100.202602081740/tools/bin/../lib/gcc/arm-none-eabi/14.3.1/../../../../arm-none-eabi/lib/thumb/v8-m.main+fp/hard\libc_nano.a(libc_a-findfp.o) (_fwalk_sglue)
C:/ST/STM32CubeIDE_2.1.1/STM32CubeIDE/plugins/com.st.stm32cube.ide.mcu.externaltools.gnu-tools-for-stm32.14.3.rel1.win32_1.0.100.202602081740/tools/bin/../lib/gcc/arm-none-eabi/14.3.1/../../../../arm-none-eabi/lib/thumb/v8-m.main+fp/hard\libc_nano.a(libc_a-printf.o)
                              ./Application/User/Core/main.o (printf)
C:/ST/STM32CubeIDE_2.1.1/STM32CubeIDE/plugins/com.st.stm32cube.ide.mcu.externaltools.gnu-tools-for-stm32.14.3.rel1.win32_1.0.100.202602081740/tools/bin/../lib/gcc/arm-none-eabi/14.3.1/../../../../arm-none-eabi/lib/thumb/v8-m.main+fp/hard\libc_nano.a(libc_a-puts.o)
                              ./Application/User/Core/main.o (puts)
C:/ST/STM32CubeIDE_2.1.1/STM32CubeIDE/plugins/com.st.stm32cube.ide.mcu.externaltools.gnu-tools-for-stm32.14.3.rel1.win32_1.0.100.202602081740/tools/bin/../lib/gcc/arm-none-eabi/14.3.1/../../../../arm-none-eabi/lib/thumb/v8-m.main+fp/hard\libc_nano.a(libc_a-stdio.o)
                              C:/ST/STM32CubeIDE_2.1.1/STM32CubeIDE/plugins/com.st.stm32cube.ide.mcu.externaltools.gnu-tools-for-stm32.14.3.rel1.win32_1.0.100.202602081740/tools/bin/../lib/gcc/arm-none-eabi/14.3.1/../../../../arm-none-eabi/lib/thumb/v8-m.main+fp/hard\libc_nano.a(libc_a-findfp.o) (__sread)
C:/ST/STM32CubeIDE_2.1.1/STM32CubeIDE/plugins/com.st.stm32cube.ide.mcu.externaltools.gnu-tools-for-stm32.14.3.rel1.win32_1.0.100.202602081740/tools/bin/../lib/gcc/arm-none-eabi/14.3.1/../../../../arm-none-eabi/lib/thumb/v8-m.main+fp/hard\libc_nano.a(libc_a-wbuf.o)
[...]
Memory Configuration

Name             Origin             Length             Attributes
FLASH            0x08000000         0x00400000         xr
RAM              0x20000000         0x00270000         xrw
*default*        0x00000000         0xffffffff

Linker script and memory map

LOAD C:/ST/STM32CubeIDE_2.1.1/STM32CubeIDE/plugins/com.st.stm32cube.ide.mcu.externaltools.gnu-tools-for-stm32.14.3.rel1.win32_1.0.100.202602081740/tools/bin/../lib/gcc/arm-none-eabi/14.3.1/thumb/v8-m.main+fp/hard/crti.o
LOAD C:/ST/STM32CubeIDE_2.1.1/STM32CubeIDE/plugins/com.st.stm32cube.ide.mcu.externaltools.gnu-tools-for-stm32.14.3.rel1.win32_1.0.100.202602081740/tools/bin/../lib/gcc/arm-none-eabi/14.3.1/thumb/v8-m.main+fp/hard/crtbegin.o
LOAD C:/ST/STM32CubeIDE_2.1.1/STM32CubeIDE/plugins/com.st.stm32cube.ide.mcu.externaltools.gnu-tools-for-stm32.14.3.rel1.win32_1.0.100.202602081740/tools/bin/../lib/gcc/arm-none-eabi/14.3.1/../../../../arm-none-eabi/lib/thumb/v8-m.main+fp/hard/crt0.o
LOAD ./Application/User/Core/adc.o
LOAD ./Application/User/Core/comp.o
LOAD ./Application/User/Core/dac.o
LOAD ./Application/User/Core/fdcan.o
LOAD ./Application/User/Core/flash.o
LOAD ./Application/User/Core/gpdma.o
LOAD ./Application/User/Core/gpio.o
LOAD ./Application/User/Core/gtzc.o
LOAD ./Application/User/Core/icache.o
LOAD ./Application/User/Core/main.o
LOAD ./Application/User/Core/spi.o
LOAD ./Application/User/Core/stm32u5xx_hal_msp.o
LOAD ./Application/User/Core/stm32u5xx_it.o
LOAD ./Application/User/Core/syscalls.o
LOAD ./Application/User/Core/sysmem.o
LOAD ./Application/User/Core/tim.o
LOAD ./Application/User/Core/usart.o
LOAD ./Application/User/Startup/startup_stm32u5a5zjtxq.o
LOAD ./Drivers/CMSIS/system_stm32u5xx.o
LOAD ./Drivers/STM32U5xx_HAL_Driver/stm32u5xx_hal.o
LOAD ./Drivers/STM32U5xx_HAL_Driver/stm32u5xx_hal_adc.o
LOAD ./Drivers/STM32U5xx_HAL_Driver/stm32u5xx_hal_adc_ex.o
LOAD ./Drivers/STM32U5xx_HAL_Driver/stm32u5xx_hal_comp.o
LOAD ./Drivers/STM32U5xx_HAL_Driver/stm32u5xx_hal_cortex.o
LOAD ./Drivers/STM32U5xx_HAL_Driver/stm32u5xx_hal_dac.o
LOAD ./Drivers/STM32U5xx_HAL_Driver/stm32u5xx_hal_dac_ex.o
LOAD ./Drivers/STM32U5xx_HAL_Driver/stm32u5xx_hal_dma.o
LOAD ./Drivers/STM32U5xx_HAL_Driver/stm32u5xx_hal_dma_ex.o
LOAD ./Drivers/STM32U5xx_HAL_Driver/stm32u5xx_hal_exti.o
LOAD ./Drivers/STM32U5xx_HAL_Driver/stm32u5xx_hal_fdcan.o
LOAD ./Drivers/STM32U5xx_HAL_Driver/stm32u5xx_hal_flash.o
LOAD ./Drivers/STM32U5xx_HAL_Driver/stm32u5xx_hal_flash_ex.o
LOAD ./Drivers/STM32U5xx_HAL_Driver/stm32u5xx_hal_gpio.o
LOAD ./Drivers/STM32U5xx_HAL_Driver/stm32u5xx_hal_gtzc.o
LOAD ./Drivers/STM32U5xx_HAL_Driver/stm32u5xx_hal_i2c.o
LOAD ./Drivers/STM32U5xx_HAL_Driver/stm32u5xx_hal_i2c_ex.o
LOAD ./Drivers/STM32U5xx_HAL_Driver/stm32u5xx_hal_icache.o
LOAD ./Drivers/STM32U5xx_HAL_Driver/stm32u5xx_hal_pwr.o
LOAD ./Drivers/STM32U5xx_HAL_Driver/stm32u5xx_hal_pwr_ex.o
LOAD ./Drivers/STM32U5xx_HAL_Driver/stm32u5xx_hal_rcc.o
LOAD ./Drivers/STM32U5xx_HAL_Driver/stm32u5xx_hal_rcc_ex.o
LOAD ./Drivers/STM32U5xx_HAL_Driver/stm32u5xx_hal_spi.o
LOAD ./Drivers/STM32U5xx_HAL_Driver/stm32u5xx_hal_spi_ex.o
LOAD ./Drivers/STM32U5xx_HAL_Driver/stm32u5xx_hal_tim.o
LOAD ./Drivers/STM32U5xx_HAL_Driver/stm32u5xx_hal_tim_ex.o
LOAD ./Drivers/STM32U5xx_HAL_Driver/stm32u5xx_hal_uart.o
LOAD ./Drivers/STM32U5xx_HAL_Driver/stm32u5xx_hal_uart_ex.o
LOAD ../../Middlewares/ST/ARM/DSP/Lib\libarm_ARMv8MMLlfsp_math.a
START GROUP
LOAD C:/ST/STM32CubeIDE_2.1.1/STM32CubeIDE/plugins/com.st.stm32cube.ide.mcu.externaltools.gnu-tools-for-stm32.14.3.rel1.win32_1.0.100.202602081740/tools/bin/../lib/gcc/arm-none-eabi/14.3.1/../../../../arm-none-eabi/lib/thumb/v8-m.main+fp/hard\libc_nano.a
LOAD C:/ST/STM32CubeIDE_2.1.1/STM32CubeIDE/plugins/com.st.stm32cube.ide.mcu.externaltools.gnu-tools-for-stm32.14.3.rel1.win32_1.0.100.202602081740/tools/bin/../lib/gcc/arm-none-eabi/14.3.1/../../../../arm-none-eabi/lib/thumb/v8-m.main+fp/hard\libm.a
END GROUP
START GROUP
LOAD C:/ST/STM32CubeIDE_2.1.1/STM32CubeIDE/plugins/com.st.stm32cube.ide.mcu.externaltools.gnu-tools-for-stm32.14.3.rel1.win32_1.0.100.202602081740/tools/bin/../lib/gcc/arm-none-eabi/14.3.1/thumb/v8-m.main+fp/hard\libgcc.a
LOAD C:/ST/STM32CubeIDE_2.1.1/STM32CubeIDE/plugins/com.st.stm32cube.ide.mcu.externaltools.gnu-tools-for-stm32.14.3.rel1.win32_1.0.100.202602081740/tools/bin/../lib/gcc/arm-none-eabi/14.3.1/../../../../arm-none-eabi/lib/thumb/v8-m.main+fp/hard\libc_nano.a
END GROUP
START GROUP
LOAD C:/ST/STM32CubeIDE_2.1.1/STM32CubeIDE/plugins/com.st.stm32cube.ide.mcu.externaltools.gnu-tools-for-stm32.14.3.rel1.win32_1.0.100.202602081740/tools/bin/../lib/gcc/arm-none-eabi/14.3.1/thumb/v8-m.main+fp/hard\libgcc.a
LOAD C:/ST/STM32CubeIDE_2.1.1/STM32CubeIDE/plugins/com.st.stm32cube.ide.mcu.externaltools.gnu-tools-for-stm32.14.3.rel1.win32_1.0.100.202602081740/tools/bin/../lib/gcc/arm-none-eabi/14.3.1/../../../../arm-none-eabi/lib/thumb/v8-m.main+fp/hard\libc_nano.a
LOAD C:/ST/STM32CubeIDE_2.1.1/STM32CubeIDE/plugins/com.st.stm32cube.ide.mcu.externaltools.gnu-tools-for-stm32.14.3.rel1.win32_1.0.100.202602081740/tools/bin/../lib/gcc/arm-none-eabi/14.3.1/../../../../arm-none-eabi/lib/thumb/v8-m.main+fp/hard\libnosys.a
END GROUP
START GROUP
LOAD C:/ST/STM32CubeIDE_2.1.1/STM32CubeIDE/plugins/com.st.stm32cube.ide.mcu.externaltools.gnu-tools-for-stm32.14.3.rel1.win32_1.0.100.202602081740/tools/bin/../lib/gcc/arm-none-eabi/14.3.1/thumb/v8-m.main+fp/hard\libgcc.a
LOAD C:/ST/STM32CubeIDE_2.1.1/STM32CubeIDE/plugins/com.st.stm32cube.ide.mcu.externaltools.gnu-tools-for-stm32.14.3.rel1.win32_1.0.100.202602081740/tools/bin/../lib/gcc/arm-none-eabi/14.3.1/../../../../arm-none-eabi/lib/thumb/v8-m.main+fp/hard\libc_nano.a
LOAD C:/ST/STM32CubeIDE_2.1.1/STM32CubeIDE/plugins/com.st.stm32cube.ide.mcu.externaltools.gnu-tools-for-stm32.14.3.rel1.win32_1.0.100.202602081740/tools/bin/../lib/gcc/arm-none-eabi/14.3.1/../../../../arm-none-eabi/lib/thumb/v8-m.main+fp/hard\libnosys.a
END GROUP
LOAD C:/ST/STM32CubeIDE_2.1.1/STM32CubeIDE/plugins/com.st.stm32cube.ide.mcu.externaltools.gnu-tools-for-stm32.14.3.rel1.win32_1.0.100.202602081740/tools/bin/../lib/gcc/arm-none-eabi/14.3.1/thumb/v8-m.main+fp/hard/crtend.o
LOAD C:/ST/STM32CubeIDE_2.1.1/STM32CubeIDE/plugins/com.st.stm32cube.ide.mcu.externaltools.gnu-tools-for-stm32.14.3.rel1.win32_1.0.100.202602081740/tools/bin/../lib/gcc/arm-none-eabi/14.3.1/thumb/v8-m.main+fp/hard/crtn.o
                0x20270000                        _estack = (ORIGIN (RAM) + LENGTH (RAM))
                0x20260000                        _sstack = (_estack - _Min_Stack_Size)
                0x00002000                        _Min_Heap_Size = 0x2000
                0x00010000                        _Min_Stack_Size = 0x10000

.isr_vector     0x08000000      0x250
 *(.isr_vector)
 .isr_vector    0x08000000      0x250 ./Application/User/Startup/startup_stm32u5a5zjtxq.o
                0x08000000                g_pfnVectors

.text           0x08000250    0x11e70
 *(.text)
 .text          0x08000250       0x40 C:/ST/STM32CubeIDE_2.1.1/STM32CubeIDE/plugins/com.st.stm32cube.ide.mcu.externaltools.gnu-tools-for-stm32.14.3.rel1.win32_1.0.100.202602081740/tools/bin/../lib/gcc/arm-none-eabi/14.3.1/thumb/v8-m.main+fp/hard/crtbegin.o
 .text          0x08000290       0x10 C:/ST/STM32CubeIDE_2.1.1/STM32CubeIDE/plugins/com.st.stm32cube.ide.mcu.externaltools.gnu-tools-for-stm32.14.3.rel1.win32_1.0.100.202602081740/tools/bin/../lib/gcc/arm-none-eabi/14.3.1/../../../../arm-none-eabi/lib/thumb/v8-m.main+fp/hard\libc_nano.a(libc_a-strlen.o)
                0x08000290                strlen
 .text          0x080002a0      0x378 C:/ST/STM32CubeIDE_2.1.1/STM32CubeIDE/plugins/com.st.stm32cube.ide.mcu.externaltools.gnu-tools-for-stm32.14.3.rel1.win32_1.0.100.202602081740/tools/bin/../lib/gcc/arm-none-eabi/14.3.1/thumb/v8-m.main+fp/hard\libgcc.a(_arm_addsubdf3.o)
                0x080002a0                __aeabi_drsub
                0x080002a8                __aeabi_dsub
                0x080002a8                __subdf3
                0x080002ac                __aeabi_dadd
                0x080002ac                __adddf3
                0x08000524                __floatunsidf
                0x08000524                __aeabi_ui2d
                0x08000544                __floatsidf
                0x08000544                __aeabi_i2d
                0x08000568                __aeabi_f2d
                0x08000568                __extendsfdf2
                0x080005ac                __floatundidf
                0x080005ac                __aeabi_ul2d
                0x080005bc                __floatdidf
                0x080005bc                __aeabi_l2d
 .text          0x08000618      0x424 C:/ST/STM32CubeIDE_2.1.1/STM32CubeIDE/plugins/com.st.stm32cube.ide.mcu.externaltools.gnu-tools-for-stm32.14.3.rel1.win32_1.0.100.202602081740/tools/bin/../lib/gcc/arm-none-eabi/14.3.1/thumb/v8-m.main+fp/hard\libgcc.a(_arm_muldivdf3.o)
                0x08000618                __aeabi_dmul
                0x08000618                __muldf3
                0x0800086c                __divdf3
                0x0800086c                __aeabi_ddiv
 .text          0x08000a3c      0x110 C:/ST/STM32CubeIDE_2.1.1/STM32CubeIDE/plugins/com.st.stm32cube.ide.mcu.externaltools.gnu-tools-for-stm32.14.3.rel1.win32_1.0.100.202602081740/tools/bin/../lib/gcc/arm-none-eabi/14.3.1/thumb/v8-m.main+fp/hard\libgcc.a(_arm_cmpdf2.o)
                0x08000a3c                __gtdf2
                0x08000a3c                __gedf2
                0x08000a44                __ltdf2
                0x08000a44                __ledf2
                0x08000a4c                __nedf2
                0x08000a4c                __eqdf2
                0x08000a4c                __cmpdf2
                0x08000ac8                __aeabi_cdrcmple
                0x08000ad8                __aeabi_cdcmpeq
                0x08000ad8                __aeabi_cdcmple
                0x08000ae8                __aeabi_dcmpeq
                0x08000afc                __aeabi_dcmplt
                0x08000b10                __aeabi_dcmple
                0x08000b24                __aeabi_dcmpge
                0x08000b38                __aeabi_dcmpgt
 .text          0x08000b4c       0x2c C:/ST/STM32CubeIDE_2.1.1/STM32CubeIDE/plugins/com.st.stm32cube.ide.mcu.externaltools.gnu-tools-for-stm32.14.3.rel1.win32_1.0.100.202602081740/tools/bin/../lib/gcc/arm-none-eabi/14.3.1/thumb/v8-m.main+fp/hard\libgcc.a(_arm_unorddf2.o)
                0x08000b4c                __unorddf2
                0x08000b4c                __aeabi_dcmpun
 .text          0x08000b78       0x50 C:/ST/STM32CubeIDE_2.1.1/STM32CubeIDE/plugins/com.st.stm32cube.ide.mcu.externaltools.gnu-tools-for-stm32.14.3.rel1.win32_1.0.100.202602081740/tools/bin/../lib/gcc/arm-none-eabi/14.3.1/thumb/v8-m.main+fp/hard\libgcc.a(_arm_fixdfsi.o)
                0x08000b78                __aeabi_d2iz
                0x08000b78                __fixdfsi
 .text          0x08000bc8       0xa0 C:/ST/STM32CubeIDE_2.1.1/STM32CubeIDE/plugins/com.st.stm32cube.ide.mcu.externaltools.gnu-tools-for-stm32.14.3.rel1.win32_1.0.100.202602081740/tools/bin/../lib/gcc/arm-none-eabi/14.3.1/thumb/v8-m.main+fp/hard\libgcc.a(_arm_truncdfsf2.o)
                0x08000bc8                __truncdfsf2
                0x08000bc8                __aeabi_d2f
 .text          0x08000c68       0x30 C:/ST/STM32CubeIDE_2.1.1/STM32CubeIDE/plugins/com.st.stm32cube.ide.mcu.externaltools.gnu-tools-for-stm32.14.3.rel1.win32_1.0.100.202602081740/tools/bin/../lib/gcc/arm-none-eabi/14.3.1/thumb/v8-m.main+fp/hard\libgcc.a(_aeabi_uldivmod.o)
                0x08000c68                __aeabi_uldivmod
 .text          0x08000c98      0x34c C:/ST/STM32CubeIDE_2.1.1/STM32CubeIDE/plugins/com.st.stm32cube.ide.mcu.externaltools.gnu-tools-for-stm32.14.3.rel1.win32_1.0.100.202602081740/tools/bin/../lib/gcc/arm-none-eabi/14.3.1/thumb/v8-m.main+fp/hard\libgcc.a(_udivmoddi4.o)
                0x08000c98                __udivmoddi4
 .text          0x08000fe4        0x4 C:/ST/STM32CubeIDE_2.1.1/STM32CubeIDE/plugins/com.st.stm32cube.ide.mcu.externaltools.gnu-tools-for-stm32.14.3.rel1.win32_1.0.100.202602081740/tools/bin/../lib/gcc/arm-none-eabi/14.3.1/thumb/v8-m.main+fp/hard\libgcc.a(_dvmd_tls.o)
                0x08000fe4                __aeabi_idiv0
                0x08000fe4                __aeabi_ldiv0
 *(.text*)
 .text.MX_ADC1_Init
                0x08000fe8       0xe0 ./Application/User/Core/adc.o
                0x08000fe8                MX_ADC1_Init
 .text.MX_ADC4_Init
                0x080010c8       0xdc ./Application/User/Core/adc.o
                0x080010c8                MX_ADC4_Init
 .text.HAL_ADC_MspInit
                0x080011a4      0x424 ./Application/User/Core/adc.o
                0x080011a4                HAL_ADC_MspInit
 .text.MX_COMP1_Init
                0x080015c8       0x60 ./Application/User/Core/comp.o
                0x080015c8                MX_COMP1_Init
 .text.MX_COMP2_Init
                0x08001628       0x5c ./Application/User/Core/comp.o
                0x08001628                MX_COMP2_Init
 .text.HAL_COMP_MspInit
                0x08001684      0x15c ./Application/User/Core/comp.o
                0x08001684                HAL_COMP_MspInit
 .text.MX_DAC1_Init
                0x080017e0       0xa8 ./Application/User/Core/dac.o
                0x080017e0                MX_DAC1_Init
 .text.HAL_DAC_MspInit
                0x08001888       0xd4 ./Application/User/Core/dac.o
                0x08001888                HAL_DAC_MspInit
 .text.MX_FDCAN1_Init
                0x0800195c       0x8c ./Application/User/Core/fdcan.o
                0x0800195c                MX_FDCAN1_Init
 .text.HAL_FDCAN_MspInit
                0x080019e8       0xd8 ./Application/User/Core/fdcan.o
                0x080019e8                HAL_FDCAN_MspInit
 .text.MX_FLASH_Init
                0x08001ac0      0x112 ./Application/User/Core/flash.o
                0x08001ac0                MX_FLASH_Init
 *fill*         0x08001bd2        0x2 
 .text.MX_GPDMA1_Init
                0x08001bd4       0x40 ./Application/User/Core/gpdma.o
                0x08001bd4                MX_GPDMA1_Init
 .text.MX_GPIO_Init
                0x08001c14      0x210 ./Application/User/Core/gpio.o
                0x08001c14                MX_GPIO_Init
 .text.MX_GTZC_Init
                0x08001e24      0xc10 ./Application/User/Core/gtzc.o
                0x08001e24                MX_GTZC_Init
 .text.MX_ICACHE_Init
                0x08002a34       0x26 ./Application/User/Core/icache.o
                0x08002a34                MX_ICACHE_Init
 .text.ITM_SendChar
                0x08002a5a       0x4e ./Application/User/Core/main.o
 .text.main     0x08002aa8       0xf0 ./Application/User/Core/main.o
                0x08002aa8                main
 .text.SystemClock_Config
                0x08002b98       0xbe ./Application/User/Core/main.o
                0x08002b98                SystemClock_Config
 .text.SystemPower_Config
                0x08002c56       0x20 ./Application/User/Core/main.o
 .text._write   0x08002c76       0x38 ./Application/User/Core/main.o
                0x08002c76                _write
 *fill*         0x08002cae        0x2 
 .text.MPU_Config
                0x08002cb0       0x6c ./Application/User/Core/main.o
 .text.Error_Handler
                0x08002d1c        0xc ./Application/User/Core/main.o
                0x08002d1c                Error_Handler
 .text.MX_SPI1_Init
                0x08002d28       0xdc ./Application/User/Core/spi.o
                0x08002d28                MX_SPI1_Init
 .text.HAL_SPI_MspInit
                0x08002e04      0x134 ./Application/User/Core/spi.o
                0x08002e04                HAL_SPI_MspInit
 .text.HAL_MspInit
                0x08002f38       0x38 ./Application/User/Core/stm32u5xx_hal_msp.o
                0x08002f38                HAL_MspInit
 .text.NMI_Handler
                0x08002f70        0x8 ./Application/User/Core/stm32u5xx_it.o
                0x08002f70                NMI_Handler
 .text.HardFault_Handler
                0x08002f78        0x8 ./Application/User/Core/stm32u5xx_it.o
                0x08002f78                HardFault_Handler
 .text.MemManage_Handler
                0x08002f80        0x8 ./Application/User/Core/stm32u5xx_it.o
                0x08002f80                MemManage_Handler
 .text.BusFault_Handler
                0x08002f88        0x8 ./Application/User/Core/stm32u5xx_it.o
                0x08002f88                BusFault_Handler
 .text.UsageFault_Handler
                0x08002f90        0x8 ./Application/User/Core/stm32u5xx_it.o
                0x08002f90                UsageFault_Handler
 .text.SVC_Handler
                0x08002f98        0xe ./Application/User/Core/stm32u5xx_it.o
                0x08002f98                SVC_Handler
 .text.DebugMon_Handler
                0x08002fa6        0xe ./Application/User/Core/stm32u5xx_it.o
                0x08002fa6                DebugMon_Handler
 .text.PendSV_Handler
                0x08002fb4        0xe ./Application/User/Core/stm32u5xx_it.o
                0x08002fb4                PendSV_Handler
 .text.SysTick_Handler
                0x08002fc2        0xc ./Application/User/Core/stm32u5xx_it.o
                0x08002fc2                SysTick_Handler
 *fill*         0x08002fce        0x2 
 .text.GPDMA1_Channel15_IRQHandler
                0x08002fd0       0x14 ./Application/User/Core/stm32u5xx_it.o
                0x08002fd0                GPDMA1_Channel15_IRQHandler
 .text._getpid  0x08002fe4       0x10 ./Application/User/Core/syscalls.o
                0x08002fe4                _getpid
 .text._kill    0x08002ff4       0x20 ./Application/User/Core/syscalls.o
                0x08002ff4                _kill
 .text._exit    0x08003014       0x16 ./Application/User/Core/syscalls.o
                0x08003014                _exit
 .text._read    0x0800302a       0x3a ./Application/User/Core/syscalls.o
                0x0800302a                _read
 .text._close   0x08003064       0x18 ./Application/User/Core/syscalls.o
                0x08003064                _close
 .text._fstat   0x0800307c       0x20 ./Application/User/Core/syscalls.o
                0x0800307c                _fstat
 .text._isatty  0x0800309c       0x16 ./Application/User/Core/syscalls.o
                0x0800309c                _isatty
 .text._lseek   0x080030b2       0x1a ./Application/User/Core/syscalls.o
                0x080030b2                _lseek
 .text._sbrk    0x080030cc       0x6c ./Application/User/Core/sysmem.o
                0x080030cc                _sbrk
 .text.MX_TIM1_Init
                0x08003138      0x1e0 ./Application/User/Core/tim.o
                0x08003138                MX_TIM1_Init
 .text.MX_TIM8_Init
                0x08003318      0x1c4 ./Application/User/Core/tim.o
                0x08003318                MX_TIM8_Init
 .text.HAL_TIM_Base_MspInit
                0x080034dc       0x94 ./Application/User/Core/tim.o
                0x080034dc                HAL_TIM_Base_MspInit
 .text.HAL_TIM_PWM_MspInit
                0x08003570       0x94 ./Application/User/Core/tim.o
                0x08003570                HAL_TIM_PWM_MspInit
 .text.HAL_TIM_MspPostInit
                0x08003604      0x1d4 ./Application/User/Core/tim.o
                0x08003604                HAL_TIM_MspPostInit
 .text.MX_USART1_UART_Init
                0x080037d8       0xa0 ./Application/User/Core/usart.o
                0x080037d8                MX_USART1_UART_Init
 .text.MX_USART3_UART_Init
                0x08003878       0x98 ./Application/User/Core/usart.o
                0x08003878                MX_USART3_UART_Init
 .text.HAL_UART_MspInit
                0x08003910      0x258 ./Application/User/Core/usart.o
                0x08003910                HAL_UART_MspInit
 .text.Reset_Handler
                0x08003b68       0x50 ./Application/User/Startup/startup_stm32u5a5zjtxq.o
                0x08003b68                Reset_Handler
 .text.Default_Handler
                0x08003bb8        0x2 ./Application/User/Startup/startup_stm32u5a5zjtxq.o
                0x08003bb8                EXTI2_IRQHandler
                0x08003bb8                TIM8_TRG_COM_IRQHandler
                0x08003bb8                TIM8_CC_IRQHandler
                0x08003bb8                EXTI5_IRQHandler
                0x08003bb8                FLASH_S_IRQHandler
                0x08003bb8                EXTI13_IRQHandler
                0x08003bb8                TIM1_CC_IRQHandler
                0x08003bb8                TSC_IRQHandler
                0x08003bb8                TAMP_IRQHandler
                0x08003bb8                TIM6_IRQHandler
                0x08003bb8                EXTI12_IRQHandler
                0x08003bb8                CORDIC_IRQHandler
                0x08003bb8                EXTI3_IRQHandler
                0x08003bb8                LPTIM4_IRQHandler
                0x08003bb8                GPDMA1_Channel5_IRQHandler
                0x08003bb8                EXTI8_IRQHandler
                0x08003bb8                LPTIM2_IRQHandler
                0x08003bb8                I2C3_ER_IRQHandler
                0x08003bb8                I2C5_EV_IRQHandler
                0x08003bb8                PWR_S3WU_IRQHandler
                0x08003bb8                MDF1_FLT2_IRQHandler
                0x08003bb8                LPDMA1_Channel3_IRQHandler
                0x08003bb8                LPTIM3_IRQHandler
                0x08003bb8                EXTI0_IRQHandler
                0x08003bb8                I2C2_EV_IRQHandler
                0x08003bb8                FPU_IRQHandler
                0x08003bb8                GPDMA1_Channel3_IRQHandler
                0x08003bb8                GPDMA1_Channel7_IRQHandler
                0x08003bb8                MDF1_FLT4_IRQHandler
                0x08003bb8                FDCAN1_IT1_IRQHandler
                0x08003bb8                RAMCFG_IRQHandler
                0x08003bb8                ADC1_2_IRQHandler
                0x08003bb8                GPDMA1_Channel9_IRQHandler
                0x08003bb8                DCACHE1_IRQHandler
                0x08003bb8                SPI1_IRQHandler
                0x08003bb8                OCTOSPI1_IRQHandler
                0x08003bb8                GPDMA1_Channel2_IRQHandler
                0x08003bb8                TIM8_UP_IRQHandler
                0x08003bb8                RCC_S_IRQHandler
                0x08003bb8                OCTOSPI2_IRQHandler
                0x08003bb8                SAI2_IRQHandler
                0x08003bb8                MDF1_FLT1_IRQHandler
                0x08003bb8                PKA_IRQHandler
                0x08003bb8                USART6_IRQHandler
                0x08003bb8                MDF1_FLT5_IRQHandler
                0x08003bb8                EXTI15_IRQHandler
                0x08003bb8                TIM17_IRQHandler
                0x08003bb8                USART3_IRQHandler
                0x08003bb8                RTC_IRQHandler
                0x08003bb8                EXTI9_IRQHandler
                0x08003bb8                HSPI1_IRQHandler
                0x08003bb8                UART5_IRQHandler
                0x08003bb8                TIM4_IRQHandler
                0x08003bb8                I2C1_EV_IRQHandler
                0x08003bb8                GPDMA1_Channel12_IRQHandler
                0x08003bb8                GPDMA1_Channel1_IRQHandler
                0x08003bb8                TIM16_IRQHandler
                0x08003bb8                UART4_IRQHandler
                0x08003bb8                SecureFault_Handler
                0x08003bb8                TIM3_IRQHandler
                0x08003bb8                RCC_IRQHandler
                0x08003bb8                TIM1_TRG_COM_IRQHandler
                0x08003bb8                Default_Handler
                0x08003bb8                GPDMA1_Channel8_IRQHandler
                0x08003bb8                FMAC_IRQHandler
                0x08003bb8                I2C5_ER_IRQHandler
                0x08003bb8                OTFDEC1_IRQHandler
                0x08003bb8                GPDMA1_Channel11_IRQHandler
                0x08003bb8                TIM7_IRQHandler
                0x08003bb8                SDMMC1_IRQHandler
                0x08003bb8                SAES_IRQHandler
                0x08003bb8                TIM5_IRQHandler
                0x08003bb8                UCPD1_IRQHandler
                0x08003bb8                GPDMA1_Channel0_IRQHandler
                0x08003bb8                TIM15_IRQHandler
                0x08003bb8                I2C3_EV_IRQHandler
                0x08003bb8                LPDMA1_Channel0_IRQHandler
                0x08003bb8                PVD_PVM_IRQHandler
                0x08003bb8                SPI2_IRQHandler
                0x08003bb8                LPDMA1_Channel1_IRQHandler
                0x08003bb8                EXTI14_IRQHandler
                0x08003bb8                EXTI11_IRQHandler
                0x08003bb8                OTFDEC2_IRQHandler
                0x08003bb8                CRS_IRQHandler
                0x08003bb8                GPDMA1_Channel14_IRQHandler
                0x08003bb8                LSECSSD_IRQHandler
                0x08003bb8                EXTI4_IRQHandler
                0x08003bb8                RTC_S_IRQHandler
                0x08003bb8                GPDMA1_Channel13_IRQHandler
                0x08003bb8                RNG_IRQHandler
                0x08003bb8                COMP_IRQHandler
                0x08003bb8                TIM1_UP_IRQHandler
                0x08003bb8                ADC4_IRQHandler
                0x08003bb8                WWDG_IRQHandler
                0x08003bb8                I2C4_EV_IRQHandler
                0x08003bb8                ADF1_IRQHandler
                0x08003bb8                IWDG_IRQHandler
                0x08003bb8                I2C6_ER_IRQHandler
                0x08003bb8                LPUART1_IRQHandler
                0x08003bb8                MDF1_FLT0_IRQHandler
                0x08003bb8                FDCAN1_IT0_IRQHandler
                0x08003bb8                TIM2_IRQHandler
                0x08003bb8                GPDMA1_Channel4_IRQHandler
                0x08003bb8                OTG_HS_IRQHandler
                0x08003bb8                EXTI7_IRQHandler
                0x08003bb8                DMA2D_IRQHandler
                0x08003bb8                TIM1_BRK_IRQHandler
                0x08003bb8                EXTI1_IRQHandler
                0x08003bb8                SDMMC2_IRQHandler
                0x08003bb8                AES_IRQHandler
                0x08003bb8                DAC1_IRQHandler
                0x08003bb8                GTZC_IRQHandler
                0x08003bb8                MDF1_FLT3_IRQHandler
                0x08003bb8                USART2_IRQHandler
                0x08003bb8                I2C6_EV_IRQHandler
                0x08003bb8                GPDMA1_Channel6_IRQHandler
                0x08003bb8                I2C2_ER_IRQHandler
                0x08003bb8                TIM8_BRK_IRQHandler
                0x08003bb8                FLASH_IRQHandler
                0x08003bb8                USART1_IRQHandler
                0x08003bb8                EXTI10_IRQHandler
                0x08003bb8                SPI3_IRQHandler
                0x08003bb8                LPDMA1_Channel2_IRQHandler
                0x08003bb8                I2C1_ER_IRQHandler
                0x08003bb8                FMC_IRQHandler
                0x08003bb8                EXTI6_IRQHandler
                0x08003bb8                LPTIM1_IRQHandler
                0x08003bb8                DCMI_PSSI_IRQHandler
                0x08003bb8                I2C4_ER_IRQHandler
                0x08003bb8                GPDMA1_Channel10_IRQHandler
                0x08003bb8                ICACHE_IRQHandler
                0x08003bb8                SAI1_IRQHandler
                0x08003bb8                HASH_IRQHandler
 *fill*         0x08003bba        0x2 
 .text.SystemInit
                0x08003bbc       0x70 ./Drivers/CMSIS/system_stm32u5xx.o
                0x08003bbc                SystemInit
 .text.HAL_Init
                0x08003c2c       0x60 ./Drivers/STM32U5xx_HAL_Driver/stm32u5xx_hal.o
                0x08003c2c                HAL_Init
 .text.HAL_InitTick
                0x08003c8c       0xec ./Drivers/STM32U5xx_HAL_Driver/stm32u5xx_hal.o
                0x08003c8c                HAL_InitTick
 .text.HAL_IncTick
                0x08003d78       0x28 ./Drivers/STM32U5xx_HAL_Driver/stm32u5xx_hal.o
                0x08003d78                HAL_IncTick
 .text.HAL_GetTick
                0x08003da0       0x18 ./Drivers/STM32U5xx_HAL_Driver/stm32u5xx_hal.o
                0x08003da0                HAL_GetTick
 .text.HAL_Delay
                0x08003db8       0x48 ./Drivers/STM32U5xx_HAL_Driver/stm32u5xx_hal.o
                0x08003db8                HAL_Delay
 .text.LL_ADC_SetCommonClock
                0x08003e00       0x26 ./Drivers/STM32U5xx_HAL_Driver/stm32u5xx_hal_adc.o
 .text.LL_ADC_SetCommonPathInternalCh
                0x08003e26       0x26 ./Drivers/STM32U5xx_HAL_Driver/stm32u5xx_hal_adc.o
 .text.LL_ADC_GetCommonPathInternalCh
                0x08003e4c       0x1c ./Drivers/STM32U5xx_HAL_Driver/stm32u5xx_hal_adc.o
 .text.LL_ADC_SetResolution
                0x08003e68       0x40 ./Drivers/STM32U5xx_HAL_Driver/stm32u5xx_hal_adc.o
 .text.LL_ADC_SetOffset
                0x08003ea8       0x42 ./Drivers/STM32U5xx_HAL_Driver/stm32u5xx_hal_adc.o
 .text.LL_ADC_GetOffsetChannel
                0x08003eea       0x58 ./Drivers/STM32U5xx_HAL_Driver/stm32u5xx_hal_adc.o
 .text.LL_ADC_SetOffsetSign
                0x08003f42       0x36 ./Drivers/STM32U5xx_HAL_Driver/stm32u5xx_hal_adc.o
 .text.LL_ADC_SetOffsetSignedSaturation
                0x08003f78       0x36 ./Drivers/STM32U5xx_HAL_Driver/stm32u5xx_hal_adc.o
 .text.LL_ADC_SetOffsetUnsignedSaturation
                0x08003fae       0x36 ./Drivers/STM32U5xx_HAL_Driver/stm32u5xx_hal_adc.o
 .text.LL_ADC_SetGainCompensation
                0x08003fe4       0x46 ./Drivers/STM32U5xx_HAL_Driver/stm32u5xx_hal_adc.o
 .text.LL_ADC_SetSamplingTimeCommonChannels
                0x0800402a       0x3e ./Drivers/STM32U5xx_HAL_Driver/stm32u5xx_hal_adc.o
 .text.LL_ADC_REG_IsTriggerSourceSWStart
                0x08004068       0x26 ./Drivers/STM32U5xx_HAL_Driver/stm32u5xx_hal_adc.o
 *fill*         0x0800408e        0x2 
 .text.LL_ADC_REG_SetSequencerRanks
                0x08004090       0xc0 ./Drivers/STM32U5xx_HAL_Driver/stm32u5xx_hal_adc.o
 .text.LL_ADC_REG_SetSequencerChAdd
                0x08004150       0x66 ./Drivers/STM32U5xx_HAL_Driver/stm32u5xx_hal_adc.o
 .text.LL_ADC_REG_SetSequencerChRem
                0x080041b6       0x30 ./Drivers/STM32U5xx_HAL_Driver/stm32u5xx_hal_adc.o
 *fill*         0x080041e6        0x2 
 .text.LL_ADC_SetChannelSamplingTime
                0x080041e8       0xc4 ./Drivers/STM32U5xx_HAL_Driver/stm32u5xx_hal_adc.o
 .text.LL_ADC_SetChannelSingleDiff
                0x080042ac       0x48 ./Drivers/STM32U5xx_HAL_Driver/stm32u5xx_hal_adc.o
 .text.LL_ADC_GetMultimode
                0x080042f4       0x1c ./Drivers/STM32U5xx_HAL_Driver/stm32u5xx_hal_adc.o
 .text.LL_ADC_DisableDeepPowerDown
                0x08004310       0x24 ./Drivers/STM32U5xx_HAL_Driver/stm32u5xx_hal_adc.o
 .text.LL_ADC_IsDeepPowerDownEnabled
                0x08004334       0x28 ./Drivers/STM32U5xx_HAL_Driver/stm32u5xx_hal_adc.o
 .text.LL_ADC_EnableInternalRegulator
                0x0800435c       0x28 ./Drivers/STM32U5xx_HAL_Driver/stm32u5xx_hal_adc.o
 .text.LL_ADC_IsInternalRegulatorEnabled
                0x08004384       0x28 ./Drivers/STM32U5xx_HAL_Driver/stm32u5xx_hal_adc.o
 .text.LL_ADC_Enable
                0x080043ac       0x28 ./Drivers/STM32U5xx_HAL_Driver/stm32u5xx_hal_adc.o
 .text.LL_ADC_IsEnabled
                0x080043d4       0x26 ./Drivers/STM32U5xx_HAL_Driver/stm32u5xx_hal_adc.o
 .text.LL_ADC_REG_StartConversion
                0x080043fa       0x28 ./Drivers/STM32U5xx_HAL_Driver/stm32u5xx_hal_adc.o
 .text.LL_ADC_REG_IsConversionOngoing
                0x08004422       0x26 ./Drivers/STM32U5xx_HAL_Driver/stm32u5xx_hal_adc.o
 .text.LL_ADC_INJ_IsConversionOngoing
                0x08004448       0x26 ./Drivers/STM32U5xx_HAL_Driver/stm32u5xx_hal_adc.o
 *fill*         0x0800446e        0x2 
 .text.HAL_ADC_Init
                0x08004470      0x5d0 ./Drivers/STM32U5xx_HAL_Driver/stm32u5xx_hal_adc.o
                0x08004470                HAL_ADC_Init
 .text.HAL_ADC_Start_DMA
                0x08004a40      0x294 ./Drivers/STM32U5xx_HAL_Driver/stm32u5xx_hal_adc.o
                0x08004a40                HAL_ADC_Start_DMA
 .text.HAL_ADC_ConvCpltCallback
                0x08004cd4       0x14 ./Drivers/STM32U5xx_HAL_Driver/stm32u5xx_hal_adc.o
                0x08004cd4                HAL_ADC_ConvCpltCallback
 .text.HAL_ADC_ConvHalfCpltCallback
                0x08004ce8       0x14 ./Drivers/STM32U5xx_HAL_Driver/stm32u5xx_hal_adc.o
                0x08004ce8                HAL_ADC_ConvHalfCpltCallback
 .text.HAL_ADC_ErrorCallback
                0x08004cfc       0x14 ./Drivers/STM32U5xx_HAL_Driver/stm32u5xx_hal_adc.o
                0x08004cfc                HAL_ADC_ErrorCallback
 .text.HAL_ADC_ConfigChannel
                0x08004d10      0xc3c ./Drivers/STM32U5xx_HAL_Driver/stm32u5xx_hal_adc.o
                0x08004d10                HAL_ADC_ConfigChannel
 .text.ADC_Enable
                0x0800594c      0x134 ./Drivers/STM32U5xx_HAL_Driver/stm32u5xx_hal_adc.o
                0x0800594c                ADC_Enable
 .text.ADC_DMAConvCplt
                0x08005a80       0xd8 ./Drivers/STM32U5xx_HAL_Driver/stm32u5xx_hal_adc.o
                0x08005a80                ADC_DMAConvCplt
 .text.ADC_DMAHalfConvCplt
                0x08005b58       0x1c ./Drivers/STM32U5xx_HAL_Driver/stm32u5xx_hal_adc.o
                0x08005b58                ADC_DMAHalfConvCplt
 .text.ADC_DMAError
                0x08005b74       0x34 ./Drivers/STM32U5xx_HAL_Driver/stm32u5xx_hal_adc.o
                0x08005b74                ADC_DMAError
 .text.HAL_COMP_Init
                0x08005ba8      0x2ec ./Drivers/STM32U5xx_HAL_Driver/stm32u5xx_hal_comp.o
                0x08005ba8                HAL_COMP_Init
 .text.__NVIC_SetPriorityGrouping
                0x08005e94       0x48 ./Drivers/STM32U5xx_HAL_Driver/stm32u5xx_hal_cortex.o
 .text.__NVIC_GetPriorityGrouping
                0x08005edc       0x1c ./Drivers/STM32U5xx_HAL_Driver/stm32u5xx_hal_cortex.o
 .text.__NVIC_EnableIRQ
                0x08005ef8       0x3c ./Drivers/STM32U5xx_HAL_Driver/stm32u5xx_hal_cortex.o
 .text.__NVIC_SetPriority
                0x08005f34       0x54 ./Drivers/STM32U5xx_HAL_Driver/stm32u5xx_hal_cortex.o
 .text.NVIC_EncodePriority
                0x08005f88       0x66 ./Drivers/STM32U5xx_HAL_Driver/stm32u5xx_hal_cortex.o
 .text.HAL_NVIC_SetPriorityGrouping
                0x08005fee       0x16 ./Drivers/STM32U5xx_HAL_Driver/stm32u5xx_hal_cortex.o
                0x08005fee                HAL_NVIC_SetPriorityGrouping
 .text.HAL_NVIC_SetPriority
                0x08006004       0x34 ./Drivers/STM32U5xx_HAL_Driver/stm32u5xx_hal_cortex.o
                0x08006004                HAL_NVIC_SetPriority
 .text.HAL_NVIC_EnableIRQ
                0x08006038       0x1c ./Drivers/STM32U5xx_HAL_Driver/stm32u5xx_hal_cortex.o
                0x08006038                HAL_NVIC_EnableIRQ
 .text.HAL_SYSTICK_Config
                0x08006054       0x44 ./Drivers/STM32U5xx_HAL_Driver/stm32u5xx_hal_cortex.o
                0x08006054                HAL_SYSTICK_Config
 .text.HAL_SYSTICK_CLKSourceConfig
                0x08006098       0xb0 ./Drivers/STM32U5xx_HAL_Driver/stm32u5xx_hal_cortex.o
                0x08006098                HAL_SYSTICK_CLKSourceConfig
 .text.HAL_SYSTICK_GetCLKSourceConfig
                0x08006148       0x74 ./Drivers/STM32U5xx_HAL_Driver/stm32u5xx_hal_cortex.o
                0x08006148                HAL_SYSTICK_GetCLKSourceConfig
 .text.HAL_MPU_Enable
                0x080061bc       0x44 ./Drivers/STM32U5xx_HAL_Driver/stm32u5xx_hal_cortex.o
                0x080061bc                HAL_MPU_Enable
 .text.HAL_MPU_Disable
                0x08006200       0x40 ./Drivers/STM32U5xx_HAL_Driver/stm32u5xx_hal_cortex.o
                0x08006200                HAL_MPU_Disable
 .text.HAL_MPU_ConfigRegion
                0x08006240       0x1c ./Drivers/STM32U5xx_HAL_Driver/stm32u5xx_hal_cortex.o
                0x08006240                HAL_MPU_ConfigRegion
 .text.HAL_MPU_ConfigMemoryAttributes
                0x0800625c       0x1c ./Drivers/STM32U5xx_HAL_Driver/stm32u5xx_hal_cortex.o
                0x0800625c                HAL_MPU_ConfigMemoryAttributes
 .text.MPU_ConfigRegion
                0x08006278       0x6e ./Drivers/STM32U5xx_HAL_Driver/stm32u5xx_hal_cortex.o
 .text.MPU_ConfigMemoryAttributes
                0x080062e6       0x6c ./Drivers/STM32U5xx_HAL_Driver/stm32u5xx_hal_cortex.o
 .text.HAL_DAC_Init
                0x08006352       0x44 ./Drivers/STM32U5xx_HAL_Driver/stm32u5xx_hal_dac.o
                0x08006352                HAL_DAC_Init
 *fill*         0x08006396        0x2 
 .text.HAL_DAC_ConfigChannel
                0x08006398      0x340 ./Drivers/STM32U5xx_HAL_Driver/stm32u5xx_hal_dac.o
                0x08006398                HAL_DAC_ConfigChannel
 .text.HAL_DACEx_SetConfigAutonomousMode
                0x080066d8       0x70 ./Drivers/STM32U5xx_HAL_Driver/stm32u5xx_hal_dac_ex.o
                0x080066d8                HAL_DACEx_SetConfigAutonomousMode
 .text.HAL_DMA_Start_IT
                0x08006748       0xc0 ./Drivers/STM32U5xx_HAL_Driver/stm32u5xx_hal_dma.o
                0x08006748                HAL_DMA_Start_IT
 .text.HAL_DMA_IRQHandler
                0x08006808      0x2c2 ./Drivers/STM32U5xx_HAL_Driver/stm32u5xx_hal_dma.o
                0x08006808                HAL_DMA_IRQHandler
 .text.HAL_DMA_ConfigChannelAttributes
                0x08006aca       0x78 ./Drivers/STM32U5xx_HAL_Driver/stm32u5xx_hal_dma.o
                0x08006aca                HAL_DMA_ConfigChannelAttributes
 .text.DMA_SetConfig
                0x08006b42       0x4a ./Drivers/STM32U5xx_HAL_Driver/stm32u5xx_hal_dma.o
 .text.HAL_DMAEx_List_Init
                0x08006b8c      0x258 ./Drivers/STM32U5xx_HAL_Driver/stm32u5xx_hal_dma_ex.o
                0x08006b8c                HAL_DMAEx_List_Init
 .text.HAL_DMAEx_List_Start_IT
                0x08006de4      0x128 ./Drivers/STM32U5xx_HAL_Driver/stm32u5xx_hal_dma_ex.o
                0x08006de4                HAL_DMAEx_List_Start_IT
 .text.HAL_DMAEx_List_BuildNode
                0x08006f0c       0x2c ./Drivers/STM32U5xx_HAL_Driver/stm32u5xx_hal_dma_ex.o
                0x08006f0c                HAL_DMAEx_List_BuildNode
 .text.HAL_DMAEx_List_GetNodeConfig
                0x08006f38       0x2c ./Drivers/STM32U5xx_HAL_Driver/stm32u5xx_hal_dma_ex.o
                0x08006f38                HAL_DMAEx_List_GetNodeConfig
 .text.HAL_DMAEx_List_InsertNode
                0x08006f64      0x192 ./Drivers/STM32U5xx_HAL_Driver/stm32u5xx_hal_dma_ex.o
                0x08006f64                HAL_DMAEx_List_InsertNode
 .text.HAL_DMAEx_List_SetCircularMode
                0x080070f6       0xc0 ./Drivers/STM32U5xx_HAL_Driver/stm32u5xx_hal_dma_ex.o
                0x080070f6                HAL_DMAEx_List_SetCircularMode
 *fill*         0x080071b6        0x2 
 .text.HAL_DMAEx_List_LinkQ
                0x080071b8      0x12c ./Drivers/STM32U5xx_HAL_Driver/stm32u5xx_hal_dma_ex.o
                0x080071b8                HAL_DMAEx_List_LinkQ
 .text.DMA_List_Init
                0x080072e4      0x2b0 ./Drivers/STM32U5xx_HAL_Driver/stm32u5xx_hal_dma_ex.o
 .text.DMA_List_BuildNode
                0x08007594      0x2a4 ./Drivers/STM32U5xx_HAL_Driver/stm32u5xx_hal_dma_ex.o
 .text.DMA_List_GetNodeConfig
                0x08007838      0x214 ./Drivers/STM32U5xx_HAL_Driver/stm32u5xx_hal_dma_ex.o
 .text.DMA_List_CheckNodesBaseAddresses
                0x08007a4c       0x60 ./Drivers/STM32U5xx_HAL_Driver/stm32u5xx_hal_dma_ex.o
 .text.DMA_List_CheckNodesTypes
                0x08007aac       0x78 ./Drivers/STM32U5xx_HAL_Driver/stm32u5xx_hal_dma_ex.o
 .text.DMA_List_GetCLLRNodeInfo
                0x08007b24       0x60 ./Drivers/STM32U5xx_HAL_Driver/stm32u5xx_hal_dma_ex.o
 .text.DMA_List_FindNode
                0x08007b84      0x13e ./Drivers/STM32U5xx_HAL_Driver/stm32u5xx_hal_dma_ex.o
 *fill*         0x08007cc2        0x2 
 .text.HAL_FDCAN_Init
                0x08007cc4      0x2a4 ./Drivers/STM32U5xx_HAL_Driver/stm32u5xx_hal_fdcan.o
                0x08007cc4                HAL_FDCAN_Init
 .text.FDCAN_CalcultateRamBlockAddresses
                0x08007f68       0xac ./Drivers/STM32U5xx_HAL_Driver/stm32u5xx_hal_fdcan.o
 .text.HAL_FLASH_Unlock
                0x08008014       0x44 ./Drivers/STM32U5xx_HAL_Driver/stm32u5xx_hal_flash.o
                0x08008014                HAL_FLASH_Unlock
 .text.HAL_FLASH_Lock
                0x08008058       0x34 ./Drivers/STM32U5xx_HAL_Driver/stm32u5xx_hal_flash.o
                0x08008058                HAL_FLASH_Lock
 .text.HAL_FLASH_OB_Unlock
                0x0800808c       0x44 ./Drivers/STM32U5xx_HAL_Driver/stm32u5xx_hal_flash.o
                0x0800808c                HAL_FLASH_OB_Unlock
 .text.HAL_FLASH_OB_Lock
                0x080080d0       0x30 ./Drivers/STM32U5xx_HAL_Driver/stm32u5xx_hal_flash.o
                0x080080d0                HAL_FLASH_OB_Lock
 .text.FLASH_WaitForLastOperation
                0x08008100       0x90 ./Drivers/STM32U5xx_HAL_Driver/stm32u5xx_hal_flash.o
                0x08008100                FLASH_WaitForLastOperation
 .text.HAL_FLASHEx_OBProgram
                0x08008190       0xf0 ./Drivers/STM32U5xx_HAL_Driver/stm32u5xx_hal_flash_ex.o
                0x08008190                HAL_FLASHEx_OBProgram
 .text.HAL_FLASHEx_ConfigBBAttributes
                0x08008280       0x8c ./Drivers/STM32U5xx_HAL_Driver/stm32u5xx_hal_flash_ex.o
                0x08008280                HAL_FLASHEx_ConfigBBAttributes
 .text.FLASH_OB_WRPConfig
                0x0800830c       0x8c ./Drivers/STM32U5xx_HAL_Driver/stm32u5xx_hal_flash_ex.o
 .text.FLASH_OB_RDPConfig
                0x08008398       0x28 ./Drivers/STM32U5xx_HAL_Driver/stm32u5xx_hal_flash_ex.o
 .text.FLASH_OB_RDPKeyConfig
                0x080083c0       0x3c ./Drivers/STM32U5xx_HAL_Driver/stm32u5xx_hal_flash_ex.o
 .text.FLASH_OB_UserConfig
                0x080083fc      0x2ac ./Drivers/STM32U5xx_HAL_Driver/stm32u5xx_hal_flash_ex.o
 .text.FLASH_OB_BootAddrConfig
                0x080086a8       0x34 ./Drivers/STM32U5xx_HAL_Driver/stm32u5xx_hal_flash_ex.o
 .text.HAL_GPIO_Init
                0x080086dc      0x3c0 ./Drivers/STM32U5xx_HAL_Driver/stm32u5xx_hal_gpio.o
                0x080086dc                HAL_GPIO_Init
 .text.HAL_GPIO_WritePin
                0x08008a9c       0x30 ./Drivers/STM32U5xx_HAL_Driver/stm32u5xx_hal_gpio.o
                0x08008a9c                HAL_GPIO_WritePin
 .text.HAL_GPIO_TogglePin
                0x08008acc       0x34 ./Drivers/STM32U5xx_HAL_Driver/stm32u5xx_hal_gpio.o
                0x08008acc                HAL_GPIO_TogglePin
 .text.HAL_GTZC_MPCBB_ConfigMem
                0x08008b00      0x17c ./Drivers/STM32U5xx_HAL_Driver/stm32u5xx_hal_gtzc.o
                0x08008b00                HAL_GTZC_MPCBB_ConfigMem
 .text.HAL_ICACHE_ConfigAssociativityMode
                0x08008c7c       0x40 ./Drivers/STM32U5xx_HAL_Driver/stm32u5xx_hal_icache.o
                0x08008c7c                HAL_ICACHE_ConfigAssociativityMode
 .text.HAL_ICACHE_Enable
                0x08008cbc       0x20 ./Drivers/STM32U5xx_HAL_Driver/stm32u5xx_hal_icache.o
                0x08008cbc                HAL_ICACHE_Enable
 .text.HAL_PWREx_ControlVoltageScaling
                0x08008cdc       0xfc ./Drivers/STM32U5xx_HAL_Driver/stm32u5xx_hal_pwr_ex.o
                0x08008cdc                HAL_PWREx_ControlVoltageScaling
 .text.HAL_PWREx_GetVoltageRange
                0x08008dd8       0x1c ./Drivers/STM32U5xx_HAL_Driver/stm32u5xx_hal_pwr_ex.o
                0x08008dd8                HAL_PWREx_GetVoltageRange
 .text.HAL_PWREx_ConfigSupply
                0x08008df4       0xa0 ./Drivers/STM32U5xx_HAL_Driver/stm32u5xx_hal_pwr_ex.o
                0x08008df4                HAL_PWREx_ConfigSupply
 .text.HAL_PWREx_EnableVddIO2
                0x08008e94       0x20 ./Drivers/STM32U5xx_HAL_Driver/stm32u5xx_hal_pwr_ex.o
                0x08008e94                HAL_PWREx_EnableVddIO2
 .text.HAL_PWREx_EnableVddA
                0x08008eb4       0x20 ./Drivers/STM32U5xx_HAL_Driver/stm32u5xx_hal_pwr_ex.o
                0x08008eb4                HAL_PWREx_EnableVddA
 .text.HAL_PWREx_DisableUCPDDeadBattery
                0x08008ed4       0x20 ./Drivers/STM32U5xx_HAL_Driver/stm32u5xx_hal_pwr_ex.o
                0x08008ed4                HAL_PWREx_DisableUCPDDeadBattery
 .text.HAL_RCC_OscConfig
                0x08008ef4      0xdb8 ./Drivers/STM32U5xx_HAL_Driver/stm32u5xx_hal_rcc.o
                0x08008ef4                HAL_RCC_OscConfig
 .text.HAL_RCC_ClockConfig
                0x08009cac      0x3e4 ./Drivers/STM32U5xx_HAL_Driver/stm32u5xx_hal_rcc.o
                0x08009cac                HAL_RCC_ClockConfig
 .text.HAL_RCC_GetSysClockFreq
                0x0800a090      0x204 ./Drivers/STM32U5xx_HAL_Driver/stm32u5xx_hal_rcc.o
                0x0800a090                HAL_RCC_GetSysClockFreq
 .text.HAL_RCC_GetHCLKFreq
                0x0800a294       0x34 ./Drivers/STM32U5xx_HAL_Driver/stm32u5xx_hal_rcc.o
                0x0800a294                HAL_RCC_GetHCLKFreq
 .text.HAL_RCC_GetPCLK1Freq
                0x0800a2c8       0x28 ./Drivers/STM32U5xx_HAL_Driver/stm32u5xx_hal_rcc.o
                0x0800a2c8                HAL_RCC_GetPCLK1Freq
 .text.HAL_RCC_GetPCLK2Freq
                0x0800a2f0       0x28 ./Drivers/STM32U5xx_HAL_Driver/stm32u5xx_hal_rcc.o
                0x0800a2f0                HAL_RCC_GetPCLK2Freq
 .text.HAL_RCC_GetPCLK3Freq
                0x0800a318       0x28 ./Drivers/STM32U5xx_HAL_Driver/stm32u5xx_hal_rcc.o
                0x0800a318                HAL_RCC_GetPCLK3Freq
 .text.RCC_SetFlashLatencyFromMSIRange
                0x0800a340      0x10c ./Drivers/STM32U5xx_HAL_Driver/stm32u5xx_hal_rcc.o
 .text.HAL_RCCEx_PeriphCLKConfig
                0x0800a44c      0xd78 ./Drivers/STM32U5xx_HAL_Driver/stm32u5xx_hal_rcc_ex.o
                0x0800a44c                HAL_RCCEx_PeriphCLKConfig
 .text.HAL_RCCEx_GetPLL1ClockFreq
                0x0800b1c4      0x2b4 ./Drivers/STM32U5xx_HAL_Driver/stm32u5xx_hal_rcc_ex.o
                0x0800b1c4                HAL_RCCEx_GetPLL1ClockFreq
 .text.HAL_RCCEx_GetPLL2ClockFreq
                0x0800b478      0x2b4 ./Drivers/STM32U5xx_HAL_Driver/stm32u5xx_hal_rcc_ex.o
                0x0800b478                HAL_RCCEx_GetPLL2ClockFreq
 .text.HAL_RCCEx_GetPLL3ClockFreq
                0x0800b72c      0x2b4 ./Drivers/STM32U5xx_HAL_Driver/stm32u5xx_hal_rcc_ex.o
                0x0800b72c                HAL_RCCEx_GetPLL3ClockFreq
 .text.HAL_RCCEx_GetPeriphCLKFreq
                0x0800b9e0     0x16bc ./Drivers/STM32U5xx_HAL_Driver/stm32u5xx_hal_rcc_ex.o
                0x0800b9e0                HAL_RCCEx_GetPeriphCLKFreq
 .text.RCCEx_PLL2_Config
                0x0800d09c      0x130 ./Drivers/STM32U5xx_HAL_Driver/stm32u5xx_hal_rcc_ex.o
 .text.RCCEx_PLL3_Config
                0x0800d1cc      0x130 ./Drivers/STM32U5xx_HAL_Driver/stm32u5xx_hal_rcc_ex.o
 .text.HAL_SPI_Init
                0x0800d2fc      0x22c ./Drivers/STM32U5xx_HAL_Driver/stm32u5xx_hal_spi.o
                0x0800d2fc                HAL_SPI_Init
 .text.SPI_GetPacketSize
                0x0800d528       0x36 ./Drivers/STM32U5xx_HAL_Driver/stm32u5xx_hal_spi.o
 .text.HAL_SPIEx_SetConfigAutonomousMode
                0x0800d55e       0x82 ./Drivers/STM32U5xx_HAL_Driver/stm32u5xx_hal_spi_ex.o
                0x0800d55e                HAL_SPIEx_SetConfigAutonomousMode
 .text.HAL_TIM_Base_Init
                0x0800d5e0       0xae ./Drivers/STM32U5xx_HAL_Driver/stm32u5xx_hal_tim.o
                0x0800d5e0                HAL_TIM_Base_Init
 .text.HAL_TIM_PWM_Init
                0x0800d68e       0xae ./Drivers/STM32U5xx_HAL_Driver/stm32u5xx_hal_tim.o
                0x0800d68e                HAL_TIM_PWM_Init
 .text.HAL_TIM_PWM_ConfigChannel
                0x0800d73c      0x228 ./Drivers/STM32U5xx_HAL_Driver/stm32u5xx_hal_tim.o
                0x0800d73c                HAL_TIM_PWM_ConfigChannel
 .text.HAL_TIM_ConfigClockSource
                0x0800d964      0x204 ./Drivers/STM32U5xx_HAL_Driver/stm32u5xx_hal_tim.o
                0x0800d964                HAL_TIM_ConfigClockSource
 .text.TIM_Base_SetConfig
                0x0800db68      0x200 ./Drivers/STM32U5xx_HAL_Driver/stm32u5xx_hal_tim.o
                0x0800db68                TIM_Base_SetConfig
 .text.TIM_OC1_SetConfig
                0x0800dd68      0x188 ./Drivers/STM32U5xx_HAL_Driver/stm32u5xx_hal_tim.o
 .text.TIM_OC2_SetConfig
                0x0800def0      0x164 ./Drivers/STM32U5xx_HAL_Driver/stm32u5xx_hal_tim.o
                0x0800def0                TIM_OC2_SetConfig
 .text.TIM_OC3_SetConfig
                0x0800e054      0x160 ./Drivers/STM32U5xx_HAL_Driver/stm32u5xx_hal_tim.o
 .text.TIM_OC4_SetConfig
                0x0800e1b4      0x164 ./Drivers/STM32U5xx_HAL_Driver/stm32u5xx_hal_tim.o
 .text.TIM_OC5_SetConfig
                0x0800e318      0x104 ./Drivers/STM32U5xx_HAL_Driver/stm32u5xx_hal_tim.o
 .text.TIM_OC6_SetConfig
                0x0800e41c      0x108 ./Drivers/STM32U5xx_HAL_Driver/stm32u5xx_hal_tim.o
 .text.TIM_TI1_ConfigInputStage
                0x0800e524       0xe4 ./Drivers/STM32U5xx_HAL_Driver/stm32u5xx_hal_tim.o
 .text.TIM_TI2_ConfigInputStage
                0x0800e608       0x9c ./Drivers/STM32U5xx_HAL_Driver/stm32u5xx_hal_tim.o
 .text.TIM_ITRx_SetConfig
                0x0800e6a4       0x3a ./Drivers/STM32U5xx_HAL_Driver/stm32u5xx_hal_tim.o
 .text.TIM_ETR_SetConfig
                0x0800e6de       0x40 ./Drivers/STM32U5xx_HAL_Driver/stm32u5xx_hal_tim.o
                0x0800e6de                TIM_ETR_SetConfig
 *fill*         0x0800e71e        0x2 
 .text.HAL_TIMEx_MasterConfigSynchronization
                0x0800e720      0x184 ./Drivers/STM32U5xx_HAL_Driver/stm32u5xx_hal_tim_ex.o
                0x0800e720                HAL_TIMEx_MasterConfigSynchronization
 .text.HAL_TIMEx_ConfigBreakDeadTime
                0x0800e8a4      0x134 ./Drivers/STM32U5xx_HAL_Driver/stm32u5xx_hal_tim_ex.o
                0x0800e8a4                HAL_TIMEx_ConfigBreakDeadTime
 .text.HAL_TIMEx_ConfigBreakInput
                0x0800e9d8      0x17c ./Drivers/STM32U5xx_HAL_Driver/stm32u5xx_hal_tim_ex.o
                0x0800e9d8                HAL_TIMEx_ConfigBreakInput
 .text.HAL_UART_Init
                0x0800eb54       0xa0 ./Drivers/STM32U5xx_HAL_Driver/stm32u5xx_hal_uart.o
                0x0800eb54                HAL_UART_Init
 .text.UART_SetConfig
                0x0800ebf4      0x35c ./Drivers/STM32U5xx_HAL_Driver/stm32u5xx_hal_uart.o
                0x0800ebf4                UART_SetConfig
 .text.UART_AdvFeatureConfig
                0x0800ef50      0x144 ./Drivers/STM32U5xx_HAL_Driver/stm32u5xx_hal_uart.o
                0x0800ef50                UART_AdvFeatureConfig
 .text.UART_CheckIdleState
                0x0800f094      0x154 ./Drivers/STM32U5xx_HAL_Driver/stm32u5xx_hal_uart.o
                0x0800f094                UART_CheckIdleState
 .text.UART_WaitOnFlagUntilTimeout
                0x0800f1e8       0xda ./Drivers/STM32U5xx_HAL_Driver/stm32u5xx_hal_uart.o
                0x0800f1e8                UART_WaitOnFlagUntilTimeout
 .text.UART_EndRxTransfer
                0x0800f2c2       0xcc ./Drivers/STM32U5xx_HAL_Driver/stm32u5xx_hal_uart.o
 .text.HAL_RS485Ex_Init
                0x0800f38e       0xd2 ./Drivers/STM32U5xx_HAL_Driver/stm32u5xx_hal_uart_ex.o
                0x0800f38e                HAL_RS485Ex_Init
 .text.HAL_UARTEx_DisableFifoMode
                0x0800f460       0x72 ./Drivers/STM32U5xx_HAL_Driver/stm32u5xx_hal_uart_ex.o
                0x0800f460                HAL_UARTEx_DisableFifoMode
 .text.HAL_UARTEx_SetTxFifoThreshold
                0x0800f4d2       0x7c ./Drivers/STM32U5xx_HAL_Driver/stm32u5xx_hal_uart_ex.o
                0x0800f4d2                HAL_UARTEx_SetTxFifoThreshold
 .text.HAL_UARTEx_SetRxFifoThreshold
                0x0800f54e       0x7c ./Drivers/STM32U5xx_HAL_Driver/stm32u5xx_hal_uart_ex.o
                0x0800f54e                HAL_UARTEx_SetRxFifoThreshold
 *fill*         0x0800f5ca        0x2 
 .text.UARTEx_SetNbDataToProcess
                0x0800f5cc       0x9c ./Drivers/STM32U5xx_HAL_Driver/stm32u5xx_hal_uart_ex.o
 .text.__cvt    0x0800f668       0xca C:/ST/STM32CubeIDE_2.1.1/STM32CubeIDE/plugins/com.st.stm32cube.ide.mcu.externaltools.gnu-tools-for-stm32.14.3.rel1.win32_1.0.100.202602081740/tools/bin/../lib/gcc/arm-none-eabi/14.3.1/../../../../arm-none-eabi/lib/thumb/v8-m.main+fp/hard\libc_nano.a(libc_a-nano-vfprintf_float.o)
                0x0800f668                __cvt
 .text.__exponent
                0x0800f732       0x72 C:/ST/STM32CubeIDE_2.1.1/STM32CubeIDE/plugins/com.st.stm32cube.ide.mcu.externaltools.gnu-tools-for-stm32.14.3.rel1.win32_1.0.100.202602081740/tools/bin/../lib/gcc/arm-none-eabi/14.3.1/../../../../arm-none-eabi/lib/thumb/v8-m.main+fp/hard\libc_nano.a(libc_a-nano-vfprintf_float.o)
                0x0800f732                __exponent
 .text._printf_float
                0x0800f7a4      0x450 C:/ST/STM32CubeIDE_2.1.1/STM32CubeIDE/plugins/com.st.stm32cube.ide.mcu.externaltools.gnu-tools-for-stm32.14.3.rel1.win32_1.0.100.202602081740/tools/bin/../lib/gcc/arm-none-eabi/14.3.1/../../../../arm-none-eabi/lib/thumb/v8-m.main+fp/hard\libc_nano.a(libc_a-nano-vfprintf_float.o)
                0x0800f7a4                _printf_float
 .text._printf_common
                0x0800fbf4       0xe4 C:/ST/STM32CubeIDE_2.1.1/STM32CubeIDE/plugins/com.st.stm32cube.ide.mcu.externaltools.gnu-tools-for-stm32.14.3.rel1.win32_1.0.100.202602081740/tools/bin/../lib/gcc/arm-none-eabi/14.3.1/../../../../arm-none-eabi/lib/thumb/v8-m.main+fp/hard\libc_nano.a(libc_a-nano-vfprintf_i.o)
                0x0800fbf4                _printf_common
 .text._printf_i
                0x0800fcd8      0x24c C:/ST/STM32CubeIDE_2.1.1/STM32CubeIDE/plugins/com.st.stm32cube.ide.mcu.externaltools.gnu-tools-for-stm32.14.3.rel1.win32_1.0.100.202602081740/tools/bin/../lib/gcc/arm-none-eabi/14.3.1/../../../../arm-none-eabi/lib/thumb/v8-m.main+fp/hard\libc_nano.a(libc_a-nano-vfprintf_i.o)
                0x0800fcd8                _printf_i
 .text.std      0x0800ff24       0x6c C:/ST/STM32CubeIDE_2.1.1/STM32CubeIDE/plugins/com.st.stm32cube.ide.mcu.externaltools.gnu-tools-for-stm32.14.3.rel1.win32_1.0.100.202602081740/tools/bin/../lib/gcc/arm-none-eabi/14.3.1/../../../../arm-none-eabi/lib/thumb/v8-m.main+fp/hard\libc_nano.a(libc_a-findfp.o)
 .text.stdio_exit_handler
                0x0800ff90       0x18 C:/ST/STM32CubeIDE_2.1.1/STM32CubeIDE/plugins/com.st.stm32cube.ide.mcu.externaltools.gnu-tools-for-stm32.14.3.rel1.win32_1.0.100.202602081740/tools/bin/../lib/gcc/arm-none-eabi/14.3.1/../../../../arm-none-eabi/lib/thumb/v8-m.main+fp/hard\libc_nano.a(libc_a-findfp.o)
 .text.cleanup_stdio
                0x0800ffa8       0x40 C:/ST/STM32CubeIDE_2.1.1/STM32CubeIDE/plugins/com.st.stm32cube.ide.mcu.externaltools.gnu-tools-for-stm32.14.3.rel1.win32_1.0.100.202602081740/tools/bin/../lib/gcc/arm-none-eabi/14.3.1/../../../../arm-none-eabi/lib/thumb/v8-m.main+fp/hard\libc_nano.a(libc_a-findfp.o)
 .text.global_stdio_init.part.0
                0x0800ffe8       0x40 C:/ST/STM32CubeIDE_2.1.1/STM32CubeIDE/plugins/com.st.stm32cube.ide.mcu.externaltools.gnu-tools-for-stm32.14.3.rel1.win32_1.0.100.202602081740/tools/bin/../lib/gcc/arm-none-eabi/14.3.1/../../../../arm-none-eabi/lib/thumb/v8-m.main+fp/hard\libc_nano.a(libc_a-findfp.o)
 .text.__sfp_lock_acquire
                0x08010028        0xc C:/ST/STM32CubeIDE_2.1.1/STM32CubeIDE/plugins/com.st.stm32cube.ide.mcu.externaltools.gnu-tools-for-stm32.14.3.rel1.win32_1.0.100.202602081740/tools/bin/../lib/gcc/arm-none-eabi/14.3.1/../../../../arm-none-eabi/lib/thumb/v8-m.main+fp/hard\libc_nano.a(libc_a-findfp.o)
                0x08010028                __sfp_lock_acquire
 .text.__sfp_lock_release
                0x08010034        0xc C:/ST/STM32CubeIDE_2.1.1/STM32CubeIDE/plugins/com.st.stm32cube.ide.mcu.externaltools.gnu-tools-for-stm32.14.3.rel1.win32_1.0.100.202602081740/tools/bin/../lib/gcc/arm-none-eabi/14.3.1/../../../../arm-none-eabi/lib/thumb/v8-m.main+fp/hard\libc_nano.a(libc_a-findfp.o)
                0x08010034                __sfp_lock_release
 .text.__sinit  0x08010040       0x30 C:/ST/STM32CubeIDE_2.1.1/STM32CubeIDE/plugins/com.st.stm32cube.ide.mcu.externaltools.gnu-tools-for-stm32.14.3.rel1.win32_1.0.100.202602081740/tools/bin/../lib/gcc/arm-none-eabi/14.3.1/../../../../arm-none-eabi/lib/thumb/v8-m.main+fp/hard\libc_nano.a(libc_a-findfp.o)
                0x08010040                __sinit
 .text._fwalk_sglue
                0x08010070       0x3c C:/ST/STM32CubeIDE_2.1.1/STM32CubeIDE/plugins/com.st.stm32cube.ide.mcu.externaltools.gnu-tools-for-stm32.14.3.rel1.win32_1.0.100.202602081740/tools/bin/../lib/gcc/arm-none-eabi/14.3.1/../../../../arm-none-eabi/lib/thumb/v8-m.main+fp/hard\libc_nano.a(libc_a-fwalk.o)
                0x08010070                _fwalk_sglue
 .text.printf   0x080100ac       0x24 C:/ST/STM32CubeIDE_2.1.1/STM32CubeIDE/plugins/com.st.stm32cube.ide.mcu.externaltools.gnu-tools-for-stm32.14.3.rel1.win32_1.0.100.202602081740/tools/bin/../lib/gcc/arm-none-eabi/14.3.1/../../../../arm-none-eabi/lib/thumb/v8-m.main+fp/hard\libc_nano.a(libc_a-printf.o)
                0x080100ac                iprintf
                0x080100ac                printf
 .text._puts_r  0x080100d0       0xaa C:/ST/STM32CubeIDE_2.1.1/STM32CubeIDE/plugins/com.st.stm32cube.ide.mcu.externaltools.gnu-tools-for-stm32.14.3.rel1.win32_1.0.100.202602081740/tools/bin/../lib/gcc/arm-none-eabi/14.3.1/../../../../arm-none-eabi/lib/thumb/v8-m.main+fp/hard\libc_nano.a(libc_a-puts.o)
                0x080100d0                _puts_r
 *fill*         0x0801017a        0x2 
 .text.puts     0x0801017c       0x10 C:/ST/STM32CubeIDE_2.1.1/STM32CubeIDE/plugins/com.st.stm32cube.ide.mcu.externaltools.gnu-tools-for-stm32.14.3.rel1.win32_1.0.100.202602081740/tools/bin/../lib/gcc/arm-none-eabi/14.3.1/../../../../arm-none-eabi/lib/thumb/v8-m.main+fp/hard\libc_nano.a(libc_a-puts.o)
                0x0801017c                puts
 .text.__sread  0x0801018c       0x22 C:/ST/STM32CubeIDE_2.1.1/STM32CubeIDE/plugins/com.st.stm32cube.ide.mcu.externaltools.gnu-tools-for-stm32.14.3.rel1.win32_1.0.100.202602081740/tools/bin/../lib/gcc/arm-none-eabi/14.3.1/../../../../arm-none-eabi/lib/thumb/v8-m.main+fp/hard\libc_nano.a(libc_a-stdio.o)
                0x0801018c                __sread
 .text.__swrite
                0x080101ae       0x38 C:/ST/STM32CubeIDE_2.1.1/STM32CubeIDE/plugins/com.st.stm32cube.ide.mcu.externaltools.gnu-tools-for-stm32.14.3.rel1.win32_1.0.100.202602081740/tools/bin/../lib/gcc/arm-none-eabi/14.3.1/../../../../arm-none-eabi/lib/thumb/v8-m.main+fp/hard\libc_nano.a(libc_a-stdio.o)
                0x080101ae                __swrite
 .text.__sseek  0x080101e6       0x26 C:/ST/STM32CubeIDE_2.1.1/STM32CubeIDE/plugins/com.st.stm32cube.ide.mcu.externaltools.gnu-tools-for-stm32.14.3.rel1.win32_1.0.100.202602081740/tools/bin/../lib/gcc/arm-none-eabi/14.3.1/../../../../arm-none-eabi/lib/thumb/v8-m.main+fp/hard\libc_nano.a(libc_a-stdio.o)
                0x080101e6                __sseek
 .text.__sclose
                0x0801020c        0x8 C:/ST/STM32CubeIDE_2.1.1/STM32CubeIDE/plugins/com.st.stm32cube.ide.mcu.externaltools.gnu-tools-for-stm32.14.3.rel1.win32_1.0.100.202602081740/tools/bin/../lib/gcc/arm-none-eabi/14.3.1/../../../../arm-none-eabi/lib/thumb/v8-m.main+fp/hard\libc_nano.a(libc_a-stdio.o)
                0x0801020c                __sclose
 .text.__swbuf_r
                0x08010214       0x7c C:/ST/STM32CubeIDE_2.1.1/STM32CubeIDE/plugins/com.st.stm32cube.ide.mcu.externaltools.gnu-tools-for-stm32.14.3.rel1.win32_1.0.100.202602081740/tools/bin/../lib/gcc/arm-none-eabi/14.3.1/../../../../arm-none-eabi/lib/thumb/v8-m.main+fp/hard\libc_nano.a(libc_a-wbuf.o)
                0x08010214                __swbuf_r
 .text.__swsetup_r
                0x08010290       0xa8 C:/ST/STM32CubeIDE_2.1.1/STM32CubeIDE/plugins/com.st.stm32cube.ide.mcu.externaltools.gnu-tools-for-stm32.14.3.rel1.win32_1.0.100.202602081740/tools/bin/../lib/gcc/arm-none-eabi/14.3.1/../../../../arm-none-eabi/lib/thumb/v8-m.main+fp/hard\libc_nano.a(libc_a-wsetup.o)
                0x08010290                __swsetup_r
 .text.memset   0x08010338       0x10 C:/ST/STM32CubeIDE_2.1.1/STM32CubeIDE/plugins/com.st.stm32cube.ide.mcu.externaltools.gnu-tools-for-stm32.14.3.rel1.win32_1.0.100.202602081740/tools/bin/../lib/gcc/arm-none-eabi/14.3.1/../../../../arm-none-eabi/lib/thumb/v8-m.main+fp/hard\libc_nano.a(libc_a-memset.o)
                0x08010338                memset
 .text._localeconv_r
                0x08010348        0x8 C:/ST/STM32CubeIDE_2.1.1/STM32CubeIDE/plugins/com.st.stm32cube.ide.mcu.externaltools.gnu-tools-for-stm32.14.3.rel1.win32_1.0.100.202602081740/tools/bin/../lib/gcc/arm-none-eabi/14.3.1/../../../../arm-none-eabi/lib/thumb/v8-m.main+fp/hard\libc_nano.a(libc_a-localeconv.o)
                0x08010348                _localeconv_r
 .text._close_r
                0x08010350       0x20 C:/ST/STM32CubeIDE_2.1.1/STM32CubeIDE/plugins/com.st.stm32cube.ide.mcu.externaltools.gnu-tools-for-stm32.14.3.rel1.win32_1.0.100.202602081740/tools/bin/../lib/gcc/arm-none-eabi/14.3.1/../../../../arm-none-eabi/lib/thumb/v8-m.main+fp/hard\libc_nano.a(libc_a-closer.o)
                0x08010350                _close_r
 .text._lseek_r
                0x08010370       0x24 C:/ST/STM32CubeIDE_2.1.1/STM32CubeIDE/plugins/com.st.stm32cube.ide.mcu.externaltools.gnu-tools-for-stm32.14.3.rel1.win32_1.0.100.202602081740/tools/bin/../lib/gcc/arm-none-eabi/14.3.1/../../../../arm-none-eabi/lib/thumb/v8-m.main+fp/hard\libc_nano.a(libc_a-lseekr.o)
                0x08010370                _lseek_r
 .text._read_r  0x08010394       0x24 C:/ST/STM32CubeIDE_2.1.1/STM32CubeIDE/plugins/com.st.stm32cube.ide.mcu.externaltools.gnu-tools-for-stm32.14.3.rel1.win32_1.0.100.202602081740/tools/bin/../lib/gcc/arm-none-eabi/14.3.1/../../../../arm-none-eabi/lib/thumb/v8-m.main+fp/hard\libc_nano.a(libc_a-readr.o)
                0x08010394                _read_r
 .text._write_r
                0x080103b8       0x24 C:/ST/STM32CubeIDE_2.1.1/STM32CubeIDE/plugins/com.st.stm32cube.ide.mcu.externaltools.gnu-tools-for-stm32.14.3.rel1.win32_1.0.100.202602081740/tools/bin/../lib/gcc/arm-none-eabi/14.3.1/../../../../arm-none-eabi/lib/thumb/v8-m.main+fp/hard\libc_nano.a(libc_a-writer.o)
                0x080103b8                _write_r
 .text.__errno  0x080103dc        0xc C:/ST/STM32CubeIDE_2.1.1/STM32CubeIDE/plugins/com.st.stm32cube.ide.mcu.externaltools.gnu-tools-for-stm32.14.3.rel1.win32_1.0.100.202602081740/tools/bin/../lib/gcc/arm-none-eabi/14.3.1/../../../../arm-none-eabi/lib/thumb/v8-m.main+fp/hard\libc_nano.a(libc_a-errno.o)
                0x080103dc                __errno
 .text.__libc_init_array
                0x080103e8       0x48 C:/ST/STM32CubeIDE_2.1.1/STM32CubeIDE/plugins/com.st.stm32cube.ide.mcu.externaltools.gnu-tools-for-stm32.14.3.rel1.win32_1.0.100.202602081740/tools/bin/../lib/gcc/arm-none-eabi/14.3.1/../../../../arm-none-eabi/lib/thumb/v8-m.main+fp/hard\libc_nano.a(libc_a-init.o)
                0x080103e8                __libc_init_array
 .text.__retarget_lock_init_recursive
                0x08010430        0x2 C:/ST/STM32CubeIDE_2.1.1/STM32CubeIDE/plugins/com.st.stm32cube.ide.mcu.externaltools.gnu-tools-for-stm32.14.3.rel1.win32_1.0.100.202602081740/tools/bin/../lib/gcc/arm-none-eabi/14.3.1/../../../../arm-none-eabi/lib/thumb/v8-m.main+fp/hard\libc_nano.a(libc_a-lock.o)
                0x08010430                __retarget_lock_init_recursive
 .text.__retarget_lock_acquire_recursive
                0x08010432        0x2 C:/ST/STM32CubeIDE_2.1.1/STM32CubeIDE/plugins/com.st.stm32cube.ide.mcu.externaltools.gnu-tools-for-stm32.14.3.rel1.win32_1.0.100.202602081740/tools/bin/../lib/gcc/arm-none-eabi/14.3.1/../../../../arm-none-eabi/lib/thumb/v8-m.main+fp/hard\libc_nano.a(libc_a-lock.o)
                0x08010432                __retarget_lock_acquire_recursive
 .text.__retarget_lock_release_recursive
                0x08010434        0x2 C:/ST/STM32CubeIDE_2.1.1/STM32CubeIDE/plugins/com.st.stm32cube.ide.mcu.externaltools.gnu-tools-for-stm32.14.3.rel1.win32_1.0.100.202602081740/tools/bin/../lib/gcc/arm-none-eabi/14.3.1/../../../../arm-none-eabi/lib/thumb/v8-m.main+fp/hard\libc_nano.a(libc_a-lock.o)
                0x08010434                __retarget_lock_release_recursive
 .text.memchr   0x08010436       0x1c C:/ST/STM32CubeIDE_2.1.1/STM32CubeIDE/plugins/com.st.stm32cube.ide.mcu.externaltools.gnu-tools-for-stm32.14.3.rel1.win32_1.0.100.202602081740/tools/bin/../lib/gcc/arm-none-eabi/14.3.1/../../../../arm-none-eabi/lib/thumb/v8-m.main+fp/hard\libc_nano.a(libc_a-memchr-stub.o)
                0x08010436                memchr
 .text.quorem   0x08010452      0x11a C:/ST/STM32CubeIDE_2.1.1/STM32CubeIDE/plugins/com.st.stm32cube.ide.mcu.externaltools.gnu-tools-for-stm32.14.3.rel1.win32_1.0.100.202602081740/tools/bin/../lib/gcc/arm-none-eabi/14.3.1/../../../../arm-none-eabi/lib/thumb/v8-m.main+fp/hard\libc_nano.a(libc_a-dtoa.o)
 *fill*         0x0801056c        0x4 
 .text._dtoa_r  0x08010570      0xbb8 C:/ST/STM32CubeIDE_2.1.1/STM32CubeIDE/plugins/com.st.stm32cube.ide.mcu.externaltools.gnu-tools-for-stm32.14.3.rel1.win32_1.0.100.202602081740/tools/bin/../lib/gcc/arm-none-eabi/14.3.1/../../../../arm-none-eabi/lib/thumb/v8-m.main+fp/hard\libc_nano.a(libc_a-dtoa.o)
                0x08010570                _dtoa_r
 .text._free_r  0x08011128       0x94 C:/ST/STM32CubeIDE_2.1.1/STM32CubeIDE/plugins/com.st.stm32cube.ide.mcu.externaltools.gnu-tools-for-stm32.14.3.rel1.win32_1.0.100.202602081740/tools/bin/../lib/gcc/arm-none-eabi/14.3.1/../../../../arm-none-eabi/lib/thumb/v8-m.main+fp/hard\libc_nano.a(libc_a-freer.o)
                0x08011128                _free_r
 .text.malloc   0x080111bc       0x10 C:/ST/STM32CubeIDE_2.1.1/STM32CubeIDE/plugins/com.st.stm32cube.ide.mcu.externaltools.gnu-tools-for-stm32.14.3.rel1.win32_1.0.100.202602081740/tools/bin/../lib/gcc/arm-none-eabi/14.3.1/../../../../arm-none-eabi/lib/thumb/v8-m.main+fp/hard\libc_nano.a(libc_a-malloc.o)
                0x080111bc                malloc
 .text.sbrk_aligned
                0x080111cc       0x44 C:/ST/STM32CubeIDE_2.1.1/STM32CubeIDE/plugins/com.st.stm32cube.ide.mcu.externaltools.gnu-tools-for-stm32.14.3.rel1.win32_1.0.100.202602081740/tools/bin/../lib/gcc/arm-none-eabi/14.3.1/../../../../arm-none-eabi/lib/thumb/v8-m.main+fp/hard\libc_nano.a(libc_a-mallocr.o)
 .text._malloc_r
                0x08011210      0x100 C:/ST/STM32CubeIDE_2.1.1/STM32CubeIDE/plugins/com.st.stm32cube.ide.mcu.externaltools.gnu-tools-for-stm32.14.3.rel1.win32_1.0.100.202602081740/tools/bin/../lib/gcc/arm-none-eabi/14.3.1/../../../../arm-none-eabi/lib/thumb/v8-m.main+fp/hard\libc_nano.a(libc_a-mallocr.o)
                0x08011210                _malloc_r
 .text.__malloc_lock
                0x08011310        0xc C:/ST/STM32CubeIDE_2.1.1/STM32CubeIDE/plugins/com.st.stm32cube.ide.mcu.externaltools.gnu-tools-for-stm32.14.3.rel1.win32_1.0.100.202602081740/tools/bin/../lib/gcc/arm-none-eabi/14.3.1/../../../../arm-none-eabi/lib/thumb/v8-m.main+fp/hard\libc_nano.a(libc_a-mlock.o)
                0x08011310                __malloc_lock
 .text.__malloc_unlock
                0x0801131c        0xc C:/ST/STM32CubeIDE_2.1.1/STM32CubeIDE/plugins/com.st.stm32cube.ide.mcu.externaltools.gnu-tools-for-stm32.14.3.rel1.win32_1.0.100.202602081740/tools/bin/../lib/gcc/arm-none-eabi/14.3.1/../../../../arm-none-eabi/lib/thumb/v8-m.main+fp/hard\libc_nano.a(libc_a-mlock.o)
                0x0801131c                __malloc_unlock
 .text._Balloc  0x08011328       0x7c C:/ST/STM32CubeIDE_2.1.1/STM32CubeIDE/plugins/com.st.stm32cube.ide.mcu.externaltools.gnu-tools-for-stm32.14.3.rel1.win32_1.0.100.202602081740/tools/bin/../lib/gcc/arm-none-eabi/14.3.1/../../../../arm-none-eabi/lib/thumb/v8-m.main+fp/hard\libc_nano.a(libc_a-mprec.o)
                0x08011328                _Balloc
 .text._Bfree   0x080113a4       0x44 C:/ST/STM32CubeIDE_2.1.1/STM32CubeIDE/plugins/com.st.stm32cube.ide.mcu.externaltools.gnu-tools-for-stm32.14.3.rel1.win32_1.0.100.202602081740/tools/bin/../lib/gcc/arm-none-eabi/14.3.1/../../../../arm-none-eabi/lib/thumb/v8-m.main+fp/hard\libc_nano.a(libc_a-mprec.o)
                0x080113a4                _Bfree
 .text.__multadd
                0x080113e8       0x90 C:/ST/STM32CubeIDE_2.1.1/STM32CubeIDE/plugins/com.st.stm32cube.ide.mcu.externaltools.gnu-tools-for-stm32.14.3.rel1.win32_1.0.100.202602081740/tools/bin/../lib/gcc/arm-none-eabi/14.3.1/../../../../arm-none-eabi/lib/thumb/v8-m.main+fp/hard\libc_nano.a(libc_a-mprec.o)
                0x080113e8                __multadd
 .text.__hi0bits
                0x08011478       0x3e C:/ST/STM32CubeIDE_2.1.1/STM32CubeIDE/plugins/com.st.stm32cube.ide.mcu.externaltools.gnu-tools-for-stm32.14.3.rel1.win32_1.0.100.202602081740/tools/bin/../lib/gcc/arm-none-eabi/14.3.1/../../../../arm-none-eabi/lib/thumb/v8-m.main+fp/hard\libc_nano.a(libc_a-mprec.o)
                0x08011478                __hi0bits
 .text.__lo0bits
                0x080114b6       0x5a C:/ST/STM32CubeIDE_2.1.1/STM32CubeIDE/plugins/com.st.stm32cube.ide.mcu.externaltools.gnu-tools-for-stm32.14.3.rel1.win32_1.0.100.202602081740/tools/bin/../lib/gcc/arm-none-eabi/14.3.1/../../../../arm-none-eabi/lib/thumb/v8-m.main+fp/hard\libc_nano.a(libc_a-mprec.o)
                0x080114b6                __lo0bits
 .text.__i2b    0x08011510       0x2c C:/ST/STM32CubeIDE_2.1.1/STM32CubeIDE/plugins/com.st.stm32cube.ide.mcu.externaltools.gnu-tools-for-stm32.14.3.rel1.win32_1.0.100.202602081740/tools/bin/../lib/gcc/arm-none-eabi/14.3.1/../../../../arm-none-eabi/lib/thumb/v8-m.main+fp/hard\libc_nano.a(libc_a-mprec.o)
                0x08011510                __i2b
 .text.__multiply
                0x0801153c      0x154 C:/ST/STM32CubeIDE_2.1.1/STM32CubeIDE/plugins/com.st.stm32cube.ide.mcu.externaltools.gnu-tools-for-stm32.14.3.rel1.win32_1.0.100.202602081740/tools/bin/../lib/gcc/arm-none-eabi/14.3.1/../../../../arm-none-eabi/lib/thumb/v8-m.main+fp/hard\libc_nano.a(libc_a-mprec.o)
                0x0801153c                __multiply
 .text.__pow5mult
                0x08011690       0xb8 C:/ST/STM32CubeIDE_2.1.1/STM32CubeIDE/plugins/com.st.stm32cube.ide.mcu.externaltools.gnu-tools-for-stm32.14.3.rel1.win32_1.0.100.202602081740/tools/bin/../lib/gcc/arm-none-eabi/14.3.1/../../../../arm-none-eabi/lib/thumb/v8-m.main+fp/hard\libc_nano.a(libc_a-mprec.o)
                0x08011690                __pow5mult
 .text.__lshift
                0x08011748       0xd8 C:/ST/STM32CubeIDE_2.1.1/STM32CubeIDE/plugins/com.st.stm32cube.ide.mcu.externaltools.gnu-tools-for-stm32.14.3.rel1.win32_1.0.100.202602081740/tools/bin/../lib/gcc/arm-none-eabi/14.3.1/../../../../arm-none-eabi/lib/thumb/v8-m.main+fp/hard\libc_nano.a(libc_a-mprec.o)
                0x08011748                __lshift
 .text.__mcmp   0x08011820       0x36 C:/ST/STM32CubeIDE_2.1.1/STM32CubeIDE/plugins/com.st.stm32cube.ide.mcu.externaltools.gnu-tools-for-stm32.14.3.rel1.win32_1.0.100.202602081740/tools/bin/../lib/gcc/arm-none-eabi/14.3.1/../../../../arm-none-eabi/lib/thumb/v8-m.main+fp/hard\libc_nano.a(libc_a-mprec.o)
                0x08011820                __mcmp
 *fill*         0x08011856        0x2 
 .text.__mdiff  0x08011858      0x138 C:/ST/STM32CubeIDE_2.1.1/STM32CubeIDE/plugins/com.st.stm32cube.ide.mcu.externaltools.gnu-tools-for-stm32.14.3.rel1.win32_1.0.100.202602081740/tools/bin/../lib/gcc/arm-none-eabi/14.3.1/../../../../arm-none-eabi/lib/thumb/v8-m.main+fp/hard\libc_nano.a(libc_a-mprec.o)
                0x08011858                __mdiff
 .text.__d2b    0x08011990       0xb0 C:/ST/STM32CubeIDE_2.1.1/STM32CubeIDE/plugins/com.st.stm32cube.ide.mcu.externaltools.gnu-tools-for-stm32.14.3.rel1.win32_1.0.100.202602081740/tools/bin/../lib/gcc/arm-none-eabi/14.3.1/../../../../arm-none-eabi/lib/thumb/v8-m.main+fp/hard\libc_nano.a(libc_a-mprec.o)
                0x08011990                __d2b
 .text.__sfputc_r
                0x08011a40       0x2e C:/ST/STM32CubeIDE_2.1.1/STM32CubeIDE/plugins/com.st.stm32cube.ide.mcu.externaltools.gnu-tools-for-stm32.14.3.rel1.win32_1.0.100.202602081740/tools/bin/../lib/gcc/arm-none-eabi/14.3.1/../../../../arm-none-eabi/lib/thumb/v8-m.main+fp/hard\libc_nano.a(libc_a-nano-vfprintf.o)
 .text.__sfputs_r
                0x08011a6e       0x24 C:/ST/STM32CubeIDE_2.1.1/STM32CubeIDE/plugins/com.st.stm32cube.ide.mcu.externaltools.gnu-tools-for-stm32.14.3.rel1.win32_1.0.100.202602081740/tools/bin/../lib/gcc/arm-none-eabi/14.3.1/../../../../arm-none-eabi/lib/thumb/v8-m.main+fp/hard\libc_nano.a(libc_a-nano-vfprintf.o)
                0x08011a6e                __sfputs_r
 *fill*         0x08011a92        0x2 
 .text._vfprintf_r
                0x08011a94      0x228 C:/ST/STM32CubeIDE_2.1.1/STM32CubeIDE/plugins/com.st.stm32cube.ide.mcu.externaltools.gnu-tools-for-stm32.14.3.rel1.win32_1.0.100.202602081740/tools/bin/../lib/gcc/arm-none-eabi/14.3.1/../../../../arm-none-eabi/lib/thumb/v8-m.main+fp/hard\libc_nano.a(libc_a-nano-vfprintf.o)
                0x08011a94                _vfprintf_r
                0x08011a94                _vfiprintf_r
 .text.__sflush_r
                0x08011cbc      0x100 C:/ST/STM32CubeIDE_2.1.1/STM32CubeIDE/plugins/com.st.stm32cube.ide.mcu.externaltools.gnu-tools-for-stm32.14.3.rel1.win32_1.0.100.202602081740/tools/bin/../lib/gcc/arm-none-eabi/14.3.1/../../../../arm-none-eabi/lib/thumb/v8-m.main+fp/hard\libc_nano.a(libc_a-fflush.o)
                0x08011cbc                __sflush_r
 .text._fflush_r
                0x08011dbc       0x50 C:/ST/STM32CubeIDE_2.1.1/STM32CubeIDE/plugins/com.st.stm32cube.ide.mcu.externaltools.gnu-tools-for-stm32.14.3.rel1.win32_1.0.100.202602081740/tools/bin/../lib/gcc/arm-none-eabi/14.3.1/../../../../arm-none-eabi/lib/thumb/v8-m.main+fp/hard\libc_nano.a(libc_a-fflush.o)
                0x08011dbc                _fflush_r
 .text.__swhatbuf_r
                0x08011e0c       0x48 C:/ST/STM32CubeIDE_2.1.1/STM32CubeIDE/plugins/com.st.stm32cube.ide.mcu.externaltools.gnu-tools-for-stm32.14.3.rel1.win32_1.0.100.202602081740/tools/bin/../lib/gcc/arm-none-eabi/14.3.1/../../../../arm-none-eabi/lib/thumb/v8-m.main+fp/hard\libc_nano.a(libc_a-makebuf.o)
                0x08011e0c                __swhatbuf_r
 .text.__smakebuf_r
                0x08011e54       0x72 C:/ST/STM32CubeIDE_2.1.1/STM32CubeIDE/plugins/com.st.stm32cube.ide.mcu.externaltools.gnu-tools-for-stm32.14.3.rel1.win32_1.0.100.202602081740/tools/bin/../lib/gcc/arm-none-eabi/14.3.1/../../../../arm-none-eabi/lib/thumb/v8-m.main+fp/hard\libc_nano.a(libc_a-makebuf.o)
                0x08011e54                __smakebuf_r
 *fill*         0x08011ec6        0x2 
 .text._fstat_r
                0x08011ec8       0x24 C:/ST/STM32CubeIDE_2.1.1/STM32CubeIDE/plugins/com.st.stm32cube.ide.mcu.externaltools.gnu-tools-for-stm32.14.3.rel1.win32_1.0.100.202602081740/tools/bin/../lib/gcc/arm-none-eabi/14.3.1/../../../../arm-none-eabi/lib/thumb/v8-m.main+fp/hard\libc_nano.a(libc_a-fstatr.o)
                0x08011ec8                _fstat_r
 .text._isatty_r
                0x08011eec       0x20 C:/ST/STM32CubeIDE_2.1.1/STM32CubeIDE/plugins/com.st.stm32cube.ide.mcu.externaltools.gnu-tools-for-stm32.14.3.rel1.win32_1.0.100.202602081740/tools/bin/../lib/gcc/arm-none-eabi/14.3.1/../../../../arm-none-eabi/lib/thumb/v8-m.main+fp/hard\libc_nano.a(libc_a-isattyr.o)
                0x08011eec                _isatty_r
 .text._sbrk_r  0x08011f0c       0x20 C:/ST/STM32CubeIDE_2.1.1/STM32CubeIDE/plugins/com.st.stm32cube.ide.mcu.externaltools.gnu-tools-for-stm32.14.3.rel1.win32_1.0.100.202602081740/tools/bin/../lib/gcc/arm-none-eabi/14.3.1/../../../../arm-none-eabi/lib/thumb/v8-m.main+fp/hard\libc_nano.a(libc_a-sbrkr.o)
                0x08011f0c                _sbrk_r
 .text.memcpy   0x08011f2c       0x1a C:/ST/STM32CubeIDE_2.1.1/STM32CubeIDE/plugins/com.st.stm32cube.ide.mcu.externaltools.gnu-tools-for-stm32.14.3.rel1.win32_1.0.100.202602081740/tools/bin/../lib/gcc/arm-none-eabi/14.3.1/../../../../arm-none-eabi/lib/thumb/v8-m.main+fp/hard\libc_nano.a(libc_a-memcpy-stub.o)
                0x08011f2c                memcpy
 *fill*         0x08011f46        0x2 
 .text.__assert_func
                0x08011f48       0x3c C:/ST/STM32CubeIDE_2.1.1/STM32CubeIDE/plugins/com.st.stm32cube.ide.mcu.externaltools.gnu-tools-for-stm32.14.3.rel1.win32_1.0.100.202602081740/tools/bin/../lib/gcc/arm-none-eabi/14.3.1/../../../../arm-none-eabi/lib/thumb/v8-m.main+fp/hard\libc_nano.a(libc_a-assert.o)
                0x08011f48                __assert_func
 .text._calloc_r
                0x08011f84       0x28 C:/ST/STM32CubeIDE_2.1.1/STM32CubeIDE/plugins/com.st.stm32cube.ide.mcu.externaltools.gnu-tools-for-stm32.14.3.rel1.win32_1.0.100.202602081740/tools/bin/../lib/gcc/arm-none-eabi/14.3.1/../../../../arm-none-eabi/lib/thumb/v8-m.main+fp/hard\libc_nano.a(libc_a-callocr.o)
                0x08011f84                _calloc_r
 .text.__ascii_mbtowc
                0x08011fac       0x24 C:/ST/STM32CubeIDE_2.1.1/STM32CubeIDE/plugins/com.st.stm32cube.ide.mcu.externaltools.gnu-tools-for-stm32.14.3.rel1.win32_1.0.100.202602081740/tools/bin/../lib/gcc/arm-none-eabi/14.3.1/../../../../arm-none-eabi/lib/thumb/v8-m.main+fp/hard\libc_nano.a(libc_a-mbtowc_r.o)
                0x08011fac                __ascii_mbtowc
 .text.__ascii_wctomb
                0x08011fd0       0x1a C:/ST/STM32CubeIDE_2.1.1/STM32CubeIDE/plugins/com.st.stm32cube.ide.mcu.externaltools.gnu-tools-for-stm32.14.3.rel1.win32_1.0.100.202602081740/tools/bin/../lib/gcc/arm-none-eabi/14.3.1/../../../../arm-none-eabi/lib/thumb/v8-m.main+fp/hard\libc_nano.a(libc_a-wctomb_r.o)
                0x08011fd0                __ascii_wctomb
 *fill*         0x08011fea        0x2 
 .text.fprintf  0x08011fec       0x24 C:/ST/STM32CubeIDE_2.1.1/STM32CubeIDE/plugins/com.st.stm32cube.ide.mcu.externaltools.gnu-tools-for-stm32.14.3.rel1.win32_1.0.100.202602081740/tools/bin/../lib/gcc/arm-none-eabi/14.3.1/../../../../arm-none-eabi/lib/thumb/v8-m.main+fp/hard\libc_nano.a(libc_a-fprintf.o)
                0x08011fec                fiprintf
                0x08011fec                fprintf
 .text.abort    0x08012010        0xe C:/ST/STM32CubeIDE_2.1.1/STM32CubeIDE/plugins/com.st.stm32cube.ide.mcu.externaltools.gnu-tools-for-stm32.14.3.rel1.win32_1.0.100.202602081740/tools/bin/../lib/gcc/arm-none-eabi/14.3.1/../../../../arm-none-eabi/lib/thumb/v8-m.main+fp/hard\libc_nano.a(libc_a-abort.o)
                0x08012010                abort
 .text._raise_r
                0x0801201e       0x50 C:/ST/STM32CubeIDE_2.1.1/STM32CubeIDE/plugins/com.st.stm32cube.ide.mcu.externaltools.gnu-tools-for-stm32.14.3.rel1.win32_1.0.100.202602081740/tools/bin/../lib/gcc/arm-none-eabi/14.3.1/../../../../arm-none-eabi/lib/thumb/v8-m.main+fp/hard\libc_nano.a(libc_a-signal.o)
                0x0801201e                _raise_r
 *fill*         0x0801206e        0x2 
 .text.raise    0x08012070       0x10 C:/ST/STM32CubeIDE_2.1.1/STM32CubeIDE/plugins/com.st.stm32cube.ide.mcu.externaltools.gnu-tools-for-stm32.14.3.rel1.win32_1.0.100.202602081740/tools/bin/../lib/gcc/arm-none-eabi/14.3.1/../../../../arm-none-eabi/lib/thumb/v8-m.main+fp/hard\libc_nano.a(libc_a-signal.o)
                0x08012070                raise
 .text._kill_r  0x08012080       0x24 C:/ST/STM32CubeIDE_2.1.1/STM32CubeIDE/plugins/com.st.stm32cube.ide.mcu.externaltools.gnu-tools-for-stm32.14.3.rel1.win32_1.0.100.202602081740/tools/bin/../lib/gcc/arm-none-eabi/14.3.1/../../../../arm-none-eabi/lib/thumb/v8-m.main+fp/hard\libc_nano.a(libc_a-signalr.o)
                0x08012080                _kill_r
 .text._getpid_r
                0x080120a4        0x4 C:/ST/STM32CubeIDE_2.1.1/STM32CubeIDE/plugins/com.st.stm32cube.ide.mcu.externaltools.gnu-tools-for-stm32.14.3.rel1.win32_1.0.100.202602081740/tools/bin/../lib/gcc/arm-none-eabi/14.3.1/../../../../arm-none-eabi/lib/thumb/v8-m.main+fp/hard\libc_nano.a(libc_a-signalr.o)
                0x080120a4                _getpid_r
 *(.glue_7)
 .glue_7        0x080120a8        0x0 linker stubs
 *(.glue_7t)
 .glue_7t       0x080120a8        0x0 linker stubs
 *(.eh_frame)
 .eh_frame      0x080120a8        0x0 C:/ST/STM32CubeIDE_2.1.1/STM32CubeIDE/plugins/com.st.stm32cube.ide.mcu.externaltools.gnu-tools-for-stm32.14.3.rel1.win32_1.0.100.202602081740/tools/bin/../lib/gcc/arm-none-eabi/14.3.1/thumb/v8-m.main+fp/hard/crtbegin.o
 *(.init)
 .init          0x080120a8        0x4 C:/ST/STM32CubeIDE_2.1.1/STM32CubeIDE/plugins/com.st.stm32cube.ide.mcu.externaltools.gnu-tools-for-stm32.14.3.rel1.win32_1.0.100.202602081740/tools/bin/../lib/gcc/arm-none-eabi/14.3.1/thumb/v8-m.main+fp/hard/crti.o
                0x080120a8                _init
 .init          0x080120ac        0x8 C:/ST/STM32CubeIDE_2.1.1/STM32CubeIDE/plugins/com.st.stm32cube.ide.mcu.externaltools.gnu-tools-for-stm32.14.3.rel1.win32_1.0.100.202602081740/tools/bin/../lib/gcc/arm-none-eabi/14.3.1/thumb/v8-m.main+fp/hard/crtn.o
 *(.fini)
 .fini          0x080120b4        0x4 C:/ST/STM32CubeIDE_2.1.1/STM32CubeIDE/plugins/com.st.stm32cube.ide.mcu.externaltools.gnu-tools-for-stm32.14.3.rel1.win32_1.0.100.202602081740/tools/bin/../lib/gcc/arm-none-eabi/14.3.1/thumb/v8-m.main+fp/hard/crti.o
                0x080120b4                _fini
 .fini          0x080120b8        0x8 C:/ST/STM32CubeIDE_2.1.1/STM32CubeIDE/plugins/com.st.stm32cube.ide.mcu.externaltools.gnu-tools-for-stm32.14.3.rel1.win32_1.0.100.202602081740/tools/bin/../lib/gcc/arm-none-eabi/14.3.1/thumb/v8-m.main+fp/hard/crtn.o
                0x080120c0                        _etext = .

.vfp11_veneer   0x080120c0        0x0
 .vfp11_veneer  0x080120c0        0x0 linker stubs

.v4_bx          0x080120c0        0x0
 .v4_bx         0x080120c0        0x0 linker stubs

.iplt           0x080120c0        0x0
 .iplt          0x080120c0        0x0 C:/ST/STM32CubeIDE_2.1.1/STM32CubeIDE/plugins/com.st.stm32cube.ide.mcu.externaltools.gnu-tools-for-stm32.14.3.rel1.win32_1.0.100.202602081740/tools/bin/../lib/gcc/arm-none-eabi/14.3.1/thumb/v8-m.main+fp/hard/crtbegin.o

.rodata         0x080120c0      0x4a1
 *(.rodata)
 .rodata        0x080120c0       0x2e ./Application/User/Core/main.o
 *(.rodata*)
 *fill*         0x080120ee        0x2 
 .rodata.AHBPrescTable
                0x080120f0       0x10 ./Drivers/CMSIS/system_stm32u5xx.o
                0x080120f0                AHBPrescTable
 .rodata.APBPrescTable
                0x08012100        0x8 ./Drivers/CMSIS/system_stm32u5xx.o
                0x08012100                APBPrescTable
 .rodata.MSIRangeTable
                0x08012108       0x40 ./Drivers/CMSIS/system_stm32u5xx.o
                0x08012108                MSIRangeTable
 .rodata.LPGPIO_Map
                0x08012148       0x80 ./Drivers/STM32U5xx_HAL_Driver/stm32u5xx_hal_gpio.o
 .rodata.UARTPrescTable
                0x080121c8       0x18 ./Drivers/STM32U5xx_HAL_Driver/stm32u5xx_hal_uart.o
                0x080121c8                UARTPrescTable
 .rodata.numerator.1
                0x080121e0        0x8 ./Drivers/STM32U5xx_HAL_Driver/stm32u5xx_hal_uart_ex.o
 .rodata.denominator.0
                0x080121e8        0x8 ./Drivers/STM32U5xx_HAL_Driver/stm32u5xx_hal_uart_ex.o
 .rodata._printf_float.str1.1
                0x080121f0      0x171 C:/ST/STM32CubeIDE_2.1.1/STM32CubeIDE/plugins/com.st.stm32cube.ide.mcu.externaltools.gnu-tools-for-stm32.14.3.rel1.win32_1.0.100.202602081740/tools/bin/../lib/gcc/arm-none-eabi/14.3.1/../../../../arm-none-eabi/lib/thumb/v8-m.main+fp/hard\libc_nano.a(libc_a-nano-vfprintf_float.o)
                                 0x12 (size before relaxing)
 .rodata._printf_i.str1.1
                0x08012361       0x22 C:/ST/STM32CubeIDE_2.1.1/STM32CubeIDE/plugins/com.st.stm32cube.ide.mcu.externaltools.gnu-tools-for-stm32.14.3.rel1.win32_1.0.100.202602081740/tools/bin/../lib/gcc/arm-none-eabi/14.3.1/../../../../arm-none-eabi/lib/thumb/v8-m.main+fp/hard\libc_nano.a(libc_a-nano-vfprintf_i.o)
 .rodata._dtoa_r.str1.1
                0x08012361       0x8f C:/ST/STM32CubeIDE_2.1.1/STM32CubeIDE/plugins/com.st.stm32cube.ide.mcu.externaltools.gnu-tools-for-stm32.14.3.rel1.win32_1.0.100.202602081740/tools/bin/../lib/gcc/arm-none-eabi/14.3.1/../../../../arm-none-eabi/lib/thumb/v8-m.main+fp/hard\libc_nano.a(libc_a-dtoa.o)
 .rodata._Balloc.str1.1
                0x08012361       0x70 C:/ST/STM32CubeIDE_2.1.1/STM32CubeIDE/plugins/com.st.stm32cube.ide.mcu.externaltools.gnu-tools-for-stm32.14.3.rel1.win32_1.0.100.202602081740/tools/bin/../lib/gcc/arm-none-eabi/14.3.1/../../../../arm-none-eabi/lib/thumb/v8-m.main+fp/hard\libc_nano.a(libc_a-mprec.o)
 .rodata.__multadd.str1.1
                0x08012361       0x11 C:/ST/STM32CubeIDE_2.1.1/STM32CubeIDE/plugins/com.st.stm32cube.ide.mcu.externaltools.gnu-tools-for-stm32.14.3.rel1.win32_1.0.100.202602081740/tools/bin/../lib/gcc/arm-none-eabi/14.3.1/../../../../arm-none-eabi/lib/thumb/v8-m.main+fp/hard\libc_nano.a(libc_a-mprec.o)
 *fill*         0x08012361        0x3 
 .rodata.p05.0  0x08012364        0xc C:/ST/STM32CubeIDE_2.1.1/STM32CubeIDE/plugins/com.st.stm32cube.ide.mcu.externaltools.gnu-tools-for-stm32.14.3.rel1.win32_1.0.100.202602081740/tools/bin/../lib/gcc/arm-none-eabi/14.3.1/../../../../arm-none-eabi/lib/thumb/v8-m.main+fp/hard\libc_nano.a(libc_a-mprec.o)
 .rodata.__mprec_bigtens
                0x08012370       0x28 C:/ST/STM32CubeIDE_2.1.1/STM32CubeIDE/plugins/com.st.stm32cube.ide.mcu.externaltools.gnu-tools-for-stm32.14.3.rel1.win32_1.0.100.202602081740/tools/bin/../lib/gcc/arm-none-eabi/14.3.1/../../../../arm-none-eabi/lib/thumb/v8-m.main+fp/hard\libc_nano.a(libc_a-mprec.o)
                0x08012370                __mprec_bigtens
 .rodata.__mprec_tens
                0x08012398       0xc8 C:/ST/STM32CubeIDE_2.1.1/STM32CubeIDE/plugins/com.st.stm32cube.ide.mcu.externaltools.gnu-tools-for-stm32.14.3.rel1.win32_1.0.100.202602081740/tools/bin/../lib/gcc/arm-none-eabi/14.3.1/../../../../arm-none-eabi/lib/thumb/v8-m.main+fp/hard\libc_nano.a(libc_a-mprec.o)
                0x08012398                __mprec_tens
 .rodata._vfprintf_r.str1.1
                0x08012460       0x11 C:/ST/STM32CubeIDE_2.1.1/STM32CubeIDE/plugins/com.st.stm32cube.ide.mcu.externaltools.gnu-tools-for-stm32.14.3.rel1.win32_1.0.100.202602081740/tools/bin/../lib/gcc/arm-none-eabi/14.3.1/../../../../arm-none-eabi/lib/thumb/v8-m.main+fp/hard\libc_nano.a(libc_a-nano-vfprintf.o)
 .rodata._setlocale_r.str1.1
                0x08012460        0x9 C:/ST/STM32CubeIDE_2.1.1/STM32CubeIDE/plugins/com.st.stm32cube.ide.mcu.externaltools.gnu-tools-for-stm32.14.3.rel1.win32_1.0.100.202602081740/tools/bin/../lib/gcc/arm-none-eabi/14.3.1/../../../../arm-none-eabi/lib/thumb/v8-m.main+fp/hard\libc_nano.a(libc_a-locale.o)
 .rodata.str1.1
                0x08012460        0x2 C:/ST/STM32CubeIDE_2.1.1/STM32CubeIDE/plugins/com.st.stm32cube.ide.mcu.externaltools.gnu-tools-for-stm32.14.3.rel1.win32_1.0.100.202602081740/tools/bin/../lib/gcc/arm-none-eabi/14.3.1/../../../../arm-none-eabi/lib/thumb/v8-m.main+fp/hard\libc_nano.a(libc_a-locale.o)
 .rodata.__assert_func.str1.1
                0x08012460       0x3d C:/ST/STM32CubeIDE_2.1.1/STM32CubeIDE/plugins/com.st.stm32cube.ide.mcu.externaltools.gnu-tools-for-stm32.14.3.rel1.win32_1.0.100.202602081740/tools/bin/../lib/gcc/arm-none-eabi/14.3.1/../../../../arm-none-eabi/lib/thumb/v8-m.main+fp/hard\libc_nano.a(libc_a-assert.o)
 .rodata._ctype_
                0x08012460      0x101 C:/ST/STM32CubeIDE_2.1.1/STM32CubeIDE/plugins/com.st.stm32cube.ide.mcu.externaltools.gnu-tools-for-stm32.14.3.rel1.win32_1.0.100.202602081740/tools/bin/../lib/gcc/arm-none-eabi/14.3.1/../../../../arm-none-eabi/lib/thumb/v8-m.main+fp/hard\libc_nano.a(libc_a-ctype_.o)
                0x08012460                _ctype_

.ARM.extab
 *(.ARM.extab* .gnu.linkonce.armextab.*)

.ARM            0x08012564        0x8
                0x08012564                        __exidx_start = .
 *(.ARM.exidx*)
 .ARM.exidx     0x08012564        0x8 C:/ST/STM32CubeIDE_2.1.1/STM32CubeIDE/plugins/com.st.stm32cube.ide.mcu.externaltools.gnu-tools-for-stm32.14.3.rel1.win32_1.0.100.202602081740/tools/bin/../lib/gcc/arm-none-eabi/14.3.1/../../../../arm-none-eabi/lib/thumb/v8-m.main+fp/hard\libc_nano.a(libc_a-strlen.o)
 .ARM.exidx     0x0801256c        0x0 C:/ST/STM32CubeIDE_2.1.1/STM32CubeIDE/plugins/com.st.stm32cube.ide.mcu.externaltools.gnu-tools-for-stm32.14.3.rel1.win32_1.0.100.202602081740/tools/bin/../lib/gcc/arm-none-eabi/14.3.1/thumb/v8-m.main+fp/hard\libgcc.a(_udivmoddi4.o)
                                  0x8 (size before relaxing)
                0x0801256c                        __exidx_end = .

.preinit_array  0x0801256c        0x0
                0x0801256c                        PROVIDE (__preinit_array_start = .)
 *(.preinit_array*)
                0x0801256c                        PROVIDE (__preinit_array_end = .)

.init_array     0x0801256c        0x4
                0x0801256c                        PROVIDE (__init_array_start = .)
 *(SORT_BY_NAME(.init_array.*))
 *(.init_array*)
 .init_array    0x0801256c        0x4 C:/ST/STM32CubeIDE_2.1.1/STM32CubeIDE/plugins/com.st.stm32cube.ide.mcu.externaltools.gnu-tools-for-stm32.14.3.rel1.win32_1.0.100.202602081740/tools/bin/../lib/gcc/arm-none-eabi/14.3.1/thumb/v8-m.main+fp/hard/crtbegin.o
                0x08012570                        PROVIDE (__init_array_end = .)

.fini_array     0x08012570        0x4
                [!provide]                        PROVIDE (__fini_array_start = .)
 *(SORT_BY_NAME(.fini_array.*))
 *(.fini_array*)
 .fini_array    0x08012570        0x4 C:/ST/STM32CubeIDE_2.1.1/STM32CubeIDE/plugins/com.st.stm32cube.ide.mcu.externaltools.gnu-tools-for-stm32.14.3.rel1.win32_1.0.100.202602081740/tools/bin/../lib/gcc/arm-none-eabi/14.3.1/thumb/v8-m.main+fp/hard/crtbegin.o
                [!provide]                        PROVIDE (__fini_array_end = .)
                0x08012574                        _sidata = LOADADDR (.data)

.rel.dyn        0x08012574        0x0
 .rel.iplt      0x08012574        0x0 C:/ST/STM32CubeIDE_2.1.1/STM32CubeIDE/plugins/com.st.stm32cube.ide.mcu.externaltools.gnu-tools-for-stm32.14.3.rel1.win32_1.0.100.202602081740/tools/bin/../lib/gcc/arm-none-eabi/14.3.1/thumb/v8-m.main+fp/hard/crtbegin.o

.data           0x20000000      0x1f0 load address 0x08012574
                0x20000000                        _sdata = .
 *(.data)
 *(.data*)
 .data.SystemCoreClock
                0x20000000        0x4 ./Drivers/CMSIS/system_stm32u5xx.o
                0x20000000                SystemCoreClock
 .data.uwTickPrio
                0x20000004        0x4 ./Drivers/STM32U5xx_HAL_Driver/stm32u5xx_hal.o
                0x20000004                uwTickPrio
 .data.uwTickFreq
                0x20000008        0x1 ./Drivers/STM32U5xx_HAL_Driver/stm32u5xx_hal.o
                0x20000008                uwTickFreq
 *fill*         0x20000009        0x3 
 .data.pFlash   0x2000000c       0x1c ./Drivers/STM32U5xx_HAL_Driver/stm32u5xx_hal_flash.o
                0x2000000c                pFlash
 .data.__sglue  0x20000028        0xc C:/ST/STM32CubeIDE_2.1.1/STM32CubeIDE/plugins/com.st.stm32cube.ide.mcu.externaltools.gnu-tools-for-stm32.14.3.rel1.win32_1.0.100.202602081740/tools/bin/../lib/gcc/arm-none-eabi/14.3.1/../../../../arm-none-eabi/lib/thumb/v8-m.main+fp/hard\libc_nano.a(libc_a-findfp.o)
                0x20000028                __sglue
 .data._impure_ptr
                0x20000034        0x4 C:/ST/STM32CubeIDE_2.1.1/STM32CubeIDE/plugins/com.st.stm32cube.ide.mcu.externaltools.gnu-tools-for-stm32.14.3.rel1.win32_1.0.100.202602081740/tools/bin/../lib/gcc/arm-none-eabi/14.3.1/../../../../arm-none-eabi/lib/thumb/v8-m.main+fp/hard\libc_nano.a(libc_a-impure.o)
                0x20000034                _impure_ptr
 .data._impure_data
                0x20000038       0x4c C:/ST/STM32CubeIDE_2.1.1/STM32CubeIDE/plugins/com.st.stm32cube.ide.mcu.externaltools.gnu-tools-for-stm32.14.3.rel1.win32_1.0.100.202602081740/tools/bin/../lib/gcc/arm-none-eabi/14.3.1/../../../../arm-none-eabi/lib/thumb/v8-m.main+fp/hard\libc_nano.a(libc_a-impure.o)
                0x20000038                _impure_data
 .data.__global_locale
                0x20000084      0x16c C:/ST/STM32CubeIDE_2.1.1/STM32CubeIDE/plugins/com.st.stm32cube.ide.mcu.externaltools.gnu-tools-for-stm32.14.3.rel1.win32_1.0.100.202602081740/tools/bin/../lib/gcc/arm-none-eabi/14.3.1/../../../../arm-none-eabi/lib/thumb/v8-m.main+fp/hard\libc_nano.a(libc_a-locale.o)
                0x20000084                __global_locale
 *(.RamFunc)
 *(.RamFunc*)
                0x200001f0                        _edata = .

.igot.plt       0x200001f0        0x0 load address 0x08012764
 .igot.plt      0x200001f0        0x0 C:/ST/STM32CubeIDE_2.1.1/STM32CubeIDE/plugins/com.st.stm32cube.ide.mcu.externaltools.gnu-tools-for-stm32.14.3.rel1.win32_1.0.100.202602081740/tools/bin/../lib/gcc/arm-none-eabi/14.3.1/thumb/v8-m.main+fp/hard/crtbegin.o

.bss            0x200001f0      0x680 load address 0x08012764
                0x200001f0                        _sbss = .
                0x200001f0                        __bss_start__ = _sbss
 *(.bss)
 .bss           0x200001f0       0x1c C:/ST/STM32CubeIDE_2.1.1/STM32CubeIDE/plugins/com.st.stm32cube.ide.mcu.externaltools.gnu-tools-for-stm32.14.3.rel1.win32_1.0.100.202602081740/tools/bin/../lib/gcc/arm-none-eabi/14.3.1/thumb/v8-m.main+fp/hard/crtbegin.o
 *(.bss*)
 .bss.hadc1     0x2000020c       0x8c ./Application/User/Core/adc.o
                0x2000020c                hadc1
 .bss.hadc4     0x20000298       0x8c ./Application/User/Core/adc.o
                0x20000298                hadc4
 .bss.Node_GPDMA1_Channel15
                0x20000324       0x24 ./Application/User/Core/adc.o