Archive member included to satisfy reference by file (symbol)

../../Middlewares/ST/ARM/DSP/Lib\libarm_ARMv8MMLlfsp_math.a(arm_rfft_fast_init_f32.o)
                              ./Application/User/Core/main.o (arm_rfft_fast_init_f32)
../../Middlewares/ST/ARM/DSP/Lib\libarm_ARMv8MMLlfsp_math.a(arm_sin_f32.o)
                              ./Application/User/Core/main.o (arm_sin_f32)
../../Middlewares/ST/ARM/DSP/Lib\libarm_ARMv8MMLlfsp_math.a(arm_cos_f32.o)
                              ./Application/User/Core/main.o (arm_cos_f32)
../../Middlewares/ST/ARM/DSP/Lib\libarm_ARMv8MMLlfsp_math.a(arm_common_tables.o)
                              ../../Middlewares/ST/ARM/DSP/Lib\libarm_ARMv8MMLlfsp_math.a(arm_sin_f32.o) (sinTable_f32)
../../Middlewares/ST/ARM/DSP/Lib\libarm_ARMv8MMLlfsp_math.a(arm_cfft_init_f32.o)
                              ../../Middlewares/ST/ARM/DSP/Lib\libarm_ARMv8MMLlfsp_math.a(arm_rfft_fast_init_f32.o) (arm_cfft_init_f32)
../../Middlewares/ST/ARM/DSP/Lib\libarm_ARMv8MMLlfsp_math.a(arm_const_structs.o)
                              ../../Middlewares/ST/ARM/DSP/Lib\libarm_ARMv8MMLlfsp_math.a(arm_cfft_init_f32.o) (arm_cfft_sR_f32_len4096)
C:/ST/STM32CubeIDE_2.1.1/STM32CubeIDE/plugins/com.st.stm32cube.ide.mcu.externaltools.gnu-tools-for-stm32.14.3.rel1.win32_1.0.100.202602081740/tools/bin/../lib/gcc/arm-none-eabi/14.3.1/../../../../arm-none-eabi/lib/thumb/v8-m.main+fp/hard\libc_nano.a(libc_a-exit.o)
                              C:/ST/STM32CubeIDE_2.1.1/STM32CubeIDE/plugins/com.st.stm32cube.ide.mcu.externaltools.gnu-tools-for-stm32.14.3.rel1.win32_1.0.100.202602081740/tools/bin/../lib/gcc/arm-none-eabi/14.3.1/../../../../arm-none-eabi/lib/thumb/v8-m.main+fp/hard/crt0.o (exit)
C:/ST/STM32CubeIDE_2.1.1/STM32CubeIDE/plugins/com.st.stm32cube.ide.mcu.externaltools.gnu-tools-for-stm32.14.3.rel1.win32_1.0.100.202602081740/tools/bin/../lib/gcc/arm-none-eabi/14.3.1/../../../../arm-none-eabi/lib/thumb/v8-m.main+fp/hard\libc_nano.a(libc_a-findfp.o)
                              C:/ST/STM32CubeIDE_2.1.1/STM32CubeIDE/plugins/com.st.stm32cube.ide.mcu.externaltools.gnu-tools-for-stm32.14.3.rel1.win32_1.0.100.202602081740/tools/bin/../lib/gcc/arm-none-eabi/14.3.1/../../../../arm-none-eabi/lib/thumb/v8-m.main+fp/hard\libc_nano.a(libc_a-exit.o) (__stdio_exit_handler)
C:/ST/STM32CubeIDE_2.1.1/STM32CubeIDE/plugins/com.st.stm32cube.ide.mcu.externaltools.gnu-tools-for-stm32.14.3.rel1.win32_1.0.100.202602081740/tools/bin/../lib/gcc/arm-none-eabi/14.3.1/../../../../arm-none-eabi/lib/thumb/v8-m.main+fp/hard\libc_nano.a(libc_a-fwalk.o)
                              C:/ST/STM32CubeIDE_2.1.1/STM32CubeIDE/plugins/com.st.stm32cube.ide.mcu.externaltools.gnu-tools-for-stm32.14.3.rel1.win32_1.0.100.202602081740/tools/bin/../lib/gcc/arm-none-eabi/14.3.1/../../../../arm-none-eabi/lib/thumb/v8-m.main+fp/hard\libc_nano.a(libc_a-findfp.o) (_fwalk_sglue)
C:/ST/STM32CubeIDE_2.1.1/STM32CubeIDE/plugins/com.st.stm32cube.ide.mcu.externaltools.gnu-tools-for-stm32.14.3.rel1.win32_1.0.100.202602081740/tools/bin/../lib/gcc/arm-none-eabi/14.3.1/../../../../arm-none-eabi/lib/thumb/v8-m.main+fp/hard\libc_nano.a(libc_a-stdio.o)
                              C:/ST/STM32CubeIDE_2.1.1/STM32CubeIDE/plugins/com.st.stm32cube.ide.mcu.externaltools.gnu-tools-for-stm32.14.3.rel1.win32_1.0.100.202602081740/tools/bin/../lib/gcc/arm-none-eabi/14.3.1/../../../../arm-none-eabi/lib/thumb/v8-m.main+fp/hard\libc_nano.a(libc_a-findfp.o) (__sread)
C:/ST/STM32CubeIDE_2.1.1/STM32CubeIDE/plugins/com.st.stm32cube.ide.mcu.externaltools.gnu-tools-for-stm32.14.3.rel1.win32_1.0.100.202602081740/tools/bin/../lib/gcc/arm-none-eabi/14.3.1/../../../../arm-none-eabi/lib/thumb/v8-m.main+fp/hard\libc_nano.a(libc_a-memset.o)
                              C:/ST/STM32CubeIDE_2.1.1/STM32CubeIDE/plugins/com.st.stm32cube.ide.mcu.externaltools.gnu-tools-for-stm32.14.3.rel1.win32_1.0.100.202602081740/tools/bin/../lib/gcc/arm-none-eabi/14.3.1/../../../../arm-none-eabi/lib/thumb/v8-m.main+fp/hard/crt0.o (memset)
C:/ST/STM32CubeIDE_2.1.1/STM32CubeIDE/plugins/com.st.stm32cube.ide.mcu.externaltools.gnu-tools-for-stm32.14.3.rel1.win32_1.0.100.202602081740/tools/bin/../lib/gcc/arm-none-eabi/14.3.1/../../../../arm-none-eabi/lib/thumb/v8-m.main+fp/hard\libc_nano.a(libc_a-closer.o)
                              C:/ST/STM32CubeIDE_2.1.1/STM32CubeIDE/plugins/com.st.stm32cube.ide.mcu.externaltools.gnu-tools-for-stm32.14.3.rel1.win32_1.0.100.202602081740/tools/bin/../lib/gcc/arm-none-eabi/14.3.1/../../../../arm-none-eabi/lib/thumb/v8-m.main+fp/hard\libc_nano.a(libc_a-stdio.o) (_close_r)
C:/ST/STM32CubeIDE_2.1.1/STM32CubeIDE/plugins/com.st.stm32cube.ide.mcu.externaltools.gnu-tools-for-stm32.14.3.rel1.win32_1.0.100.202602081740/tools/bin/../lib/gcc/arm-none-eabi/14.3.1/../../../../arm-none-eabi/lib/thumb/v8-m.main+fp/hard\libc_nano.a(libc_a-reent.o)
[...]
Memory Configuration

Name             Origin             Length             Attributes
FLASH            0x08000000         0x00400000         xr
RAM              0x20000000         0x00270000         xrw
*default*        0x00000000         0xffffffff

Linker script and memory map

LOAD C:/ST/STM32CubeIDE_2.1.1/STM32CubeIDE/plugins/com.st.stm32cube.ide.mcu.externaltools.gnu-tools-for-stm32.14.3.rel1.win32_1.0.100.202602081740/tools/bin/../lib/gcc/arm-none-eabi/14.3.1/thumb/v8-m.main+fp/hard/crti.o
LOAD C:/ST/STM32CubeIDE_2.1.1/STM32CubeIDE/plugins/com.st.stm32cube.ide.mcu.externaltools.gnu-tools-for-stm32.14.3.rel1.win32_1.0.100.202602081740/tools/bin/../lib/gcc/arm-none-eabi/14.3.1/thumb/v8-m.main+fp/hard/crtbegin.o
LOAD C:/ST/STM32CubeIDE_2.1.1/STM32CubeIDE/plugins/com.st.stm32cube.ide.mcu.externaltools.gnu-tools-for-stm32.14.3.rel1.win32_1.0.100.202602081740/tools/bin/../lib/gcc/arm-none-eabi/14.3.1/../../../../arm-none-eabi/lib/thumb/v8-m.main+fp/hard/crt0.o
LOAD ./Application/User/Core/flash.o
LOAD ./Application/User/Core/gpio.o
LOAD ./Application/User/Core/gtzc.o
LOAD ./Application/User/Core/icache.o
LOAD ./Application/User/Core/main.o
LOAD ./Application/User/Core/stm32u5xx_hal_msp.o
LOAD ./Application/User/Core/stm32u5xx_it.o
LOAD ./Application/User/Core/syscalls.o
LOAD ./Application/User/Core/sysmem.o
LOAD ./Application/User/Startup/startup_stm32u5a5zjtxq.o
LOAD ./Drivers/CMSIS/system_stm32u5xx.o
LOAD ./Drivers/STM32U5xx_HAL_Driver/stm32u5xx_hal.o
LOAD ./Drivers/STM32U5xx_HAL_Driver/stm32u5xx_hal_cortex.o
LOAD ./Drivers/STM32U5xx_HAL_Driver/stm32u5xx_hal_dma.o
LOAD ./Drivers/STM32U5xx_HAL_Driver/stm32u5xx_hal_dma_ex.o
LOAD ./Drivers/STM32U5xx_HAL_Driver/stm32u5xx_hal_exti.o
LOAD ./Drivers/STM32U5xx_HAL_Driver/stm32u5xx_hal_flash.o
LOAD ./Drivers/STM32U5xx_HAL_Driver/stm32u5xx_hal_flash_ex.o
LOAD ./Drivers/STM32U5xx_HAL_Driver/stm32u5xx_hal_gpio.o
LOAD ./Drivers/STM32U5xx_HAL_Driver/stm32u5xx_hal_gtzc.o
LOAD ./Drivers/STM32U5xx_HAL_Driver/stm32u5xx_hal_i2c.o
LOAD ./Drivers/STM32U5xx_HAL_Driver/stm32u5xx_hal_i2c_ex.o
LOAD ./Drivers/STM32U5xx_HAL_Driver/stm32u5xx_hal_icache.o
LOAD ./Drivers/STM32U5xx_HAL_Driver/stm32u5xx_hal_pwr.o
LOAD ./Drivers/STM32U5xx_HAL_Driver/stm32u5xx_hal_pwr_ex.o
LOAD ./Drivers/STM32U5xx_HAL_Driver/stm32u5xx_hal_rcc.o
LOAD ./Drivers/STM32U5xx_HAL_Driver/stm32u5xx_hal_rcc_ex.o
LOAD ../../Middlewares/ST/ARM/DSP/Lib\libarm_ARMv8MMLlfsp_math.a
START GROUP
LOAD C:/ST/STM32CubeIDE_2.1.1/STM32CubeIDE/plugins/com.st.stm32cube.ide.mcu.externaltools.gnu-tools-for-stm32.14.3.rel1.win32_1.0.100.202602081740/tools/bin/../lib/gcc/arm-none-eabi/14.3.1/../../../../arm-none-eabi/lib/thumb/v8-m.main+fp/hard\libc_nano.a
LOAD C:/ST/STM32CubeIDE_2.1.1/STM32CubeIDE/plugins/com.st.stm32cube.ide.mcu.externaltools.gnu-tools-for-stm32.14.3.rel1.win32_1.0.100.202602081740/tools/bin/../lib/gcc/arm-none-eabi/14.3.1/../../../../arm-none-eabi/lib/thumb/v8-m.main+fp/hard\libm.a
END GROUP
START GROUP
LOAD C:/ST/STM32CubeIDE_2.1.1/STM32CubeIDE/plugins/com.st.stm32cube.ide.mcu.externaltools.gnu-tools-for-stm32.14.3.rel1.win32_1.0.100.202602081740/tools/bin/../lib/gcc/arm-none-eabi/14.3.1/thumb/v8-m.main+fp/hard\libgcc.a
LOAD C:/ST/STM32CubeIDE_2.1.1/STM32CubeIDE/plugins/com.st.stm32cube.ide.mcu.externaltools.gnu-tools-for-stm32.14.3.rel1.win32_1.0.100.202602081740/tools/bin/../lib/gcc/arm-none-eabi/14.3.1/../../../../arm-none-eabi/lib/thumb/v8-m.main+fp/hard\libc_nano.a
END GROUP
START GROUP
LOAD C:/ST/STM32CubeIDE_2.1.1/STM32CubeIDE/plugins/com.st.stm32cube.ide.mcu.externaltools.gnu-tools-for-stm32.14.3.rel1.win32_1.0.100.202602081740/tools/bin/../lib/gcc/arm-none-eabi/14.3.1/thumb/v8-m.main+fp/hard\libgcc.a
LOAD C:/ST/STM32CubeIDE_2.1.1/STM32CubeIDE/plugins/com.st.stm32cube.ide.mcu.externaltools.gnu-tools-for-stm32.14.3.rel1.win32_1.0.100.202602081740/tools/bin/../lib/gcc/arm-none-eabi/14.3.1/../../../../arm-none-eabi/lib/thumb/v8-m.main+fp/hard\libc_nano.a
LOAD C:/ST/STM32CubeIDE_2.1.1/STM32CubeIDE/plugins/com.st.stm32cube.ide.mcu.externaltools.gnu-tools-for-stm32.14.3.rel1.win32_1.0.100.202602081740/tools/bin/../lib/gcc/arm-none-eabi/14.3.1/../../../../arm-none-eabi/lib/thumb/v8-m.main+fp/hard\libnosys.a
END GROUP
START GROUP
LOAD C:/ST/STM32CubeIDE_2.1.1/STM32CubeIDE/plugins/com.st.stm32cube.ide.mcu.externaltools.gnu-tools-for-stm32.14.3.rel1.win32_1.0.100.202602081740/tools/bin/../lib/gcc/arm-none-eabi/14.3.1/thumb/v8-m.main+fp/hard\libgcc.a
LOAD C:/ST/STM32CubeIDE_2.1.1/STM32CubeIDE/plugins/com.st.stm32cube.ide.mcu.externaltools.gnu-tools-for-stm32.14.3.rel1.win32_1.0.100.202602081740/tools/bin/../lib/gcc/arm-none-eabi/14.3.1/../../../../arm-none-eabi/lib/thumb/v8-m.main+fp/hard\libc_nano.a
LOAD C:/ST/STM32CubeIDE_2.1.1/STM32CubeIDE/plugins/com.st.stm32cube.ide.mcu.externaltools.gnu-tools-for-stm32.14.3.rel1.win32_1.0.100.202602081740/tools/bin/../lib/gcc/arm-none-eabi/14.3.1/../../../../arm-none-eabi/lib/thumb/v8-m.main+fp/hard\libnosys.a
END GROUP
LOAD C:/ST/STM32CubeIDE_2.1.1/STM32CubeIDE/plugins/com.st.stm32cube.ide.mcu.externaltools.gnu-tools-for-stm32.14.3.rel1.win32_1.0.100.202602081740/tools/bin/../lib/gcc/arm-none-eabi/14.3.1/thumb/v8-m.main+fp/hard/crtend.o
LOAD C:/ST/STM32CubeIDE_2.1.1/STM32CubeIDE/plugins/com.st.stm32cube.ide.mcu.externaltools.gnu-tools-for-stm32.14.3.rel1.win32_1.0.100.202602081740/tools/bin/../lib/gcc/arm-none-eabi/14.3.1/thumb/v8-m.main+fp/hard/crtn.o
                0x20270000                        _estack = (ORIGIN (RAM) + LENGTH (RAM))
                0x20260000                        _sstack = (_estack - _Min_Stack_Size)
                0x00002000                        _Min_Heap_Size = 0x2000
                0x00010000                        _Min_Stack_Size = 0x10000

.isr_vector     0x08000000      0x250
 *(.isr_vector)
 .isr_vector    0x08000000      0x250 ./Application/User/Startup/startup_stm32u5a5zjtxq.o
                0x08000000                g_pfnVectors

.text           0x08000250     0x50a0
 *(.text)
 .text          0x08000250       0x40 C:/ST/STM32CubeIDE_2.1.1/STM32CubeIDE/plugins/com.st.stm32cube.ide.mcu.externaltools.gnu-tools-for-stm32.14.3.rel1.win32_1.0.100.202602081740/tools/bin/../lib/gcc/arm-none-eabi/14.3.1/thumb/v8-m.main+fp/hard/crtbegin.o
 .text          0x08000290      0x378 C:/ST/STM32CubeIDE_2.1.1/STM32CubeIDE/plugins/com.st.stm32cube.ide.mcu.externaltools.gnu-tools-for-stm32.14.3.rel1.win32_1.0.100.202602081740/tools/bin/../lib/gcc/arm-none-eabi/14.3.1/thumb/v8-m.main+fp/hard\libgcc.a(_arm_addsubdf3.o)
                0x08000290                __aeabi_drsub
                0x08000298                __aeabi_dsub
                0x08000298                __subdf3
                0x0800029c                __aeabi_dadd
                0x0800029c                __adddf3
                0x08000514                __floatunsidf
                0x08000514                __aeabi_ui2d
                0x08000534                __floatsidf
                0x08000534                __aeabi_i2d
                0x08000558                __aeabi_f2d
                0x08000558                __extendsfdf2
                0x0800059c                __floatundidf
                0x0800059c                __aeabi_ul2d
                0x080005ac                __floatdidf
                0x080005ac                __aeabi_l2d
 .text          0x08000608      0x424 C:/ST/STM32CubeIDE_2.1.1/STM32CubeIDE/plugins/com.st.stm32cube.ide.mcu.externaltools.gnu-tools-for-stm32.14.3.rel1.win32_1.0.100.202602081740/tools/bin/../lib/gcc/arm-none-eabi/14.3.1/thumb/v8-m.main+fp/hard\libgcc.a(_arm_muldivdf3.o)
                0x08000608                __aeabi_dmul
                0x08000608                __muldf3
                0x0800085c                __divdf3
                0x0800085c                __aeabi_ddiv
 .text          0x08000a2c       0xa0 C:/ST/STM32CubeIDE_2.1.1/STM32CubeIDE/plugins/com.st.stm32cube.ide.mcu.externaltools.gnu-tools-for-stm32.14.3.rel1.win32_1.0.100.202602081740/tools/bin/../lib/gcc/arm-none-eabi/14.3.1/thumb/v8-m.main+fp/hard\libgcc.a(_arm_truncdfsf2.o)
                0x08000a2c                __truncdfsf2
                0x08000a2c                __aeabi_d2f
 *(.text*)
 .text.MX_FLASH_Init
                0x08000acc      0x112 ./Application/User/Core/flash.o
                0x08000acc                MX_FLASH_Init
 *fill*         0x08000bde        0x2 
 .text.MX_GPIO_Init
                0x08000be0      0x148 ./Application/User/Core/gpio.o
                0x08000be0                MX_GPIO_Init
 .text.MX_GTZC_Init
                0x08000d28      0xce8 ./Application/User/Core/gtzc.o
                0x08000d28                MX_GTZC_Init
 .text.MX_ICACHE_Init
                0x08001a10       0x26 ./Application/User/Core/icache.o
                0x08001a10                MX_ICACHE_Init
 .text.complex_add
                0x08001a36       0x8c ./Application/User/Core/main.o
                0x08001a36                complex_add
 .text.complex_sub
                0x08001ac2       0x8c ./Application/User/Core/main.o
                0x08001ac2                complex_sub
 .text.complex_mul
                0x08001b4e       0xac ./Application/User/Core/main.o
                0x08001b4e                complex_mul
 .text.complex_exp
                0x08001bfa       0x5c ./Application/User/Core/main.o
                0x08001bfa                complex_exp
 .text.scale    0x08001c56       0x98 ./Application/User/Core/main.o
                0x08001c56                scale
 .text.abs_val  0x08001cee       0xd8 ./Application/User/Core/main.o
                0x08001cee                abs_val
 .text.make_complex
                0x08001dc6       0x60 ./Application/User/Core/main.o
                0x08001dc6                make_complex
 *fill*         0x08001e26        0x2 
 .text.fft      0x08001e28      0x3e0 ./Application/User/Core/main.o
                0x08001e28                fft
 .text.main     0x08002208       0x74 ./Application/User/Core/main.o
                0x08002208                main
 .text.SystemClock_Config
                0x0800227c       0x8e ./Application/User/Core/main.o
                0x0800227c                SystemClock_Config
 .text.SystemPower_Config
                0x0800230a       0x20 ./Application/User/Core/main.o
 *fill*         0x0800232a        0x2 
 .text.MPU_Config
                0x0800232c       0xa0 ./Application/User/Core/main.o
 .text.Error_Handler
                0x080023cc        0xc ./Application/User/Core/main.o
                0x080023cc                Error_Handler
 .text.HAL_MspInit
                0x080023d8       0x34 ./Application/User/Core/stm32u5xx_hal_msp.o
                0x080023d8                HAL_MspInit
 .text.NMI_Handler
                0x0800240c        0x8 ./Application/User/Core/stm32u5xx_it.o
                0x0800240c                NMI_Handler
 .text.HardFault_Handler
                0x08002414        0x8 ./Application/User/Core/stm32u5xx_it.o
                0x08002414                HardFault_Handler
 .text.MemManage_Handler
                0x0800241c        0x8 ./Application/User/Core/stm32u5xx_it.o
                0x0800241c                MemManage_Handler
 .text.BusFault_Handler
                0x08002424        0x8 ./Application/User/Core/stm32u5xx_it.o
                0x08002424                BusFault_Handler
 .text.UsageFault_Handler
                0x0800242c        0x8 ./Application/User/Core/stm32u5xx_it.o
                0x0800242c                UsageFault_Handler
 .text.SVC_Handler
                0x08002434        0xe ./Application/User/Core/stm32u5xx_it.o
                0x08002434                SVC_Handler
 .text.DebugMon_Handler
                0x08002442        0xe ./Application/User/Core/stm32u5xx_it.o
                0x08002442                DebugMon_Handler
 .text.PendSV_Handler
                0x08002450        0xe ./Application/User/Core/stm32u5xx_it.o
                0x08002450                PendSV_Handler
 .text.SysTick_Handler
                0x0800245e        0xc ./Application/User/Core/stm32u5xx_it.o
                0x0800245e                SysTick_Handler
 *fill*         0x0800246a        0x2 
 .text.Reset_Handler
                0x0800246c       0x50 ./Application/User/Startup/startup_stm32u5a5zjtxq.o
                0x0800246c                Reset_Handler
 .text.Default_Handler
                0x080024bc        0x2 ./Application/User/Startup/startup_stm32u5a5zjtxq.o
                0x080024bc                EXTI2_IRQHandler
                0x080024bc                TIM8_TRG_COM_IRQHandler
                0x080024bc                TIM8_CC_IRQHandler
                0x080024bc                EXTI5_IRQHandler
                0x080024bc                FLASH_S_IRQHandler
                0x080024bc                EXTI13_IRQHandler
                0x080024bc                TIM1_CC_IRQHandler
                0x080024bc                TSC_IRQHandler
                0x080024bc                TAMP_IRQHandler
                0x080024bc                TIM6_IRQHandler
                0x080024bc                EXTI12_IRQHandler
                0x080024bc                CORDIC_IRQHandler
                0x080024bc                EXTI3_IRQHandler
                0x080024bc                LPTIM4_IRQHandler
                0x080024bc                GPDMA1_Channel5_IRQHandler
                0x080024bc                EXTI8_IRQHandler
                0x080024bc                LPTIM2_IRQHandler
                0x080024bc                I2C3_ER_IRQHandler
                0x080024bc                I2C5_EV_IRQHandler
                0x080024bc                PWR_S3WU_IRQHandler
                0x080024bc                MDF1_FLT2_IRQHandler
                0x080024bc                LPDMA1_Channel3_IRQHandler
                0x080024bc                LPTIM3_IRQHandler
                0x080024bc                EXTI0_IRQHandler
                0x080024bc                I2C2_EV_IRQHandler
                0x080024bc                FPU_IRQHandler
                0x080024bc                GPDMA1_Channel3_IRQHandler
                0x080024bc                GPDMA1_Channel7_IRQHandler
                0x080024bc                MDF1_FLT4_IRQHandler
                0x080024bc                FDCAN1_IT1_IRQHandler
                0x080024bc                RAMCFG_IRQHandler
                0x080024bc                ADC1_2_IRQHandler
                0x080024bc                GPDMA1_Channel9_IRQHandler
                0x080024bc                DCACHE1_IRQHandler
                0x080024bc                SPI1_IRQHandler
                0x080024bc                OCTOSPI1_IRQHandler
                0x080024bc                GPDMA1_Channel2_IRQHandler
                0x080024bc                TIM8_UP_IRQHandler
                0x080024bc                RCC_S_IRQHandler
                0x080024bc                OCTOSPI2_IRQHandler
                0x080024bc                SAI2_IRQHandler
                0x080024bc                MDF1_FLT1_IRQHandler
                0x080024bc                PKA_IRQHandler
                0x080024bc                USART6_IRQHandler
                0x080024bc                MDF1_FLT5_IRQHandler
                0x080024bc                EXTI15_IRQHandler
                0x080024bc                TIM17_IRQHandler
                0x080024bc                USART3_IRQHandler
                0x080024bc                RTC_IRQHandler
                0x080024bc                EXTI9_IRQHandler
                0x080024bc                HSPI1_IRQHandler
                0x080024bc                UART5_IRQHandler
                0x080024bc                TIM4_IRQHandler
                0x080024bc                I2C1_EV_IRQHandler
                0x080024bc                GPDMA1_Channel12_IRQHandler
                0x080024bc                GPDMA1_Channel1_IRQHandler
                0x080024bc                TIM16_IRQHandler
                0x080024bc                GPDMA1_Channel15_IRQHandler
                0x080024bc                UART4_IRQHandler
                0x080024bc                SecureFault_Handler
                0x080024bc                TIM3_IRQHandler
                0x080024bc                RCC_IRQHandler
                0x080024bc                TIM1_TRG_COM_IRQHandler
                0x080024bc                Default_Handler
                0x080024bc                GPDMA1_Channel8_IRQHandler
                0x080024bc                FMAC_IRQHandler
                0x080024bc                I2C5_ER_IRQHandler
                0x080024bc                OTFDEC1_IRQHandler
                0x080024bc                GPDMA1_Channel11_IRQHandler
                0x080024bc                TIM7_IRQHandler
                0x080024bc                SDMMC1_IRQHandler
                0x080024bc                SAES_IRQHandler
                0x080024bc                TIM5_IRQHandler
                0x080024bc                UCPD1_IRQHandler
                0x080024bc                GPDMA1_Channel0_IRQHandler
                0x080024bc                TIM15_IRQHandler
                0x080024bc                I2C3_EV_IRQHandler
                0x080024bc                LPDMA1_Channel0_IRQHandler
                0x080024bc                PVD_PVM_IRQHandler
                0x080024bc                SPI2_IRQHandler
                0x080024bc                LPDMA1_Channel1_IRQHandler
                0x080024bc                EXTI14_IRQHandler
                0x080024bc                EXTI11_IRQHandler
                0x080024bc                OTFDEC2_IRQHandler
                0x080024bc                CRS_IRQHandler
                0x080024bc                GPDMA1_Channel14_IRQHandler
                0x080024bc                LSECSSD_IRQHandler
                0x080024bc                EXTI4_IRQHandler
                0x080024bc                RTC_S_IRQHandler
                0x080024bc                GPDMA1_Channel13_IRQHandler
                0x080024bc                RNG_IRQHandler
                0x080024bc                COMP_IRQHandler
                0x080024bc                TIM1_UP_IRQHandler
                0x080024bc                ADC4_IRQHandler
                0x080024bc                WWDG_IRQHandler
                0x080024bc                I2C4_EV_IRQHandler
                0x080024bc                ADF1_IRQHandler
                0x080024bc                IWDG_IRQHandler
                0x080024bc                I2C6_ER_IRQHandler
                0x080024bc                LPUART1_IRQHandler
                0x080024bc                MDF1_FLT0_IRQHandler
                0x080024bc                FDCAN1_IT0_IRQHandler
                0x080024bc                TIM2_IRQHandler
                0x080024bc                GPDMA1_Channel4_IRQHandler
                0x080024bc                OTG_HS_IRQHandler
                0x080024bc                EXTI7_IRQHandler
                0x080024bc                DMA2D_IRQHandler
                0x080024bc                TIM1_BRK_IRQHandler
                0x080024bc                EXTI1_IRQHandler
                0x080024bc                SDMMC2_IRQHandler
                0x080024bc                AES_IRQHandler
                0x080024bc                DAC1_IRQHandler
                0x080024bc                GTZC_IRQHandler
                0x080024bc                MDF1_FLT3_IRQHandler
                0x080024bc                USART2_IRQHandler
                0x080024bc                I2C6_EV_IRQHandler
                0x080024bc                GPDMA1_Channel6_IRQHandler
                0x080024bc                I2C2_ER_IRQHandler
                0x080024bc                TIM8_BRK_IRQHandler
                0x080024bc                FLASH_IRQHandler
                0x080024bc                USART1_IRQHandler
                0x080024bc                EXTI10_IRQHandler
                0x080024bc                SPI3_IRQHandler
                0x080024bc                LPDMA1_Channel2_IRQHandler
                0x080024bc                I2C1_ER_IRQHandler
                0x080024bc                FMC_IRQHandler
                0x080024bc                EXTI6_IRQHandler
                0x080024bc                LPTIM1_IRQHandler
                0x080024bc                DCMI_PSSI_IRQHandler
                0x080024bc                I2C4_ER_IRQHandler
                0x080024bc                GPDMA1_Channel10_IRQHandler
                0x080024bc                ICACHE_IRQHandler
                0x080024bc                SAI1_IRQHandler
                0x080024bc                HASH_IRQHandler
 *fill*         0x080024be        0x2 
 .text.SystemInit
                0x080024c0       0x70 ./Drivers/CMSIS/system_stm32u5xx.o
                0x080024c0                SystemInit
 .text.HAL_Init
                0x08002530       0x60 ./Drivers/STM32U5xx_HAL_Driver/stm32u5xx_hal.o
                0x08002530                HAL_Init
 .text.HAL_InitTick
                0x08002590       0xec ./Drivers/STM32U5xx_HAL_Driver/stm32u5xx_hal.o
                0x08002590                HAL_InitTick
 .text.HAL_IncTick
                0x0800267c       0x28 ./Drivers/STM32U5xx_HAL_Driver/stm32u5xx_hal.o
                0x0800267c                HAL_IncTick
 .text.HAL_GetTick
                0x080026a4       0x18 ./Drivers/STM32U5xx_HAL_Driver/stm32u5xx_hal.o
                0x080026a4                HAL_GetTick
 .text.__NVIC_SetPriorityGrouping
                0x080026bc       0x48 ./Drivers/STM32U5xx_HAL_Driver/stm32u5xx_hal_cortex.o
 .text.__NVIC_GetPriorityGrouping
                0x08002704       0x1c ./Drivers/STM32U5xx_HAL_Driver/stm32u5xx_hal_cortex.o
 .text.__NVIC_SetPriority
                0x08002720       0x54 ./Drivers/STM32U5xx_HAL_Driver/stm32u5xx_hal_cortex.o
 .text.NVIC_EncodePriority
                0x08002774       0x66 ./Drivers/STM32U5xx_HAL_Driver/stm32u5xx_hal_cortex.o
 .text.HAL_NVIC_SetPriorityGrouping
                0x080027da       0x16 ./Drivers/STM32U5xx_HAL_Driver/stm32u5xx_hal_cortex.o
                0x080027da                HAL_NVIC_SetPriorityGrouping
 .text.HAL_NVIC_SetPriority
                0x080027f0       0x34 ./Drivers/STM32U5xx_HAL_Driver/stm32u5xx_hal_cortex.o
                0x080027f0                HAL_NVIC_SetPriority
 .text.HAL_SYSTICK_Config
                0x08002824       0x44 ./Drivers/STM32U5xx_HAL_Driver/stm32u5xx_hal_cortex.o
                0x08002824                HAL_SYSTICK_Config
 .text.HAL_SYSTICK_CLKSourceConfig
                0x08002868       0xb0 ./Drivers/STM32U5xx_HAL_Driver/stm32u5xx_hal_cortex.o
                0x08002868                HAL_SYSTICK_CLKSourceConfig
 .text.HAL_SYSTICK_GetCLKSourceConfig
                0x08002918       0x74 ./Drivers/STM32U5xx_HAL_Driver/stm32u5xx_hal_cortex.o
                0x08002918                HAL_SYSTICK_GetCLKSourceConfig
 .text.HAL_MPU_Enable
                0x0800298c       0x44 ./Drivers/STM32U5xx_HAL_Driver/stm32u5xx_hal_cortex.o
                0x0800298c                HAL_MPU_Enable
 .text.HAL_MPU_Disable
                0x080029d0       0x40 ./Drivers/STM32U5xx_HAL_Driver/stm32u5xx_hal_cortex.o
                0x080029d0                HAL_MPU_Disable
 .text.HAL_MPU_ConfigRegion
                0x08002a10       0x1c ./Drivers/STM32U5xx_HAL_Driver/stm32u5xx_hal_cortex.o
                0x08002a10                HAL_MPU_ConfigRegion
 .text.HAL_MPU_ConfigMemoryAttributes
                0x08002a2c       0x1c ./Drivers/STM32U5xx_HAL_Driver/stm32u5xx_hal_cortex.o
                0x08002a2c                HAL_MPU_ConfigMemoryAttributes
 .text.MPU_ConfigRegion
                0x08002a48       0x6e ./Drivers/STM32U5xx_HAL_Driver/stm32u5xx_hal_cortex.o
 .text.MPU_ConfigMemoryAttributes
                0x08002ab6       0x6c ./Drivers/STM32U5xx_HAL_Driver/stm32u5xx_hal_cortex.o
 *fill*         0x08002b22        0x2 
 .text.HAL_FLASH_Unlock
                0x08002b24       0x44 ./Drivers/STM32U5xx_HAL_Driver/stm32u5xx_hal_flash.o
                0x08002b24                HAL_FLASH_Unlock
 .text.HAL_FLASH_Lock
                0x08002b68       0x34 ./Drivers/STM32U5xx_HAL_Driver/stm32u5xx_hal_flash.o
                0x08002b68                HAL_FLASH_Lock
 .text.HAL_FLASH_OB_Unlock
                0x08002b9c       0x44 ./Drivers/STM32U5xx_HAL_Driver/stm32u5xx_hal_flash.o
                0x08002b9c                HAL_FLASH_OB_Unlock
 .text.HAL_FLASH_OB_Lock
                0x08002be0       0x30 ./Drivers/STM32U5xx_HAL_Driver/stm32u5xx_hal_flash.o
                0x08002be0                HAL_FLASH_OB_Lock
 .text.FLASH_WaitForLastOperation
                0x08002c10       0x90 ./Drivers/STM32U5xx_HAL_Driver/stm32u5xx_hal_flash.o
                0x08002c10                FLASH_WaitForLastOperation
 .text.HAL_FLASHEx_OBProgram
                0x08002ca0       0xf0 ./Drivers/STM32U5xx_HAL_Driver/stm32u5xx_hal_flash_ex.o
                0x08002ca0                HAL_FLASHEx_OBProgram
 .text.HAL_FLASHEx_ConfigBBAttributes
                0x08002d90       0x8c ./Drivers/STM32U5xx_HAL_Driver/stm32u5xx_hal_flash_ex.o
                0x08002d90                HAL_FLASHEx_ConfigBBAttributes
 .text.FLASH_OB_WRPConfig
                0x08002e1c       0x8c ./Drivers/STM32U5xx_HAL_Driver/stm32u5xx_hal_flash_ex.o
 .text.FLASH_OB_RDPConfig
                0x08002ea8       0x28 ./Drivers/STM32U5xx_HAL_Driver/stm32u5xx_hal_flash_ex.o
 .text.FLASH_OB_RDPKeyConfig
                0x08002ed0       0x3c ./Drivers/STM32U5xx_HAL_Driver/stm32u5xx_hal_flash_ex.o
 .text.FLASH_OB_UserConfig
                0x08002f0c      0x2ac ./Drivers/STM32U5xx_HAL_Driver/stm32u5xx_hal_flash_ex.o
 .text.FLASH_OB_BootAddrConfig
                0x080031b8       0x34 ./Drivers/STM32U5xx_HAL_Driver/stm32u5xx_hal_flash_ex.o
 .text.HAL_GPIO_Init
                0x080031ec      0x3c0 ./Drivers/STM32U5xx_HAL_Driver/stm32u5xx_hal_gpio.o
                0x080031ec                HAL_GPIO_Init
 .text.HAL_GPIO_WritePin
                0x080035ac       0x30 ./Drivers/STM32U5xx_HAL_Driver/stm32u5xx_hal_gpio.o
                0x080035ac                HAL_GPIO_WritePin
 .text.HAL_GPIO_TogglePin
                0x080035dc       0x34 ./Drivers/STM32U5xx_HAL_Driver/stm32u5xx_hal_gpio.o
                0x080035dc                HAL_GPIO_TogglePin
 .text.HAL_GTZC_MPCBB_ConfigMem
                0x08003610      0x17c ./Drivers/STM32U5xx_HAL_Driver/stm32u5xx_hal_gtzc.o
                0x08003610                HAL_GTZC_MPCBB_ConfigMem
 .text.HAL_ICACHE_ConfigAssociativityMode
                0x0800378c       0x40 ./Drivers/STM32U5xx_HAL_Driver/stm32u5xx_hal_icache.o
                0x0800378c                HAL_ICACHE_ConfigAssociativityMode
 .text.HAL_ICACHE_Enable
                0x080037cc       0x20 ./Drivers/STM32U5xx_HAL_Driver/stm32u5xx_hal_icache.o
                0x080037cc                HAL_ICACHE_Enable
 .text.HAL_PWREx_ControlVoltageScaling
                0x080037ec       0xfc ./Drivers/STM32U5xx_HAL_Driver/stm32u5xx_hal_pwr_ex.o
                0x080037ec                HAL_PWREx_ControlVoltageScaling
 .text.HAL_PWREx_GetVoltageRange
                0x080038e8       0x1c ./Drivers/STM32U5xx_HAL_Driver/stm32u5xx_hal_pwr_ex.o
                0x080038e8                HAL_PWREx_GetVoltageRange
 .text.HAL_PWREx_ConfigSupply
                0x08003904       0xa0 ./Drivers/STM32U5xx_HAL_Driver/stm32u5xx_hal_pwr_ex.o
                0x08003904                HAL_PWREx_ConfigSupply
 .text.HAL_PWREx_EnableVddIO2
                0x080039a4       0x20 ./Drivers/STM32U5xx_HAL_Driver/stm32u5xx_hal_pwr_ex.o
                0x080039a4                HAL_PWREx_EnableVddIO2
 .text.HAL_PWREx_DisableUCPDDeadBattery
                0x080039c4       0x20 ./Drivers/STM32U5xx_HAL_Driver/stm32u5xx_hal_pwr_ex.o
                0x080039c4                HAL_PWREx_DisableUCPDDeadBattery
 .text.HAL_RCC_OscConfig
                0x080039e4      0xdb8 ./Drivers/STM32U5xx_HAL_Driver/stm32u5xx_hal_rcc.o
                0x080039e4                HAL_RCC_OscConfig
 .text.HAL_RCC_ClockConfig
                0x0800479c      0x3e4 ./Drivers/STM32U5xx_HAL_Driver/stm32u5xx_hal_rcc.o
                0x0800479c                HAL_RCC_ClockConfig
 .text.HAL_RCC_GetSysClockFreq
                0x08004b80      0x204 ./Drivers/STM32U5xx_HAL_Driver/stm32u5xx_hal_rcc.o
                0x08004b80                HAL_RCC_GetSysClockFreq
 .text.HAL_RCC_GetHCLKFreq
                0x08004d84       0x34 ./Drivers/STM32U5xx_HAL_Driver/stm32u5xx_hal_rcc.o
                0x08004d84                HAL_RCC_GetHCLKFreq
 .text.RCC_SetFlashLatencyFromMSIRange
                0x08004db8      0x10c ./Drivers/STM32U5xx_HAL_Driver/stm32u5xx_hal_rcc.o
 .text.arm_rfft_32_fast_init_f32
                0x08004ec4       0x24 ../../Middlewares/ST/ARM/DSP/Lib\libarm_ARMv8MMLlfsp_math.a(arm_rfft_fast_init_f32.o)
 .text.arm_rfft_64_fast_init_f32
                0x08004ee8       0x24 ../../Middlewares/ST/ARM/DSP/Lib\libarm_ARMv8MMLlfsp_math.a(arm_rfft_fast_init_f32.o)
 .text.arm_rfft_128_fast_init_f32
                0x08004f0c       0x24 ../../Middlewares/ST/ARM/DSP/Lib\libarm_ARMv8MMLlfsp_math.a(arm_rfft_fast_init_f32.o)
 .text.arm_rfft_256_fast_init_f32
                0x08004f30       0x24 ../../Middlewares/ST/ARM/DSP/Lib\libarm_ARMv8MMLlfsp_math.a(arm_rfft_fast_init_f32.o)
 .text.arm_rfft_512_fast_init_f32
                0x08004f54       0x28 ../../Middlewares/ST/ARM/DSP/Lib\libarm_ARMv8MMLlfsp_math.a(arm_rfft_fast_init_f32.o)
 .text.arm_rfft_1024_fast_init_f32
                0x08004f7c       0x28 ../../Middlewares/ST/ARM/DSP/Lib\libarm_ARMv8MMLlfsp_math.a(arm_rfft_fast_init_f32.o)
 .text.arm_rfft_2048_fast_init_f32
                0x08004fa4       0x28 ../../Middlewares/ST/ARM/DSP/Lib\libarm_ARMv8MMLlfsp_math.a(arm_rfft_fast_init_f32.o)
 .text.arm_rfft_4096_fast_init_f32
                0x08004fcc       0x28 ../../Middlewares/ST/ARM/DSP/Lib\libarm_ARMv8MMLlfsp_math.a(arm_rfft_fast_init_f32.o)
 .text.arm_rfft_fast_init_f32
                0x08004ff4       0x74 ../../Middlewares/ST/ARM/DSP/Lib\libarm_ARMv8MMLlfsp_math.a(arm_rfft_fast_init_f32.o)
                0x08004ff4                arm_rfft_fast_init_f32
 .text.arm_sin_f32
                0x08005068       0x8c ../../Middlewares/ST/ARM/DSP/Lib\libarm_ARMv8MMLlfsp_math.a(arm_sin_f32.o)
                0x08005068                arm_sin_f32
 .text.arm_cos_f32
                0x080050f4       0x94 ../../Middlewares/ST/ARM/DSP/Lib\libarm_ARMv8MMLlfsp_math.a(arm_cos_f32.o)
                0x080050f4                arm_cos_f32
 .text.arm_cfft_init_f32
                0x08005188       0xa0 ../../Middlewares/ST/ARM/DSP/Lib\libarm_ARMv8MMLlfsp_math.a(arm_cfft_init_f32.o)
                0x08005188                arm_cfft_init_f32
 .text.memset   0x08005228       0x10 C:/ST/STM32CubeIDE_2.1.1/STM32CubeIDE/plugins/com.st.stm32cube.ide.mcu.externaltools.gnu-tools-for-stm32.14.3.rel1.win32_1.0.100.202602081740/tools/bin/../lib/gcc/arm-none-eabi/14.3.1/../../../../arm-none-eabi/lib/thumb/v8-m.main+fp/hard\libc_nano.a(libc_a-memset.o)
                0x08005228                memset
 .text.__errno  0x08005238        0xc C:/ST/STM32CubeIDE_2.1.1/STM32CubeIDE/plugins/com.st.stm32cube.ide.mcu.externaltools.gnu-tools-for-stm32.14.3.rel1.win32_1.0.100.202602081740/tools/bin/../lib/gcc/arm-none-eabi/14.3.1/../../../../arm-none-eabi/lib/thumb/v8-m.main+fp/hard\libc_nano.a(libc_a-errno.o)
                0x08005238                __errno
 .text.__libc_init_array
                0x08005244       0x48 C:/ST/STM32CubeIDE_2.1.1/STM32CubeIDE/plugins/com.st.stm32cube.ide.mcu.externaltools.gnu-tools-for-stm32.14.3.rel1.win32_1.0.100.202602081740/tools/bin/../lib/gcc/arm-none-eabi/14.3.1/../../../../arm-none-eabi/lib/thumb/v8-m.main+fp/hard\libc_nano.a(libc_a-init.o)
                0x08005244                __libc_init_array
 .text.sqrtf    0x0800528c       0x44 C:/ST/STM32CubeIDE_2.1.1/STM32CubeIDE/plugins/com.st.stm32cube.ide.mcu.externaltools.gnu-tools-for-stm32.14.3.rel1.win32_1.0.100.202602081740/tools/bin/../lib/gcc/arm-none-eabi/14.3.1/../../../../arm-none-eabi/lib/thumb/v8-m.main+fp/hard\libm.a(libm_a-wf_sqrt.o)
                0x0800528c                sqrtf
 .text.__ieee754_sqrtf
                0x080052d0        0x8 C:/ST/STM32CubeIDE_2.1.1/STM32CubeIDE/plugins/com.st.stm32cube.ide.mcu.externaltools.gnu-tools-for-stm32.14.3.rel1.win32_1.0.100.202602081740/tools/bin/../lib/gcc/arm-none-eabi/14.3.1/../../../../arm-none-eabi/lib/thumb/v8-m.main+fp/hard\libm.a(libm_a-ef_sqrt.o)
                0x080052d0                __ieee754_sqrtf
 *(.glue_7)
 .glue_7        0x080052d8        0x0 linker stubs
 *(.glue_7t)
 .glue_7t       0x080052d8        0x0 linker stubs
 *(.eh_frame)
 .eh_frame      0x080052d8        0x0 C:/ST/STM32CubeIDE_2.1.1/STM32CubeIDE/plugins/com.st.stm32cube.ide.mcu.externaltools.gnu-tools-for-stm32.14.3.rel1.win32_1.0.100.202602081740/tools/bin/../lib/gcc/arm-none-eabi/14.3.1/thumb/v8-m.main+fp/hard/crtbegin.o
 *(.init)
 .init          0x080052d8        0x4 C:/ST/STM32CubeIDE_2.1.1/STM32CubeIDE/plugins/com.st.stm32cube.ide.mcu.externaltools.gnu-tools-for-stm32.14.3.rel1.win32_1.0.100.202602081740/tools/bin/../lib/gcc/arm-none-eabi/14.3.1/thumb/v8-m.main+fp/hard/crti.o
                0x080052d8                _init
 .init          0x080052dc        0x8 C:/ST/STM32CubeIDE_2.1.1/STM32CubeIDE/plugins/com.st.stm32cube.ide.mcu.externaltools.gnu-tools-for-stm32.14.3.rel1.win32_1.0.100.202602081740/tools/bin/../lib/gcc/arm-none-eabi/14.3.1/thumb/v8-m.main+fp/hard/crtn.o
 *(.fini)
 .fini          0x080052e4        0x4 C:/ST/STM32CubeIDE_2.1.1/STM32CubeIDE/plugins/com.st.stm32cube.ide.mcu.externaltools.gnu-tools-for-stm32.14.3.rel1.win32_1.0.100.202602081740/tools/bin/../lib/gcc/arm-none-eabi/14.3.1/thumb/v8-m.main+fp/hard/crti.o
                0x080052e4                _fini
 .fini          0x080052e8        0x8 C:/ST/STM32CubeIDE_2.1.1/STM32CubeIDE/plugins/com.st.stm32cube.ide.mcu.externaltools.gnu-tools-for-stm32.14.3.rel1.win32_1.0.100.202602081740/tools/bin/../lib/gcc/arm-none-eabi/14.3.1/thumb/v8-m.main+fp/hard/crtn.o
                0x080052f0                        _etext = .

.vfp11_veneer   0x080052f0        0x0
 .vfp11_veneer  0x080052f0        0x0 linker stubs

.v4_bx          0x080052f0        0x0
 .v4_bx         0x080052f0        0x0 linker stubs

.iplt           0x080052f0        0x0
 .iplt          0x080052f0        0x0 C:/ST/STM32CubeIDE_2.1.1/STM32CubeIDE/plugins/com.st.stm32cube.ide.mcu.externaltools.gnu-tools-for-stm32.14.3.rel1.win32_1.0.100.202602081740/tools/bin/../lib/gcc/arm-none-eabi/14.3.1/thumb/v8-m.main+fp/hard/crtbegin.o

.rodata         0x080052f0    0x1dd3c
 *(.rodata)
 *(.rodata*)
 .rodata.AHBPrescTable
                0x080052f0       0x10 ./Drivers/CMSIS/system_stm32u5xx.o
                0x080052f0                AHBPrescTable
 .rodata.MSIRangeTable
                0x08005300       0x40 ./Drivers/CMSIS/system_stm32u5xx.o
                0x08005300                MSIRangeTable
 .rodata.LPGPIO_Map
                0x08005340       0x80 ./Drivers/STM32U5xx_HAL_Driver/stm32u5xx_hal_gpio.o
 .rodata.armBitRevIndexTable1024
                0x080053c0      0xe10 ../../Middlewares/ST/ARM/DSP/Lib\libarm_ARMv8MMLlfsp_math.a(arm_common_tables.o)
                0x080053c0                armBitRevIndexTable1024
 .rodata.armBitRevIndexTable128
                0x080061d0      0x1a0 ../../Middlewares/ST/ARM/DSP/Lib\libarm_ARMv8MMLlfsp_math.a(arm_common_tables.o)
                0x080061d0                armBitRevIndexTable128
 .rodata.armBitRevIndexTable16
                0x08006370       0x28 ../../Middlewares/ST/ARM/DSP/Lib\libarm_ARMv8MMLlfsp_math.a(arm_common_tables.o)
                0x08006370                armBitRevIndexTable16
 .rodata.armBitRevIndexTable2048
                0x08006398     0x1dc0 ../../Middlewares/ST/ARM/DSP/Lib\libarm_ARMv8MMLlfsp_math.a(arm_common_tables.o)
                0x08006398                armBitRevIndexTable2048
 .rodata.armBitRevIndexTable256
                0x08008158      0x370 ../../Middlewares/ST/ARM/DSP/Lib\libarm_ARMv8MMLlfsp_math.a(arm_common_tables.o)
                0x08008158                armBitRevIndexTable256
 .rodata.armBitRevIndexTable32
                0x080084c8       0x60 ../../Middlewares/ST/ARM/DSP/Lib\libarm_ARMv8MMLlfsp_math.a(arm_common_tables.o)
                0x080084c8                armBitRevIndexTable32
 .rodata.armBitRevIndexTable4096
                0x08008528     0x1f80 ../../Middlewares/ST/ARM/DSP/Lib\libarm_ARMv8MMLlfsp_math.a(arm_common_tables.o)
                0x08008528                armBitRevIndexTable4096
 .rodata.armBitRevIndexTable512
                0x0800a4a8      0x380 ../../Middlewares/ST/ARM/DSP/Lib\libarm_ARMv8MMLlfsp_math.a(arm_common_tables.o)
                0x0800a4a8                armBitRevIndexTable512
 .rodata.armBitRevIndexTable64
                0x0800a828       0x70 ../../Middlewares/ST/ARM/DSP/Lib\libarm_ARMv8MMLlfsp_math.a(arm_common_tables.o)
                0x0800a828                armBitRevIndexTable64
 .rodata.sinTable_f32
                0x0800a898      0x804 ../../Middlewares/ST/ARM/DSP/Lib\libarm_ARMv8MMLlfsp_math.a(arm_common_tables.o)
                0x0800a898                sinTable_f32
 .rodata.twiddleCoef_1024
                0x0800b09c     0x2000 ../../Middlewares/ST/ARM/DSP/Lib\libarm_ARMv8MMLlfsp_math.a(arm_common_tables.o)
                0x0800b09c                twiddleCoef_1024
 .rodata.twiddleCoef_128
                0x0800d09c      0x400 ../../Middlewares/ST/ARM/DSP/Lib\libarm_ARMv8MMLlfsp_math.a(arm_common_tables.o)
                0x0800d09c                twiddleCoef_128
 .rodata.twiddleCoef_16
                0x0800d49c       0x80 ../../Middlewares/ST/ARM/DSP/Lib\libarm_ARMv8MMLlfsp_math.a(arm_common_tables.o)
                0x0800d49c                twiddleCoef_16
 .rodata.twiddleCoef_2048
                0x0800d51c     0x4000 ../../Middlewares/ST/ARM/DSP/Lib\libarm_ARMv8MMLlfsp_math.a(arm_common_tables.o)
                0x0800d51c                twiddleCoef_2048
 .rodata.twiddleCoef_256
                0x0801151c      0x800 ../../Middlewares/ST/ARM/DSP/Lib\libarm_ARMv8MMLlfsp_math.a(arm_common_tables.o)
                0x0801151c                twiddleCoef_256
 .rodata.twiddleCoef_32
                0x08011d1c      0x100 ../../Middlewares/ST/ARM/DSP/Lib\libarm_ARMv8MMLlfsp_math.a(arm_common_tables.o)
                0x08011d1c                twiddleCoef_32
 .rodata.twiddleCoef_4096
                0x08011e1c     0x8000 ../../Middlewares/ST/ARM/DSP/Lib\libarm_ARMv8MMLlfsp_math.a(arm_common_tables.o)
                0x08011e1c                twiddleCoef_4096
 .rodata.twiddleCoef_512
                0x08019e1c     0x1000 ../../Middlewares/ST/ARM/DSP/Lib\libarm_ARMv8MMLlfsp_math.a(arm_common_tables.o)
                0x08019e1c                twiddleCoef_512
 .rodata.twiddleCoef_64
                0x0801ae1c      0x200 ../../Middlewares/ST/ARM/DSP/Lib\libarm_ARMv8MMLlfsp_math.a(arm_common_tables.o)
                0x0801ae1c                twiddleCoef_64
 .rodata.twiddleCoef_rfft_1024
                0x0801b01c     0x1000 ../../Middlewares/ST/ARM/DSP/Lib\libarm_ARMv8MMLlfsp_math.a(arm_common_tables.o)
                0x0801b01c                twiddleCoef_rfft_1024
 .rodata.twiddleCoef_rfft_128
                0x0801c01c      0x200 ../../Middlewares/ST/ARM/DSP/Lib\libarm_ARMv8MMLlfsp_math.a(arm_common_tables.o)
                0x0801c01c                twiddleCoef_rfft_128
 .rodata.twiddleCoef_rfft_2048
                0x0801c21c     0x2000 ../../Middlewares/ST/ARM/DSP/Lib\libarm_ARMv8MMLlfsp_math.a(arm_common_tables.o)
                0x0801c21c                twiddleCoef_rfft_2048
 .rodata.twiddleCoef_rfft_256
                0x0801e21c      0x400 ../../Middlewares/ST/ARM/DSP/Lib\libarm_ARMv8MMLlfsp_math.a(arm_common_tables.o)
                0x0801e21c                twiddleCoef_rfft_256
 .rodata.twiddleCoef_rfft_32
                0x0801e61c       0x80 ../../Middlewares/ST/ARM/DSP/Lib\libarm_ARMv8MMLlfsp_math.a(arm_common_tables.o)
                0x0801e61c                twiddleCoef_rfft_32
 .rodata.twiddleCoef_rfft_4096
                0x0801e69c     0x4000 ../../Middlewares/ST/ARM/DSP/Lib\libarm_ARMv8MMLlfsp_math.a(arm_common_tables.o)
                0x0801e69c                twiddleCoef_rfft_4096
 .rodata.twiddleCoef_rfft_512
                0x0802269c      0x800 ../../Middlewares/ST/ARM/DSP/Lib\libarm_ARMv8MMLlfsp_math.a(arm_common_tables.o)
                0x0802269c                twiddleCoef_rfft_512
 .rodata.twiddleCoef_rfft_64
                0x08022e9c      0x100 ../../Middlewares/ST/ARM/DSP/Lib\libarm_ARMv8MMLlfsp_math.a(arm_common_tables.o)
                0x08022e9c                twiddleCoef_rfft_64
 .rodata.arm_cfft_sR_f32_len1024
                0x08022f9c       0x10 ../../Middlewares/ST/ARM/DSP/Lib\libarm_ARMv8MMLlfsp_math.a(arm_const_structs.o)
                0x08022f9c                arm_cfft_sR_f32_len1024
 .rodata.arm_cfft_sR_f32_len128
                0x08022fac       0x10 ../../Middlewares/ST/ARM/DSP/Lib\libarm_ARMv8MMLlfsp_math.a(arm_const_structs.o)
                0x08022fac                arm_cfft_sR_f32_len128
 .rodata.arm_cfft_sR_f32_len16
                0x08022fbc       0x10 ../../Middlewares/ST/ARM/DSP/Lib\libarm_ARMv8MMLlfsp_math.a(arm_const_structs.o)
                0x08022fbc                arm_cfft_sR_f32_len16
 .rodata.arm_cfft_sR_f32_len2048
                0x08022fcc       0x10 ../../Middlewares/ST/ARM/DSP/Lib\libarm_ARMv8MMLlfsp_math.a(arm_const_structs.o)
                0x08022fcc                arm_cfft_sR_f32_len2048
 .rodata.arm_cfft_sR_f32_len256
                0x08022fdc       0x10 ../../Middlewares/ST/ARM/DSP/Lib\libarm_ARMv8MMLlfsp_math.a(arm_const_structs.o)
                0x08022fdc                arm_cfft_sR_f32_len256
 .rodata.arm_cfft_sR_f32_len32
                0x08022fec       0x10 ../../Middlewares/ST/ARM/DSP/Lib\libarm_ARMv8MMLlfsp_math.a(arm_const_structs.o)
                0x08022fec                arm_cfft_sR_f32_len32
 .rodata.arm_cfft_sR_f32_len4096
                0x08022ffc       0x10 ../../Middlewares/ST/ARM/DSP/Lib\libarm_ARMv8MMLlfsp_math.a(arm_const_structs.o)
                0x08022ffc                arm_cfft_sR_f32_len4096
 .rodata.arm_cfft_sR_f32_len512
                0x0802300c       0x10 ../../Middlewares/ST/ARM/DSP/Lib\libarm_ARMv8MMLlfsp_math.a(arm_const_structs.o)
                0x0802300c                arm_cfft_sR_f32_len512
 .rodata.arm_cfft_sR_f32_len64
                0x0802301c       0x10 ../../Middlewares/ST/ARM/DSP/Lib\libarm_ARMv8MMLlfsp_math.a(arm_const_structs.o)
                0x0802301c                arm_cfft_sR_f32_len64

.ARM.extab
 *(.ARM.extab* .gnu.linkonce.armextab.*)

.ARM            0x0802302c        0x0
                0x0802302c                        __exidx_start = .
 *(.ARM.exidx*)
                0x0802302c                        __exidx_end = .

.preinit_array  0x0802302c        0x0
                0x0802302c                        PROVIDE (__preinit_array_start = .)
 *(.preinit_array*)
                0x0802302c                        PROVIDE (__preinit_array_end = .)

.init_array     0x0802302c        0x4
                0x0802302c                        PROVIDE (__init_array_start = .)
 *(SORT_BY_NAME(.init_array.*))
 *(.init_array*)
 .init_array    0x0802302c        0x4 C:/ST/STM32CubeIDE_2.1.1/STM32CubeIDE/plugins/com.st.stm32cube.ide.mcu.externaltools.gnu-tools-for-stm32.14.3.rel1.win32_1.0.100.202602081740/tools/bin/../lib/gcc/arm-none-eabi/14.3.1/thumb/v8-m.main+fp/hard/crtbegin.o
                0x08023030                        PROVIDE (__init_array_end = .)

.fini_array     0x08023030        0x4
                [!provide]                        PROVIDE (__fini_array_start = .)
 *(SORT_BY_NAME(.fini_array.*))
 *(.fini_array*)
 .fini_array    0x08023030        0x4 C:/ST/STM32CubeIDE_2.1.1/STM32CubeIDE/plugins/com.st.stm32cube.ide.mcu.externaltools.gnu-tools-for-stm32.14.3.rel1.win32_1.0.100.202602081740/tools/bin/../lib/gcc/arm-none-eabi/14.3.1/thumb/v8-m.main+fp/hard/crtbegin.o
                [!provide]                        PROVIDE (__fini_array_end = .)
                0x08023034                        _sidata = LOADADDR (.data)

.rel.dyn        0x08023034        0x0
 .rel.iplt      0x08023034        0x0 C:/ST/STM32CubeIDE_2.1.1/STM32CubeIDE/plugins/com.st.stm32cube.ide.mcu.externaltools.gnu-tools-for-stm32.14.3.rel1.win32_1.0.100.202602081740/tools/bin/../lib/gcc/arm-none-eabi/14.3.1/thumb/v8-m.main+fp/hard/crtbegin.o

.data           0x20000000      0x878 load address 0x08023034
                0x20000000                        _sdata = .
 *(.data)
 *(.data*)
 .data.x        0x20000000      0x800 ./Application/User/Core/main.o
                0x20000000                x
 .data.SystemCoreClock
                0x20000800        0x4 ./Drivers/CMSIS/system_stm32u5xx.o
                0x20000800                SystemCoreClock
 .data.uwTickPrio
                0x20000804        0x4 ./Drivers/STM32U5xx_HAL_Driver/stm32u5xx_hal.o
                0x20000804                uwTickPrio
 .data.uwTickFreq
                0x20000808        0x1 ./Drivers/STM32U5xx_HAL_Driver/stm32u5xx_hal.o
                0x20000808                uwTickFreq
 *fill*         0x20000809        0x3 
 .data.pFlash   0x2000080c       0x1c ./Drivers/STM32U5xx_HAL_Driver/stm32u5xx_hal_flash.o
                0x2000080c                pFlash
 .data._impure_ptr
                0x20000828        0x4 C:/ST/STM32CubeIDE_2.1.1/STM32CubeIDE/plugins/com.st.stm32cube.ide.mcu.externaltools.gnu-tools-for-stm32.14.3.rel1.win32_1.0.100.202602081740/tools/bin/../lib/gcc/arm-none-eabi/14.3.1/../../../../arm-none-eabi/lib/thumb/v8-m.main+fp/hard\libc_nano.a(libc_a-impure.o)
                0x20000828                _impure_ptr
 .data._impure_data
                0x2000082c       0x4c C:/ST/STM32CubeIDE_2.1.1/STM32CubeIDE/plugins/com.st.stm32cube.ide.mcu.externaltools.gnu-tools-for-stm32.14.3.rel1.win32_1.0.100.202602081740/tools/bin/../lib/gcc/arm-none-eabi/14.3.1/../../../../arm-none-eabi/lib/thumb/v8-m.main+fp/hard\libc_nano.a(libc_a-impure.o)
                0x2000082c                _impure_data
 *(.RamFunc)
 *(.RamFunc*)
                0x20000878                        _edata = .

.igot.plt       0x20000878        0x0 load address 0x080238ac
 .igot.plt      0x20000878        0x0 C:/ST/STM32CubeIDE_2.1.1/STM32CubeIDE/plugins/com.st.stm32cube.ide.mcu.externaltools.gnu-tools-for-stm32.14.3.rel1.win32_1.0.100.202602081740/tools/bin/../lib/gcc/arm-none-eabi/14.3.1/thumb/v8-m.main+fp/hard/crtbegin.o

.bss            0x20000878     0x1970 load address 0x080238ac
                0x20000878                        _sbss = .
                0x20000878                        __bss_start__ = _sbss
 *(.bss)
 .bss           0x20000878       0x1c C:/ST/STM32CubeIDE_2.1.1/STM32CubeIDE/plugins/com.st.stm32cube.ide.mcu.externaltools.gnu-tools-for-stm32.14.3.rel1.win32_1.0.100.202602081740/tools/bin/../lib/gcc/arm-none-eabi/14.3.1/thumb/v8-m.main+fp/hard/crtbegin.o
 *(.bss*)
 .bss.c         0x20000894     0x1800 ./Application/User/Core/main.o
                0x20000894                c
 .bss.rfft      0x20002094       0x18 ./Application/User/Core/main.o
                0x20002094                rfft
 .bss.uwTick    0x200020ac        0x4 ./Drivers/STM32U5xx_HAL_Driver/stm32u5xx_hal.o
                0x200020ac                uwTick
 .bss.__sf      0x200020b0      0x138 C:/ST/STM32CubeIDE_2.1.1/STM32CubeIDE/plugins/com.st.stm32cube.ide.mcu.externaltools.gnu-tools-for-stm32.14.3.rel1.win32_1.0.100.202602081740/tools/bin/../lib/gcc/arm-none-eabi/14.3.1/../../../../arm-none-eabi/lib/thumb/v8-m.main+fp/hard\libc_nano.a(libc_a-findfp.o)
                0x200020b0                __sf
 *(COMMON)
                0x200021e8                        _ebss = .
                0x200021e8                        __bss_end__ = _ebss

._user_heap_stack
                0x200021e8    0x12000 load address 0x080238ac
                0x200021e8                        . = ALIGN (0x8)
                [!provide]                        PROVIDE (end = .)
                0x200021e8                        PROVIDE (_end = .)
                0x200041e8                        . = (. + _Min_Heap_Size)
 *fill*         0x200021e8     0x2000 
                0x200141e8                        . = (. + _Min_Stack_Size)
 *fill*         0x200041e8    0x10000 
                0x200141e8                        . = ALIGN (0x8)

/DISCARD/
 libc.a(*)
 libm.a(*)
 libgcc.a(*)

.ARM.attributes
                0x00000000       0x36
 *(.ARM.attributes)
 .ARM.attributes
                0x00000000       0x26 C:/ST/STM32CubeIDE_2.1.1/STM32CubeIDE/plugins/com.st.stm32cube.ide.mcu.externaltools.gnu-tools-for-stm32.14.3.rel1.win32_1.0.100.202602081740/tools/bin/../lib/gcc/arm-none-eabi/14.3.1/thumb/v8-m.main+fp/hard/crti.o
 .ARM.attributes
                0x00000026       0x38 C:/ST/STM32CubeIDE_2.1.1/STM32CubeIDE/plugins/com.st.stm32cube.ide.mcu.externaltools.gnu-tools-for-stm32.14.3.rel1.win32_1.0.100.202602081740/tools/bin/../lib/gcc/arm-none-eabi/14.3.1/thumb/v8-m.main+fp/hard/crtbegin.o
 .ARM.attributes
                0x0000005e       0x3a ./Application/User/Core/flash.o
 .ARM.attributes
                0x00000098       0x3a ./Application/User/Core/gpio.o
 .ARM.attributes
                0x000000d2       0x3a ./Application/User/Core/gtzc.o
 .ARM.attributes
                0x0000010c       0x3a ./Application/User/Core/icache.o
 .ARM.attributes
                0x00000146       0x3a ./Application/User/Core/main.o
 .ARM.attributes
                0x00000180       0x3a ./Application/User/Core/stm32u5xx_hal_msp.o
 .ARM.attributes
                0x000001ba       0x3a ./Application/User/Core/stm32u5xx_it.o
 .ARM.attributes
                0x000001f4       0x24 ./Application/User/Startup/startup_stm32u5a5zjtxq.o
 .ARM.attributes
                0x00000218       0x3a ./Drivers/CMSIS/system_stm32u5xx.o
 .ARM.attributes
                0x00000252       0x3a ./Drivers/STM32U5xx_HAL_Driver/stm32u5xx_hal.o
 .ARM.attributes
                0x0000028c       0x3a ./Drivers/STM32U5xx_HAL_Driver/stm32u5xx_hal_cortex.o
 .ARM.attributes
                0x000002c6       0x3a ./Drivers/STM32U5xx_HAL_Driver/stm32u5xx_hal_flash.o
 .ARM.attributes
                0x00000300       0x3a ./Drivers/STM32U5xx_HAL_Driver/stm32u5xx_hal_flash_ex.o
 .ARM.attributes
                0x0000033a       0x3a ./Drivers/STM32U5xx_HAL_Driver/stm32u5xx_hal_gpio.o
 .ARM.attributes
                0x00000374       0x3a ./Drivers/STM32U5xx_HAL_Driver/stm32u5xx_hal_gtzc.o
 .ARM.attributes
                0x000003ae       0x3a ./Drivers/STM32U5xx_HAL_Driver/stm32u5xx_hal_icache.o
 .ARM.attributes
                0x000003e8       0x3a ./Drivers/STM32U5xx_HAL_Driver/stm32u5xx_hal_pwr_ex.o
 .ARM.attributes
                0x00000422       0x3a ./Drivers/STM32U5xx_HAL_Driver/stm32u5xx_hal_rcc.o
 .ARM.attributes
                0x0000045c       0x38 ../../Middlewares/ST/ARM/DSP/Lib\libarm_ARMv8MMLlfsp_math.a(arm_rfft_fast_init_f32.o)
 .ARM.attributes
                0x00000494       0x38 ../../Middlewares/ST/ARM/DSP/Lib\libarm_ARMv8MMLlfsp_math.a(arm_sin_f32.o)
 .ARM.attributes
                0x000004cc       0x38 ../../Middlewares/ST/ARM/DSP/Lib\libarm_ARMv8MMLlfsp_math.a(arm_cos_f32.o)
 .ARM.attributes
                0x00000504       0x38 ../../Middlewares/ST/ARM/DSP/Lib\libarm_ARMv8MMLlfsp_math.a(arm_common_tables.o)
 .ARM.attributes
                0x0000053c       0x38 ../../Middlewares/ST/ARM/DSP/Lib\libarm_ARMv8MMLlfsp_math.a(arm_cfft_init_f32.o)
 .ARM.attributes
                0x00000574       0x38 ../../Middlewares/ST/ARM/DSP/Lib\libarm_ARMv8MMLlfsp_math.a(arm_const_structs.o)
 .ARM.attributes
                0x000005ac       0x38 C:/ST/STM32CubeIDE_2.1.1/STM32CubeIDE/plugins/com.st.stm32cube.ide.mcu.externaltools.gnu-tools-for-stm32.14.3.rel1.win32_1.0.100.202602081740/tools/bin/../lib/gcc/arm-none-eabi/14.3.1/../../../../arm-none-eabi/lib/thumb/v8-m.main+fp/hard\libc_nano.a(libc_a-findfp.o)
 .ARM.attributes
                0x000005e4       0x38 C:/ST/STM32CubeIDE_2.1.1/STM32CubeIDE/plugins/com.st.stm32cube.ide.mcu.externaltools.gnu-tools-for-stm32.14.3.rel1.win32_1.0.100.202602081740/tools/bin/../lib/gcc/arm-none-eabi/14.3.1/../../../../arm-none-eabi/lib/thumb/v8-m.main+fp/hard\libc_nano.a(libc_a-memset.o)
 .ARM.attributes
                0x0000061c       0x38 C:/ST/STM32CubeIDE_2.1.1/STM32CubeIDE/plugins/com.st.stm32cube.ide.mcu.externaltools.gnu-tools-for-stm32.14.3.rel1.win32_1.0.100.202602081740/tools/bin/../lib/gcc/arm-none-eabi/14.3.1/../../../../arm-none-eabi/lib/thumb/v8-m.main+fp/hard\libc_nano.a(libc_a-impure.o)
 .ARM.attributes
                0x00000654       0x38 C:/ST/STM32CubeIDE_2.1.1/STM32CubeIDE/plugins/com.st.stm32cube.ide.mcu.externaltools.gnu-tools-for-stm32.14.3.rel1.win32_1.0.100.202602081740/tools/bin/../lib/gcc/arm-none-eabi/14.3.1/../../../../arm-none-eabi/lib/thumb/v8-m.main+fp/hard\libc_nano.a(libc_a-errno.o)
 .ARM.attributes
                0x0000068c       0x38 C:/ST/STM32CubeIDE_2.1.1/STM32CubeIDE/plugins/com.st.stm32cube.ide.mcu.externaltools.gnu-tools-for-stm32.14.3.rel1.win32_1.0.100.202602081740/tools/bin/../lib/gcc/arm-none-eabi/14.3.1/../../../../arm-none-eabi/lib/thumb/v8-m.main+fp/hard\libc_nano.a(libc_a-init.o)
 .ARM.attributes
                0x000006c4       0x38 C:/ST/STM32CubeIDE_2.1.1/STM32CubeIDE/plugins/com.st.stm32cube.ide.mcu.externaltools.gnu-tools-for-stm32.14.3.rel1.win32_1.0.100.202602081740/tools/bin/../lib/gcc/arm-none-eabi/14.3.1/../../../../arm-none-eabi/lib/thumb/v8-m.main+fp/hard\libm.a(libm_a-wf_sqrt.o)
 .ARM.attributes
                0x000006fc       0x38 C:/ST/STM32CubeIDE_2.1.1/STM32CubeIDE/plugins/com.st.stm32cube.ide.mcu.externaltools.gnu-tools-for-stm32.14.3.rel1.win32_1.0.100.202602081740/tools/bin/../lib/gcc/arm-none-eabi/14.3.1/../../../../arm-none-eabi/lib/thumb/v8-m.main+fp/hard\libm.a(libm_a-ef_sqrt.o)
 .ARM.attributes
                0x00000734       0x26 C:/ST/STM32CubeIDE_2.1.1/STM32CubeIDE/plugins/com.st.stm32cube.ide.mcu.externaltools.gnu-tools-for-stm32.14.3.rel1.win32_1.0.100.202602081740/tools/bin/../lib/gcc/arm-none-eabi/14.3.1/thumb/v8-m.main+fp/hard\libgcc.a(_arm_addsubdf3.o)
 .ARM.attributes
                0x0000075a       0x26 C:/ST/STM32CubeIDE_2.1.1/STM32CubeIDE/plugins/com.st.stm32cube.ide.mcu.externaltools.gnu-tools-for-stm32.14.3.rel1.win32_1.0.100.202602081740/tools/bin/../lib/gcc/arm-none-eabi/14.3.1/thumb/v8-m.main+fp/hard\libgcc.a(_arm_muldivdf3.o)
 .ARM.attributes
                0x00000780       0x26 C:/ST/STM32CubeIDE_2.1.1/STM32CubeIDE/plugins/com.st.stm32cube.ide.mcu.externaltools.gnu-tools-for-stm32.14.3.rel1.win32_1.0.100.202602081740/tools/bin/../lib/gcc/arm-none-eabi/14.3.1/thumb/v8-m.main+fp/hard\libgcc.a(_arm_truncdfsf2.o)
 .ARM.attributes
                0x000007a6       0x26 C:/ST/STM32CubeIDE_2.1.1/STM32CubeIDE/plugins/com.st.stm32cube.ide.mcu.externaltools.gnu-tools-for-stm32.14.3.rel1.win32_1.0.100.202602081740/tools/bin/../lib/gcc/arm-none-eabi/14.3.1/thumb/v8-m.main+fp/hard/crtn.o
OUTPUT(200_FFT.elf elf32-littlearm)
LOAD linker stubs
LOAD C:/ST/STM32CubeIDE_2.1.1/STM32CubeIDE/plugins/com.st.stm32cube.ide.mcu.externaltools.gnu-tools-for-stm32.14.3.rel1.win32_1.0.100.202602081740/tools/bin/../lib/gcc/arm-none-eabi/14.3.1/../../../../arm-none-eabi/lib/thumb/v8-m.main+fp/hard\libc.a
LOAD C:/ST/STM32CubeIDE_2.1.1/STM32CubeIDE/plugins/com.st.stm32cube.ide.mcu.externaltools.gnu-tools-for-stm32.14.3.rel1.win32_1.0.100.202602081740/tools/bin/../lib/gcc/arm-none-eabi/14.3.1/../../../../arm-none-eabi/lib/thumb/v8-m.main+fp/hard\libm.a
LOAD C:/ST/STM32CubeIDE_2.1.1/STM32CubeIDE/plugins/com.st.stm32cube.ide.mcu.externaltools.gnu-tools-for-stm32.14.3.rel1.win32_1.0.100.202602081740/tools/bin/../lib/gcc/arm-none-eabi/14.3.1/thumb/v8-m.main+fp/hard\libgcc.a

.debug_info     0x00000000    0x145fb
 .debug_info    0x00000000      0x299 ./Application/User/Core/flash.o
 .debug_info    0x00000299      0x5f4 ./Application/User/Core/gpio.o
 .debug_info    0x0000088d      0x1be ./Application/User/Core/gtzc.o
 .debug_info    0x00000a4b      0x114 ./Application/User/Core/icache.o
 .debug_info    0x00000b5f      0xc49 ./Application/User/Core/main.o
 .debug_info    0x000017a8      0x415 ./Application/User/Core/stm32u5xx_hal_msp.o
 .debug_info    0x00001bbd      0x128 ./Application/User/Core/stm32u5xx_it.o
 .debug_info    0x00001ce5       0x30 ./Application/User/Startup/startup_stm32u5a5zjtxq.o
 .debug_info    0x00001d15      0x929 ./Drivers/CMSIS/system_stm32u5xx.o
 .debug_info    0x0000263e     0x147c ./Drivers/STM32U5xx_HAL_Driver/stm32u5xx_hal.o
 .debug_info    0x00003aba     0x167b ./Drivers/STM32U5xx_HAL_Driver/stm32u5xx_hal_cortex.o
 .debug_info    0x00005135      0x92f ./Drivers/STM32U5xx_HAL_Driver/stm32u5xx_hal_flash.o
 .debug_info    0x00005a64      0xc1a ./Drivers/STM32U5xx_HAL_Driver/stm32u5xx_hal_flash_ex.o
 .debug_info    0x0000667e      0x859 ./Drivers/STM32U5xx_HAL_Driver/stm32u5xx_hal_gpio.o
 .debug_info    0x00006ed7      0x70d ./Drivers/STM32U5xx_HAL_Driver/stm32u5xx_hal_gtzc.o
 .debug_info    0x000075e4      0x4d6 ./Drivers/STM32U5xx_HAL_Driver/stm32u5xx_hal_icache.o
 .debug_info    0x00007aba      0xf0c ./Drivers/STM32U5xx_HAL_Driver/stm32u5xx_hal_pwr_ex.o
 .debug_info    0x000089c6     0x12b0 ./Drivers/STM32U5xx_HAL_Driver/stm32u5xx_hal_rcc.o
 .debug_info    0x00009c76     0x1c2f ../../Middlewares/ST/ARM/DSP/Lib\libarm_ARMv8MMLlfsp_math.a(arm_rfft_fast_init_f32.o)
 .debug_info    0x0000b8a5     0x1874 ../../Middlewares/ST/ARM/DSP/Lib\libarm_ARMv8MMLlfsp_math.a(arm_sin_f32.o)
 .debug_info    0x0000d119     0x1874 ../../Middlewares/ST/ARM/DSP/Lib\libarm_ARMv8MMLlfsp_math.a(arm_cos_f32.o)
 .debug_info    0x0000e98d     0x1e86 ../../Middlewares/ST/ARM/DSP/Lib\libarm_ARMv8MMLlfsp_math.a(arm_common_tables.o)
 .debug_info    0x00010813     0x1c05 ../../Middlewares/ST/ARM/DSP/Lib\libarm_ARMv8MMLlfsp_math.a(arm_cfft_init_f32.o)
 .debug_info    0x00012418     0x21e3 ../../Middlewares/ST/ARM/DSP/Lib\libarm_ARMv8MMLlfsp_math.a(arm_const_structs.o)

.debug_abbrev   0x00000000     0x2e22
 .debug_abbrev  0x00000000      0x10c ./Application/User/Core/flash.o
 .debug_abbrev  0x0000010c      0x179 ./Application/User/Core/gpio.o
 .debug_abbrev  0x00000285      0x108 ./Application/User/Core/gtzc.o
 .debug_abbrev  0x0000038d       0xb6 ./Application/User/Core/icache.o
 .debug_abbrev  0x00000443      0x37b ./Application/User/Core/main.o
 .debug_abbrev  0x000007be       0xf1 ./Application/User/Core/stm32u5xx_hal_msp.o
 .debug_abbrev  0x000008af       0x73 ./Application/User/Core/stm32u5xx_it.o
 .debug_abbrev  0x00000922       0x24 ./Application/User/Startup/startup_stm32u5a5zjtxq.o
 .debug_abbrev  0x00000946      0x129 ./Drivers/CMSIS/system_stm32u5xx.o
 .debug_abbrev  0x00000a6f      0x2a4 ./Drivers/STM32U5xx_HAL_Driver/stm32u5xx_hal.o
 .debug_abbrev  0x00000d13      0x327 ./Drivers/STM32U5xx_HAL_Driver/stm32u5xx_hal_cortex.o
 .debug_abbrev  0x0000103a      0x2fe ./Drivers/STM32U5xx_HAL_Driver/stm32u5xx_hal_flash.o
 .debug_abbrev  0x00001338      0x29e ./Drivers/STM32U5xx_HAL_Driver/stm32u5xx_hal_flash_ex.o
 .debug_abbrev  0x000015d6      0x25a ./Drivers/STM32U5xx_HAL_Driver/stm32u5xx_hal_gpio.o
 .debug_abbrev  0x00001830      0x18d ./Drivers/STM32U5xx_HAL_Driver/stm32u5xx_hal_gtzc.o
 .debug_abbrev  0x000019bd      0x228 ./Drivers/STM32U5xx_HAL_Driver/stm32u5xx_hal_icache.o
 .debug_abbrev  0x00001be5      0x243 ./Drivers/STM32U5xx_HAL_Driver/stm32u5xx_hal_pwr_ex.o
 .debug_abbrev  0x00001e28      0x2cb ./Drivers/STM32U5xx_HAL_Driver/stm32u5xx_hal_rcc.o
 .debug_abbrev  0x000020f3      0x2c9 ../../Middlewares/ST/ARM/DSP/Lib\libarm_ARMv8MMLlfsp_math.a(arm_rfft_fast_init_f32.o)
 .debug_abbrev  0x000023bc      0x22c ../../Middlewares/ST/ARM/DSP/Lib\libarm_ARMv8MMLlfsp_math.a(arm_sin_f32.o)
 .debug_abbrev  0x000025e8      0x22c ../../Middlewares/ST/ARM/DSP/Lib\libarm_ARMv8MMLlfsp_math.a(arm_cos_f32.o)
 .debug_abbrev  0x00002814      0x1ec ../../Middlewares/ST/ARM/DSP/Lib\libarm_ARMv8MMLlfsp_math.a(arm_common_tables.o)
 .debug_abbrev  0x00002a00      0x232 ../../Middlewares/ST/ARM/DSP/Lib\libarm_ARMv8MMLlfsp_math.a(arm_cfft_init_f32.o)
 .debug_abbrev  0x00002c32      0x1f0 ../../Middlewares/ST/ARM/DSP/Lib\libarm_ARMv8MMLlfsp_math.a(arm_const_structs.o)

.debug_aranges  0x00000000      0xb48
 .debug_aranges
                0x00000000       0x20 ./Application/User/Core/flash.o
 .debug_aranges
                0x00000020       0x20 ./Application/User/Core/gpio.o
 .debug_aranges
                0x00000040       0x20 ./Application/User/Core/gtzc.o
 .debug_aranges
                0x00000060       0x20 ./Application/User/Core/icache.o
 .debug_aranges
                0x00000080       0x88 ./Application/User/Core/main.o
 .debug_aranges
                0x00000108       0x20 ./Application/User/Core/stm32u5xx_hal_msp.o
 .debug_aranges
                0x00000128       0x60 ./Application/User/Core/stm32u5xx_it.o
 .debug_aranges
                0x00000188       0x28 ./Application/User/Startup/startup_stm32u5a5zjtxq.o
 .debug_aranges
                0x000001b0       0x28 ./Drivers/CMSIS/system_stm32u5xx.o
 .debug_aranges
                0x000001d8      0x1a8 ./Drivers/STM32U5xx_HAL_Driver/stm32u5xx_hal.o
 .debug_aranges
                0x00000380      0x140 ./Drivers/STM32U5xx_HAL_Driver/stm32u5xx_hal_cortex.o
 .debug_aranges
                0x000004c0       0x88 ./Drivers/STM32U5xx_HAL_Driver/stm32u5xx_hal_flash.o
 .debug_aranges
                0x00000548       0xd0 ./Drivers/STM32U5xx_HAL_Driver/stm32u5xx_hal_flash_ex.o
 .debug_aranges
                0x00000618       0x78 ./Drivers/STM32U5xx_HAL_Driver/stm32u5xx_hal_gpio.o
 .debug_aranges
                0x00000690       0x48 ./Drivers/STM32U5xx_HAL_Driver/stm32u5xx_hal_gtzc.o
 .debug_aranges
                0x000006d8       0xa8 ./Drivers/STM32U5xx_HAL_Driver/stm32u5xx_hal_icache.o
 .debug_aranges
                0x00000780      0x230 ./Drivers/STM32U5xx_HAL_Driver/stm32u5xx_hal_pwr_ex.o
 .debug_aranges
                0x000009b0       0xa8 ./Drivers/STM32U5xx_HAL_Driver/stm32u5xx_hal_rcc.o
 .debug_aranges
                0x00000a58       0x60 ../../Middlewares/ST/ARM/DSP/Lib\libarm_ARMv8MMLlfsp_math.a(arm_rfft_fast_init_f32.o)
 .debug_aranges
                0x00000ab8       0x20 ../../Middlewares/ST/ARM/DSP/Lib\libarm_ARMv8MMLlfsp_math.a(arm_sin_f32.o)
 .debug_aranges
                0x00000ad8       0x20 ../../Middlewares/ST/ARM/DSP/Lib\libarm_ARMv8MMLlfsp_math.a(arm_cos_f32.o)
 .debug_aranges
                0x00000af8       0x18 ../../Middlewares/ST/ARM/DSP/Lib\libarm_ARMv8MMLlfsp_math.a(arm_common_tables.o)
 .debug_aranges
                0x00000b10       0x20 ../../Middlewares/ST/ARM/DSP/Lib\libarm_ARMv8MMLlfsp_math.a(arm_cfft_init_f32.o)
 .debug_aranges
                0x00000b30       0x18 ../../Middlewares/ST/ARM/DSP/Lib\libarm_ARMv8MMLlfsp_math.a(arm_const_structs.o)

.debug_rnglists
                0x00000000      0x7a2
 .debug_rnglists
                0x00000000       0x14 ./Application/User/Core/flash.o
 .debug_rnglists
                0x00000014       0x14 ./Application/User/Core/gpio.o
 .debug_rnglists
                0x00000028       0x14 ./Application/User/Core/gtzc.o
 .debug_rnglists
                0x0000003c       0x13 ./Application/User/Core/icache.o
 .debug_rnglists
                0x0000004f       0x6a ./Application/User/Core/main.o
 .debug_rnglists
                0x000000b9       0x13 ./Application/User/Core/stm32u5xx_hal_msp.o
 .debug_rnglists
                0x000000cc       0x43 ./Application/User/Core/stm32u5xx_it.o
 .debug_rnglists
                0x0000010f       0x19 ./Application/User/Startup/startup_stm32u5a5zjtxq.o
 .debug_rnglists
                0x00000128       0x1a ./Drivers/CMSIS/system_stm32u5xx.o
 .debug_rnglists
                0x00000142      0x13b ./Drivers/STM32U5xx_HAL_Driver/stm32u5xx_hal.o
 .debug_rnglists
                0x0000027d       0xec ./Drivers/STM32U5xx_HAL_Driver/stm32u5xx_hal_cortex.o
 .debug_rnglists
                0x00000369       0x65 ./Drivers/STM32U5xx_HAL_Driver/stm32u5xx_hal_flash.o
 .debug_rnglists
                0x000003ce       0xa0 ./Drivers/STM32U5xx_HAL_Driver/stm32u5xx_hal_flash_ex.o
 .debug_rnglists
                0x0000046e       0x5a ./Drivers/STM32U5xx_HAL_Driver/stm32u5xx_hal_gpio.o
 .debug_rnglists
                0x000004c8       0x37 ./Drivers/STM32U5xx_HAL_Driver/stm32u5xx_hal_gtzc.o
 .debug_rnglists
                0x000004ff       0x7a ./Drivers/STM32U5xx_HAL_Driver/stm32u5xx_hal_icache.o
 .debug_rnglists
                0x00000579      0x1aa ./Drivers/STM32U5xx_HAL_Driver/stm32u5xx_hal_pwr_ex.o
 .debug_rnglists
                0x00000723       0x7f ./Drivers/STM32U5xx_HAL_Driver/stm32u5xx_hal_rcc.o

.debug_macro    0x00000000    0x356c6
 .debug_macro   0x00000000      0x272 ./Application/User/Core/flash.o
 .debug_macro   0x00000272      0xae4 ./Application/User/Core/flash.o
 .debug_macro   0x00000d56      0x1fb ./Application/User/Core/flash.o
 .debug_macro   0x00000f51       0x2e ./Application/User/Core/flash.o
 .debug_macro   0x00000f7f       0x42 ./Application/User/Core/flash.o
 .debug_macro   0x00000fc1       0x22 ./Application/User/Core/flash.o
 .debug_macro   0x00000fe3       0x8e ./Application/User/Core/flash.o
 .debug_macro   0x00001071       0x51 ./Application/User/Core/flash.o
 .debug_macro   0x000010c2      0x103 ./Application/User/Core/flash.o
 .debug_macro   0x000011c5       0x6a ./Application/User/Core/flash.o
 .debug_macro   0x0000122f      0x1df ./Application/User/Core/flash.o
 .debug_macro   0x0000140e       0x1c ./Application/User/Core/flash.o
 .debug_macro   0x0000142a       0x29 ./Application/User/Core/flash.o
 .debug_macro   0x00001453       0xfb ./Application/User/Core/flash.o
 .debug_macro   0x0000154e     0x1685 ./Application/User/Core/flash.o
 .debug_macro   0x00002bd3       0x5e ./Application/User/Core/flash.o
 .debug_macro   0x00002c31    0x260d1 ./Application/User/Core/flash.o
 .debug_macro   0x00028d02       0x6d ./Application/User/Core/flash.o
 .debug_macro   0x00028d6f     0x393e ./Application/User/Core/flash.o
 .debug_macro   0x0002c6ad      0x190 ./Application/User/Core/flash.o
 .debug_macro   0x0002c83d       0x61 ./Application/User/Core/flash.o
 .debug_macro   0x0002c89e       0x2a ./Application/User/Core/flash.o
 .debug_macro   0x0002c8c8       0x43 ./Application/User/Core/flash.o
 .debug_macro   0x0002c90b       0x34 ./Application/User/Core/flash.o
 .debug_macro   0x0002c93f      0x364 ./Application/User/Core/flash.o
 .debug_macro   0x0002cca3       0x16 ./Application/User/Core/flash.o
 .debug_macro   0x0002ccb9       0x4a ./Application/User/Core/flash.o
 .debug_macro   0x0002cd03       0x34 ./Application/User/Core/flash.o
 .debug_macro   0x0002cd37       0x10 ./Application/User/Core/flash.o
 .debug_macro   0x0002cd47       0x58 ./Application/User/Core/flash.o
 .debug_macro   0x0002cd9f       0x8e ./Application/User/Core/flash.o
 .debug_macro   0x0002ce2d       0x1c ./Application/User/Core/flash.o
 .debug_macro   0x0002ce49      0x17e ./Application/User/Core/flash.o
 .debug_macro   0x0002cfc7      0x19b ./Application/User/Core/flash.o
 .debug_macro   0x0002d162       0x5d ./Application/User/Core/flash.o
 .debug_macro   0x0002d1bf     0x1d23 ./Application/User/Core/flash.o
 .debug_macro   0x0002eee2      0x8f4 ./Application/User/Core/flash.o
 .debug_macro   0x0002f7d6      0x166 ./Application/User/Core/flash.o
 .debug_macro   0x0002f93c      0x2d8 ./Application/User/Core/flash.o
 .debug_macro   0x0002fc14       0xc9 ./Application/User/Core/flash.o
 .debug_macro   0x0002fcdd      0x451 ./Application/User/Core/flash.o
 .debug_macro   0x0003012e      0x5eb ./Application/User/Core/flash.o
 .debug_macro   0x00030719      0x463 ./Application/User/Core/flash.o
 .debug_macro   0x00030b7c       0xd6 ./Application/User/Core/flash.o
 .debug_macro   0x00030c52      0x1cd ./Application/User/Core/flash.o
 .debug_macro   0x00030e1f      0x432 ./Application/User/Core/flash.o
 .debug_macro   0x00031251       0x95 ./Application/User/Core/flash.o
 .debug_macro   0x000312e6      0x11c ./Application/User/Core/flash.o
 .debug_macro   0x00031402      0x52c ./Application/User/Core/flash.o
 .debug_macro   0x0003192e      0x5d5 ./Application/User/Core/flash.o
 .debug_macro   0x00031f03      0x1d3 ./Application/User/Core/flash.o
 .debug_macro   0x000320d6      0x448 ./Application/User/Core/flash.o
 .debug_macro   0x0003251e       0x34 ./Application/User/Core/flash.o
 .debug_macro   0x00032552      0x272 ./Application/User/Core/gpio.o
 .debug_macro   0x000327c4      0x272 ./Application/User/Core/gtzc.o
 .debug_macro   0x00032a36      0x272 ./Application/User/Core/icache.o
 .debug_macro   0x00032ca8      0x3ad ./Application/User/Core/main.o
 .debug_macro   0x00033055       0x1c ./Application/User/Core/main.o
 .debug_macro   0x00033071       0x3c ./Application/User/Core/main.o
 .debug_macro   0x000330ad       0x10 ./Application/User/Core/main.o
 .debug_macro   0x000330bd       0x1c ./Application/User/Core/main.o
 .debug_macro   0x000330d9       0x16 ./Application/User/Core/main.o
 .debug_macro   0x000330ef      0x146 ./Application/User/Core/main.o
 .debug_macro   0x00033235       0x16 ./Application/User/Core/main.o
 .debug_macro   0x0003324b       0x16 ./Application/User/Core/main.o
 .debug_macro   0x00033261       0x29 ./Application/User/Core/main.o
 .debug_macro   0x0003328a       0x16 ./Application/User/Core/main.o
 .debug_macro   0x000332a0       0x20 ./Application/User/Core/main.o
 .debug_macro   0x000332c0      0x201 ./Application/User/Core/main.o
 .debug_macro   0x000334c1       0x7c ./Application/User/Core/main.o
 .debug_macro   0x0003353d       0x17 ./Application/User/Core/main.o
 .debug_macro   0x00033554      0x118 ./Application/User/Core/main.o
 .debug_macro   0x0003366c      0x169 ./Application/User/Core/main.o
 .debug_macro   0x000337d5      0x268 ./Application/User/Core/stm32u5xx_hal_msp.o
 .debug_macro   0x00033a3d      0x272 ./Application/User/Core/stm32u5xx_it.o
 .debug_macro   0x00033caf      0x260 ./Drivers/CMSIS/system_stm32u5xx.o
 .debug_macro   0x00033f0f      0x27d ./Drivers/STM32U5xx_HAL_Driver/stm32u5xx_hal.o
 .debug_macro   0x0003418c      0x259 ./Drivers/STM32U5xx_HAL_Driver/stm32u5xx_hal_cortex.o
 .debug_macro   0x000343e5      0x259 ./Drivers/STM32U5xx_HAL_Driver/stm32u5xx_hal_flash.o
 .debug_macro   0x0003463e      0x259 ./Drivers/STM32U5xx_HAL_Driver/stm32u5xx_hal_flash_ex.o
 .debug_macro   0x00034897      0x28e ./Drivers/STM32U5xx_HAL_Driver/stm32u5xx_hal_gpio.o
 .debug_macro   0x00034b25      0x32c ./Drivers/STM32U5xx_HAL_Driver/stm32u5xx_hal_gtzc.o
 .debug_macro   0x00034e51      0x28b ./Drivers/STM32U5xx_HAL_Driver/stm32u5xx_hal_icache.o
 .debug_macro   0x000350dc      0x28b ./Drivers/STM32U5xx_HAL_Driver/stm32u5xx_hal_pwr_ex.o
 .debug_macro   0x00035367      0x35f ./Drivers/STM32U5xx_HAL_Driver/stm32u5xx_hal_rcc.o

.debug_line     0x00000000     0xed9b
 .debug_line    0x00000000      0x90d ./Application/User/Core/flash.o
 .debug_line    0x0000090d      0x8c3 ./Application/User/Core/gpio.o
 .debug_line    0x000011d0      0x995 ./Application/User/Core/gtzc.o
 .debug_line    0x00001b65      0x8a2 ./Application/User/Core/icache.o
 .debug_line    0x00002407      0xe12 ./Application/User/Core/main.o
 .debug_line    0x00003219      0x889 ./Application/User/Core/stm32u5xx_hal_msp.o
 .debug_line    0x00003aa2      0x938 ./Application/User/Core/stm32u5xx_it.o
 .debug_line    0x000043da       0x79 ./Application/User/Startup/startup_stm32u5a5zjtxq.o
 .debug_line    0x00004453      0x98d ./Drivers/CMSIS/system_stm32u5xx.o
 .debug_line    0x00004de0      0xe55 ./Drivers/STM32U5xx_HAL_Driver/stm32u5xx_hal.o
 .debug_line    0x00005c35      0xedc ./Drivers/STM32U5xx_HAL_Driver/stm32u5xx_hal_cortex.o
 .debug_line    0x00006b11      0xbf9 ./Drivers/STM32U5xx_HAL_Driver/stm32u5xx_hal_flash.o
 .debug_line    0x0000770a     0x1024 ./Drivers/STM32U5xx_HAL_Driver/stm32u5xx_hal_flash_ex.o
 .debug_line    0x0000872e      0xe3b ./Drivers/STM32U5xx_HAL_Driver/stm32u5xx_hal_gpio.o
 .debug_line    0x00009569     0x1177 ./Drivers/STM32U5xx_HAL_Driver/stm32u5xx_hal_gtzc.o
 .debug_line    0x0000a6e0      0xb7c ./Drivers/STM32U5xx_HAL_Driver/stm32u5xx_hal_icache.o
 .debug_line    0x0000b25c     0x1324 ./Drivers/STM32U5xx_HAL_Driver/stm32u5xx_hal_pwr_ex.o
 .debug_line    0x0000c580     0x1719 ./Drivers/STM32U5xx_HAL_Driver/stm32u5xx_hal_rcc.o
 .debug_line    0x0000dc99      0x538 ../../Middlewares/ST/ARM/DSP/Lib\libarm_ARMv8MMLlfsp_math.a(arm_rfft_fast_init_f32.o)
 .debug_line    0x0000e1d1      0x285 ../../Middlewares/ST/ARM/DSP/Lib\libarm_ARMv8MMLlfsp_math.a(arm_sin_f32.o)
 .debug_line    0x0000e456      0x28e ../../Middlewares/ST/ARM/DSP/Lib\libarm_ARMv8MMLlfsp_math.a(arm_cos_f32.o)
 .debug_line    0x0000e6e4      0x1f7 ../../Middlewares/ST/ARM/DSP/Lib\libarm_ARMv8MMLlfsp_math.a(arm_common_tables.o)
 .debug_line    0x0000e8db      0x2b2 ../../Middlewares/ST/ARM/DSP/Lib\libarm_ARMv8MMLlfsp_math.a(arm_cfft_init_f32.o)
 .debug_line    0x0000eb8d      0x20e ../../Middlewares/ST/ARM/DSP/Lib\libarm_ARMv8MMLlfsp_math.a(arm_const_structs.o)

.debug_str      0x00000000   0x1494b4
 .debug_str     0x00000000   0x1494b4 ./Application/User/Core/flash.o
                             0x141691 (size before relaxing)
 .debug_str     0x001494b4   0x1417b8 ./Application/User/Core/gpio.o
 .debug_str     0x001494b4   0x1415c6 ./Application/User/Core/gtzc.o
 .debug_str     0x001494b4   0x14152c ./Application/User/Core/icache.o
 .debug_str     0x001494b4   0x1435a8 ./Application/User/Core/main.o
 .debug_str     0x001494b4   0x1416fe ./Application/User/Core/stm32u5xx_hal_msp.o
 .debug_str     0x001494b4   0x141534 ./Application/User/Core/stm32u5xx_it.o
 .debug_str     0x001494b4       0x94 ./Application/User/Startup/startup_stm32u5a5zjtxq.o
 .debug_str     0x001494b4   0x1417ce ./Drivers/CMSIS/system_stm32u5xx.o
 .debug_str     0x001494b4   0x1429a2 ./Drivers/STM32U5xx_HAL_Driver/stm32u5xx_hal.o
 .debug_str     0x001494b4   0x142496 ./Drivers/STM32U5xx_HAL_Driver/stm32u5xx_hal_cortex.o
 .debug_str     0x001494b4   0x141921 ./Drivers/STM32U5xx_HAL_Driver/stm32u5xx_hal_flash.o
 .debug_str     0x001494b4   0x141b6c ./Drivers/STM32U5xx_HAL_Driver/stm32u5xx_hal_flash_ex.o
 .debug_str     0x001494b4   0x1417f3 ./Drivers/STM32U5xx_HAL_Driver/stm32u5xx_hal_gpio.o
 .debug_str     0x001494b4   0x141e80 ./Drivers/STM32U5xx_HAL_Driver/stm32u5xx_hal_gtzc.o
 .debug_str     0x001494b4   0x141af0 ./Drivers/STM32U5xx_HAL_Driver/stm32u5xx_hal_icache.o
 .debug_str     0x001494b4   0x142012 ./Drivers/STM32U5xx_HAL_Driver/stm32u5xx_hal_pwr_ex.o
 .debug_str     0x001494b4   0x142f67 ./Drivers/STM32U5xx_HAL_Driver/stm32u5xx_hal_rcc.o
 .debug_str     0x001494b4     0x11bd ../../Middlewares/ST/ARM/DSP/Lib\libarm_ARMv8MMLlfsp_math.a(arm_rfft_fast_init_f32.o)
 .debug_str     0x001494b4      0xfab ../../Middlewares/ST/ARM/DSP/Lib\libarm_ARMv8MMLlfsp_math.a(arm_sin_f32.o)
 .debug_str     0x001494b4      0xfab ../../Middlewares/ST/ARM/DSP/Lib\libarm_ARMv8MMLlfsp_math.a(arm_cos_f32.o)
 .debug_str     0x001494b4      0xf86 ../../Middlewares/ST/ARM/DSP/Lib\libarm_ARMv8MMLlfsp_math.a(arm_common_tables.o)
 .debug_str     0x001494b4     0x1406 ../../Middlewares/ST/ARM/DSP/Lib\libarm_ARMv8MMLlfsp_math.a(arm_cfft_init_f32.o)
 .debug_str     0x001494b4     0x17b0 ../../Middlewares/ST/ARM/DSP/Lib\libarm_ARMv8MMLlfsp_math.a(arm_const_structs.o)

.comment        0x00000000       0xbc
 .comment       0x00000000       0xbc ./Application/User/Core/flash.o
                                 0x44 (size before relaxing)
 .comment       0x000000bc       0x44 ./Application/User/Core/gpio.o
 .comment       0x000000bc       0x44 ./Application/User/Core/gtzc.o
 .comment       0x000000bc       0x44 ./Application/User/Core/icache.o
 .comment       0x000000bc       0x44 ./Application/User/Core/main.o
 .comment       0x000000bc       0x44 ./Application/User/Core/stm32u5xx_hal_msp.o
 .comment       0x000000bc       0x44 ./Application/User/Core/stm32u5xx_it.o
 .comment       0x000000bc       0x44 ./Drivers/CMSIS/system_stm32u5xx.o
 .comment       0x000000bc       0x44 ./Drivers/STM32U5xx_HAL_Driver/stm32u5xx_hal.o
 .comment       0x000000bc       0x44 ./Drivers/STM32U5xx_HAL_Driver/stm32u5xx_hal_cortex.o
 .comment       0x000000bc       0x44 ./Drivers/STM32U5xx_HAL_Driver/stm32u5xx_hal_flash.o
 .comment       0x000000bc       0x44 ./Drivers/STM32U5xx_HAL_Driver/stm32u5xx_hal_flash_ex.o
 .comment       0x000000bc       0x44 ./Drivers/STM32U5xx_HAL_Driver/stm32u5xx_hal_gpio.o
 .comment       0x000000bc       0x44 ./Drivers/STM32U5xx_HAL_Driver/stm32u5xx_hal_gtzc.o
 .comment       0x000000bc       0x44 ./Drivers/STM32U5xx_HAL_Driver/stm32u5xx_hal_icache.o
 .comment       0x000000bc       0x44 ./Drivers/STM32U5xx_HAL_Driver/stm32u5xx_hal_pwr_ex.o
 .comment       0x000000bc       0x44 ./Drivers/STM32U5xx_HAL_Driver/stm32u5xx_hal_rcc.o
 .comment       0x000000bc       0x7a ../../Middlewares/ST/ARM/DSP/Lib\libarm_ARMv8MMLlfsp_math.a(arm_rfft_fast_init_f32.o)
 .comment       0x000000bc       0x7a ../../Middlewares/ST/ARM/DSP/Lib\libarm_ARMv8MMLlfsp_math.a(arm_sin_f32.o)
 .comment       0x000000bc       0x7a ../../Middlewares/ST/ARM/DSP/Lib\libarm_ARMv8MMLlfsp_math.a(arm_cos_f32.o)
 .comment       0x000000bc       0x7a ../../Middlewares/ST/ARM/DSP/Lib\libarm_ARMv8MMLlfsp_math.a(arm_common_tables.o)
 .comment       0x000000bc       0x7a ../../Middlewares/ST/ARM/DSP/Lib\libarm_ARMv8MMLlfsp_math.a(arm_cfft_init_f32.o)
 .comment       0x000000bc       0x7a ../../Middlewares/ST/ARM/DSP/Lib\libarm_ARMv8MMLlfsp_math.a(arm_const_structs.o)

.debug_frame    0x00000000     0x28b0
 .debug_frame   0x00000000       0x34 ./Application/User/Core/flash.o
 .debug_frame   0x00000034       0x34 ./Application/User/Core/gpio.o
 .debug_frame   0x00000068       0x38 ./Application/User/Core/gtzc.o
 .debug_frame   0x000000a0       0x2c ./Application/User/Core/icache.o
 .debug_frame   0x000000cc      0x204 ./Application/User/Core/main.o
 .debug_frame   0x000002d0       0x34 ./Application/User/Core/stm32u5xx_hal_msp.o
 .debug_frame   0x00000304       0xf8 ./Application/User/Core/stm32u5xx_it.o
 .debug_frame   0x000003fc       0x50 ./Drivers/CMSIS/system_stm32u5xx.o
 .debug_frame   0x0000044c      0x608 ./Drivers/STM32U5xx_HAL_Driver/stm32u5xx_hal.o
 .debug_frame   0x00000a54      0x508 ./Drivers/STM32U5xx_HAL_Driver/stm32u5xx_hal_cortex.o
 .debug_frame   0x00000f5c      0x1e8 ./Drivers/STM32U5xx_HAL_Driver/stm32u5xx_hal_flash.o
 .debug_frame   0x00001144      0x33c ./Drivers/STM32U5xx_HAL_Driver/stm32u5xx_hal_flash_ex.o
 .debug_frame   0x00001480      0x1c0 ./Drivers/STM32U5xx_HAL_Driver/stm32u5xx_hal_gpio.o
 .debug_frame   0x00001640       0xe8 ./Drivers/STM32U5xx_HAL_Driver/stm32u5xx_hal_gtzc.o
 .debug_frame   0x00001728      0x260 ./Drivers/STM32U5xx_HAL_Driver/stm32u5xx_hal_icache.o
 .debug_frame   0x00001988      0x814 ./Drivers/STM32U5xx_HAL_Driver/stm32u5xx_hal_pwr_ex.o
 .debug_frame   0x0000219c      0x268 ./Drivers/STM32U5xx_HAL_Driver/stm32u5xx_hal_rcc.o
 .debug_frame   0x00002404      0x100 ../../Middlewares/ST/ARM/DSP/Lib\libarm_ARMv8MMLlfsp_math.a(arm_rfft_fast_init_f32.o)
 .debug_frame   0x00002504       0x20 ../../Middlewares/ST/ARM/DSP/Lib\libarm_ARMv8MMLlfsp_math.a(arm_sin_f32.o)
 .debug_frame   0x00002524       0x20 ../../Middlewares/ST/ARM/DSP/Lib\libarm_ARMv8MMLlfsp_math.a(arm_cos_f32.o)
 .debug_frame   0x00002544       0x38 ../../Middlewares/ST/ARM/DSP/Lib\libarm_ARMv8MMLlfsp_math.a(arm_cfft_init_f32.o)
 .debug_frame   0x0000257c      0x144 C:/ST/STM32CubeIDE_2.1.1/STM32CubeIDE/plugins/com.st.stm32cube.ide.mcu.externaltools.gnu-tools-for-stm32.14.3.rel1.win32_1.0.100.202602081740/tools/bin/../lib/gcc/arm-none-eabi/14.3.1/../../../../arm-none-eabi/lib/thumb/v8-m.main+fp/hard\libc_nano.a(libc_a-findfp.o)
 .debug_frame   0x000026c0       0x20 C:/ST/STM32CubeIDE_2.1.1/STM32CubeIDE/plugins/com.st.stm32cube.ide.mcu.externaltools.gnu-tools-for-stm32.14.3.rel1.win32_1.0.100.202602081740/tools/bin/../lib/gcc/arm-none-eabi/14.3.1/../../../../arm-none-eabi/lib/thumb/v8-m.main+fp/hard\libc_nano.a(libc_a-memset.o)
 .debug_frame   0x000026e0       0x20 C:/ST/STM32CubeIDE_2.1.1/STM32CubeIDE/plugins/com.st.stm32cube.ide.mcu.externaltools.gnu-tools-for-stm32.14.3.rel1.win32_1.0.100.202602081740/tools/bin/../lib/gcc/arm-none-eabi/14.3.1/../../../../arm-none-eabi/lib/thumb/v8-m.main+fp/hard\libc_nano.a(libc_a-errno.o)
 .debug_frame   0x00002700       0x2c C:/ST/STM32CubeIDE_2.1.1/STM32CubeIDE/plugins/com.st.stm32cube.ide.mcu.externaltools.gnu-tools-for-stm32.14.3.rel1.win32_1.0.100.202602081740/tools/bin/../lib/gcc/arm-none-eabi/14.3.1/../../../../arm-none-eabi/lib/thumb/v8-m.main+fp/hard\libc_nano.a(libc_a-init.o)
 .debug_frame   0x0000272c       0x44 C:/ST/STM32CubeIDE_2.1.1/STM32CubeIDE/plugins/com.st.stm32cube.ide.mcu.externaltools.gnu-tools-for-stm32.14.3.rel1.win32_1.0.100.202602081740/tools/bin/../lib/gcc/arm-none-eabi/14.3.1/../../../../arm-none-eabi/lib/thumb/v8-m.main+fp/hard\libm.a(libm_a-wf_sqrt.o)
 .debug_frame   0x00002770       0x20 C:/ST/STM32CubeIDE_2.1.1/STM32CubeIDE/plugins/com.st.stm32cube.ide.mcu.externaltools.gnu-tools-for-stm32.14.3.rel1.win32_1.0.100.202602081740/tools/bin/../lib/gcc/arm-none-eabi/14.3.1/../../../../arm-none-eabi/lib/thumb/v8-m.main+fp/hard\libm.a(libm_a-ef_sqrt.o)
 .debug_frame   0x00002790       0xac C:/ST/STM32CubeIDE_2.1.1/STM32CubeIDE/plugins/com.st.stm32cube.ide.mcu.externaltools.gnu-tools-for-stm32.14.3.rel1.win32_1.0.100.202602081740/tools/bin/../lib/gcc/arm-none-eabi/14.3.1/thumb/v8-m.main+fp/hard\libgcc.a(_arm_addsubdf3.o)
 .debug_frame   0x0000283c       0x50 C:/ST/STM32CubeIDE_2.1.1/STM32CubeIDE/plugins/com.st.stm32cube.ide.mcu.externaltools.gnu-tools-for-stm32.14.3.rel1.win32_1.0.100.202602081740/tools/bin/../lib/gcc/arm-none-eabi/14.3.1/thumb/v8-m.main+fp/hard\libgcc.a(_arm_muldivdf3.o)
 .debug_frame   0x0000288c       0x24 C:/ST/STM32CubeIDE_2.1.1/STM32CubeIDE/plugins/com.st.stm32cube.ide.mcu.externaltools.gnu-tools-for-stm32.14.3.rel1.win32_1.0.100.202602081740/tools/bin/../lib/gcc/arm-none-eabi/14.3.1/thumb/v8-m.main+fp/hard\libgcc.a(_arm_truncdfsf2.o)

.debug_line_str
                0x00000000       0x78
 .debug_line_str
                0x00000000       0x78 ./Application/User/Startup/startup_stm32u5a5zjtxq.o

.debug_loc      0x00000000      0x8fb
 .debug_loc     0x00000000      0x519 ../../Middlewares/ST/ARM/DSP/Lib\libarm_ARMv8MMLlfsp_math.a(arm_rfft_fast_init_f32.o)
 .debug_loc     0x00000519       0xfa ../../Middlewares/ST/ARM/DSP/Lib\libarm_ARMv8MMLlfsp_math.a(arm_sin_f32.o)
 .debug_loc     0x00000613       0xfa ../../Middlewares/ST/ARM/DSP/Lib\libarm_ARMv8MMLlfsp_math.a(arm_cos_f32.o)
 .debug_loc     0x0000070d      0x1ee ../../Middlewares/ST/ARM/DSP/Lib\libarm_ARMv8MMLlfsp_math.a(arm_cfft_init_f32.o)

.debug_ranges   0x00000000       0x80
 .debug_ranges  0x00000000       0x50 ../../Middlewares/ST/ARM/DSP/Lib\libarm_ARMv8MMLlfsp_math.a(arm_rfft_fast_init_f32.o)
 .debug_ranges  0x00000050       0x10 ../../Middlewares/ST/ARM/DSP/Lib\libarm_ARMv8MMLlfsp_math.a(arm_sin_f32.o)
 .debug_ranges  0x00000060       0x10 ../../Middlewares/ST/ARM/DSP/Lib\libarm_ARMv8MMLlfsp_math.a(arm_cos_f32.o)
 .debug_ranges  0x00000070       0x10 ../../Middlewares/ST/ARM/DSP/Lib\libarm_ARMv8MMLlfsp_math.a(arm_cfft_init_f32.o)
