../SD-Karte/Src/user_diskio_spi.c:97:6:SPI_Timer_On	16	static
../SD-Karte/Src/user_diskio_spi.c:102:9:SPI_Timer_Status	8	static
../SD-Karte/Src/user_diskio_spi.c:112:6:xchg_spi	32	static
../SD-Karte/Src/user_diskio_spi.c:124:6:rcvr_spi_multi	32	static
../SD-Karte/Src/user_diskio_spi.c:138:6:xmit_spi_multi	16	static
../SD-Karte/Src/user_diskio_spi.c:153:5:wait_ready	32	static
../SD-Karte/Src/user_diskio_spi.c:183:6:despiselect	8	static
../SD-Karte/Src/user_diskio_spi.c:197:5:spiselect	8	static
../SD-Karte/Src/user_diskio_spi.c:214:5:rcvr_datablock	24	static
../SD-Karte/Src/user_diskio_spi.c:243:5:xmit_datablock	24	static
../SD-Karte/Src/user_diskio_spi.c:271:6:send_cmd	24	static
../SD-Karte/Src/user_diskio_spi.c:330:16:USER_SPI_initialize	32	static
../SD-Karte/Src/user_diskio_spi.c:386:16:USER_SPI_status	16	static
../SD-Karte/Src/user_diskio_spi.c:401:16:USER_SPI_read	24	static
../SD-Karte/Src/user_diskio_spi.c:440:16:USER_SPI_write	24	static
../SD-Karte/Src/user_diskio_spi.c:481:16:USER_SPI_ioctl	56	static
