C:/Users/raphael.baumeler/workspace_STM/207_Monitoringsystem_SD-Karte/STM32CubeIDE/Funktionen/Inc/complex.h:29:9:complex_add	48	static
C:/Users/raphael.baumeler/workspace_STM/207_Monitoringsystem_SD-Karte/STM32CubeIDE/Funktionen/Inc/complex.h:43:9:complex_sub	48	static
C:/Users/raphael.baumeler/workspace_STM/207_Monitoringsystem_SD-Karte/STM32CubeIDE/Funktionen/Inc/complex.h:57:9:complex_mul	48	static
C:/Users/raphael.baumeler/workspace_STM/207_Monitoringsystem_SD-Karte/STM32CubeIDE/Funktionen/Inc/complex.h:70:9:complex_exp	40	static
C:/Users/raphael.baumeler/workspace_STM/207_Monitoringsystem_SD-Karte/STM32CubeIDE/Funktionen/Inc/complex.h:83:6:scale	24	static
C:/Users/raphael.baumeler/workspace_STM/207_Monitoringsystem_SD-Karte/STM32CubeIDE/Funktionen/Inc/complex.h:97:6:abs_val	48	static
C:/Users/raphael.baumeler/workspace_STM/207_Monitoringsystem_SD-Karte/STM32CubeIDE/Funktionen/Inc/complex.h:113:6:make_complex	32	static
C:/Users/raphael.baumeler/workspace_STM/207_Monitoringsystem_SD-Karte/STM32CubeIDE/Funktionen/Inc/fft.h:29:6:dft	56	static
C:/Users/raphael.baumeler/workspace_STM/207_Monitoringsystem_SD-Karte/STM32CubeIDE/Funktionen/Inc/fft.h:56:6:fft	104	dynamic
C:/Users/raphael.baumeler/workspace_STM/207_Monitoringsystem_SD-Karte/STM32CubeIDE/Funktionen/Inc/fft.h:94:6:calc_voltage	48	static
C:/Users/raphael.baumeler/workspace_STM/207_Monitoringsystem_SD-Karte/STM32CubeIDE/Funktionen/Inc/fft.h:108:11:get_array_max	64	static
C:/Users/raphael.baumeler/workspace_STM/207_Monitoringsystem_SD-Karte/STM32CubeIDE/Funktionen/Inc/analogOut.h:33:6:XTR111_SetCurrent	40	static
C:/Users/raphael.baumeler/workspace_STM/207_Monitoringsystem_SD-Karte/STM32CubeIDE/Funktionen/Inc/analogOut.h:76:6:XTR111_SetPercent	32	static
C:/Users/raphael.baumeler/workspace_STM/207_Monitoringsystem_SD-Karte/STM32CubeIDE/Funktionen/Inc/statemachine.h:114:6:StateMachine	320	static
C:/Users/raphael.baumeler/workspace_STM/207_Monitoringsystem_SD-Karte/Core/Src/main.c:139:5:main	1136	static
C:/Users/raphael.baumeler/workspace_STM/207_Monitoringsystem_SD-Karte/Core/Src/main.c:240:6:SystemClock_Config	128	static
C:/Users/raphael.baumeler/workspace_STM/207_Monitoringsystem_SD-Karte/Core/Src/main.c:294:13:SystemPower_Config	8	static
C:/Users/raphael.baumeler/workspace_STM/207_Monitoringsystem_SD-Karte/Core/Src/main.c:316:6:HAL_ADC_ConvCpltCallback	16	static
C:/Users/raphael.baumeler/workspace_STM/207_Monitoringsystem_SD-Karte/Core/Src/main.c:353:6:HAL_TIM_PeriodElapsedCallback	16	static
C:/Users/raphael.baumeler/workspace_STM/207_Monitoringsystem_SD-Karte/Core/Src/main.c:358:6:HAL_GPIO_EXTI_Rising_Callback	16	static
C:/Users/raphael.baumeler/workspace_STM/207_Monitoringsystem_SD-Karte/Core/Src/main.c:379:6:MPU_Config	32	static
C:/Users/raphael.baumeler/workspace_STM/207_Monitoringsystem_SD-Karte/Core/Src/main.c:433:6:Error_Handler	4	static,ignoring_inline_asm
