../../Drivers/CMSIS/Include/core_cm33.h:3212:26:ITM_SendChar	4
C:/Users/raphael.baumeler/workspace_STM/207_Monitoringsystem_SD-Karte/STM32CubeIDE/Funktionen/complex.h:29:9:complex_add	1
C:/Users/raphael.baumeler/workspace_STM/207_Monitoringsystem_SD-Karte/STM32CubeIDE/Funktionen/complex.h:43:9:complex_sub	1
C:/Users/raphael.baumeler/workspace_STM/207_Monitoringsystem_SD-Karte/STM32CubeIDE/Funktionen/complex.h:57:9:complex_mul	1
C:/Users/raphael.baumeler/workspace_STM/207_Monitoringsystem_SD-Karte/STM32CubeIDE/Funktionen/complex.h:70:9:complex_exp	1
C:/Users/raphael.baumeler/workspace_STM/207_Monitoringsystem_SD-Karte/STM32CubeIDE/Funktionen/complex.h:83:6:scale	2
C:/Users/raphael.baumeler/workspace_STM/207_Monitoringsystem_SD-Karte/STM32CubeIDE/Funktionen/complex.h:97:6:abs_val	3
C:/Users/raphael.baumeler/workspace_STM/207_Monitoringsystem_SD-Karte/STM32CubeIDE/Funktionen/complex.h:113:6:make_complex	2
C:/Users/raphael.baumeler/workspace_STM/207_Monitoringsystem_SD-Karte/STM32CubeIDE/Funktionen/fft.h:29:6:dft	3
C:/Users/raphael.baumeler/workspace_STM/207_Monitoringsystem_SD-Karte/STM32CubeIDE/Funktionen/fft.h:56:6:fft	4
C:/Users/raphael.baumeler/workspace_STM/207_Monitoringsystem_SD-Karte/STM32CubeIDE/Funktionen/fft.h:94:6:calc_voltage	2
C:/Users/raphael.baumeler/workspace_STM/207_Monitoringsystem_SD-Karte/STM32CubeIDE/Funktionen/fft.h:108:11:get_array_max	3
C:/Users/raphael.baumeler/workspace_STM/207_Monitoringsystem_SD-Karte/STM32CubeIDE/Funktionen/konsole.h:26:5:_write	2
C:/Users/raphael.baumeler/workspace_STM/207_Monitoringsystem_SD-Karte/STM32CubeIDE/Funktionen/konsole.h:43:6:_print_SWV	1
C:/Users/raphael.baumeler/workspace_STM/207_Monitoringsystem_SD-Karte/STM32CubeIDE/Funktionen/konsole.h:52:6:_print_PuTTY	2
C:/Users/raphael.baumeler/workspace_STM/207_Monitoringsystem_SD-Karte/STM32CubeIDE/Funktionen/analogOut.h:32:6:XTR111_SetCurrent	3
C:/Users/raphael.baumeler/workspace_STM/207_Monitoringsystem_SD-Karte/STM32CubeIDE/Funktionen/analogOut.h:67:6:XTR111_SetPercent	3
C:/Users/raphael.baumeler/workspace_STM/207_Monitoringsystem_SD-Karte/STM32CubeIDE/Funktionen/statemachine.h:114:6:StateMachine	10
C:/Users/raphael.baumeler/workspace_STM/207_Monitoringsystem_SD-Karte/Core/Src/main.c:135:5:main	2
C:/Users/raphael.baumeler/workspace_STM/207_Monitoringsystem_SD-Karte/Core/Src/main.c:217:6:SystemClock_Config	4
C:/Users/raphael.baumeler/workspace_STM/207_Monitoringsystem_SD-Karte/Core/Src/main.c:271:13:SystemPower_Config	2
C:/Users/raphael.baumeler/workspace_STM/207_Monitoringsystem_SD-Karte/Core/Src/main.c:293:6:HAL_ADC_ConvCpltCallback	5
C:/Users/raphael.baumeler/workspace_STM/207_Monitoringsystem_SD-Karte/Core/Src/main.c:330:6:HAL_TIM_PeriodElapsedCallback	1
C:/Users/raphael.baumeler/workspace_STM/207_Monitoringsystem_SD-Karte/Core/Src/main.c:335:6:HAL_GPIO_EXTI_Rising_Callback	1
C:/Users/raphael.baumeler/workspace_STM/207_Monitoringsystem_SD-Karte/Core/Src/main.c:356:6:MPU_Config	1
C:/Users/raphael.baumeler/workspace_STM/207_Monitoringsystem_SD-Karte/Core/Src/main.c:410:6:Error_Handler	1
