../../Drivers/CMSIS/Include/core_cm33.h:3212:26:ITM_SendChar	16	static,ignoring_inline_asm
C:/Users/raphael.baumeler/workspace_STM/205_ADC/STM32CubeIDE/FFT/complex.h:23:9:complex_add	48	static
C:/Users/raphael.baumeler/workspace_STM/205_ADC/STM32CubeIDE/FFT/complex.h:33:9:complex_sub	48	static
C:/Users/raphael.baumeler/workspace_STM/205_ADC/STM32CubeIDE/FFT/complex.h:43:9:complex_mul	48	static
C:/Users/raphael.baumeler/workspace_STM/205_ADC/STM32CubeIDE/FFT/complex.h:53:9:complex_exp	40	static
C:/Users/raphael.baumeler/workspace_STM/205_ADC/STM32CubeIDE/FFT/complex.h:63:6:scale	24	static
C:/Users/raphael.baumeler/workspace_STM/205_ADC/STM32CubeIDE/FFT/complex.h:74:6:abs_val	48	static
C:/Users/raphael.baumeler/workspace_STM/205_ADC/STM32CubeIDE/FFT/complex.h:87:6:make_complex	32	static
C:/Users/raphael.baumeler/workspace_STM/205_ADC/STM32CubeIDE/FFT/fft.h:15:6:dft	56	static
C:/Users/raphael.baumeler/workspace_STM/205_ADC/STM32CubeIDE/FFT/fft.h:40:6:fft	104	dynamic
C:/Users/raphael.baumeler/workspace_STM/205_ADC/Core/Src/main.c:85:6:calc_voltage	24	static
C:/Users/raphael.baumeler/workspace_STM/205_ADC/Core/Src/main.c:99:6:HAL_ADC_ConvCpltCallback	16	static
C:/Users/raphael.baumeler/workspace_STM/205_ADC/Core/Src/main.c:132:6:HAL_TIM_PeriodElapsedCallback	16	static
C:/Users/raphael.baumeler/workspace_STM/205_ADC/Core/Src/main.c:140:6:HAL_GPIO_EXTI_Rising_Callback	16	static
C:/Users/raphael.baumeler/workspace_STM/205_ADC/Core/Src/main.c:160:5:main	8	static
C:/Users/raphael.baumeler/workspace_STM/205_ADC/Core/Src/main.c:252:6:SystemClock_Config	128	static
C:/Users/raphael.baumeler/workspace_STM/205_ADC/Core/Src/main.c:307:13:SystemPower_Config	8	static
C:/Users/raphael.baumeler/workspace_STM/205_ADC/Core/Src/main.c:328:6:_print	16	static
C:/Users/raphael.baumeler/workspace_STM/205_ADC/Core/Src/main.c:333:5:_write	32	static
C:/Users/raphael.baumeler/workspace_STM/205_ADC/Core/Src/main.c:348:6:MPU_Config	32	static
C:/Users/raphael.baumeler/workspace_STM/205_ADC/Core/Src/main.c:402:6:Error_Handler	4	static,ignoring_inline_asm
