C:/Users/raphael.baumeler/workspace_STM/205_ADC/Core/Src/stm32u5xx_it.c:73:6:NMI_Handler	4	static
C:/Users/raphael.baumeler/workspace_STM/205_ADC/Core/Src/stm32u5xx_it.c:88:6:HardFault_Handler	4	static
C:/Users/raphael.baumeler/workspace_STM/205_ADC/Core/Src/stm32u5xx_it.c:102:6:MemManage_Handler	4	static
C:/Users/raphael.baumeler/workspace_STM/205_ADC/Core/Src/stm32u5xx_it.c:117:6:BusFault_Handler	4	static
C:/Users/raphael.baumeler/workspace_STM/205_ADC/Core/Src/stm32u5xx_it.c:132:6:UsageFault_Handler	4	static
C:/Users/raphael.baumeler/workspace_STM/205_ADC/Core/Src/stm32u5xx_it.c:147:6:SVC_Handler	4	static
C:/Users/raphael.baumeler/workspace_STM/205_ADC/Core/Src/stm32u5xx_it.c:160:6:DebugMon_Handler	4	static
C:/Users/raphael.baumeler/workspace_STM/205_ADC/Core/Src/stm32u5xx_it.c:173:6:PendSV_Handler	4	static
C:/Users/raphael.baumeler/workspace_STM/205_ADC/Core/Src/stm32u5xx_it.c:186:6:SysTick_Handler	8	static
C:/Users/raphael.baumeler/workspace_STM/205_ADC/Core/Src/stm32u5xx_it.c:207:6:EXTI13_IRQHandler	8	static
C:/Users/raphael.baumeler/workspace_STM/205_ADC/Core/Src/stm32u5xx_it.c:221:6:ADC1_2_IRQHandler	8	static
C:/Users/raphael.baumeler/workspace_STM/205_ADC/Core/Src/stm32u5xx_it.c:235:6:TIM3_IRQHandler	8	static
C:/Users/raphael.baumeler/workspace_STM/205_ADC/Core/Src/stm32u5xx_it.c:249:6:GPDMA1_Channel15_IRQHandler	8	static
