../src/dispatcher_stm32g4xx.c:50:6:DISPR_sinit	0	static
../src/dispatcher_stm32g4xx.c:61:6:DISPR_configure	12	static,ignoring_inline_asm
../src/dispatcher_stm32g4xx.c:80:6:DISPR_registerIdleTask	0	static
../src/dispatcher_stm32g4xx.c:86:6:DISPR_registerSyncCallback	0	static
../src/dispatcher_stm32g4xx.c:92:6:DISPR_registerEnableInterrupt	0	static
../src/dispatcher_stm32g4xx.c:98:6:DISPR_setPowerupDelay	0	static
../src/dispatcher_stm32g4xx.c:104:6:DISPR_reset	0	static
../src/dispatcher_stm32g4xx.c:115:6:DISPR_registerTask	16	static,ignoring_inline_asm
../src/dispatcher_stm32g4xx.c:236:6:DISPR_start	40	static,ignoring_inline_asm
../src/dispatcher_stm32g4xx.c:296:6:DISPR_sampleScopes	8	static
../src/dispatcher_stm32g4xx.c:306:6:DISPR_dispatch	16	static,ignoring_inline_asm
../src/dispatcher_stm32g4xx.c:383:19:HAL_InitTick	16	static
../src/dispatcher_stm32g4xx.c:417:6:HAL_SuspendTick	0	static
../src/dispatcher_stm32g4xx.c:423:6:HAL_ResumeTick	0	static
../src/dispatcher_stm32g4xx.c:433:6:TIM7_DAC_IRQHandler	0	static
