../src/hrtim_stm32g4xx.c:31:6:PLX_HRTIM_sinit	16	static
../src/hrtim_stm32g4xx.c:51:19:getSObjPtr	0	static
../src/hrtim_stm32g4xx.c:56:20:PLX_HRTIM_init	4	static
../src/hrtim_stm32g4xx.c:85:6:PLX_HRTIM_setup	0	static,ignoring_inline_asm
../src/hrtim_stm32g4xx.c:105:6:PLX_HRTIM_timerSetup	8	static,ignoring_inline_asm
../src/hrtim_stm32g4xx.c:145:6:PLX_HRTIM_addPwmChannel	4	static,ignoring_inline_asm
../src/hrtim_stm32g4xx.c:162:6:PLX_HRTIM_start	0	static
../src/hrtim_stm32g4xx.c:168:6:PLX_HRTIM_enableRepIT	0	static,ignoring_inline_asm
../src/hrtim_stm32g4xx.c:175:6:PLX_HRTIM_enablePwmOutput	4	static
../src/hrtim_stm32g4xx.c:182:6:PLX_HRTIM_disablePwmOutput	0	static
../src/hrtim_stm32g4xx.c:194:6:PLX_HRTIM_enablePwmOutputByMaster	0	static
../src/hrtim_stm32g4xx.c:200:6:PLX_HRTIM_disablePwmOutputByMaster	4	static
../src/hrtim_stm32g4xx.c:207:6:PLX_HRTIM_pwmOutputIsEnabled	0	static
../src/hrtim_stm32g4xx.c:227:6:PLX_HRTIM_activateForcePwmChannelOff	4	static,ignoring_inline_asm
../src/hrtim_stm32g4xx.c:235:6:PLX_HRTIM_releaseForcePwmChannelOff	4	static,ignoring_inline_asm
