C:/Users/raphael.baumeler/workspace_STM/200_Pinbelegung/Core/Src/main.c:78:5:main	8	static
C:/Users/raphael.baumeler/workspace_STM/200_Pinbelegung/Core/Src/main.c:144:6:SystemClock_Config	128	static
C:/Users/raphael.baumeler/workspace_STM/200_Pinbelegung/Core/Src/main.c:188:13:SystemPower_Config	8	static
C:/Users/raphael.baumeler/workspace_STM/200_Pinbelegung/Core/Src/main.c:214:6:MPU_Config	32	static
C:/Users/raphael.baumeler/workspace_STM/200_Pinbelegung/Core/Src/main.c:269:6:Error_Handler	4	static,ignoring_inline_asm
