C:/Users/raphael.baumeler/workspace_STM/200_Pinbelegung/Core/Src/stm32u5xx_it.c:69:6:NMI_Handler	4	static
C:/Users/raphael.baumeler/workspace_STM/200_Pinbelegung/Core/Src/stm32u5xx_it.c:84:6:HardFault_Handler	4	static
C:/Users/raphael.baumeler/workspace_STM/200_Pinbelegung/Core/Src/stm32u5xx_it.c:98:6:MemManage_Handler	4	static
C:/Users/raphael.baumeler/workspace_STM/200_Pinbelegung/Core/Src/stm32u5xx_it.c:113:6:BusFault_Handler	4	static
C:/Users/raphael.baumeler/workspace_STM/200_Pinbelegung/Core/Src/stm32u5xx_it.c:128:6:UsageFault_Handler	4	static
C:/Users/raphael.baumeler/workspace_STM/200_Pinbelegung/Core/Src/stm32u5xx_it.c:143:6:SVC_Handler	4	static
C:/Users/raphael.baumeler/workspace_STM/200_Pinbelegung/Core/Src/stm32u5xx_it.c:156:6:DebugMon_Handler	4	static
C:/Users/raphael.baumeler/workspace_STM/200_Pinbelegung/Core/Src/stm32u5xx_it.c:169:6:PendSV_Handler	4	static
C:/Users/raphael.baumeler/workspace_STM/200_Pinbelegung/Core/Src/stm32u5xx_it.c:182:6:SysTick_Handler	8	static
