../../Drivers/CMSIS/Include/core_cm33.h:3212:26:ITM_SendChar	16	static,ignoring_inline_asm
C:/Users/raphael.baumeler/workspace_STM/209_Monitoringsystem_Matlab/STM32CubeIDE/Funktionen/complex.h:29:9:complex_add	48	static
C:/Users/raphael.baumeler/workspace_STM/209_Monitoringsystem_Matlab/STM32CubeIDE/Funktionen/complex.h:43:9:complex_sub	48	static
C:/Users/raphael.baumeler/workspace_STM/209_Monitoringsystem_Matlab/STM32CubeIDE/Funktionen/complex.h:57:9:complex_mul	48	static
C:/Users/raphael.baumeler/workspace_STM/209_Monitoringsystem_Matlab/STM32CubeIDE/Funktionen/complex.h:70:9:complex_exp	40	static
C:/Users/raphael.baumeler/workspace_STM/209_Monitoringsystem_Matlab/STM32CubeIDE/Funktionen/complex.h:83:6:scale	24	static
C:/Users/raphael.baumeler/workspace_STM/209_Monitoringsystem_Matlab/STM32CubeIDE/Funktionen/complex.h:97:6:abs_val	48	static
C:/Users/raphael.baumeler/workspace_STM/209_Monitoringsystem_Matlab/STM32CubeIDE/Funktionen/complex.h:113:6:make_complex	32	static
C:/Users/raphael.baumeler/workspace_STM/209_Monitoringsystem_Matlab/STM32CubeIDE/Funktionen/fft.h:29:6:dft	56	static
C:/Users/raphael.baumeler/workspace_STM/209_Monitoringsystem_Matlab/STM32CubeIDE/Funktionen/fft.h:56:6:fft	104	dynamic
C:/Users/raphael.baumeler/workspace_STM/209_Monitoringsystem_Matlab/STM32CubeIDE/Funktionen/fft.h:94:6:calc_voltage	48	static
C:/Users/raphael.baumeler/workspace_STM/209_Monitoringsystem_Matlab/STM32CubeIDE/Funktionen/fft.h:108:11:get_array_max	64	static
C:/Users/raphael.baumeler/workspace_STM/209_Monitoringsystem_Matlab/STM32CubeIDE/Funktionen/konsole.h:26:5:_write	32	static
C:/Users/raphael.baumeler/workspace_STM/209_Monitoringsystem_Matlab/STM32CubeIDE/Funktionen/konsole.h:43:6:_print_SWV	16	static
C:/Users/raphael.baumeler/workspace_STM/209_Monitoringsystem_Matlab/STM32CubeIDE/Funktionen/konsole.h:52:6:_print_PuTTY	536	static
C:/Users/raphael.baumeler/workspace_STM/209_Monitoringsystem_Matlab/STM32CubeIDE/Funktionen/analogOut.h:32:6:XTR111_SetCurrent	40	static
C:/Users/raphael.baumeler/workspace_STM/209_Monitoringsystem_Matlab/STM32CubeIDE/Funktionen/analogOut.h:67:6:XTR111_SetPercent	32	static
C:/Users/raphael.baumeler/workspace_STM/209_Monitoringsystem_Matlab/STM32CubeIDE/Funktionen/statemachine.h:114:6:StateMachine	320	static
C:/Users/raphael.baumeler/workspace_STM/209_Monitoringsystem_Matlab/Core/Src/main.c:134:5:main	8	static
C:/Users/raphael.baumeler/workspace_STM/209_Monitoringsystem_Matlab/Core/Src/main.c:204:6:SystemClock_Config	128	static
C:/Users/raphael.baumeler/workspace_STM/209_Monitoringsystem_Matlab/Core/Src/main.c:258:13:SystemPower_Config	8	static
C:/Users/raphael.baumeler/workspace_STM/209_Monitoringsystem_Matlab/Core/Src/main.c:280:6:HAL_ADC_ConvCpltCallback	16	static
C:/Users/raphael.baumeler/workspace_STM/209_Monitoringsystem_Matlab/Core/Src/main.c:317:6:HAL_TIM_PeriodElapsedCallback	16	static
C:/Users/raphael.baumeler/workspace_STM/209_Monitoringsystem_Matlab/Core/Src/main.c:322:6:HAL_GPIO_EXTI_Rising_Callback	16	static
C:/Users/raphael.baumeler/workspace_STM/209_Monitoringsystem_Matlab/Core/Src/main.c:343:6:MPU_Config	32	static
C:/Users/raphael.baumeler/workspace_STM/209_Monitoringsystem_Matlab/Core/Src/main.c:397:6:Error_Handler	4	static,ignoring_inline_asm
