Archive member included to satisfy reference by file (symbol)

../../Middlewares/ST/ARM/DSP/Lib\libarm_ARMv8MMLlfsp_math.a(arm_sin_f32.o)
                              ./Application/User/Core/main.o (arm_sin_f32)
../../Middlewares/ST/ARM/DSP/Lib\libarm_ARMv8MMLlfsp_math.a(arm_cos_f32.o)
                              ./Application/User/Core/main.o (arm_cos_f32)
../../Middlewares/ST/ARM/DSP/Lib\libarm_ARMv8MMLlfsp_math.a(arm_common_tables.o)
                              ../../Middlewares/ST/ARM/DSP/Lib\libarm_ARMv8MMLlfsp_math.a(arm_sin_f32.o) (sinTable_f32)
C:/ST/STM32CubeIDE_2.1.1/STM32CubeIDE/plugins/com.st.stm32cube.ide.mcu.externaltools.gnu-tools-for-stm32.14.3.rel1.win32_1.0.100.202602081740/tools/bin/../lib/gcc/arm-none-eabi/14.3.1/../../../../arm-none-eabi/lib/thumb/v8-m.main+fp/hard\libc_nano.a(libc_a-exit.o)
                              C:/ST/STM32CubeIDE_2.1.1/STM32CubeIDE/plugins/com.st.stm32cube.ide.mcu.externaltools.gnu-tools-for-stm32.14.3.rel1.win32_1.0.100.202602081740/tools/bin/../lib/gcc/arm-none-eabi/14.3.1/../../../../arm-none-eabi/lib/thumb/v8-m.main+fp/hard/crt0.o (exit)
C:/ST/STM32CubeIDE_2.1.1/STM32CubeIDE/plugins/com.st.stm32cube.ide.mcu.externaltools.gnu-tools-for-stm32.14.3.rel1.win32_1.0.100.202602081740/tools/bin/../lib/gcc/arm-none-eabi/14.3.1/../../../../arm-none-eabi/lib/thumb/v8-m.main+fp/hard\libc_nano.a(libc_a-nano-vfprintf_float.o)
                              (_printf_float)
C:/ST/STM32CubeIDE_2.1.1/STM32CubeIDE/plugins/com.st.stm32cube.ide.mcu.externaltools.gnu-tools-for-stm32.14.3.rel1.win32_1.0.100.202602081740/tools/bin/../lib/gcc/arm-none-eabi/14.3.1/../../../../arm-none-eabi/lib/thumb/v8-m.main+fp/hard\libc_nano.a(libc_a-nano-vfprintf_i.o)
                              C:/ST/STM32CubeIDE_2.1.1/STM32CubeIDE/plugins/com.st.stm32cube.ide.mcu.externaltools.gnu-tools-for-stm32.14.3.rel1.win32_1.0.100.202602081740/tools/bin/../lib/gcc/arm-none-eabi/14.3.1/../../../../arm-none-eabi/lib/thumb/v8-m.main+fp/hard\libc_nano.a(libc_a-nano-vfprintf_float.o) (_printf_common)
C:/ST/STM32CubeIDE_2.1.1/STM32CubeIDE/plugins/com.st.stm32cube.ide.mcu.externaltools.gnu-tools-for-stm32.14.3.rel1.win32_1.0.100.202602081740/tools/bin/../lib/gcc/arm-none-eabi/14.3.1/../../../../arm-none-eabi/lib/thumb/v8-m.main+fp/hard\libc_nano.a(libc_a-findfp.o)
                              C:/ST/STM32CubeIDE_2.1.1/STM32CubeIDE/plugins/com.st.stm32cube.ide.mcu.externaltools.gnu-tools-for-stm32.14.3.rel1.win32_1.0.100.202602081740/tools/bin/../lib/gcc/arm-none-eabi/14.3.1/../../../../arm-none-eabi/lib/thumb/v8-m.main+fp/hard\libc_nano.a(libc_a-exit.o) (__stdio_exit_handler)
C:/ST/STM32CubeIDE_2.1.1/STM32CubeIDE/plugins/com.st.stm32cube.ide.mcu.externaltools.gnu-tools-for-stm32.14.3.rel1.win32_1.0.100.202602081740/tools/bin/../lib/gcc/arm-none-eabi/14.3.1/../../../../arm-none-eabi/lib/thumb/v8-m.main+fp/hard\libc_nano.a(libc_a-fwalk.o)
                              C:/ST/STM32CubeIDE_2.1.1/STM32CubeIDE/plugins/com.st.stm32cube.ide.mcu.externaltools.gnu-tools-for-stm32.14.3.rel1.win32_1.0.100.202602081740/tools/bin/../lib/gcc/arm-none-eabi/14.3.1/../../../../arm-none-eabi/lib/thumb/v8-m.main+fp/hard\libc_nano.a(libc_a-findfp.o) (_fwalk_sglue)
C:/ST/STM32CubeIDE_2.1.1/STM32CubeIDE/plugins/com.st.stm32cube.ide.mcu.externaltools.gnu-tools-for-stm32.14.3.rel1.win32_1.0.100.202602081740/tools/bin/../lib/gcc/arm-none-eabi/14.3.1/../../../../arm-none-eabi/lib/thumb/v8-m.main+fp/hard\libc_nano.a(libc_a-sprintf.o)
                              ./Application/User/Core/main.o (sprintf)
C:/ST/STM32CubeIDE_2.1.1/STM32CubeIDE/plugins/com.st.stm32cube.ide.mcu.externaltools.gnu-tools-for-stm32.14.3.rel1.win32_1.0.100.202602081740/tools/bin/../lib/gcc/arm-none-eabi/14.3.1/../../../../arm-none-eabi/lib/thumb/v8-m.main+fp/hard\libc_nano.a(libc_a-stdio.o)
                              C:/ST/STM32CubeIDE_2.1.1/STM32CubeIDE/plugins/com.st.stm32cube.ide.mcu.externaltools.gnu-tools-for-stm32.14.3.rel1.win32_1.0.100.202602081740/tools/bin/../lib/gcc/arm-none-eabi/14.3.1/../../../../arm-none-eabi/lib/thumb/v8-m.main+fp/hard\libc_nano.a(libc_a-findfp.o) (__sread)
C:/ST/STM32CubeIDE_2.1.1/STM32CubeIDE/plugins/com.st.stm32cube.ide.mcu.externaltools.gnu-tools-for-stm32.14.3.rel1.win32_1.0.100.202602081740/tools/bin/../lib/gcc/arm-none-eabi/14.3.1/../../../../arm-none-eabi/lib/thumb/v8-m.main+fp/hard\libc_nano.a(libc_a-memset.o)
                              C:/ST/STM32CubeIDE_2.1.1/STM32CubeIDE/plugins/com.st.stm32cube.ide.mcu.externaltools.gnu-tools-for-stm32.14.3.rel1.win32_1.0.100.202602081740/tools/bin/../lib/gcc/arm-none-eabi/14.3.1/../../../../arm-none-eabi/lib/thumb/v8-m.main+fp/hard/crt0.o (memset)
C:/ST/STM32CubeIDE_2.1.1/STM32CubeIDE/plugins/com.st.stm32cube.ide.mcu.externaltools.gnu-tools-for-stm32.14.3.rel1.win32_1.0.100.202602081740/tools/bin/../lib/gcc/arm-none-eabi/14.3.1/../../../../arm-none-eabi/lib/thumb/v8-m.main+fp/hard\libc_nano.a(libc_a-localeconv.o)
[...]
Memory Configuration

Name             Origin             Length             Attributes
FLASH            0x08000000         0x00400000         xr
RAM              0x20000000         0x00270000         xrw
*default*        0x00000000         0xffffffff

Linker script and memory map

LOAD C:/ST/STM32CubeIDE_2.1.1/STM32CubeIDE/plugins/com.st.stm32cube.ide.mcu.externaltools.gnu-tools-for-stm32.14.3.rel1.win32_1.0.100.202602081740/tools/bin/../lib/gcc/arm-none-eabi/14.3.1/thumb/v8-m.main+fp/hard/crti.o
LOAD C:/ST/STM32CubeIDE_2.1.1/STM32CubeIDE/plugins/com.st.stm32cube.ide.mcu.externaltools.gnu-tools-for-stm32.14.3.rel1.win32_1.0.100.202602081740/tools/bin/../lib/gcc/arm-none-eabi/14.3.1/thumb/v8-m.main+fp/hard/crtbegin.o
LOAD C:/ST/STM32CubeIDE_2.1.1/STM32CubeIDE/plugins/com.st.stm32cube.ide.mcu.externaltools.gnu-tools-for-stm32.14.3.rel1.win32_1.0.100.202602081740/tools/bin/../lib/gcc/arm-none-eabi/14.3.1/../../../../arm-none-eabi/lib/thumb/v8-m.main+fp/hard/crt0.o
LOAD ./Application/User/Core/adc.o
LOAD ./Application/User/Core/comp.o
LOAD ./Application/User/Core/dac.o
LOAD ./Application/User/Core/fdcan.o
LOAD ./Application/User/Core/flash.o
LOAD ./Application/User/Core/gpdma.o
LOAD ./Application/User/Core/gpio.o
LOAD ./Application/User/Core/gtzc.o
LOAD ./Application/User/Core/icache.o
LOAD ./Application/User/Core/main.o
LOAD ./Application/User/Core/spi.o
LOAD ./Application/User/Core/stm32u5xx_hal_msp.o
LOAD ./Application/User/Core/stm32u5xx_it.o
LOAD ./Application/User/Core/syscalls.o
LOAD ./Application/User/Core/sysmem.o
LOAD ./Application/User/Core/tim.o
LOAD ./Application/User/Core/usart.o
LOAD ./Application/User/Startup/startup_stm32u5a5zjtxq.o
LOAD ./Drivers/CMSIS/system_stm32u5xx.o
LOAD ./Drivers/STM32U5xx_HAL_Driver/stm32u5xx_hal.o
LOAD ./Drivers/STM32U5xx_HAL_Driver/stm32u5xx_hal_adc.o
LOAD ./Drivers/STM32U5xx_HAL_Driver/stm32u5xx_hal_adc_ex.o
LOAD ./Drivers/STM32U5xx_HAL_Driver/stm32u5xx_hal_comp.o
LOAD ./Drivers/STM32U5xx_HAL_Driver/stm32u5xx_hal_cortex.o
LOAD ./Drivers/STM32U5xx_HAL_Driver/stm32u5xx_hal_dac.o
LOAD ./Drivers/STM32U5xx_HAL_Driver/stm32u5xx_hal_dac_ex.o
LOAD ./Drivers/STM32U5xx_HAL_Driver/stm32u5xx_hal_dma.o
LOAD ./Drivers/STM32U5xx_HAL_Driver/stm32u5xx_hal_dma_ex.o
LOAD ./Drivers/STM32U5xx_HAL_Driver/stm32u5xx_hal_exti.o
LOAD ./Drivers/STM32U5xx_HAL_Driver/stm32u5xx_hal_fdcan.o
LOAD ./Drivers/STM32U5xx_HAL_Driver/stm32u5xx_hal_flash.o
LOAD ./Drivers/STM32U5xx_HAL_Driver/stm32u5xx_hal_flash_ex.o
LOAD ./Drivers/STM32U5xx_HAL_Driver/stm32u5xx_hal_gpio.o
LOAD ./Drivers/STM32U5xx_HAL_Driver/stm32u5xx_hal_gtzc.o
LOAD ./Drivers/STM32U5xx_HAL_Driver/stm32u5xx_hal_i2c.o
LOAD ./Drivers/STM32U5xx_HAL_Driver/stm32u5xx_hal_i2c_ex.o
LOAD ./Drivers/STM32U5xx_HAL_Driver/stm32u5xx_hal_icache.o
LOAD ./Drivers/STM32U5xx_HAL_Driver/stm32u5xx_hal_pwr.o
LOAD ./Drivers/STM32U5xx_HAL_Driver/stm32u5xx_hal_pwr_ex.o
LOAD ./Drivers/STM32U5xx_HAL_Driver/stm32u5xx_hal_rcc.o
LOAD ./Drivers/STM32U5xx_HAL_Driver/stm32u5xx_hal_rcc_ex.o
LOAD ./Drivers/STM32U5xx_HAL_Driver/stm32u5xx_hal_spi.o
LOAD ./Drivers/STM32U5xx_HAL_Driver/stm32u5xx_hal_spi_ex.o
LOAD ./Drivers/STM32U5xx_HAL_Driver/stm32u5xx_hal_tim.o
LOAD ./Drivers/STM32U5xx_HAL_Driver/stm32u5xx_hal_tim_ex.o
LOAD ./Drivers/STM32U5xx_HAL_Driver/stm32u5xx_hal_uart.o
LOAD ./Drivers/STM32U5xx_HAL_Driver/stm32u5xx_hal_uart_ex.o
LOAD ../../Middlewares/ST/ARM/DSP/Lib\libarm_ARMv8MMLlfsp_math.a
START GROUP
LOAD C:/ST/STM32CubeIDE_2.1.1/STM32CubeIDE/plugins/com.st.stm32cube.ide.mcu.externaltools.gnu-tools-for-stm32.14.3.rel1.win32_1.0.100.202602081740/tools/bin/../lib/gcc/arm-none-eabi/14.3.1/../../../../arm-none-eabi/lib/thumb/v8-m.main+fp/hard\libc_nano.a
LOAD C:/ST/STM32CubeIDE_2.1.1/STM32CubeIDE/plugins/com.st.stm32cube.ide.mcu.externaltools.gnu-tools-for-stm32.14.3.rel1.win32_1.0.100.202602081740/tools/bin/../lib/gcc/arm-none-eabi/14.3.1/../../../../arm-none-eabi/lib/thumb/v8-m.main+fp/hard\libm.a
END GROUP
START GROUP
LOAD C:/ST/STM32CubeIDE_2.1.1/STM32CubeIDE/plugins/com.st.stm32cube.ide.mcu.externaltools.gnu-tools-for-stm32.14.3.rel1.win32_1.0.100.202602081740/tools/bin/../lib/gcc/arm-none-eabi/14.3.1/thumb/v8-m.main+fp/hard\libgcc.a
LOAD C:/ST/STM32CubeIDE_2.1.1/STM32CubeIDE/plugins/com.st.stm32cube.ide.mcu.externaltools.gnu-tools-for-stm32.14.3.rel1.win32_1.0.100.202602081740/tools/bin/../lib/gcc/arm-none-eabi/14.3.1/../../../../arm-none-eabi/lib/thumb/v8-m.main+fp/hard\libc_nano.a
END GROUP
START GROUP
LOAD C:/ST/STM32CubeIDE_2.1.1/STM32CubeIDE/plugins/com.st.stm32cube.ide.mcu.externaltools.gnu-tools-for-stm32.14.3.rel1.win32_1.0.100.202602081740/tools/bin/../lib/gcc/arm-none-eabi/14.3.1/thumb/v8-m.main+fp/hard\libgcc.a
LOAD C:/ST/STM32CubeIDE_2.1.1/STM32CubeIDE/plugins/com.st.stm32cube.ide.mcu.externaltools.gnu-tools-for-stm32.14.3.rel1.win32_1.0.100.202602081740/tools/bin/../lib/gcc/arm-none-eabi/14.3.1/../../../../arm-none-eabi/lib/thumb/v8-m.main+fp/hard\libc_nano.a
LOAD C:/ST/STM32CubeIDE_2.1.1/STM32CubeIDE/plugins/com.st.stm32cube.ide.mcu.externaltools.gnu-tools-for-stm32.14.3.rel1.win32_1.0.100.202602081740/tools/bin/../lib/gcc/arm-none-eabi/14.3.1/../../../../arm-none-eabi/lib/thumb/v8-m.main+fp/hard\libnosys.a
END GROUP
START GROUP
LOAD C:/ST/STM32CubeIDE_2.1.1/STM32CubeIDE/plugins/com.st.stm32cube.ide.mcu.externaltools.gnu-tools-for-stm32.14.3.rel1.win32_1.0.100.202602081740/tools/bin/../lib/gcc/arm-none-eabi/14.3.1/thumb/v8-m.main+fp/hard\libgcc.a
LOAD C:/ST/STM32CubeIDE_2.1.1/STM32CubeIDE/plugins/com.st.stm32cube.ide.mcu.externaltools.gnu-tools-for-stm32.14.3.rel1.win32_1.0.100.202602081740/tools/bin/../lib/gcc/arm-none-eabi/14.3.1/../../../../arm-none-eabi/lib/thumb/v8-m.main+fp/hard\libc_nano.a
LOAD C:/ST/STM32CubeIDE_2.1.1/STM32CubeIDE/plugins/com.st.stm32cube.ide.mcu.externaltools.gnu-tools-for-stm32.14.3.rel1.win32_1.0.100.202602081740/tools/bin/../lib/gcc/arm-none-eabi/14.3.1/../../../../arm-none-eabi/lib/thumb/v8-m.main+fp/hard\libnosys.a
END GROUP
LOAD C:/ST/STM32CubeIDE_2.1.1/STM32CubeIDE/plugins/com.st.stm32cube.ide.mcu.externaltools.gnu-tools-for-stm32.14.3.rel1.win32_1.0.100.202602081740/tools/bin/../lib/gcc/arm-none-eabi/14.3.1/thumb/v8-m.main+fp/hard/crtend.o
LOAD C:/ST/STM32CubeIDE_2.1.1/STM32CubeIDE/plugins/com.st.stm32cube.ide.mcu.externaltools.gnu-tools-for-stm32.14.3.rel1.win32_1.0.100.202602081740/tools/bin/../lib/gcc/arm-none-eabi/14.3.1/thumb/v8-m.main+fp/hard/crtn.o
                0x20270000                        _estack = (ORIGIN (RAM) + LENGTH (RAM))
                0x2026e000                        _sstack = (_estack - _Min_Stack_Size)
                0x00002000                        _Min_Heap_Size = 0x2000
                0x00002000                        _Min_Stack_Size = 0x2000

.isr_vector     0x08000000      0x250
 *(.isr_vector)
 .isr_vector    0x08000000      0x250 ./Application/User/Startup/startup_stm32u5a5zjtxq.o
                0x08000000                g_pfnVectors

.text           0x08000250    0x13f6c
 *(.text)
 .text          0x08000250       0x40 C:/ST/STM32CubeIDE_2.1.1/STM32CubeIDE/plugins/com.st.stm32cube.ide.mcu.externaltools.gnu-tools-for-stm32.14.3.rel1.win32_1.0.100.202602081740/tools/bin/../lib/gcc/arm-none-eabi/14.3.1/thumb/v8-m.main+fp/hard/crtbegin.o
 .text          0x08000290       0x10 C:/ST/STM32CubeIDE_2.1.1/STM32CubeIDE/plugins/com.st.stm32cube.ide.mcu.externaltools.gnu-tools-for-stm32.14.3.rel1.win32_1.0.100.202602081740/tools/bin/../lib/gcc/arm-none-eabi/14.3.1/../../../../arm-none-eabi/lib/thumb/v8-m.main+fp/hard\libc_nano.a(libc_a-strlen.o)
                0x08000290                strlen
 .text          0x080002a0      0x378 C:/ST/STM32CubeIDE_2.1.1/STM32CubeIDE/plugins/com.st.stm32cube.ide.mcu.externaltools.gnu-tools-for-stm32.14.3.rel1.win32_1.0.100.202602081740/tools/bin/../lib/gcc/arm-none-eabi/14.3.1/thumb/v8-m.main+fp/hard\libgcc.a(_arm_addsubdf3.o)
                0x080002a0                __aeabi_drsub
                0x080002a8                __aeabi_dsub
                0x080002a8                __subdf3
                0x080002ac                __aeabi_dadd
                0x080002ac                __adddf3
                0x08000524                __floatunsidf
                0x08000524                __aeabi_ui2d
                0x08000544                __floatsidf
                0x08000544                __aeabi_i2d
                0x08000568                __aeabi_f2d
                0x08000568                __extendsfdf2
                0x080005ac                __floatundidf
                0x080005ac                __aeabi_ul2d
                0x080005bc                __floatdidf
                0x080005bc                __aeabi_l2d
 .text          0x08000618      0x424 C:/ST/STM32CubeIDE_2.1.1/STM32CubeIDE/plugins/com.st.stm32cube.ide.mcu.externaltools.gnu-tools-for-stm32.14.3.rel1.win32_1.0.100.202602081740/tools/bin/../lib/gcc/arm-none-eabi/14.3.1/thumb/v8-m.main+fp/hard\libgcc.a(_arm_muldivdf3.o)
                0x08000618                __aeabi_dmul
                0x08000618                __muldf3
                0x0800086c                __divdf3
                0x0800086c                __aeabi_ddiv
 .text          0x08000a3c      0x110 C:/ST/STM32CubeIDE_2.1.1/STM32CubeIDE/plugins/com.st.stm32cube.ide.mcu.externaltools.gnu-tools-for-stm32.14.3.rel1.win32_1.0.100.202602081740/tools/bin/../lib/gcc/arm-none-eabi/14.3.1/thumb/v8-m.main+fp/hard\libgcc.a(_arm_cmpdf2.o)
                0x08000a3c                __gtdf2
                0x08000a3c                __gedf2
                0x08000a44                __ltdf2
                0x08000a44                __ledf2
                0x08000a4c                __nedf2
                0x08000a4c                __eqdf2
                0x08000a4c                __cmpdf2
                0x08000ac8                __aeabi_cdrcmple
                0x08000ad8                __aeabi_cdcmpeq
                0x08000ad8                __aeabi_cdcmple
                0x08000ae8                __aeabi_dcmpeq
                0x08000afc                __aeabi_dcmplt
                0x08000b10                __aeabi_dcmple
                0x08000b24                __aeabi_dcmpge
                0x08000b38                __aeabi_dcmpgt
 .text          0x08000b4c       0x2c C:/ST/STM32CubeIDE_2.1.1/STM32CubeIDE/plugins/com.st.stm32cube.ide.mcu.externaltools.gnu-tools-for-stm32.14.3.rel1.win32_1.0.100.202602081740/tools/bin/../lib/gcc/arm-none-eabi/14.3.1/thumb/v8-m.main+fp/hard\libgcc.a(_arm_unorddf2.o)
                0x08000b4c                __unorddf2
                0x08000b4c                __aeabi_dcmpun
 .text          0x08000b78       0x50 C:/ST/STM32CubeIDE_2.1.1/STM32CubeIDE/plugins/com.st.stm32cube.ide.mcu.externaltools.gnu-tools-for-stm32.14.3.rel1.win32_1.0.100.202602081740/tools/bin/../lib/gcc/arm-none-eabi/14.3.1/thumb/v8-m.main+fp/hard\libgcc.a(_arm_fixdfsi.o)
                0x08000b78                __aeabi_d2iz
                0x08000b78                __fixdfsi
 .text          0x08000bc8       0xa0 C:/ST/STM32CubeIDE_2.1.1/STM32CubeIDE/plugins/com.st.stm32cube.ide.mcu.externaltools.gnu-tools-for-stm32.14.3.rel1.win32_1.0.100.202602081740/tools/bin/../lib/gcc/arm-none-eabi/14.3.1/thumb/v8-m.main+fp/hard\libgcc.a(_arm_truncdfsf2.o)
                0x08000bc8                __truncdfsf2
                0x08000bc8                __aeabi_d2f
 .text          0x08000c68       0x30 C:/ST/STM32CubeIDE_2.1.1/STM32CubeIDE/plugins/com.st.stm32cube.ide.mcu.externaltools.gnu-tools-for-stm32.14.3.rel1.win32_1.0.100.202602081740/tools/bin/../lib/gcc/arm-none-eabi/14.3.1/thumb/v8-m.main+fp/hard\libgcc.a(_aeabi_uldivmod.o)
                0x08000c68                __aeabi_uldivmod
 .text          0x08000c98      0x34c C:/ST/STM32CubeIDE_2.1.1/STM32CubeIDE/plugins/com.st.stm32cube.ide.mcu.externaltools.gnu-tools-for-stm32.14.3.rel1.win32_1.0.100.202602081740/tools/bin/../lib/gcc/arm-none-eabi/14.3.1/thumb/v8-m.main+fp/hard\libgcc.a(_udivmoddi4.o)
                0x08000c98                __udivmoddi4
 .text          0x08000fe4        0x4 C:/ST/STM32CubeIDE_2.1.1/STM32CubeIDE/plugins/com.st.stm32cube.ide.mcu.externaltools.gnu-tools-for-stm32.14.3.rel1.win32_1.0.100.202602081740/tools/bin/../lib/gcc/arm-none-eabi/14.3.1/thumb/v8-m.main+fp/hard\libgcc.a(_dvmd_tls.o)
                0x08000fe4                __aeabi_idiv0
                0x08000fe4                __aeabi_ldiv0
 *(.text*)
 .text.MX_ADC1_Init
                0x08000fe8       0xe4 ./Application/User/Core/adc.o
                0x08000fe8                MX_ADC1_Init
 .text.MX_ADC4_Init
                0x080010cc       0xdc ./Application/User/Core/adc.o
                0x080010cc                MX_ADC4_Init
 .text.HAL_ADC_MspInit
                0x080011a8      0x434 ./Application/User/Core/adc.o
                0x080011a8                HAL_ADC_MspInit
 .text.MX_COMP1_Init
                0x080015dc       0x60 ./Application/User/Core/comp.o
                0x080015dc                MX_COMP1_Init
 .text.MX_COMP2_Init
                0x0800163c       0x5c ./Application/User/Core/comp.o
                0x0800163c                MX_COMP2_Init
 .text.HAL_COMP_MspInit
                0x08001698      0x15c ./Application/User/Core/comp.o
                0x08001698                HAL_COMP_MspInit
 .text.MX_DAC1_Init
                0x080017f4       0xa8 ./Application/User/Core/dac.o
                0x080017f4                MX_DAC1_Init
 .text.HAL_DAC_MspInit
                0x0800189c       0xd4 ./Application/User/Core/dac.o
                0x0800189c                HAL_DAC_MspInit
 .text.MX_FDCAN1_Init
                0x08001970       0x8c ./Application/User/Core/fdcan.o
                0x08001970                MX_FDCAN1_Init
 .text.HAL_FDCAN_MspInit
                0x080019fc       0xd8 ./Application/User/Core/fdcan.o
                0x080019fc                HAL_FDCAN_MspInit
 .text.MX_FLASH_Init
                0x08001ad4      0x112 ./Application/User/Core/flash.o
                0x08001ad4                MX_FLASH_Init
 *fill*         0x08001be6        0x2 
 .text.MX_GPDMA1_Init
                0x08001be8       0x40 ./Application/User/Core/gpdma.o
                0x08001be8                MX_GPDMA1_Init
 .text.MX_GPIO_Init
                0x08001c28      0x21c ./Application/User/Core/gpio.o
                0x08001c28                MX_GPIO_Init
 .text.MX_GTZC_Init
                0x08001e44      0xc10 ./Application/User/Core/gtzc.o
                0x08001e44                MX_GTZC_Init
 .text.MX_ICACHE_Init
                0x08002a54       0x26 ./Application/User/Core/icache.o
                0x08002a54                MX_ICACHE_Init
 .text.ITM_SendChar
                0x08002a7a       0x4e ./Application/User/Core/main.o
 .text.complex_add
                0x08002ac8       0x74 ./Application/User/Core/main.o
                0x08002ac8                complex_add
 .text.complex_sub
                0x08002b3c       0x74 ./Application/User/Core/main.o
                0x08002b3c                complex_sub
 .text.complex_mul
                0x08002bb0       0x94 ./Application/User/Core/main.o
                0x08002bb0                complex_mul
 .text.complex_exp
                0x08002c44       0x54 ./Application/User/Core/main.o
                0x08002c44                complex_exp
 .text.scale    0x08002c98       0x78 ./Application/User/Core/main.o
                0x08002c98                scale
 .text.abs_val  0x08002d10       0xba ./Application/User/Core/main.o
                0x08002d10                abs_val
 .text.make_complex
                0x08002dca       0x50 ./Application/User/Core/main.o
                0x08002dca                make_complex
 *fill*         0x08002e1a        0x6 
 .text.fft      0x08002e20      0x2b0 ./Application/User/Core/main.o
                0x08002e20                fft
 .text.calc_voltage
                0x080030d0       0x80 ./Application/User/Core/main.o
                0x080030d0                calc_voltage
 .text._write   0x08003150       0x38 ./Application/User/Core/main.o
                0x08003150                _write
 .text._print   0x08003188       0x22 ./Application/User/Core/main.o
                0x08003188                _print
 *fill*         0x080031aa        0x2 
 .text.main     0x080031ac      0x1ec ./Application/User/Core/main.o
                0x080031ac                main
 .text.SystemClock_Config
                0x08003398       0xbe ./Application/User/Core/main.o
                0x08003398                SystemClock_Config
 .text.SystemPower_Config
                0x08003456       0x20 ./Application/User/Core/main.o
 *fill*         0x08003476        0x2 
 .text.HAL_ADC_ConvCpltCallback
                0x08003478       0xac ./Application/User/Core/main.o
                0x08003478                HAL_ADC_ConvCpltCallback
 .text.HAL_TIM_PeriodElapsedCallback
                0x08003524       0x1c ./Application/User/Core/main.o
                0x08003524                HAL_TIM_PeriodElapsedCallback
 .text.HAL_GPIO_EXTI_Rising_Callback
                0x08003540       0x40 ./Application/User/Core/main.o
                0x08003540                HAL_GPIO_EXTI_Rising_Callback
 .text.MPU_Config
                0x08003580       0xa0 ./Application/User/Core/main.o
 .text.Error_Handler
                0x08003620        0xc ./Application/User/Core/main.o
                0x08003620                Error_Handler
 .text.MX_SPI3_Init
                0x0800362c       0xdc ./Application/User/Core/spi.o
                0x0800362c                MX_SPI3_Init
 .text.HAL_SPI_MspInit
                0x08003708      0x134 ./Application/User/Core/spi.o
                0x08003708                HAL_SPI_MspInit
 .text.HAL_MspInit
                0x0800383c       0x38 ./Application/User/Core/stm32u5xx_hal_msp.o
                0x0800383c                HAL_MspInit
 .text.NMI_Handler
                0x08003874        0x8 ./Application/User/Core/stm32u5xx_it.o
                0x08003874                NMI_Handler
 .text.HardFault_Handler
                0x0800387c        0x8 ./Application/User/Core/stm32u5xx_it.o
                0x0800387c                HardFault_Handler
 .text.MemManage_Handler
                0x08003884        0x8 ./Application/User/Core/stm32u5xx_it.o
                0x08003884                MemManage_Handler
 .text.BusFault_Handler
                0x0800388c        0x8 ./Application/User/Core/stm32u5xx_it.o
                0x0800388c                BusFault_Handler
 .text.UsageFault_Handler
                0x08003894        0x8 ./Application/User/Core/stm32u5xx_it.o
                0x08003894                UsageFault_Handler
 .text.SVC_Handler
                0x0800389c        0xe ./Application/User/Core/stm32u5xx_it.o
                0x0800389c                SVC_Handler
 .text.DebugMon_Handler
                0x080038aa        0xe ./Application/User/Core/stm32u5xx_it.o
                0x080038aa                DebugMon_Handler
 .text.PendSV_Handler
                0x080038b8        0xe ./Application/User/Core/stm32u5xx_it.o
                0x080038b8                PendSV_Handler
 .text.SysTick_Handler
                0x080038c6        0xc ./Application/User/Core/stm32u5xx_it.o
                0x080038c6                SysTick_Handler
 .text.EXTI13_IRQHandler
                0x080038d2       0x10 ./Application/User/Core/stm32u5xx_it.o
                0x080038d2                EXTI13_IRQHandler
 *fill*         0x080038e2        0x2 
 .text.ADC1_2_IRQHandler
                0x080038e4       0x14 ./Application/User/Core/stm32u5xx_it.o
                0x080038e4                ADC1_2_IRQHandler
 .text.TIM3_IRQHandler
                0x080038f8       0x14 ./Application/User/Core/stm32u5xx_it.o
                0x080038f8                TIM3_IRQHandler
 .text.GPDMA1_Channel15_IRQHandler
                0x0800390c       0x14 ./Application/User/Core/stm32u5xx_it.o
                0x0800390c                GPDMA1_Channel15_IRQHandler
 .text._getpid  0x08003920       0x10 ./Application/User/Core/syscalls.o
                0x08003920                _getpid
 .text._kill    0x08003930       0x20 ./Application/User/Core/syscalls.o
                0x08003930                _kill
 .text._exit    0x08003950       0x16 ./Application/User/Core/syscalls.o
                0x08003950                _exit
 .text._read    0x08003966       0x3a ./Application/User/Core/syscalls.o
                0x08003966                _read
 .text._close   0x080039a0       0x18 ./Application/User/Core/syscalls.o
                0x080039a0                _close
 .text._fstat   0x080039b8       0x20 ./Application/User/Core/syscalls.o
                0x080039b8                _fstat
 .text._isatty  0x080039d8       0x16 ./Application/User/Core/syscalls.o
                0x080039d8                _isatty
 .text._lseek   0x080039ee       0x1a ./Application/User/Core/syscalls.o
                0x080039ee                _lseek
 .text._sbrk    0x08003a08       0x6c ./Application/User/Core/sysmem.o
                0x08003a08                _sbrk
 .text.MX_TIM1_Init
                0x08003a74      0x1e0 ./Application/User/Core/tim.o
                0x08003a74                MX_TIM1_Init
 .text.MX_TIM3_Init
                0x08003c54       0x9c ./Application/User/Core/tim.o
                0x08003c54                MX_TIM3_Init
 .text.MX_TIM8_Init
                0x08003cf0      0x1c4 ./Application/User/Core/tim.o
                0x08003cf0                MX_TIM8_Init
 .text.HAL_TIM_Base_MspInit
                0x08003eb4       0xd4 ./Application/User/Core/tim.o
                0x08003eb4                HAL_TIM_Base_MspInit
 .text.HAL_TIM_PWM_MspInit
                0x08003f88       0x94 ./Application/User/Core/tim.o
                0x08003f88                HAL_TIM_PWM_MspInit
 .text.HAL_TIM_MspPostInit
                0x0800401c      0x190 ./Application/User/Core/tim.o
                0x0800401c                HAL_TIM_MspPostInit
 .text.MX_USART1_UART_Init
                0x080041ac       0x98 ./Application/User/Core/usart.o
                0x080041ac                MX_USART1_UART_Init
 .text.MX_USART2_UART_Init
                0x08004244       0xa0 ./Application/User/Core/usart.o
                0x08004244                MX_USART2_UART_Init
 .text.MX_USART3_UART_Init
                0x080042e4       0x98 ./Application/User/Core/usart.o
                0x080042e4                MX_USART3_UART_Init
 .text.HAL_UART_MspInit
                0x0800437c      0x2c0 ./Application/User/Core/usart.o
                0x0800437c                HAL_UART_MspInit
 .text.Reset_Handler
                0x0800463c       0x50 ./Application/User/Startup/startup_stm32u5a5zjtxq.o
                0x0800463c                Reset_Handler
 .text.Default_Handler
                0x0800468c        0x2 ./Application/User/Startup/startup_stm32u5a5zjtxq.o
                0x0800468c                EXTI2_IRQHandler
                0x0800468c                TIM8_TRG_COM_IRQHandler
                0x0800468c                TIM8_CC_IRQHandler
                0x0800468c                EXTI5_IRQHandler
                0x0800468c                FLASH_S_IRQHandler
                0x0800468c                TIM1_CC_IRQHandler
                0x0800468c                TSC_IRQHandler
                0x0800468c                TAMP_IRQHandler
                0x0800468c                TIM6_IRQHandler
                0x0800468c                EXTI12_IRQHandler
                0x0800468c                CORDIC_IRQHandler
                0x0800468c                EXTI3_IRQHandler
                0x0800468c                LPTIM4_IRQHandler
                0x0800468c                GPDMA1_Channel5_IRQHandler
                0x0800468c                EXTI8_IRQHandler
                0x0800468c                LPTIM2_IRQHandler
                0x0800468c                I2C3_ER_IRQHandler
                0x0800468c                I2C5_EV_IRQHandler
                0x0800468c                PWR_S3WU_IRQHandler
                0x0800468c                MDF1_FLT2_IRQHandler
                0x0800468c                LPDMA1_Channel3_IRQHandler
                0x0800468c                LPTIM3_IRQHandler
                0x0800468c                EXTI0_IRQHandler
                0x0800468c                I2C2_EV_IRQHandler
                0x0800468c                FPU_IRQHandler
                0x0800468c                GPDMA1_Channel3_IRQHandler
                0x0800468c                GPDMA1_Channel7_IRQHandler
                0x0800468c                MDF1_FLT4_IRQHandler
                0x0800468c                FDCAN1_IT1_IRQHandler
                0x0800468c                RAMCFG_IRQHandler
                0x0800468c                GPDMA1_Channel9_IRQHandler
                0x0800468c                DCACHE1_IRQHandler
                0x0800468c                SPI1_IRQHandler
                0x0800468c                OCTOSPI1_IRQHandler
                0x0800468c                GPDMA1_Channel2_IRQHandler
                0x0800468c                TIM8_UP_IRQHandler
                0x0800468c                RCC_S_IRQHandler
                0x0800468c                OCTOSPI2_IRQHandler
                0x0800468c                SAI2_IRQHandler
                0x0800468c                MDF1_FLT1_IRQHandler
                0x0800468c                PKA_IRQHandler
                0x0800468c                USART6_IRQHandler
                0x0800468c                MDF1_FLT5_IRQHandler
                0x0800468c                EXTI15_IRQHandler
                0x0800468c                TIM17_IRQHandler
                0x0800468c                USART3_IRQHandler
                0x0800468c                RTC_IRQHandler
                0x0800468c                EXTI9_IRQHandler
                0x0800468c                HSPI1_IRQHandler
                0x0800468c                UART5_IRQHandler
                0x0800468c                TIM4_IRQHandler
                0x0800468c                I2C1_EV_IRQHandler
                0x0800468c                GPDMA1_Channel12_IRQHandler
                0x0800468c                GPDMA1_Channel1_IRQHandler
                0x0800468c                TIM16_IRQHandler
                0x0800468c                UART4_IRQHandler
                0x0800468c                SecureFault_Handler
                0x0800468c                RCC_IRQHandler
                0x0800468c                TIM1_TRG_COM_IRQHandler
                0x0800468c                Default_Handler
                0x0800468c                GPDMA1_Channel8_IRQHandler
                0x0800468c                FMAC_IRQHandler
                0x0800468c                I2C5_ER_IRQHandler
                0x0800468c                OTFDEC1_IRQHandler
                0x0800468c                GPDMA1_Channel11_IRQHandler
                0x0800468c                TIM7_IRQHandler
                0x0800468c                SDMMC1_IRQHandler
                0x0800468c                SAES_IRQHandler
                0x0800468c                TIM5_IRQHandler
                0x0800468c                UCPD1_IRQHandler
                0x0800468c                GPDMA1_Channel0_IRQHandler
                0x0800468c                TIM15_IRQHandler
                0x0800468c                I2C3_EV_IRQHandler
                0x0800468c                LPDMA1_Channel0_IRQHandler
                0x0800468c                PVD_PVM_IRQHandler
                0x0800468c                SPI2_IRQHandler
                0x0800468c                LPDMA1_Channel1_IRQHandler
                0x0800468c                EXTI14_IRQHandler
                0x0800468c                EXTI11_IRQHandler
                0x0800468c                OTFDEC2_IRQHandler
                0x0800468c                CRS_IRQHandler
                0x0800468c                GPDMA1_Channel14_IRQHandler
                0x0800468c                LSECSSD_IRQHandler
                0x0800468c                EXTI4_IRQHandler
                0x0800468c                RTC_S_IRQHandler
                0x0800468c                GPDMA1_Channel13_IRQHandler
                0x0800468c                RNG_IRQHandler
                0x0800468c                COMP_IRQHandler
                0x0800468c                TIM1_UP_IRQHandler
                0x0800468c                ADC4_IRQHandler
                0x0800468c                WWDG_IRQHandler
                0x0800468c                I2C4_EV_IRQHandler
                0x0800468c                ADF1_IRQHandler
                0x0800468c                IWDG_IRQHandler
                0x0800468c                I2C6_ER_IRQHandler
                0x0800468c                LPUART1_IRQHandler
                0x0800468c                MDF1_FLT0_IRQHandler
                0x0800468c                FDCAN1_IT0_IRQHandler
                0x0800468c                TIM2_IRQHandler
                0x0800468c                GPDMA1_Channel4_IRQHandler
                0x0800468c                OTG_HS_IRQHandler
                0x0800468c                EXTI7_IRQHandler
                0x0800468c                DMA2D_IRQHandler
                0x0800468c                TIM1_BRK_IRQHandler
                0x0800468c                EXTI1_IRQHandler
                0x0800468c                SDMMC2_IRQHandler
                0x0800468c                AES_IRQHandler
                0x0800468c                DAC1_IRQHandler
                0x0800468c                GTZC_IRQHandler
                0x0800468c                MDF1_FLT3_IRQHandler
                0x0800468c                USART2_IRQHandler
                0x0800468c                I2C6_EV_IRQHandler
                0x0800468c                GPDMA1_Channel6_IRQHandler
                0x0800468c                I2C2_ER_IRQHandler
                0x0800468c                TIM8_BRK_IRQHandler
                0x0800468c                FLASH_IRQHandler
                0x0800468c                USART1_IRQHandler
                0x0800468c                EXTI10_IRQHandler
                0x0800468c                SPI3_IRQHandler
                0x0800468c                LPDMA1_Channel2_IRQHandler
                0x0800468c                I2C1_ER_IRQHandler
                0x0800468c                FMC_IRQHandler
                0x0800468c                EXTI6_IRQHandler
                0x0800468c                LPTIM1_IRQHandler
                0x0800468c                DCMI_PSSI_IRQHandler
                0x0800468c                I2C4_ER_IRQHandler
                0x0800468c                GPDMA1_Channel10_IRQHandler
                0x0800468c                ICACHE_IRQHandler
                0x0800468c                SAI1_IRQHandler
                0x0800468c                HASH_IRQHandler
 *fill*         0x0800468e        0x2 
 .text.SystemInit
                0x08004690       0x70 ./Drivers/CMSIS/system_stm32u5xx.o
                0x08004690                SystemInit
 .text.HAL_Init
                0x08004700       0x60 ./Drivers/STM32U5xx_HAL_Driver/stm32u5xx_hal.o
                0x08004700                HAL_Init
 .text.HAL_InitTick
                0x08004760       0xec ./Drivers/STM32U5xx_HAL_Driver/stm32u5xx_hal.o
                0x08004760                HAL_InitTick
 .text.HAL_IncTick
                0x0800484c       0x28 ./Drivers/STM32U5xx_HAL_Driver/stm32u5xx_hal.o
                0x0800484c                HAL_IncTick
 .text.HAL_GetTick
                0x08004874       0x18 ./Drivers/STM32U5xx_HAL_Driver/stm32u5xx_hal.o
                0x08004874                HAL_GetTick
 .text.HAL_Delay
                0x0800488c       0x48 ./Drivers/STM32U5xx_HAL_Driver/stm32u5xx_hal.o
                0x0800488c                HAL_Delay
 .text.LL_ADC_SetCommonClock
                0x080048d4       0x26 ./Drivers/STM32U5xx_HAL_Driver/stm32u5xx_hal_adc.o
 .text.LL_ADC_SetCommonPathInternalCh
                0x080048fa       0x26 ./Drivers/STM32U5xx_HAL_Driver/stm32u5xx_hal_adc.o
 .text.LL_ADC_GetCommonPathInternalCh
                0x08004920       0x1c ./Drivers/STM32U5xx_HAL_Driver/stm32u5xx_hal_adc.o
 .text.LL_ADC_SetResolution
                0x0800493c       0x40 ./Drivers/STM32U5xx_HAL_Driver/stm32u5xx_hal_adc.o
 .text.LL_ADC_SetOffset
                0x0800497c       0x42 ./Drivers/STM32U5xx_HAL_Driver/stm32u5xx_hal_adc.o
 .text.LL_ADC_GetOffsetChannel
                0x080049be       0x58 ./Drivers/STM32U5xx_HAL_Driver/stm32u5xx_hal_adc.o
 .text.LL_ADC_SetOffsetSign
                0x08004a16       0x36 ./Drivers/STM32U5xx_HAL_Driver/stm32u5xx_hal_adc.o
 .text.LL_ADC_SetOffsetSignedSaturation
                0x08004a4c       0x36 ./Drivers/STM32U5xx_HAL_Driver/stm32u5xx_hal_adc.o
 .text.LL_ADC_SetOffsetUnsignedSaturation
                0x08004a82       0x36 ./Drivers/STM32U5xx_HAL_Driver/stm32u5xx_hal_adc.o
 .text.LL_ADC_SetGainCompensation
                0x08004ab8       0x46 ./Drivers/STM32U5xx_HAL_Driver/stm32u5xx_hal_adc.o
 .text.LL_ADC_SetSamplingTimeCommonChannels
                0x08004afe       0x3e ./Drivers/STM32U5xx_HAL_Driver/stm32u5xx_hal_adc.o
 .text.LL_ADC_REG_IsTriggerSourceSWStart
                0x08004b3c       0x26 ./Drivers/STM32U5xx_HAL_Driver/stm32u5xx_hal_adc.o
 *fill*         0x08004b62        0x2 
 .text.LL_ADC_REG_SetSequencerRanks
                0x08004b64       0xc0 ./Drivers/STM32U5xx_HAL_Driver/stm32u5xx_hal_adc.o
 .text.LL_ADC_REG_SetSequencerChAdd
                0x08004c24       0x66 ./Drivers/STM32U5xx_HAL_Driver/stm32u5xx_hal_adc.o
 .text.LL_ADC_REG_SetSequencerChRem
                0x08004c8a       0x30 ./Drivers/STM32U5xx_HAL_Driver/stm32u5xx_hal_adc.o
 .text.LL_ADC_REG_GetDMATransfer
                0x08004cba       0x1c ./Drivers/STM32U5xx_HAL_Driver/stm32u5xx_hal_adc.o
 .text.LL_ADC_INJ_IsTriggerSourceSWStart
                0x08004cd6       0x26 ./Drivers/STM32U5xx_HAL_Driver/stm32u5xx_hal_adc.o
 .text.LL_ADC_SetChannelSamplingTime
                0x08004cfc       0xc4 ./Drivers/STM32U5xx_HAL_Driver/stm32u5xx_hal_adc.o
 .text.LL_ADC_SetChannelSingleDiff
                0x08004dc0       0x48 ./Drivers/STM32U5xx_HAL_Driver/stm32u5xx_hal_adc.o
 .text.LL_ADC_GetMultimode
                0x08004e08       0x1c ./Drivers/STM32U5xx_HAL_Driver/stm32u5xx_hal_adc.o
 .text.LL_ADC_GetMultiDMATransfer
                0x08004e24       0x1c ./Drivers/STM32U5xx_HAL_Driver/stm32u5xx_hal_adc.o
 .text.LL_ADC_DisableDeepPowerDown
                0x08004e40       0x24 ./Drivers/STM32U5xx_HAL_Driver/stm32u5xx_hal_adc.o
 .text.LL_ADC_IsDeepPowerDownEnabled
                0x08004e64       0x28 ./Drivers/STM32U5xx_HAL_Driver/stm32u5xx_hal_adc.o
 .text.LL_ADC_EnableInternalRegulator
                0x08004e8c       0x28 ./Drivers/STM32U5xx_HAL_Driver/stm32u5xx_hal_adc.o
 .text.LL_ADC_IsInternalRegulatorEnabled
                0x08004eb4       0x28 ./Drivers/STM32U5xx_HAL_Driver/stm32u5xx_hal_adc.o
 .text.LL_ADC_Enable
                0x08004edc       0x28 ./Drivers/STM32U5xx_HAL_Driver/stm32u5xx_hal_adc.o
 .text.LL_ADC_Disable
                0x08004f04       0x28 ./Drivers/STM32U5xx_HAL_Driver/stm32u5xx_hal_adc.o
 .text.LL_ADC_IsEnabled
                0x08004f2c       0x26 ./Drivers/STM32U5xx_HAL_Driver/stm32u5xx_hal_adc.o
 .text.LL_ADC_IsDisableOngoing
                0x08004f52       0x26 ./Drivers/STM32U5xx_HAL_Driver/stm32u5xx_hal_adc.o
 .text.LL_ADC_REG_StartConversion
                0x08004f78       0x28 ./Drivers/STM32U5xx_HAL_Driver/stm32u5xx_hal_adc.o
 .text.LL_ADC_REG_StopConversion
                0x08004fa0       0x28 ./Drivers/STM32U5xx_HAL_Driver/stm32u5xx_hal_adc.o
 .text.LL_ADC_REG_IsConversionOngoing
                0x08004fc8       0x26 ./Drivers/STM32U5xx_HAL_Driver/stm32u5xx_hal_adc.o
 .text.LL_ADC_INJ_StopConversion
                0x08004fee       0x28 ./Drivers/STM32U5xx_HAL_Driver/stm32u5xx_hal_adc.o
 .text.LL_ADC_INJ_IsConversionOngoing
                0x08005016       0x26 ./Drivers/STM32U5xx_HAL_Driver/stm32u5xx_hal_adc.o
 .text.HAL_ADC_Init
                0x0800503c      0x5d0 ./Drivers/STM32U5xx_HAL_Driver/stm32u5xx_hal_adc.o
                0x0800503c                HAL_ADC_Init
 .text.HAL_ADC_Start_DMA
                0x0800560c      0x294 ./Drivers/STM32U5xx_HAL_Driver/stm32u5xx_hal_adc.o
                0x0800560c                HAL_ADC_Start_DMA
 .text.HAL_ADC_Stop_DMA
                0x080058a0       0xf0 ./Drivers/STM32U5xx_HAL_Driver/stm32u5xx_hal_adc.o
                0x080058a0                HAL_ADC_Stop_DMA
 .text.HAL_ADC_IRQHandler
                0x08005990      0x56c ./Drivers/STM32U5xx_HAL_Driver/stm32u5xx_hal_adc.o
                0x08005990                HAL_ADC_IRQHandler
 .text.HAL_ADC_ConvHalfCpltCallback
                0x08005efc       0x14 ./Drivers/STM32U5xx_HAL_Driver/stm32u5xx_hal_adc.o
                0x08005efc                HAL_ADC_ConvHalfCpltCallback
 .text.HAL_ADC_LevelOutOfWindowCallback
                0x08005f10       0x14 ./Drivers/STM32U5xx_HAL_Driver/stm32u5xx_hal_adc.o
                0x08005f10                HAL_ADC_LevelOutOfWindowCallback
 .text.HAL_ADC_ErrorCallback
                0x08005f24       0x14 ./Drivers/STM32U5xx_HAL_Driver/stm32u5xx_hal_adc.o
                0x08005f24                HAL_ADC_ErrorCallback
 .text.HAL_ADC_CalibrationCpltCallback
                0x08005f38       0x14 ./Drivers/STM32U5xx_HAL_Driver/stm32u5xx_hal_adc.o
                0x08005f38                HAL_ADC_CalibrationCpltCallback
 .text.HAL_ADC_VoltageRegulatorCallback
                0x08005f4c       0x14 ./Drivers/STM32U5xx_HAL_Driver/stm32u5xx_hal_adc.o
                0x08005f4c                HAL_ADC_VoltageRegulatorCallback
 .text.HAL_ADC_ADCReadyCallback
                0x08005f60       0x14 ./Drivers/STM32U5xx_HAL_Driver/stm32u5xx_hal_adc.o
                0x08005f60                HAL_ADC_ADCReadyCallback
 .text.HAL_ADC_ConfigChannel
                0x08005f74      0xc3c ./Drivers/STM32U5xx_HAL_Driver/stm32u5xx_hal_adc.o
                0x08005f74                HAL_ADC_ConfigChannel
 .text.ADC_ConversionStop
                0x08006bb0      0x178 ./Drivers/STM32U5xx_HAL_Driver/stm32u5xx_hal_adc.o
                0x08006bb0                ADC_ConversionStop
 .text.ADC_Enable
                0x08006d28      0x134 ./Drivers/STM32U5xx_HAL_Driver/stm32u5xx_hal_adc.o
                0x08006d28                ADC_Enable
 .text.ADC_Disable
                0x08006e5c       0xbe ./Drivers/STM32U5xx_HAL_Driver/stm32u5xx_hal_adc.o
                0x08006e5c                ADC_Disable
 .text.ADC_DMAConvCplt
                0x08006f1a       0xd8 ./Drivers/STM32U5xx_HAL_Driver/stm32u5xx_hal_adc.o
                0x08006f1a                ADC_DMAConvCplt
 .text.ADC_DMAHalfConvCplt
                0x08006ff2       0x1c ./Drivers/STM32U5xx_HAL_Driver/stm32u5xx_hal_adc.o
                0x08006ff2                ADC_DMAHalfConvCplt
 .text.ADC_DMAError
                0x0800700e       0x34 ./Drivers/STM32U5xx_HAL_Driver/stm32u5xx_hal_adc.o
                0x0800700e                ADC_DMAError
 .text.HAL_ADCEx_InjectedConvCpltCallback
                0x08007042       0x14 ./Drivers/STM32U5xx_HAL_Driver/stm32u5xx_hal_adc_ex.o
                0x08007042                HAL_ADCEx_InjectedConvCpltCallback
 .text.HAL_ADCEx_LevelOutOfWindow2Callback
                0x08007056       0x14 ./Drivers/STM32U5xx_HAL_Driver/stm32u5xx_hal_adc_ex.o
                0x08007056                HAL_ADCEx_LevelOutOfWindow2Callback
 .text.HAL_ADCEx_LevelOutOfWindow3Callback
                0x0800706a       0x14 ./Drivers/STM32U5xx_HAL_Driver/stm32u5xx_hal_adc_ex.o
                0x0800706a                HAL_ADCEx_LevelOutOfWindow3Callback
 .text.HAL_ADCEx_EndOfSamplingCallback
                0x0800707e       0x14 ./Drivers/STM32U5xx_HAL_Driver/stm32u5xx_hal_adc_ex.o
                0x0800707e                HAL_ADCEx_EndOfSamplingCallback
 *fill*         0x08007092        0x2 
 .text.HAL_COMP_Init
                0x08007094      0x2ec ./Drivers/STM32U5xx_HAL_Driver/stm32u5xx_hal_comp.o
                0x08007094                HAL_COMP_Init
 .text.__NVIC_SetPriorityGrouping
                0x08007380       0x48 ./Drivers/STM32U5xx_HAL_Driver/stm32u5xx_hal_cortex.o
 .text.__NVIC_GetPriorityGrouping
                0x080073c8       0x1c ./Drivers/STM32U5xx_HAL_Driver/stm32u5xx_hal_cortex.o
 .text.__NVIC_EnableIRQ
                0x080073e4       0x3c ./Drivers/STM32U5xx_HAL_Driver/stm32u5xx_hal_cortex.o
 .text.__NVIC_DisableIRQ
                0x08007420       0x48 ./Drivers/STM32U5xx_HAL_Driver/stm32u5xx_hal_cortex.o
 .text.__NVIC_SetPriority
                0x08007468       0x54 ./Drivers/STM32U5xx_HAL_Driver/stm32u5xx_hal_cortex.o
 .text.NVIC_EncodePriority
                0x080074bc       0x66 ./Drivers/STM32U5xx_HAL_Driver/stm32u5xx_hal_cortex.o
 .text.HAL_NVIC_SetPriorityGrouping
                0x08007522       0x16 ./Drivers/STM32U5xx_HAL_Driver/stm32u5xx_hal_cortex.o
                0x08007522                HAL_NVIC_SetPriorityGrouping
 .text.HAL_NVIC_SetPriority
                0x08007538       0x34 ./Drivers/STM32U5xx_HAL_Driver/stm32u5xx_hal_cortex.o
                0x08007538                HAL_NVIC_SetPriority
 .text.HAL_NVIC_EnableIRQ
                0x0800756c       0x1c ./Drivers/STM32U5xx_HAL_Driver/stm32u5xx_hal_cortex.o
                0x0800756c                HAL_NVIC_EnableIRQ
 .text.HAL_NVIC_DisableIRQ
                0x08007588       0x1c ./Drivers/STM32U5xx_HAL_Driver/stm32u5xx_hal_cortex.o
                0x08007588                HAL_NVIC_DisableIRQ
 .text.HAL_SYSTICK_Config
                0x080075a4       0x44 ./Drivers/STM32U5xx_HAL_Driver/stm32u5xx_hal_cortex.o
                0x080075a4                HAL_SYSTICK_Config
 .text.HAL_SYSTICK_CLKSourceConfig
                0x080075e8       0xb0 ./Drivers/STM32U5xx_HAL_Driver/stm32u5xx_hal_cortex.o
                0x080075e8                HAL_SYSTICK_CLKSourceConfig
 .text.HAL_SYSTICK_GetCLKSourceConfig
                0x08007698       0x74 ./Drivers/STM32U5xx_HAL_Driver/stm32u5xx_hal_cortex.o
                0x08007698                HAL_SYSTICK_GetCLKSourceConfig
 .text.HAL_MPU_Enable
                0x0800770c       0x44 ./Drivers/STM32U5xx_HAL_Driver/stm32u5xx_hal_cortex.o
                0x0800770c                HAL_MPU_Enable
 .text.HAL_MPU_Disable
                0x08007750       0x40 ./Drivers/STM32U5xx_HAL_Driver/stm32u5xx_hal_cortex.o
                0x08007750                HAL_MPU_Disable
 .text.HAL_MPU_ConfigRegion
                0x08007790       0x1c ./Drivers/STM32U5xx_HAL_Driver/stm32u5xx_hal_cortex.o
                0x08007790                HAL_MPU_ConfigRegion
 .text.HAL_MPU_ConfigMemoryAttributes
                0x080077ac       0x1c ./Drivers/STM32U5xx_HAL_Driver/stm32u5xx_hal_cortex.o
                0x080077ac                HAL_MPU_ConfigMemoryAttributes
 .text.MPU_ConfigRegion
                0x080077c8       0x6e ./Drivers/STM32U5xx_HAL_Driver/stm32u5xx_hal_cortex.o
 .text.MPU_ConfigMemoryAttributes
                0x08007836       0x6c ./Drivers/STM32U5xx_HAL_Driver/stm32u5xx_hal_cortex.o
 .text.HAL_DAC_Init
                0x080078a2       0x44 ./Drivers/STM32U5xx_HAL_Driver/stm32u5xx_hal_dac.o
                0x080078a2                HAL_DAC_Init
 *fill*         0x080078e6        0x2 
 .text.HAL_DAC_ConfigChannel
                0x080078e8      0x340 ./Drivers/STM32U5xx_HAL_Driver/stm32u5xx_hal_dac.o
                0x080078e8                HAL_DAC_ConfigChannel
 .text.HAL_DACEx_SetConfigAutonomousMode
                0x08007c28       0x70 ./Drivers/STM32U5xx_HAL_Driver/stm32u5xx_hal_dac_ex.o
                0x08007c28                HAL_DACEx_SetConfigAutonomousMode
 .text.HAL_DMA_Start_IT
                0x08007c98       0xc0 ./Drivers/STM32U5xx_HAL_Driver/stm32u5xx_hal_dma.o
                0x08007c98                HAL_DMA_Start_IT
 .text.HAL_DMA_Abort
                0x08007d58       0xf8 ./Drivers/STM32U5xx_HAL_Driver/stm32u5xx_hal_dma.o
                0x08007d58                HAL_DMA_Abort
 .text.HAL_DMA_IRQHandler
                0x08007e50      0x2c2 ./Drivers/STM32U5xx_HAL_Driver/stm32u5xx_hal_dma.o
                0x08007e50                HAL_DMA_IRQHandler
 .text.HAL_DMA_ConfigChannelAttributes
                0x08008112       0x78 ./Drivers/STM32U5xx_HAL_Driver/stm32u5xx_hal_dma.o
                0x08008112                HAL_DMA_ConfigChannelAttributes
 .text.DMA_SetConfig
                0x0800818a       0x4a ./Drivers/STM32U5xx_HAL_Driver/stm32u5xx_hal_dma.o
 .text.HAL_DMAEx_List_Init
                0x080081d4      0x258 ./Drivers/STM32U5xx_HAL_Driver/stm32u5xx_hal_dma_ex.o
                0x080081d4                HAL_DMAEx_List_Init
 .text.HAL_DMAEx_List_Start_IT
                0x0800842c      0x128 ./Drivers/STM32U5xx_HAL_Driver/stm32u5xx_hal_dma_ex.o
                0x0800842c                HAL_DMAEx_List_Start_IT
 .text.HAL_DMAEx_List_BuildNode
                0x08008554       0x2c ./Drivers/STM32U5xx_HAL_Driver/stm32u5xx_hal_dma_ex.o
                0x08008554                HAL_DMAEx_List_BuildNode
 .text.HAL_DMAEx_List_GetNodeConfig
                0x08008580       0x2c ./Drivers/STM32U5xx_HAL_Driver/stm32u5xx_hal_dma_ex.o
                0x08008580                HAL_DMAEx_List_GetNodeConfig
 .text.HAL_DMAEx_List_InsertNode
                0x080085ac      0x192 ./Drivers/STM32U5xx_HAL_Driver/stm32u5xx_hal_dma_ex.o
                0x080085ac                HAL_DMAEx_List_InsertNode
 .text.HAL_DMAEx_List_SetCircularMode
                0x0800873e       0xc0 ./Drivers/STM32U5xx_HAL_Driver/stm32u5xx_hal_dma_ex.o
                0x0800873e                HAL_DMAEx_List_SetCircularMode
 *fill*         0x080087fe        0x2 
 .text.HAL_DMAEx_List_LinkQ
                0x08008800      0x12c ./Drivers/STM32U5xx_HAL_Driver/stm32u5xx_hal_dma_ex.o
                0x08008800                HAL_DMAEx_List_LinkQ
 .text.DMA_List_Init
                0x0800892c      0x2b0 ./Drivers/STM32U5xx_HAL_Driver/stm32u5xx_hal_dma_ex.o
 .text.DMA_List_BuildNode
                0x08008bdc      0x2a4 ./Drivers/STM32U5xx_HAL_Driver/stm32u5xx_hal_dma_ex.o
 .text.DMA_List_GetNodeConfig
                0x08008e80      0x214 ./Drivers/STM32U5xx_HAL_Driver/stm32u5xx_hal_dma_ex.o
 .text.DMA_List_CheckNodesBaseAddresses
                0x08009094       0x60 ./Drivers/STM32U5xx_HAL_Driver/stm32u5xx_hal_dma_ex.o
 .text.DMA_List_CheckNodesTypes
                0x080090f4       0x78 ./Drivers/STM32U5xx_HAL_Driver/stm32u5xx_hal_dma_ex.o
 .text.DMA_List_GetCLLRNodeInfo
                0x0800916c       0x60 ./Drivers/STM32U5xx_HAL_Driver/stm32u5xx_hal_dma_ex.o
 .text.DMA_List_FindNode
                0x080091cc      0x13e ./Drivers/STM32U5xx_HAL_Driver/stm32u5xx_hal_dma_ex.o
 *fill*         0x0800930a        0x2 
 .text.HAL_FDCAN_Init
                0x0800930c      0x2a4 ./Drivers/STM32U5xx_HAL_Driver/stm32u5xx_hal_fdcan.o
                0x0800930c                HAL_FDCAN_Init
 .text.FDCAN_CalcultateRamBlockAddresses
                0x080095b0       0xac ./Drivers/STM32U5xx_HAL_Driver/stm32u5xx_hal_fdcan.o
 .text.HAL_FLASH_Unlock
                0x0800965c       0x44 ./Drivers/STM32U5xx_HAL_Driver/stm32u5xx_hal_flash.o
                0x0800965c                HAL_FLASH_Unlock
 .text.HAL_FLASH_Lock
                0x080096a0       0x34 ./Drivers/STM32U5xx_HAL_Driver/stm32u5xx_hal_flash.o
                0x080096a0                HAL_FLASH_Lock
 .text.HAL_FLASH_OB_Unlock
                0x080096d4       0x44 ./Drivers/STM32U5xx_HAL_Driver/stm32u5xx_hal_flash.o
                0x080096d4                HAL_FLASH_OB_Unlock
 .text.HAL_FLASH_OB_Lock
                0x08009718       0x30 ./Drivers/STM32U5xx_HAL_Driver/stm32u5xx_hal_flash.o
                0x08009718                HAL_FLASH_OB_Lock
 .text.FLASH_WaitForLastOperation
                0x08009748       0x90 ./Drivers/STM32U5xx_HAL_Driver/stm32u5xx_hal_flash.o
                0x08009748                FLASH_WaitForLastOperation
 .text.HAL_FLASHEx_OBProgram
                0x080097d8       0xf0 ./Drivers/STM32U5xx_HAL_Driver/stm32u5xx_hal_flash_ex.o
                0x080097d8                HAL_FLASHEx_OBProgram
 .text.HAL_FLASHEx_ConfigBBAttributes
                0x080098c8       0x8c ./Drivers/STM32U5xx_HAL_Driver/stm32u5xx_hal_flash_ex.o
                0x080098c8                HAL_FLASHEx_ConfigBBAttributes
 .text.FLASH_OB_WRPConfig
                0x08009954       0x8c ./Drivers/STM32U5xx_HAL_Driver/stm32u5xx_hal_flash_ex.o
 .text.FLASH_OB_RDPConfig
                0x080099e0       0x28 ./Drivers/STM32U5xx_HAL_Driver/stm32u5xx_hal_flash_ex.o
 .text.FLASH_OB_RDPKeyConfig
                0x08009a08       0x3c ./Drivers/STM32U5xx_HAL_Driver/stm32u5xx_hal_flash_ex.o
 .text.FLASH_OB_UserConfig
                0x08009a44      0x2ac ./Drivers/STM32U5xx_HAL_Driver/stm32u5xx_hal_flash_ex.o
 .text.FLASH_OB_BootAddrConfig
                0x08009cf0       0x34 ./Drivers/STM32U5xx_HAL_Driver/stm32u5xx_hal_flash_ex.o
 .text.HAL_GPIO_Init
                0x08009d24      0x3c0 ./Drivers/STM32U5xx_HAL_Driver/stm32u5xx_hal_gpio.o
                0x08009d24                HAL_GPIO_Init
 .text.HAL_GPIO_WritePin
                0x0800a0e4       0x30 ./Drivers/STM32U5xx_HAL_Driver/stm32u5xx_hal_gpio.o
                0x0800a0e4                HAL_GPIO_WritePin
 .text.HAL_GPIO_TogglePin
                0x0800a114       0x34 ./Drivers/STM32U5xx_HAL_Driver/stm32u5xx_hal_gpio.o
                0x0800a114                HAL_GPIO_TogglePin
 .text.HAL_GPIO_EXTI_IRQHandler
                0x0800a148       0x4c ./Drivers/STM32U5xx_HAL_Driver/stm32u5xx_hal_gpio.o
                0x0800a148                HAL_GPIO_EXTI_IRQHandler
 .text.HAL_GPIO_EXTI_Falling_Callback
                0x0800a194       0x16 ./Drivers/STM32U5xx_HAL_Driver/stm32u5xx_hal_gpio.o
                0x0800a194                HAL_GPIO_EXTI_Falling_Callback
 *fill*         0x0800a1aa        0x2 
 .text.HAL_GTZC_MPCBB_ConfigMem
                0x0800a1ac      0x17c ./Drivers/STM32U5xx_HAL_Driver/stm32u5xx_hal_gtzc.o
                0x0800a1ac                HAL_GTZC_MPCBB_ConfigMem
 .text.HAL_ICACHE_ConfigAssociativityMode
                0x0800a328       0x40 ./Drivers/STM32U5xx_HAL_Driver/stm32u5xx_hal_icache.o
                0x0800a328                HAL_ICACHE_ConfigAssociativityMode
 .text.HAL_ICACHE_Enable
                0x0800a368       0x20 ./Drivers/STM32U5xx_HAL_Driver/stm32u5xx_hal_icache.o
                0x0800a368                HAL_ICACHE_Enable
 .text.HAL_PWREx_ControlVoltageScaling
                0x0800a388       0xfc ./Drivers/STM32U5xx_HAL_Driver/stm32u5xx_hal_pwr_ex.o
                0x0800a388                HAL_PWREx_ControlVoltageScaling
 .text.HAL_PWREx_GetVoltageRange
                0x0800a484       0x1c ./Drivers/STM32U5xx_HAL_Driver/stm32u5xx_hal_pwr_ex.o
                0x0800a484                HAL_PWREx_GetVoltageRange
 .text.HAL_PWREx_ConfigSupply
                0x0800a4a0       0xa0 ./Drivers/STM32U5xx_HAL_Driver/stm32u5xx_hal_pwr_ex.o
                0x0800a4a0                HAL_PWREx_ConfigSupply
 .text.HAL_PWREx_EnableVddIO2
                0x0800a540       0x20 ./Drivers/STM32U5xx_HAL_Driver/stm32u5xx_hal_pwr_ex.o
                0x0800a540                HAL_PWREx_EnableVddIO2
 .text.HAL_PWREx_EnableVddA
                0x0800a560       0x20 ./Drivers/STM32U5xx_HAL_Driver/stm32u5xx_hal_pwr_ex.o
                0x0800a560                HAL_PWREx_EnableVddA
 .text.HAL_PWREx_DisableUCPDDeadBattery
                0x0800a580       0x20 ./Drivers/STM32U5xx_HAL_Driver/stm32u5xx_hal_pwr_ex.o
                0x0800a580                HAL_PWREx_DisableUCPDDeadBattery
 .text.HAL_RCC_OscConfig
                0x0800a5a0      0xdb8 ./Drivers/STM32U5xx_HAL_Driver/stm32u5xx_hal_rcc.o
                0x0800a5a0                HAL_RCC_OscConfig
 .text.HAL_RCC_ClockConfig
                0x0800b358      0x3e4 ./Drivers/STM32U5xx_HAL_Driver/stm32u5xx_hal_rcc.o
                0x0800b358                HAL_RCC_ClockConfig
 .text.HAL_RCC_GetSysClockFreq
                0x0800b73c      0x204 ./Drivers/STM32U5xx_HAL_Driver/stm32u5xx_hal_rcc.o
                0x0800b73c                HAL_RCC_GetSysClockFreq
 .text.HAL_RCC_GetHCLKFreq
                0x0800b940       0x34 ./Drivers/STM32U5xx_HAL_Driver/stm32u5xx_hal_rcc.o
                0x0800b940                HAL_RCC_GetHCLKFreq
 .text.HAL_RCC_GetPCLK1Freq
                0x0800b974       0x28 ./Drivers/STM32U5xx_HAL_Driver/stm32u5xx_hal_rcc.o
                0x0800b974                HAL_RCC_GetPCLK1Freq
 .text.HAL_RCC_GetPCLK2Freq
                0x0800b99c       0x28 ./Drivers/STM32U5xx_HAL_Driver/stm32u5xx_hal_rcc.o
                0x0800b99c                HAL_RCC_GetPCLK2Freq
 .text.HAL_RCC_GetPCLK3Freq
                0x0800b9c4       0x28 ./Drivers/STM32U5xx_HAL_Driver/stm32u5xx_hal_rcc.o
                0x0800b9c4                HAL_RCC_GetPCLK3Freq
 .text.RCC_SetFlashLatencyFromMSIRange
                0x0800b9ec      0x10c ./Drivers/STM32U5xx_HAL_Driver/stm32u5xx_hal_rcc.o
 .text.HAL_RCCEx_PeriphCLKConfig
                0x0800baf8      0xd78 ./Drivers/STM32U5xx_HAL_Driver/stm32u5xx_hal_rcc_ex.o
                0x0800baf8                HAL_RCCEx_PeriphCLKConfig
 .text.HAL_RCCEx_GetPLL1ClockFreq
                0x0800c870      0x2b4 ./Drivers/STM32U5xx_HAL_Driver/stm32u5xx_hal_rcc_ex.o
                0x0800c870                HAL_RCCEx_GetPLL1ClockFreq
 .text.HAL_RCCEx_GetPLL2ClockFreq
                0x0800cb24      0x2b4 ./Drivers/STM32U5xx_HAL_Driver/stm32u5xx_hal_rcc_ex.o
                0x0800cb24                HAL_RCCEx_GetPLL2ClockFreq
 .text.HAL_RCCEx_GetPLL3ClockFreq
                0x0800cdd8      0x2b4 ./Drivers/STM32U5xx_HAL_Driver/stm32u5xx_hal_rcc_ex.o
                0x0800cdd8                HAL_RCCEx_GetPLL3ClockFreq
 .text.HAL_RCCEx_GetPeriphCLKFreq
                0x0800d08c     0x16bc ./Drivers/STM32U5xx_HAL_Driver/stm32u5xx_hal_rcc_ex.o
                0x0800d08c                HAL_RCCEx_GetPeriphCLKFreq
 .text.RCCEx_PLL2_Config
                0x0800e748      0x130 ./Drivers/STM32U5xx_HAL_Driver/stm32u5xx_hal_rcc_ex.o
 .text.RCCEx_PLL3_Config
                0x0800e878      0x130 ./Drivers/STM32U5xx_HAL_Driver/stm32u5xx_hal_rcc_ex.o
 .text.HAL_SPI_Init
                0x0800e9a8      0x22c ./Drivers/STM32U5xx_HAL_Driver/stm32u5xx_hal_spi.o
                0x0800e9a8                HAL_SPI_Init
 .text.SPI_GetPacketSize
                0x0800ebd4       0x36 ./Drivers/STM32U5xx_HAL_Driver/stm32u5xx_hal_spi.o
 .text.HAL_SPIEx_SetConfigAutonomousMode
                0x0800ec0a       0x82 ./Drivers/STM32U5xx_HAL_Driver/stm32u5xx_hal_spi_ex.o
                0x0800ec0a                HAL_SPIEx_SetConfigAutonomousMode
 .text.HAL_TIM_Base_Init
                0x0800ec8c       0xae ./Drivers/STM32U5xx_HAL_Driver/stm32u5xx_hal_tim.o
                0x0800ec8c                HAL_TIM_Base_Init
 *fill*         0x0800ed3a        0x2 
 .text.HAL_TIM_Base_Start_IT
                0x0800ed3c      0x140 ./Drivers/STM32U5xx_HAL_Driver/stm32u5xx_hal_tim.o
                0x0800ed3c                HAL_TIM_Base_Start_IT
 .text.HAL_TIM_Base_Stop_IT
                0x0800ee7c       0x60 ./Drivers/STM32U5xx_HAL_Driver/stm32u5xx_hal_tim.o
                0x0800ee7c                HAL_TIM_Base_Stop_IT
 .text.HAL_TIM_PWM_Init
                0x0800eedc       0xae ./Drivers/STM32U5xx_HAL_Driver/stm32u5xx_hal_tim.o
                0x0800eedc                HAL_TIM_PWM_Init
 .text.HAL_TIM_IRQHandler
                0x0800ef8a      0x29e ./Drivers/STM32U5xx_HAL_Driver/stm32u5xx_hal_tim.o
                0x0800ef8a                HAL_TIM_IRQHandler
 .text.HAL_TIM_PWM_ConfigChannel
                0x0800f228      0x228 ./Drivers/STM32U5xx_HAL_Driver/stm32u5xx_hal_tim.o
                0x0800f228                HAL_TIM_PWM_ConfigChannel
 .text.HAL_TIM_ConfigClockSource
                0x0800f450      0x204 ./Drivers/STM32U5xx_HAL_Driver/stm32u5xx_hal_tim.o
                0x0800f450                HAL_TIM_ConfigClockSource
 .text.HAL_TIM_OC_DelayElapsedCallback
                0x0800f654       0x14 ./Drivers/STM32U5xx_HAL_Driver/stm32u5xx_hal_tim.o
                0x0800f654                HAL_TIM_OC_DelayElapsedCallback
 .text.HAL_TIM_IC_CaptureCallback
                0x0800f668       0x14 ./Drivers/STM32U5xx_HAL_Driver/stm32u5xx_hal_tim.o
                0x0800f668                HAL_TIM_IC_CaptureCallback
 .text.HAL_TIM_PWM_PulseFinishedCallback
                0x0800f67c       0x14 ./Drivers/STM32U5xx_HAL_Driver/stm32u5xx_hal_tim.o
                0x0800f67c                HAL_TIM_PWM_PulseFinishedCallback
 .text.HAL_TIM_TriggerCallback
                0x0800f690       0x14 ./Drivers/STM32U5xx_HAL_Driver/stm32u5xx_hal_tim.o
                0x0800f690                HAL_TIM_TriggerCallback
 .text.TIM_Base_SetConfig
                0x0800f6a4      0x200 ./Drivers/STM32U5xx_HAL_Driver/stm32u5xx_hal_tim.o
                0x0800f6a4                TIM_Base_SetConfig
 .text.TIM_OC1_SetConfig
                0x0800f8a4      0x188 ./Drivers/STM32U5xx_HAL_Driver/stm32u5xx_hal_tim.o
 .text.TIM_OC2_SetConfig
                0x0800fa2c      0x164 ./Drivers/STM32U5xx_HAL_Driver/stm32u5xx_hal_tim.o
                0x0800fa2c                TIM_OC2_SetConfig
 .text.TIM_OC3_SetConfig
                0x0800fb90      0x160 ./Drivers/STM32U5xx_HAL_Driver/stm32u5xx_hal_tim.o
 .text.TIM_OC4_SetConfig
                0x0800fcf0      0x164 ./Drivers/STM32U5xx_HAL_Driver/stm32u5xx_hal_tim.o
 .text.TIM_OC5_SetConfig
                0x0800fe54      0x104 ./Drivers/STM32U5xx_HAL_Driver/stm32u5xx_hal_tim.o
 .text.TIM_OC6_SetConfig
                0x0800ff58      0x108 ./Drivers/STM32U5xx_HAL_Driver/stm32u5xx_hal_tim.o
 .text.TIM_TI1_ConfigInputStage
                0x08010060       0xe4 ./Drivers/STM32U5xx_HAL_Driver/stm32u5xx_hal_tim.o
 .text.TIM_TI2_ConfigInputStage
                0x08010144       0x9c ./Drivers/STM32U5xx_HAL_Driver/stm32u5xx_hal_tim.o
 .text.TIM_ITRx_SetConfig
                0x080101e0       0x3a ./Drivers/STM32U5xx_HAL_Driver/stm32u5xx_hal_tim.o
 .text.TIM_ETR_SetConfig
                0x0801021a       0x40 ./Drivers/STM32U5xx_HAL_Driver/stm32u5xx_hal_tim.o
                0x0801021a                TIM_ETR_SetConfig
 *fill*         0x0801025a        0x2 
 .text.HAL_TIMEx_MasterConfigSynchronization
                0x0801025c      0x184 ./Drivers/STM32U5xx_HAL_Driver/stm32u5xx_hal_tim_ex.o
                0x0801025c                HAL_TIMEx_MasterConfigSynchronization
 .text.HAL_TIMEx_ConfigBreakDeadTime
                0x080103e0      0x134 ./Drivers/STM32U5xx_HAL_Driver/stm32u5xx_hal_tim_ex.o
                0x080103e0                HAL_TIMEx_ConfigBreakDeadTime
 .text.HAL_TIMEx_ConfigBreakInput
                0x08010514      0x17c ./Drivers/STM32U5xx_HAL_Driver/stm32u5xx_hal_tim_ex.o
                0x08010514                HAL_TIMEx_ConfigBreakInput
 .text.HAL_TIMEx_CommutCallback
                0x08010690       0x14 ./Drivers/STM32U5xx_HAL_Driver/stm32u5xx_hal_tim_ex.o
                0x08010690                HAL_TIMEx_CommutCallback
 .text.HAL_TIMEx_BreakCallback
                0x080106a4       0x14 ./Drivers/STM32U5xx_HAL_Driver/stm32u5xx_hal_tim_ex.o
                0x080106a4                HAL_TIMEx_BreakCallback
 .text.HAL_TIMEx_Break2Callback
                0x080106b8       0x14 ./Drivers/STM32U5xx_HAL_Driver/stm32u5xx_hal_tim_ex.o
                0x080106b8                HAL_TIMEx_Break2Callback
 .text.HAL_TIMEx_EncoderIndexCallback
                0x080106cc       0x14 ./Drivers/STM32U5xx_HAL_Driver/stm32u5xx_hal_tim_ex.o
                0x080106cc                HAL_TIMEx_EncoderIndexCallback
 .text.HAL_TIMEx_DirectionChangeCallback
                0x080106e0       0x14 ./Drivers/STM32U5xx_HAL_Driver/stm32u5xx_hal_tim_ex.o
                0x080106e0                HAL_TIMEx_DirectionChangeCallback
 .text.HAL_TIMEx_IndexErrorCallback
                0x080106f4       0x14 ./Drivers/STM32U5xx_HAL_Driver/stm32u5xx_hal_tim_ex.o
                0x080106f4                HAL_TIMEx_IndexErrorCallback
 .text.HAL_TIMEx_TransitionErrorCallback
                0x08010708       0x14 ./Drivers/STM32U5xx_HAL_Driver/stm32u5xx_hal_tim_ex.o
                0x08010708                HAL_TIMEx_TransitionErrorCallback
 .text.HAL_UART_Init
                0x0801071c       0xa0 ./Drivers/STM32U5xx_HAL_Driver/stm32u5xx_hal_uart.o
                0x0801071c                HAL_UART_Init
 .text.HAL_UART_Transmit
                0x080107bc      0x11c ./Drivers/STM32U5xx_HAL_Driver/stm32u5xx_hal_uart.o
                0x080107bc                HAL_UART_Transmit
 .text.UART_SetConfig
                0x080108d8      0x35c ./Drivers/STM32U5xx_HAL_Driver/stm32u5xx_hal_uart.o
                0x080108d8                UART_SetConfig
 .text.UART_AdvFeatureConfig
                0x08010c34      0x144 ./Drivers/STM32U5xx_HAL_Driver/stm32u5xx_hal_uart.o
                0x08010c34                UART_AdvFeatureConfig
 .text.UART_CheckIdleState
                0x08010d78      0x154 ./Drivers/STM32U5xx_HAL_Driver/stm32u5xx_hal_uart.o
                0x08010d78                UART_CheckIdleState
 .text.UART_WaitOnFlagUntilTimeout
                0x08010ecc       0xda ./Drivers/STM32U5xx_HAL_Driver/stm32u5xx_hal_uart.o
                0x08010ecc                UART_WaitOnFlagUntilTimeout
 .text.UART_EndRxTransfer
                0x08010fa6       0xcc ./Drivers/STM32U5xx_HAL_Driver/stm32u5xx_hal_uart.o
 .text.HAL_RS485Ex_Init
                0x08011072       0xd2 ./Drivers/STM32U5xx_HAL_Driver/stm32u5xx_hal_uart_ex.o
                0x08011072                HAL_RS485Ex_Init
 .text.HAL_UARTEx_DisableFifoMode
                0x08011144       0x72 ./Drivers/STM32U5xx_HAL_Driver/stm32u5xx_hal_uart_ex.o
                0x08011144                HAL_UARTEx_DisableFifoMode
 .text.HAL_UARTEx_SetTxFifoThreshold
                0x080111b6       0x7c ./Drivers/STM32U5xx_HAL_Driver/stm32u5xx_hal_uart_ex.o
                0x080111b6                HAL_UARTEx_SetTxFifoThreshold
 .text.HAL_UARTEx_SetRxFifoThreshold
                0x08011232       0x7c ./Drivers/STM32U5xx_HAL_Driver/stm32u5xx_hal_uart_ex.o
                0x08011232                HAL_UARTEx_SetRxFifoThreshold
 *fill*         0x080112ae        0x2 
 .text.UARTEx_SetNbDataToProcess
                0x080112b0       0x9c ./Drivers/STM32U5xx_HAL_Driver/stm32u5xx_hal_uart_ex.o
 .text.arm_sin_f32
                0x0801134c       0x8c ../../Middlewares/ST/ARM/DSP/Lib\libarm_ARMv8MMLlfsp_math.a(arm_sin_f32.o)
                0x0801134c                arm_sin_f32
 .text.arm_cos_f32
                0x080113d8       0x94 ../../Middlewares/ST/ARM/DSP/Lib\libarm_ARMv8MMLlfsp_math.a(arm_cos_f32.o)
                0x080113d8                arm_cos_f32
 .text.__cvt    0x0801146c       0xca C:/ST/STM32CubeIDE_2.1.1/STM32CubeIDE/plugins/com.st.stm32cube.ide.mcu.externaltools.gnu-tools-for-stm32.14.3.rel1.win32_1.0.100.202602081740/tools/bin/../lib/gcc/arm-none-eabi/14.3.1/../../../../arm-none-eabi/lib/thumb/v8-m.main+fp/hard\libc_nano.a(libc_a-nano-vfprintf_float.o)
                0x0801146c                __cvt
 .text.__exponent
                0x08011536       0x72 C:/ST/STM32CubeIDE_2.1.1/STM32CubeIDE/plugins/com.st.stm32cube.ide.mcu.externaltools.gnu-tools-for-stm32.14.3.rel1.win32_1.0.100.202602081740/tools/bin/../lib/gcc/arm-none-eabi/14.3.1/../../../../arm-none-eabi/lib/thumb/v8-m.main+fp/hard\libc_nano.a(libc_a-nano-vfprintf_float.o)
                0x08011536                __exponent
 .text._printf_float
                0x080115a8      0x450 C:/ST/STM32CubeIDE_2.1.1/STM32CubeIDE/plugins/com.st.stm32cube.ide.mcu.externaltools.gnu-tools-for-stm32.14.3.rel1.win32_1.0.100.202602081740/tools/bin/../lib/gcc/arm-none-eabi/14.3.1/../../../../arm-none-eabi/lib/thumb/v8-m.main+fp/hard\libc_nano.a(libc_a-nano-vfprintf_float.o)
                0x080115a8                _printf_float
 .text._printf_common
                0x080119f8       0xe4 C:/ST/STM32CubeIDE_2.1.1/STM32CubeIDE/plugins/com.st.stm32cube.ide.mcu.externaltools.gnu-tools-for-stm32.14.3.rel1.win32_1.0.100.202602081740/tools/bin/../lib/gcc/arm-none-eabi/14.3.1/../../../../arm-none-eabi/lib/thumb/v8-m.main+fp/hard\libc_nano.a(libc_a-nano-vfprintf_i.o)
                0x080119f8                _printf_common
 .text._printf_i
                0x08011adc      0x24c C:/ST/STM32CubeIDE_2.1.1/STM32CubeIDE/plugins/com.st.stm32cube.ide.mcu.externaltools.gnu-tools-for-stm32.14.3.rel1.win32_1.0.100.202602081740/tools/bin/../lib/gcc/arm-none-eabi/14.3.1/../../../../arm-none-eabi/lib/thumb/v8-m.main+fp/hard\libc_nano.a(libc_a-nano-vfprintf_i.o)
                0x08011adc                _printf_i
 .text.std      0x08011d28       0x6c C:/ST/STM32CubeIDE_2.1.1/STM32CubeIDE/plugins/com.st.stm32cube.ide.mcu.externaltools.gnu-tools-for-stm32.14.3.rel1.win32_1.0.100.202602081740/tools/bin/../lib/gcc/arm-none-eabi/14.3.1/../../../../arm-none-eabi/lib/thumb/v8-m.main+fp/hard\libc_nano.a(libc_a-findfp.o)
 .text.stdio_exit_handler
                0x08011d94       0x18 C:/ST/STM32CubeIDE_2.1.1/STM32CubeIDE/plugins/com.st.stm32cube.ide.mcu.externaltools.gnu-tools-for-stm32.14.3.rel1.win32_1.0.100.202602081740/tools/bin/../lib/gcc/arm-none-eabi/14.3.1/../../../../arm-none-eabi/lib/thumb/v8-m.main+fp/hard\libc_nano.a(libc_a-findfp.o)
 .text.cleanup_stdio
                0x08011dac       0x40 C:/ST/STM32CubeIDE_2.1.1/STM32CubeIDE/plugins/com.st.stm32cube.ide.mcu.externaltools.gnu-tools-for-stm32.14.3.rel1.win32_1.0.100.202602081740/tools/bin/../lib/gcc/arm-none-eabi/14.3.1/../../../../arm-none-eabi/lib/thumb/v8-m.main+fp/hard\libc_nano.a(libc_a-findfp.o)
 .text.global_stdio_init.part.0
                0x08011dec       0x40 C:/ST/STM32CubeIDE_2.1.1/STM32CubeIDE/plugins/com.st.stm32cube.ide.mcu.externaltools.gnu-tools-for-stm32.14.3.rel1.win32_1.0.100.202602081740/tools/bin/../lib/gcc/arm-none-eabi/14.3.1/../../../../arm-none-eabi/lib/thumb/v8-m.main+fp/hard\libc_nano.a(libc_a-findfp.o)
 .text.__sfp_lock_acquire
                0x08011e2c        0xc C:/ST/STM32CubeIDE_2.1.1/STM32CubeIDE/plugins/com.st.stm32cube.ide.mcu.externaltools.gnu-tools-for-stm32.14.3.rel1.win32_1.0.100.202602081740/tools/bin/../lib/gcc/arm-none-eabi/14.3.1/../../../../arm-none-eabi/lib/thumb/v8-m.main+fp/hard\libc_nano.a(libc_a-findfp.o)
                0x08011e2c                __sfp_lock_acquire
 .text.__sfp_lock_release
                0x08011e38        0xc C:/ST/STM32CubeIDE_2.1.1/STM32CubeIDE/plugins/com.st.stm32cube.ide.mcu.externaltools.gnu-tools-for-stm32.14.3.rel1.win32_1.0.100.202602081740/tools/bin/../lib/gcc/arm-none-eabi/14.3.1/../../../../arm-none-eabi/lib/thumb/v8-m.main+fp/hard\libc_nano.a(libc_a-findfp.o)
                0x08011e38                __sfp_lock_release
 .text.__sinit  0x08011e44       0x30 C:/ST/STM32CubeIDE_2.1.1/STM32CubeIDE/plugins/com.st.stm32cube.ide.mcu.externaltools.gnu-tools-for-stm32.14.3.rel1.win32_1.0.100.202602081740/tools/bin/../lib/gcc/arm-none-eabi/14.3.1/../../../../arm-none-eabi/lib/thumb/v8-m.main+fp/hard\libc_nano.a(libc_a-findfp.o)
                0x08011e44                __sinit
 .text._fwalk_sglue
                0x08011e74       0x3c C:/ST/STM32CubeIDE_2.1.1/STM32CubeIDE/plugins/com.st.stm32cube.ide.mcu.externaltools.gnu-tools-for-stm32.14.3.rel1.win32_1.0.100.202602081740/tools/bin/../lib/gcc/arm-none-eabi/14.3.1/../../../../arm-none-eabi/lib/thumb/v8-m.main+fp/hard\libc_nano.a(libc_a-fwalk.o)
                0x08011e74                _fwalk_sglue
 .text.sprintf  0x08011eb0       0x44 C:/ST/STM32CubeIDE_2.1.1/STM32CubeIDE/plugins/com.st.stm32cube.ide.mcu.externaltools.gnu-tools-for-stm32.14.3.rel1.win32_1.0.100.202602081740/tools/bin/../lib/gcc/arm-none-eabi/14.3.1/../../../../arm-none-eabi/lib/thumb/v8-m.main+fp/hard\libc_nano.a(libc_a-sprintf.o)
                0x08011eb0                siprintf
                0x08011eb0                sprintf
 .text.__sread  0x08011ef4       0x22 C:/ST/STM32CubeIDE_2.1.1/STM32CubeIDE/plugins/com.st.stm32cube.ide.mcu.externaltools.gnu-tools-for-stm32.14.3.rel1.win32_1.0.100.202602081740/tools/bin/../lib/gcc/arm-none-eabi/14.3.1/../../../../arm-none-eabi/lib/thumb/v8-m.main+fp/hard\libc_nano.a(libc_a-stdio.o)
                0x08011ef4                __sread
 .text.__swrite
                0x08011f16       0x38 C:/ST/STM32CubeIDE_2.1.1/STM32CubeIDE/plugins/com.st.stm32cube.ide.mcu.externaltools.gnu-tools-for-stm32.14.3.rel1.win32_1.0.100.202602081740/tools/bin/../lib/gcc/arm-none-eabi/14.3.1/../../../../arm-none-eabi/lib/thumb/v8-m.main+fp/hard\libc_nano.a(libc_a-stdio.o)
                0x08011f16                __swrite
 .text.__sseek  0x08011f4e       0x26 C:/ST/STM32CubeIDE_2.1.1/STM32CubeIDE/plugins/com.st.stm32cube.ide.mcu.externaltools.gnu-tools-for-stm32.14.3.rel1.win32_1.0.100.202602081740/tools/bin/../lib/gcc/arm-none-eabi/14.3.1/../../../../arm-none-eabi/lib/thumb/v8-m.main+fp/hard\libc_nano.a(libc_a-stdio.o)
                0x08011f4e                __sseek
 .text.__sclose
                0x08011f74        0x8 C:/ST/STM32CubeIDE_2.1.1/STM32CubeIDE/plugins/com.st.stm32cube.ide.mcu.externaltools.gnu-tools-for-stm32.14.3.rel1.win32_1.0.100.202602081740/tools/bin/../lib/gcc/arm-none-eabi/14.3.1/../../../../arm-none-eabi/lib/thumb/v8-m.main+fp/hard\libc_nano.a(libc_a-stdio.o)
                0x08011f74                __sclose
 .text.memset   0x08011f7c       0x10 C:/ST/STM32CubeIDE_2.1.1/STM32CubeIDE/plugins/com.st.stm32cube.ide.mcu.externaltools.gnu-tools-for-stm32.14.3.rel1.win32_1.0.100.202602081740/tools/bin/../lib/gcc/arm-none-eabi/14.3.1/../../../../arm-none-eabi/lib/thumb/v8-m.main+fp/hard\libc_nano.a(libc_a-memset.o)
                0x08011f7c                memset
 .text._localeconv_r
                0x08011f8c        0x8 C:/ST/STM32CubeIDE_2.1.1/STM32CubeIDE/plugins/com.st.stm32cube.ide.mcu.externaltools.gnu-tools-for-stm32.14.3.rel1.win32_1.0.100.202602081740/tools/bin/../lib/gcc/arm-none-eabi/14.3.1/../../../../arm-none-eabi/lib/thumb/v8-m.main+fp/hard\libc_nano.a(libc_a-localeconv.o)
                0x08011f8c                _localeconv_r
 .text._close_r
                0x08011f94       0x20 C:/ST/STM32CubeIDE_2.1.1/STM32CubeIDE/plugins/com.st.stm32cube.ide.mcu.externaltools.gnu-tools-for-stm32.14.3.rel1.win32_1.0.100.202602081740/tools/bin/../lib/gcc/arm-none-eabi/14.3.1/../../../../arm-none-eabi/lib/thumb/v8-m.main+fp/hard\libc_nano.a(libc_a-closer.o)
                0x08011f94                _close_r
 .text._lseek_r
                0x08011fb4       0x24 C:/ST/STM32CubeIDE_2.1.1/STM32CubeIDE/plugins/com.st.stm32cube.ide.mcu.externaltools.gnu-tools-for-stm32.14.3.rel1.win32_1.0.100.202602081740/tools/bin/../lib/gcc/arm-none-eabi/14.3.1/../../../../arm-none-eabi/lib/thumb/v8-m.main+fp/hard\libc_nano.a(libc_a-lseekr.o)
                0x08011fb4                _lseek_r
 .text._read_r  0x08011fd8       0x24 C:/ST/STM32CubeIDE_2.1.1/STM32CubeIDE/plugins/com.st.stm32cube.ide.mcu.externaltools.gnu-tools-for-stm32.14.3.rel1.win32_1.0.100.202602081740/tools/bin/../lib/gcc/arm-none-eabi/14.3.1/../../../../arm-none-eabi/lib/thumb/v8-m.main+fp/hard\libc_nano.a(libc_a-readr.o)
                0x08011fd8                _read_r
 .text._write_r
                0x08011ffc       0x24 C:/ST/STM32CubeIDE_2.1.1/STM32CubeIDE/plugins/com.st.stm32cube.ide.mcu.externaltools.gnu-tools-for-stm32.14.3.rel1.win32_1.0.100.202602081740/tools/bin/../lib/gcc/arm-none-eabi/14.3.1/../../../../arm-none-eabi/lib/thumb/v8-m.main+fp/hard\libc_nano.a(libc_a-writer.o)
                0x08011ffc                _write_r
 .text.__errno  0x08012020        0xc C:/ST/STM32CubeIDE_2.1.1/STM32CubeIDE/plugins/com.st.stm32cube.ide.mcu.externaltools.gnu-tools-for-stm32.14.3.rel1.win32_1.0.100.202602081740/tools/bin/../lib/gcc/arm-none-eabi/14.3.1/../../../../arm-none-eabi/lib/thumb/v8-m.main+fp/hard\libc_nano.a(libc_a-errno.o)
                0x08012020                __errno
 .text.__libc_init_array
                0x0801202c       0x48 C:/ST/STM32CubeIDE_2.1.1/STM32CubeIDE/plugins/com.st.stm32cube.ide.mcu.externaltools.gnu-tools-for-stm32.14.3.rel1.win32_1.0.100.202602081740/tools/bin/../lib/gcc/arm-none-eabi/14.3.1/../../../../arm-none-eabi/lib/thumb/v8-m.main+fp/hard\libc_nano.a(libc_a-init.o)
                0x0801202c                __libc_init_array
 .text.__retarget_lock_init_recursive
                0x08012074        0x2 C:/ST/STM32CubeIDE_2.1.1/STM32CubeIDE/plugins/com.st.stm32cube.ide.mcu.externaltools.gnu-tools-for-stm32.14.3.rel1.win32_1.0.100.202602081740/tools/bin/../lib/gcc/arm-none-eabi/14.3.1/../../../../arm-none-eabi/lib/thumb/v8-m.main+fp/hard\libc_nano.a(libc_a-lock.o)
                0x08012074                __retarget_lock_init_recursive
 .text.__retarget_lock_acquire_recursive
                0x08012076        0x2 C:/ST/STM32CubeIDE_2.1.1/STM32CubeIDE/plugins/com.st.stm32cube.ide.mcu.externaltools.gnu-tools-for-stm32.14.3.rel1.win32_1.0.100.202602081740/tools/bin/../lib/gcc/arm-none-eabi/14.3.1/../../../../arm-none-eabi/lib/thumb/v8-m.main+fp/hard\libc_nano.a(libc_a-lock.o)
                0x08012076                __retarget_lock_acquire_recursive
 .text.__retarget_lock_release_recursive
                0x08012078        0x2 C:/ST/STM32CubeIDE_2.1.1/STM32CubeIDE/plugins/com.st.stm32cube.ide.mcu.externaltools.gnu-tools-for-stm32.14.3.rel1.win32_1.0.100.202602081740/tools/bin/../lib/gcc/arm-none-eabi/14.3.1/../../../../arm-none-eabi/lib/thumb/v8-m.main+fp/hard\libc_nano.a(libc_a-lock.o)
                0x08012078                __retarget_lock_release_recursive
 .text.memchr   0x0801207a       0x1c C:/ST/STM32CubeIDE_2.1.1/STM32CubeIDE/plugins/com.st.stm32cube.ide.mcu.externaltools.gnu-tools-for-stm32.14.3.rel1.win32_1.0.100.202602081740/tools/bin/../lib/gcc/arm-none-eabi/14.3.1/../../../../arm-none-eabi/lib/thumb/v8-m.main+fp/hard\libc_nano.a(libc_a-memchr-stub.o)
                0x0801207a                memchr
 .text.quorem   0x08012096      0x11a C:/ST/STM32CubeIDE_2.1.1/STM32CubeIDE/plugins/com.st.stm32cube.ide.mcu.externaltools.gnu-tools-for-stm32.14.3.rel1.win32_1.0.100.202602081740/tools/bin/../lib/gcc/arm-none-eabi/14.3.1/../../../../arm-none-eabi/lib/thumb/v8-m.main+fp/hard\libc_nano.a(libc_a-dtoa.o)
 .text._dtoa_r  0x080121b0      0xbb8 C:/ST/STM32CubeIDE_2.1.1/STM32CubeIDE/plugins/com.st.stm32cube.ide.mcu.externaltools.gnu-tools-for-stm32.14.3.rel1.win32_1.0.100.202602081740/tools/bin/../lib/gcc/arm-none-eabi/14.3.1/../../../../arm-none-eabi/lib/thumb/v8-m.main+fp/hard\libc_nano.a(libc_a-dtoa.o)
                0x080121b0                _dtoa_r
 .text._free_r  0x08012d68       0x94 C:/ST/STM32CubeIDE_2.1.1/STM32CubeIDE/plugins/com.st.stm32cube.ide.mcu.externaltools.gnu-tools-for-stm32.14.3.rel1.win32_1.0.100.202602081740/tools/bin/../lib/gcc/arm-none-eabi/14.3.1/../../../../arm-none-eabi/lib/thumb/v8-m.main+fp/hard\libc_nano.a(libc_a-freer.o)
                0x08012d68                _free_r
 .text.malloc   0x08012dfc       0x10 C:/ST/STM32CubeIDE_2.1.1/STM32CubeIDE/plugins/com.st.stm32cube.ide.mcu.externaltools.gnu-tools-for-stm32.14.3.rel1.win32_1.0.100.202602081740/tools/bin/../lib/gcc/arm-none-eabi/14.3.1/../../../../arm-none-eabi/lib/thumb/v8-m.main+fp/hard\libc_nano.a(libc_a-malloc.o)
                0x08012dfc                malloc
 .text.sbrk_aligned
                0x08012e0c       0x44 C:/ST/STM32CubeIDE_2.1.1/STM32CubeIDE/plugins/com.st.stm32cube.ide.mcu.externaltools.gnu-tools-for-stm32.14.3.rel1.win32_1.0.100.202602081740/tools/bin/../lib/gcc/arm-none-eabi/14.3.1/../../../../arm-none-eabi/lib/thumb/v8-m.main+fp/hard\libc_nano.a(libc_a-mallocr.o)
 .text._malloc_r
                0x08012e50      0x100 C:/ST/STM32CubeIDE_2.1.1/STM32CubeIDE/plugins/com.st.stm32cube.ide.mcu.externaltools.gnu-tools-for-stm32.14.3.rel1.win32_1.0.100.202602081740/tools/bin/../lib/gcc/arm-none-eabi/14.3.1/../../../../arm-none-eabi/lib/thumb/v8-m.main+fp/hard\libc_nano.a(libc_a-mallocr.o)
                0x08012e50                _malloc_r
 .text.__malloc_lock
                0x08012f50        0xc C:/ST/STM32CubeIDE_2.1.1/STM32CubeIDE/plugins/com.st.stm32cube.ide.mcu.externaltools.gnu-tools-for-stm32.14.3.rel1.win32_1.0.100.202602081740/tools/bin/../lib/gcc/arm-none-eabi/14.3.1/../../../../arm-none-eabi/lib/thumb/v8-m.main+fp/hard\libc_nano.a(libc_a-mlock.o)
                0x08012f50                __malloc_lock
 .text.__malloc_unlock
                0x08012f5c        0xc C:/ST/STM32CubeIDE_2.1.1/STM32CubeIDE/plugins/com.st.stm32cube.ide.mcu.externaltools.gnu-tools-for-stm32.14.3.rel1.win32_1.0.100.202602081740/tools/bin/../lib/gcc/arm-none-eabi/14.3.1/../../../../arm-none-eabi/lib/thumb/v8-m.main+fp/hard\libc_nano.a(libc_a-mlock.o)
                0x08012f5c                __malloc_unlock
 .text._Balloc  0x08012f68       0x7c C:/ST/STM32CubeIDE_2.1.1/STM32CubeIDE/plugins/com.st.stm32cube.ide.mcu.externaltools.gnu-tools-for-stm32.14.3.rel1.win32_1.0.100.202602081740/tools/bin/../lib/gcc/arm-none-eabi/14.3.1/../../../../arm-none-eabi/lib/thumb/v8-m.main+fp/hard\libc_nano.a(libc_a-mprec.o)
                0x08012f68                _Balloc
 .text._Bfree   0x08012fe4       0x44 C:/ST/STM32CubeIDE_2.1.1/STM32CubeIDE/plugins/com.st.stm32cube.ide.mcu.externaltools.gnu-tools-for-stm32.14.3.rel1.win32_1.0.100.202602081740/tools/bin/../lib/gcc/arm-none-eabi/14.3.1/../../../../arm-none-eabi/lib/thumb/v8-m.main+fp/hard\libc_nano.a(libc_a-mprec.o)
                0x08012fe4                _Bfree
 .text.__multadd
                0x08013028       0x90 C:/ST/STM32CubeIDE_2.1.1/STM32CubeIDE/plugins/com.st.stm32cube.ide.mcu.externaltools.gnu-tools-for-stm32.14.3.rel1.win32_1.0.100.202602081740/tools/bin/../lib/gcc/arm-none-eabi/14.3.1/../../../../arm-none-eabi/lib/thumb/v8-m.main+fp/hard\libc_nano.a(libc_a-mprec.o)
                0x08013028                __multadd
 .text.__hi0bits
                0x080130b8       0x3e C:/ST/STM32CubeIDE_2.1.1/STM32CubeIDE/plugins/com.st.stm32cube.ide.mcu.externaltools.gnu-tools-for-stm32.14.3.rel1.win32_1.0.100.202602081740/tools/bin/../lib/gcc/arm-none-eabi/14.3.1/../../../../arm-none-eabi/lib/thumb/v8-m.main+fp/hard\libc_nano.a(libc_a-mprec.o)
                0x080130b8                __hi0bits
 .text.__lo0bits
                0x080130f6       0x5a C:/ST/STM32CubeIDE_2.1.1/STM32CubeIDE/plugins/com.st.stm32cube.ide.mcu.externaltools.gnu-tools-for-stm32.14.3.rel1.win32_1.0.100.202602081740/tools/bin/../lib/gcc/arm-none-eabi/14.3.1/../../../../arm-none-eabi/lib/thumb/v8-m.main+fp/hard\libc_nano.a(libc_a-mprec.o)
                0x080130f6                __lo0bits
 .text.__i2b    0x08013150       0x2c C:/ST/STM32CubeIDE_2.1.1/STM32CubeIDE/plugins/com.st.stm32cube.ide.mcu.externaltools.gnu-tools-for-stm32.14.3.rel1.win32_1.0.100.202602081740/tools/bin/../lib/gcc/arm-none-eabi/14.3.1/../../../../arm-none-eabi/lib/thumb/v8-m.main+fp/hard\libc_nano.a(libc_a-mprec.o)
                0x08013150                __i2b
 .text.__multiply
                0x0801317c      0x154 C:/ST/STM32CubeIDE_2.1.1/STM32CubeIDE/plugins/com.st.stm32cube.ide.mcu.externaltools.gnu-tools-for-stm32.14.3.rel1.win32_1.0.100.202602081740/tools/bin/../lib/gcc/arm-none-eabi/14.3.1/../../../../arm-none-eabi/lib/thumb/v8-m.main+fp/hard\libc_nano.a(libc_a-mprec.o)
                0x0801317c                __multiply
 .text.__pow5mult
                0x080132d0       0xb8 C:/ST/STM32CubeIDE_2.1.1/STM32CubeIDE/plugins/com.st.stm32cube.ide.mcu.externaltools.gnu-tools-for-stm32.14.3.rel1.win32_1.0.100.202602081740/tools/bin/../lib/gcc/arm-none-eabi/14.3.1/../../../../arm-none-eabi/lib/thumb/v8-m.main+fp/hard\libc_nano.a(libc_a-mprec.o)
                0x080132d0                __pow5mult
 .text.__lshift
                0x08013388       0xd8 C:/ST/STM32CubeIDE_2.1.1/STM32CubeIDE/plugins/com.st.stm32cube.ide.mcu.externaltools.gnu-tools-for-stm32.14.3.rel1.win32_1.0.100.202602081740/tools/bin/../lib/gcc/arm-none-eabi/14.3.1/../../../../arm-none-eabi/lib/thumb/v8-m.main+fp/hard\libc_nano.a(libc_a-mprec.o)
                0x08013388                __lshift
 .text.__mcmp   0x08013460       0x36 C:/ST/STM32CubeIDE_2.1.1/STM32CubeIDE/plugins/com.st.stm32cube.ide.mcu.externaltools.gnu-tools-for-stm32.14.3.rel1.win32_1.0.100.202602081740/tools/bin/../lib/gcc/arm-none-eabi/14.3.1/../../../../arm-none-eabi/lib/thumb/v8-m.main+fp/hard\libc_nano.a(libc_a-mprec.o)
                0x08013460                __mcmp
 *fill*         0x08013496        0x2 
 .text.__mdiff  0x08013498      0x138 C:/ST/STM32CubeIDE_2.1.1/STM32CubeIDE/plugins/com.st.stm32cube.ide.mcu.externaltools.gnu-tools-for-stm32.14.3.rel1.win32_1.0.100.202602081740/tools/bin/../lib/gcc/arm-none-eabi/14.3.1/../../../../arm-none-eabi/lib/thumb/v8-m.main+fp/hard\libc_nano.a(libc_a-mprec.o)
                0x08013498                __mdiff
 .text.__d2b    0x080135d0       0xb0 C:/ST/STM32CubeIDE_2.1.1/STM32CubeIDE/plugins/com.st.stm32cube.ide.mcu.externaltools.gnu-tools-for-stm32.14.3.rel1.win32_1.0.100.202602081740/tools/bin/../lib/gcc/arm-none-eabi/14.3.1/../../../../arm-none-eabi/lib/thumb/v8-m.main+fp/hard\libc_nano.a(libc_a-mprec.o)
                0x080135d0                __d2b
 .text.__ssputs_r
                0x08013680       0xc0 C:/ST/STM32CubeIDE_2.1.1/STM32CubeIDE/plugins/com.st.stm32cube.ide.mcu.externaltools.gnu-tools-for-stm32.14.3.rel1.win32_1.0.100.202602081740/tools/bin/../lib/gcc/arm-none-eabi/14.3.1/../../../../arm-none-eabi/lib/thumb/v8-m.main+fp/hard\libc_nano.a(libc_a-nano-svfprintf.o)
                0x08013680                __ssputs_r
 .text._svfprintf_r
                0x08013740      0x1f0 C:/ST/STM32CubeIDE_2.1.1/STM32CubeIDE/plugins/com.st.stm32cube.ide.mcu.externaltools.gnu-tools-for-stm32.14.3.rel1.win32_1.0.100.202602081740/tools/bin/../lib/gcc/arm-none-eabi/14.3.1/../../../../arm-none-eabi/lib/thumb/v8-m.main+fp/hard\libc_nano.a(libc_a-nano-svfprintf.o)
                0x08013740                _svfiprintf_r
                0x08013740                _svfprintf_r
 .text.__sflush_r
                0x08013930      0x100 C:/ST/STM32CubeIDE_2.1.1/STM32CubeIDE/plugins/com.st.stm32cube.ide.mcu.externaltools.gnu-tools-for-stm32.14.3.rel1.win32_1.0.100.202602081740/tools/bin/../lib/gcc/arm-none-eabi/14.3.1/../../../../arm-none-eabi/lib/thumb/v8-m.main+fp/hard\libc_nano.a(libc_a-fflush.o)
                0x08013930                __sflush_r
 .text._fflush_r
                0x08013a30       0x50 C:/ST/STM32CubeIDE_2.1.1/STM32CubeIDE/plugins/com.st.stm32cube.ide.mcu.externaltools.gnu-tools-for-stm32.14.3.rel1.win32_1.0.100.202602081740/tools/bin/../lib/gcc/arm-none-eabi/14.3.1/../../../../arm-none-eabi/lib/thumb/v8-m.main+fp/hard\libc_nano.a(libc_a-fflush.o)
                0x08013a30                _fflush_r
 .text.memmove  0x08013a80       0x32 C:/ST/STM32CubeIDE_2.1.1/STM32CubeIDE/plugins/com.st.stm32cube.ide.mcu.externaltools.gnu-tools-for-stm32.14.3.rel1.win32_1.0.100.202602081740/tools/bin/../lib/gcc/arm-none-eabi/14.3.1/../../../../arm-none-eabi/lib/thumb/v8-m.main+fp/hard\libc_nano.a(libc_a-memmove.o)
                0x08013a80                memmove
 *fill*         0x08013ab2        0x2 
 .text._sbrk_r  0x08013ab4       0x20 C:/ST/STM32CubeIDE_2.1.1/STM32CubeIDE/plugins/com.st.stm32cube.ide.mcu.externaltools.gnu-tools-for-stm32.14.3.rel1.win32_1.0.100.202602081740/tools/bin/../lib/gcc/arm-none-eabi/14.3.1/../../../../arm-none-eabi/lib/thumb/v8-m.main+fp/hard\libc_nano.a(libc_a-sbrkr.o)
                0x08013ab4                _sbrk_r
 .text.memcpy   0x08013ad4       0x1a C:/ST/STM32CubeIDE_2.1.1/STM32CubeIDE/plugins/com.st.stm32cube.ide.mcu.externaltools.gnu-tools-for-stm32.14.3.rel1.win32_1.0.100.202602081740/tools/bin/../lib/gcc/arm-none-eabi/14.3.1/../../../../arm-none-eabi/lib/thumb/v8-m.main+fp/hard\libc_nano.a(libc_a-memcpy-stub.o)
                0x08013ad4                memcpy
 *fill*         0x08013aee        0x2 
 .text.__assert_func
                0x08013af0       0x3c C:/ST/STM32CubeIDE_2.1.1/STM32CubeIDE/plugins/com.st.stm32cube.ide.mcu.externaltools.gnu-tools-for-stm32.14.3.rel1.win32_1.0.100.202602081740/tools/bin/../lib/gcc/arm-none-eabi/14.3.1/../../../../arm-none-eabi/lib/thumb/v8-m.main+fp/hard\libc_nano.a(libc_a-assert.o)
                0x08013af0                __assert_func
 .text._calloc_r
                0x08013b2c       0x28 C:/ST/STM32CubeIDE_2.1.1/STM32CubeIDE/plugins/com.st.stm32cube.ide.mcu.externaltools.gnu-tools-for-stm32.14.3.rel1.win32_1.0.100.202602081740/tools/bin/../lib/gcc/arm-none-eabi/14.3.1/../../../../arm-none-eabi/lib/thumb/v8-m.main+fp/hard\libc_nano.a(libc_a-callocr.o)
                0x08013b2c                _calloc_r
 .text.__ascii_mbtowc
                0x08013b54       0x24 C:/ST/STM32CubeIDE_2.1.1/STM32CubeIDE/plugins/com.st.stm32cube.ide.mcu.externaltools.gnu-tools-for-stm32.14.3.rel1.win32_1.0.100.202602081740/tools/bin/../lib/gcc/arm-none-eabi/14.3.1/../../../../arm-none-eabi/lib/thumb/v8-m.main+fp/hard\libc_nano.a(libc_a-mbtowc_r.o)
                0x08013b54                __ascii_mbtowc
 .text._realloc_r
                0x08013b78       0x5c C:/ST/STM32CubeIDE_2.1.1/STM32CubeIDE/plugins/com.st.stm32cube.ide.mcu.externaltools.gnu-tools-for-stm32.14.3.rel1.win32_1.0.100.202602081740/tools/bin/../lib/gcc/arm-none-eabi/14.3.1/../../../../arm-none-eabi/lib/thumb/v8-m.main+fp/hard\libc_nano.a(libc_a-reallocr.o)
                0x08013b78                _realloc_r
 .text.__ascii_wctomb
                0x08013bd4       0x1a C:/ST/STM32CubeIDE_2.1.1/STM32CubeIDE/plugins/com.st.stm32cube.ide.mcu.externaltools.gnu-tools-for-stm32.14.3.rel1.win32_1.0.100.202602081740/tools/bin/../lib/gcc/arm-none-eabi/14.3.1/../../../../arm-none-eabi/lib/thumb/v8-m.main+fp/hard\libc_nano.a(libc_a-wctomb_r.o)
                0x08013bd4                __ascii_wctomb
 *fill*         0x08013bee        0x2 
 .text.fprintf  0x08013bf0       0x24 C:/ST/STM32CubeIDE_2.1.1/STM32CubeIDE/plugins/com.st.stm32cube.ide.mcu.externaltools.gnu-tools-for-stm32.14.3.rel1.win32_1.0.100.202602081740/tools/bin/../lib/gcc/arm-none-eabi/14.3.1/../../../../arm-none-eabi/lib/thumb/v8-m.main+fp/hard\libc_nano.a(libc_a-fprintf.o)
                0x08013bf0                fiprintf
                0x08013bf0                fprintf
 .text.abort    0x08013c14        0xe C:/ST/STM32CubeIDE_2.1.1/STM32CubeIDE/plugins/com.st.stm32cube.ide.mcu.externaltools.gnu-tools-for-stm32.14.3.rel1.win32_1.0.100.202602081740/tools/bin/../lib/gcc/arm-none-eabi/14.3.1/../../../../arm-none-eabi/lib/thumb/v8-m.main+fp/hard\libc_nano.a(libc_a-abort.o)
                0x08013c14                abort
 .text._malloc_usable_size_r
                0x08013c22       0x10 C:/ST/STM32CubeIDE_2.1.1/STM32CubeIDE/plugins/com.st.stm32cube.ide.mcu.externaltools.gnu-tools-for-stm32.14.3.rel1.win32_1.0.100.202602081740/tools/bin/../lib/gcc/arm-none-eabi/14.3.1/../../../../arm-none-eabi/lib/thumb/v8-m.main+fp/hard\libc_nano.a(libc_a-msizer.o)
                0x08013c22                _malloc_usable_size_r
 .text.__sfputc_r
                0x08013c32       0x2e C:/ST/STM32CubeIDE_2.1.1/STM32CubeIDE/plugins/com.st.stm32cube.ide.mcu.externaltools.gnu-tools-for-stm32.14.3.rel1.win32_1.0.100.202602081740/tools/bin/../lib/gcc/arm-none-eabi/14.3.1/../../../../arm-none-eabi/lib/thumb/v8-m.main+fp/hard\libc_nano.a(libc_a-nano-vfprintf.o)
 .text.__sfputs_r
                0x08013c60       0x24 C:/ST/STM32CubeIDE_2.1.1/STM32CubeIDE/plugins/com.st.stm32cube.ide.mcu.externaltools.gnu-tools-for-stm32.14.3.rel1.win32_1.0.100.202602081740/tools/bin/../lib/gcc/arm-none-eabi/14.3.1/../../../../arm-none-eabi/lib/thumb/v8-m.main+fp/hard\libc_nano.a(libc_a-nano-vfprintf.o)
                0x08013c60                __sfputs_r
 .text._vfprintf_r
                0x08013c84      0x228 C:/ST/STM32CubeIDE_2.1.1/STM32CubeIDE/plugins/com.st.stm32cube.ide.mcu.externaltools.gnu-tools-for-stm32.14.3.rel1.win32_1.0.100.202602081740/tools/bin/../lib/gcc/arm-none-eabi/14.3.1/../../../../arm-none-eabi/lib/thumb/v8-m.main+fp/hard\libc_nano.a(libc_a-nano-vfprintf.o)
                0x08013c84                _vfprintf_r
                0x08013c84                _vfiprintf_r
 .text.__swbuf_r
                0x08013eac       0x7c C:/ST/STM32CubeIDE_2.1.1/STM32CubeIDE/plugins/com.st.stm32cube.ide.mcu.externaltools.gnu-tools-for-stm32.14.3.rel1.win32_1.0.100.202602081740/tools/bin/../lib/gcc/arm-none-eabi/14.3.1/../../../../arm-none-eabi/lib/thumb/v8-m.main+fp/hard\libc_nano.a(libc_a-wbuf.o)
                0x08013eac                __swbuf_r
 .text.__swsetup_r
                0x08013f28       0xa8 C:/ST/STM32CubeIDE_2.1.1/STM32CubeIDE/plugins/com.st.stm32cube.ide.mcu.externaltools.gnu-tools-for-stm32.14.3.rel1.win32_1.0.100.202602081740/tools/bin/../lib/gcc/arm-none-eabi/14.3.1/../../../../arm-none-eabi/lib/thumb/v8-m.main+fp/hard\libc_nano.a(libc_a-wsetup.o)
                0x08013f28                __swsetup_r
 .text._raise_r
                0x08013fd0       0x50 C:/ST/STM32CubeIDE_2.1.1/STM32CubeIDE/plugins/com.st.stm32cube.ide.mcu.externaltools.gnu-tools-for-stm32.14.3.rel1.win32_1.0.100.202602081740/tools/bin/../lib/gcc/arm-none-eabi/14.3.1/../../../../arm-none-eabi/lib/thumb/v8-m.main+fp/hard\libc_nano.a(libc_a-signal.o)
                0x08013fd0                _raise_r
 .text.raise    0x08014020       0x10 C:/ST/STM32CubeIDE_2.1.1/STM32CubeIDE/plugins/com.st.stm32cube.ide.mcu.externaltools.gnu-tools-for-stm32.14.3.rel1.win32_1.0.100.202602081740/tools/bin/../lib/gcc/arm-none-eabi/14.3.1/../../../../arm-none-eabi/lib/thumb/v8-m.main+fp/hard\libc_nano.a(libc_a-signal.o)
                0x08014020                raise
 .text._kill_r  0x08014030       0x24 C:/ST/STM32CubeIDE_2.1.1/STM32CubeIDE/plugins/com.st.stm32cube.ide.mcu.externaltools.gnu-tools-for-stm32.14.3.rel1.win32_1.0.100.202602081740/tools/bin/../lib/gcc/arm-none-eabi/14.3.1/../../../../arm-none-eabi/lib/thumb/v8-m.main+fp/hard\libc_nano.a(libc_a-signalr.o)
                0x08014030                _kill_r
 .text._getpid_r
                0x08014054        0x4 C:/ST/STM32CubeIDE_2.1.1/STM32CubeIDE/plugins/com.st.stm32cube.ide.mcu.externaltools.gnu-tools-for-stm32.14.3.rel1.win32_1.0.100.202602081740/tools/bin/../lib/gcc/arm-none-eabi/14.3.1/../../../../arm-none-eabi/lib/thumb/v8-m.main+fp/hard\libc_nano.a(libc_a-signalr.o)
                0x08014054                _getpid_r
 .text.__swhatbuf_r
                0x08014058       0x48 C:/ST/STM32CubeIDE_2.1.1/STM32CubeIDE/plugins/com.st.stm32cube.ide.mcu.externaltools.gnu-tools-for-stm32.14.3.rel1.win32_1.0.100.202602081740/tools/bin/../lib/gcc/arm-none-eabi/14.3.1/../../../../arm-none-eabi/lib/thumb/v8-m.main+fp/hard\libc_nano.a(libc_a-makebuf.o)
                0x08014058                __swhatbuf_r
 .text.__smakebuf_r
                0x080140a0       0x72 C:/ST/STM32CubeIDE_2.1.1/STM32CubeIDE/plugins/com.st.stm32cube.ide.mcu.externaltools.gnu-tools-for-stm32.14.3.rel1.win32_1.0.100.202602081740/tools/bin/../lib/gcc/arm-none-eabi/14.3.1/../../../../arm-none-eabi/lib/thumb/v8-m.main+fp/hard\libc_nano.a(libc_a-makebuf.o)
                0x080140a0                __smakebuf_r
 *fill*         0x08014112        0x2 
 .text._fstat_r
                0x08014114       0x24 C:/ST/STM32CubeIDE_2.1.1/STM32CubeIDE/plugins/com.st.stm32cube.ide.mcu.externaltools.gnu-tools-for-stm32.14.3.rel1.win32_1.0.100.202602081740/tools/bin/../lib/gcc/arm-none-eabi/14.3.1/../../../../arm-none-eabi/lib/thumb/v8-m.main+fp/hard\libc_nano.a(libc_a-fstatr.o)
                0x08014114                _fstat_r
 .text._isatty_r
                0x08014138       0x20 C:/ST/STM32CubeIDE_2.1.1/STM32CubeIDE/plugins/com.st.stm32cube.ide.mcu.externaltools.gnu-tools-for-stm32.14.3.rel1.win32_1.0.100.202602081740/tools/bin/../lib/gcc/arm-none-eabi/14.3.1/../../../../arm-none-eabi/lib/thumb/v8-m.main+fp/hard\libc_nano.a(libc_a-isattyr.o)
                0x08014138                _isatty_r
 .text.sqrtf    0x08014158       0x44 C:/ST/STM32CubeIDE_2.1.1/STM32CubeIDE/plugins/com.st.stm32cube.ide.mcu.externaltools.gnu-tools-for-stm32.14.3.rel1.win32_1.0.100.202602081740/tools/bin/../lib/gcc/arm-none-eabi/14.3.1/../../../../arm-none-eabi/lib/thumb/v8-m.main+fp/hard\libm.a(libm_a-wf_sqrt.o)
                0x08014158                sqrtf
 .text.__ieee754_sqrtf
                0x0801419c        0x8 C:/ST/STM32CubeIDE_2.1.1/STM32CubeIDE/plugins/com.st.stm32cube.ide.mcu.externaltools.gnu-tools-for-stm32.14.3.rel1.win32_1.0.100.202602081740/tools/bin/../lib/gcc/arm-none-eabi/14.3.1/../../../../arm-none-eabi/lib/thumb/v8-m.main+fp/hard\libm.a(libm_a-ef_sqrt.o)
                0x0801419c                __ieee754_sqrtf
 *(.glue_7)
 .glue_7        0x080141a4        0x0 linker stubs
 *(.glue_7t)
 .glue_7t       0x080141a4        0x0 linker stubs
 *(.eh_frame)
 .eh_frame      0x080141a4        0x0 C:/ST/STM32CubeIDE_2.1.1/STM32CubeIDE/plugins/com.st.stm32cube.ide.mcu.externaltools.gnu-tools-for-stm32.14.3.rel1.win32_1.0.100.202602081740/tools/bin/../lib/gcc/arm-none-eabi/14.3.1/thumb/v8-m.main+fp/hard/crtbegin.o
 *(.init)
 .init          0x080141a4        0x4 C:/ST/STM32CubeIDE_2.1.1/STM32CubeIDE/plugins/com.st.stm32cube.ide.mcu.externaltools.gnu-tools-for-stm32.14.3.rel1.win32_1.0.100.202602081740/tools/bin/../lib/gcc/arm-none-eabi/14.3.1/thumb/v8-m.main+fp/hard/crti.o
                0x080141a4                _init
 .init          0x080141a8        0x8 C:/ST/STM32CubeIDE_2.1.1/STM32CubeIDE/plugins/com.st.stm32cube.ide.mcu.externaltools.gnu-tools-for-stm32.14.3.rel1.win32_1.0.100.202602081740/tools/bin/../lib/gcc/arm-none-eabi/14.3.1/thumb/v8-m.main+fp/hard/crtn.o
 *(.fini)
 .fini          0x080141b0        0x4 C:/ST/STM32CubeIDE_2.1.1/STM32CubeIDE/plugins/com.st.stm32cube.ide.mcu.externaltools.gnu-tools-for-stm32.14.3.rel1.win32_1.0.100.202602081740/tools/bin/../lib/gcc/arm-none-eabi/14.3.1/thumb/v8-m.main+fp/hard/crti.o
                0x080141b0                _fini
 .fini          0x080141b4        0x8 C:/ST/STM32CubeIDE_2.1.1/STM32CubeIDE/plugins/com.st.stm32cube.ide.mcu.externaltools.gnu-tools-for-stm32.14.3.rel1.win32_1.0.100.202602081740/tools/bin/../lib/gcc/arm-none-eabi/14.3.1/thumb/v8-m.main+fp/hard/crtn.o
                0x080141bc                        _etext = .

.vfp11_veneer   0x080141bc        0x0
 .vfp11_veneer  0x080141bc        0x0 linker stubs

.v4_bx          0x080141bc        0x0
 .v4_bx         0x080141bc        0x0 linker stubs

.iplt           0x080141bc        0x0
 .iplt          0x080141bc        0x0 C:/ST/STM32CubeIDE_2.1.1/STM32CubeIDE/plugins/com.st.stm32cube.ide.mcu.externaltools.gnu-tools-for-stm32.14.3.rel1.win32_1.0.100.202602081740/tools/bin/../lib/gcc/arm-none-eabi/14.3.1/thumb/v8-m.main+fp/hard/crtbegin.o

.rodata         0x080141c0      0xd29
 *(.rodata)
 .rodata        0x080141c0       0xaf ./Application/User/Core/main.o
 *(.rodata*)
 *fill*         0x0801426f        0x1 