../../Drivers/CMSIS/Include/core_cm33.h:3212:26:ITM_SendChar	4
C:/Users/raphael.baumeler/workspace_STM/205_Monitoringsystem/STM32CubeIDE/Funktionen/complex.h:29:9:complex_add	1
C:/Users/raphael.baumeler/workspace_STM/205_Monitoringsystem/STM32CubeIDE/Funktionen/complex.h:43:9:complex_sub	1
C:/Users/raphael.baumeler/workspace_STM/205_Monitoringsystem/STM32CubeIDE/Funktionen/complex.h:57:9:complex_mul	1
C:/Users/raphael.baumeler/workspace_STM/205_Monitoringsystem/STM32CubeIDE/Funktionen/complex.h:70:9:complex_exp	1
C:/Users/raphael.baumeler/workspace_STM/205_Monitoringsystem/STM32CubeIDE/Funktionen/complex.h:83:6:scale	2
C:/Users/raphael.baumeler/workspace_STM/205_Monitoringsystem/STM32CubeIDE/Funktionen/complex.h:97:6:abs_val	3
C:/Users/raphael.baumeler/workspace_STM/205_Monitoringsystem/STM32CubeIDE/Funktionen/complex.h:113:6:make_complex	2
C:/Users/raphael.baumeler/workspace_STM/205_Monitoringsystem/STM32CubeIDE/Funktionen/fft.h:20:6:dft	3
C:/Users/raphael.baumeler/workspace_STM/205_Monitoringsystem/STM32CubeIDE/Funktionen/fft.h:47:6:fft	4
C:/Users/raphael.baumeler/workspace_STM/205_Monitoringsystem/STM32CubeIDE/Funktionen/fft.h:83:6:calc_voltage	2
C:/Users/raphael.baumeler/workspace_STM/205_Monitoringsystem/STM32CubeIDE/Funktionen/konsole.h:24:5:_write	2
C:/Users/raphael.baumeler/workspace_STM/205_Monitoringsystem/STM32CubeIDE/Funktionen/konsole.h:41:6:_print	1
C:/Users/raphael.baumeler/workspace_STM/205_Monitoringsystem/Core/Src/main.c:145:5:main	5
C:/Users/raphael.baumeler/workspace_STM/205_Monitoringsystem/Core/Src/main.c:278:6:SystemClock_Config	4
C:/Users/raphael.baumeler/workspace_STM/205_Monitoringsystem/Core/Src/main.c:333:13:SystemPower_Config	2
C:/Users/raphael.baumeler/workspace_STM/205_Monitoringsystem/Core/Src/main.c:355:6:HAL_ADC_ConvCpltCallback	5
C:/Users/raphael.baumeler/workspace_STM/205_Monitoringsystem/Core/Src/main.c:387:6:HAL_TIM_PeriodElapsedCallback	1
C:/Users/raphael.baumeler/workspace_STM/205_Monitoringsystem/Core/Src/main.c:392:6:HAL_GPIO_EXTI_Rising_Callback	1
C:/Users/raphael.baumeler/workspace_STM/205_Monitoringsystem/Core/Src/main.c:408:6:MPU_Config	1
C:/Users/raphael.baumeler/workspace_STM/205_Monitoringsystem/Core/Src/main.c:462:6:Error_Handler	1
