C:/Users/raphael.baumeler/workspace_STM/205_Monitoringsystem/Core/Src/usart.c:33:6:MX_USART1_UART_Init	8	static
C:/Users/raphael.baumeler/workspace_STM/205_Monitoringsystem/Core/Src/usart.c:77:6:MX_USART2_UART_Init	8	static
C:/Users/raphael.baumeler/workspace_STM/205_Monitoringsystem/Core/Src/usart.c:121:6:MX_USART3_UART_Init	8	static
C:/Users/raphael.baumeler/workspace_STM/205_Monitoringsystem/Core/Src/usart.c:164:6:HAL_UART_MspInit	288	static
C:/Users/raphael.baumeler/workspace_STM/205_Monitoringsystem/Core/Src/usart.c:282:6:HAL_UART_MspDeInit	16	static
