13:01:43 **** Build of configuration Debug for project 200_Pinbelegung ****
make -j14 all 
arm-none-eabi-gcc "C:/Users/raphael.baumeler/workspace_STM/200_Pinbelegung/Drivers/STM32U5xx_HAL_Driver/Src/stm32u5xx_hal.c" -mcpu=cortex-m33 -std=gnu11 -g3 -DDEBUG -DUSE_HAL_DRIVER -DSTM32U5A5xx -DARM_MATH_CM33 -c -I../../Core/Inc -I"C:/Users/raphael.baumeler/workspace_STM/200_Pinbelegung/STM32CubeIDE/Drivers/CMSIS_DSP/Include" -I"C:/Users/raphael.baumeler/workspace_STM/200_Pinbelegung/STM32CubeIDE/Drivers/CMSIS_DSP/PrivateInclude" -I../../Drivers/STM32U5xx_HAL_Driver/Inc -I../../Drivers/STM32U5xx_HAL_Driver/Inc/Legacy -I../../Drivers/CMSIS/Device/ST/STM32U5xx/Include -I../../Drivers/CMSIS/Include -I"C:/Users/raphael.baumeler/workspace_STM/200_Pinbelegung/STM32CubeIDE/Daten" -I"C:/Users/raphael.baumeler/workspace_STM/200_Pinbelegung/STM32CubeIDE/FFT/Include" -I../../Middlewares/ST/ARM/DSP/Inc -O0 -ffunction-sections -fdata-sections -Wall -fstack-usage -fcyclomatic-complexity -MMD -MP -MF"Drivers/STM32U5xx_HAL_Driver/stm32u5xx_hal.d" -MT"Drivers/STM32U5xx_HAL_Driver/stm32u5xx_hal.o" --specs=nano.specs -mfpu=fpv5-sp-d16 -mfloat-abi=hard -mthumb -o "Drivers/STM32U5xx_HAL_Driver/stm32u5xx_hal.o"
arm-none-eabi-gcc "C:/Users/raphael.baumeler/workspace_STM/200_Pinbelegung/Drivers/STM32U5xx_HAL_Driver/Src/stm32u5xx_hal_cortex.c" -mcpu=cortex-m33 -std=gnu11 -g3 -DDEBUG -DUSE_HAL_DRIVER -DSTM32U5A5xx -DARM_MATH_CM33 -c -I../../Core/Inc -I"C:/Users/raphael.baumeler/workspace_STM/200_Pinbelegung/STM32CubeIDE/Drivers/CMSIS_DSP/Include" -I"C:/Users/raphael.baumeler/workspace_STM/200_Pinbelegung/STM32CubeIDE/Drivers/CMSIS_DSP/PrivateInclude" -I../../Drivers/STM32U5xx_HAL_Driver/Inc -I../../Drivers/STM32U5xx_HAL_Driver/Inc/Legacy -I../../Drivers/CMSIS/Device/ST/STM32U5xx/Include -I../../Drivers/CMSIS/Include -I"C:/Users/raphael.baumeler/workspace_STM/200_Pinbelegung/STM32CubeIDE/Daten" -I"C:/Users/raphael.baumeler/workspace_STM/200_Pinbelegung/STM32CubeIDE/FFT/Include" -I../../Middlewares/ST/ARM/DSP/Inc -O0 -ffunction-sections -fdata-sections -Wall -fstack-usage -fcyclomatic-complexity -MMD -MP -MF"Drivers/STM32U5xx_HAL_Driver/stm32u5xx_hal_cortex.d" -MT"Drivers/STM32U5xx_HAL_Driver/stm32u5xx_hal_cortex.o" --specs=nano.specs -mfpu=fpv5-sp-d16 -mfloat-abi=hard -mthumb -o "Drivers/STM32U5xx_HAL_Driver/stm32u5xx_hal_cortex.o"
arm-none-eabi-gcc "C:/Users/raphael.baumeler/workspace_STM/200_Pinbelegung/Drivers/STM32U5xx_HAL_Driver/Src/stm32u5xx_hal_dma.c" -mcpu=cortex-m33 -std=gnu11 -g3 -DDEBUG -DUSE_HAL_DRIVER -DSTM32U5A5xx -DARM_MATH_CM33 -c -I../../Core/Inc -I"C:/Users/raphael.baumeler/workspace_STM/200_Pinbelegung/STM32CubeIDE/Drivers/CMSIS_DSP/Include" -I"C:/Users/raphael.baumeler/workspace_STM/200_Pinbelegung/STM32CubeIDE/Drivers/CMSIS_DSP/PrivateInclude" -I../../Drivers/STM32U5xx_HAL_Driver/Inc -I../../Drivers/STM32U5xx_HAL_Driver/Inc/Legacy -I../../Drivers/CMSIS/Device/ST/STM32U5xx/Include -I../../Drivers/CMSIS/Include -I"C:/Users/raphael.baumeler/workspace_STM/200_Pinbelegung/STM32CubeIDE/Daten" -I"C:/Users/raphael.baumeler/workspace_STM/200_Pinbelegung/STM32CubeIDE/FFT/Include" -I../../Middlewares/ST/ARM/DSP/Inc -O0 -ffunction-sections -fdata-sections -Wall -fstack-usage -fcyclomatic-complexity -MMD -MP -MF"Drivers/STM32U5xx_HAL_Driver/stm32u5xx_hal_dma.d" -MT"Drivers/STM32U5xx_HAL_Driver/stm32u5xx_hal_dma.o" --specs=nano.specs -mfpu=fpv5-sp-d16 -mfloat-abi=hard -mthumb -o "Drivers/STM32U5xx_HAL_Driver/stm32u5xx_hal_dma.o"
arm-none-eabi-gcc "C:/Users/raphael.baumeler/workspace_STM/200_Pinbelegung/Drivers/STM32U5xx_HAL_Driver/Src/stm32u5xx_hal_dma_ex.c" -mcpu=cortex-m33 -std=gnu11 -g3 -DDEBUG -DUSE_HAL_DRIVER -DSTM32U5A5xx -DARM_MATH_CM33 -c -I../../Core/Inc -I"C:/Users/raphael.baumeler/workspace_STM/200_Pinbelegung/STM32CubeIDE/Drivers/CMSIS_DSP/Include" -I"C:/Users/raphael.baumeler/workspace_STM/200_Pinbelegung/STM32CubeIDE/Drivers/CMSIS_DSP/PrivateInclude" -I../../Drivers/STM32U5xx_HAL_Driver/Inc -I../../Drivers/STM32U5xx_HAL_Driver/Inc/Legacy -I../../Drivers/CMSIS/Device/ST/STM32U5xx/Include -I../../Drivers/CMSIS/Include -I"C:/Users/raphael.baumeler/workspace_STM/200_Pinbelegung/STM32CubeIDE/Daten" -I"C:/Users/raphael.baumeler/workspace_STM/200_Pinbelegung/STM32CubeIDE/FFT/Include" -I../../Middlewares/ST/ARM/DSP/Inc -O0 -ffunction-sections -fdata-sections -Wall -fstack-usage -fcyclomatic-complexity -MMD -MP -MF"Drivers/STM32U5xx_HAL_Driver/stm32u5xx_hal_dma_ex.d" -MT"Drivers/STM32U5xx_HAL_Driver/stm32u5xx_hal_dma_ex.o" --specs=nano.specs -mfpu=fpv5-sp-d16 -mfloat-abi=hard -mthumb -o "Drivers/STM32U5xx_HAL_Driver/stm32u5xx_hal_dma_ex.o"
arm-none-eabi-gcc "C:/Users/raphael.baumeler/workspace_STM/200_Pinbelegung/Drivers/STM32U5xx_HAL_Driver/Src/stm32u5xx_hal_exti.c" -mcpu=cortex-m33 -std=gnu11 -g3 -DDEBUG -DUSE_HAL_DRIVER -DSTM32U5A5xx -DARM_MATH_CM33 -c -I../../Core/Inc -I"C:/Users/raphael.baumeler/workspace_STM/200_Pinbelegung/STM32CubeIDE/Drivers/CMSIS_DSP/Include" -I"C:/Users/raphael.baumeler/workspace_STM/200_Pinbelegung/STM32CubeIDE/Drivers/CMSIS_DSP/PrivateInclude" -I../../Drivers/STM32U5xx_HAL_Driver/Inc -I../../Drivers/STM32U5xx_HAL_Driver/Inc/Legacy -I../../Drivers/CMSIS/Device/ST/STM32U5xx/Include -I../../Drivers/CMSIS/Include -I"C:/Users/raphael.baumeler/workspace_STM/200_Pinbelegung/STM32CubeIDE/Daten" -I"C:/Users/raphael.baumeler/workspace_STM/200_Pinbelegung/STM32CubeIDE/FFT/Include" -I../../Middlewares/ST/ARM/DSP/Inc -O0 -ffunction-sections -fdata-sections -Wall -fstack-usage -fcyclomatic-complexity -MMD -MP -MF"Drivers/STM32U5xx_HAL_Driver/stm32u5xx_hal_exti.d" -MT"Drivers/STM32U5xx_HAL_Driver/stm32u5xx_hal_exti.o" --specs=nano.specs -mfpu=fpv5-sp-d16 -mfloat-abi=hard -mthumb -o "Drivers/STM32U5xx_HAL_Driver/stm32u5xx_hal_exti.o"
arm-none-eabi-gcc "C:/Users/raphael.baumeler/workspace_STM/200_Pinbelegung/Drivers/STM32U5xx_HAL_Driver/Src/stm32u5xx_hal_flash.c" -mcpu=cortex-m33 -std=gnu11 -g3 -DDEBUG -DUSE_HAL_DRIVER -DSTM32U5A5xx -DARM_MATH_CM33 -c -I../../Core/Inc -I"C:/Users/raphael.baumeler/workspace_STM/200_Pinbelegung/STM32CubeIDE/Drivers/CMSIS_DSP/Include" -I"C:/Users/raphael.baumeler/workspace_STM/200_Pinbelegung/STM32CubeIDE/Drivers/CMSIS_DSP/PrivateInclude" -I../../Drivers/STM32U5xx_HAL_Driver/Inc -I../../Drivers/STM32U5xx_HAL_Driver/Inc/Legacy -I../../Drivers/CMSIS/Device/ST/STM32U5xx/Include -I../../Drivers/CMSIS/Include -I"C:/Users/raphael.baumeler/workspace_STM/200_Pinbelegung/STM32CubeIDE/Daten" -I"C:/Users/raphael.baumeler/workspace_STM/200_Pinbelegung/STM32CubeIDE/FFT/Include" -I../../Middlewares/ST/ARM/DSP/Inc -O0 -ffunction-sections -fdata-sections -Wall -fstack-usage -fcyclomatic-complexity -MMD -MP -MF"Drivers/STM32U5xx_HAL_Driver/stm32u5xx_hal_flash.d" -MT"Drivers/STM32U5xx_HAL_Driver/stm32u5xx_hal_flash.o" --specs=nano.specs -mfpu=fpv5-sp-d16 -mfloat-abi=hard -mthumb -o "Drivers/STM32U5xx_HAL_Driver/stm32u5xx_hal_flash.o"
arm-none-eabi-gcc "C:/Users/raphael.baumeler/workspace_STM/200_Pinbelegung/Drivers/STM32U5xx_HAL_Driver/Src/stm32u5xx_hal_flash_ex.c" -mcpu=cortex-m33 -std=gnu11 -g3 -DDEBUG -DUSE_HAL_DRIVER -DSTM32U5A5xx -DARM_MATH_CM33 -c -I../../Core/Inc -I"C:/Users/raphael.baumeler/workspace_STM/200_Pinbelegung/STM32CubeIDE/Drivers/CMSIS_DSP/Include" -I"C:/Users/raphael.baumeler/workspace_STM/200_Pinbelegung/STM32CubeIDE/Drivers/CMSIS_DSP/PrivateInclude" -I../../Drivers/STM32U5xx_HAL_Driver/Inc -I../../Drivers/STM32U5xx_HAL_Driver/Inc/Legacy -I../../Drivers/CMSIS/Device/ST/STM32U5xx/Include -I../../Drivers/CMSIS/Include -I"C:/Users/raphael.baumeler/workspace_STM/200_Pinbelegung/STM32CubeIDE/Daten" -I"C:/Users/raphael.baumeler/workspace_STM/200_Pinbelegung/STM32CubeIDE/FFT/Include" -I../../Middlewares/ST/ARM/DSP/Inc -O0 -ffunction-sections -fdata-sections -Wall -fstack-usage -fcyclomatic-complexity -MMD -MP -MF"Drivers/STM32U5xx_HAL_Driver/stm32u5xx_hal_flash_ex.d" -MT"Drivers/STM32U5xx_HAL_Driver/stm32u5xx_hal_flash_ex.o" --specs=nano.specs -mfpu=fpv5-sp-d16 -mfloat-abi=hard -mthumb -o "Drivers/STM32U5xx_HAL_Driver/stm32u5xx_hal_flash_ex.o"
arm-none-eabi-gcc "C:/Users/raphael.baumeler/workspace_STM/200_Pinbelegung/Drivers/STM32U5xx_HAL_Driver/Src/stm32u5xx_hal_gpio.c" -mcpu=cortex-m33 -std=gnu11 -g3 -DDEBUG -DUSE_HAL_DRIVER -DSTM32U5A5xx -DARM_MATH_CM33 -c -I../../Core/Inc -I"C:/Users/raphael.baumeler/workspace_STM/200_Pinbelegung/STM32CubeIDE/Drivers/CMSIS_DSP/Include" -I"C:/Users/raphael.baumeler/workspace_STM/200_Pinbelegung/STM32CubeIDE/Drivers/CMSIS_DSP/PrivateInclude" -I../../Drivers/STM32U5xx_HAL_Driver/Inc -I../../Drivers/STM32U5xx_HAL_Driver/Inc/Legacy -I../../Drivers/CMSIS/Device/ST/STM32U5xx/Include -I../../Drivers/CMSIS/Include -I"C:/Users/raphael.baumeler/workspace_STM/200_Pinbelegung/STM32CubeIDE/Daten" -I"C:/Users/raphael.baumeler/workspace_STM/200_Pinbelegung/STM32CubeIDE/FFT/Include" -I../../Middlewares/ST/ARM/DSP/Inc -O0 -ffunction-sections -fdata-sections -Wall -fstack-usage -fcyclomatic-complexity -MMD -MP -MF"Drivers/STM32U5xx_HAL_Driver/stm32u5xx_hal_gpio.d" -MT"Drivers/STM32U5xx_HAL_Driver/stm32u5xx_hal_gpio.o" --specs=nano.specs -mfpu=fpv5-sp-d16 -mfloat-abi=hard -mthumb -o "Drivers/STM32U5xx_HAL_Driver/stm32u5xx_hal_gpio.o"
arm-none-eabi-gcc "C:/Users/raphael.baumeler/workspace_STM/200_Pinbelegung/Drivers/STM32U5xx_HAL_Driver/Src/stm32u5xx_hal_gtzc.c" -mcpu=cortex-m33 -std=gnu11 -g3 -DDEBUG -DUSE_HAL_DRIVER -DSTM32U5A5xx -DARM_MATH_CM33 -c -I../../Core/Inc -I"C:/Users/raphael.baumeler/workspace_STM/200_Pinbelegung/STM32CubeIDE/Drivers/CMSIS_DSP/Include" -I"C:/Users/raphael.baumeler/workspace_STM/200_Pinbelegung/STM32CubeIDE/Drivers/CMSIS_DSP/PrivateInclude" -I../../Drivers/STM32U5xx_HAL_Driver/Inc -I../../Drivers/STM32U5xx_HAL_Driver/Inc/Legacy -I../../Drivers/CMSIS/Device/ST/STM32U5xx/Include -I../../Drivers/CMSIS/Include -I"C:/Users/raphael.baumeler/workspace_STM/200_Pinbelegung/STM32CubeIDE/Daten" -I"C:/Users/raphael.baumeler/workspace_STM/200_Pinbelegung/STM32CubeIDE/FFT/Include" -I../../Middlewares/ST/ARM/DSP/Inc -O0 -ffunction-sections -fdata-sections -Wall -fstack-usage -fcyclomatic-complexity -MMD -MP -MF"Drivers/STM32U5xx_HAL_Driver/stm32u5xx_hal_gtzc.d" -MT"Drivers/STM32U5xx_HAL_Driver/stm32u5xx_hal_gtzc.o" --specs=nano.specs -mfpu=fpv5-sp-d16 -mfloat-abi=hard -mthumb -o "Drivers/STM32U5xx_HAL_Driver/stm32u5xx_hal_gtzc.o"
arm-none-eabi-gcc "C:/Users/raphael.baumeler/workspace_STM/200_Pinbelegung/Drivers/STM32U5xx_HAL_Driver/Src/stm32u5xx_hal_i2c.c" -mcpu=cortex-m33 -std=gnu11 -g3 -DDEBUG -DUSE_HAL_DRIVER -DSTM32U5A5xx -DARM_MATH_CM33 -c -I../../Core/Inc -I"C:/Users/raphael.baumeler/workspace_STM/200_Pinbelegung/STM32CubeIDE/Drivers/CMSIS_DSP/Include" -I"C:/Users/raphael.baumeler/workspace_STM/200_Pinbelegung/STM32CubeIDE/Drivers/CMSIS_DSP/PrivateInclude" -I../../Drivers/STM32U5xx_HAL_Driver/Inc -I../../Drivers/STM32U5xx_HAL_Driver/Inc/Legacy -I../../Drivers/CMSIS/Device/ST/STM32U5xx/Include -I../../Drivers/CMSIS/Include -I"C:/Users/raphael.baumeler/workspace_STM/200_Pinbelegung/STM32CubeIDE/Daten" -I"C:/Users/raphael.baumeler/workspace_STM/200_Pinbelegung/STM32CubeIDE/FFT/Include" -I../../Middlewares/ST/ARM/DSP/Inc -O0 -ffunction-sections -fdata-sections -Wall -fstack-usage -fcyclomatic-complexity -MMD -MP -MF"Drivers/STM32U5xx_HAL_Driver/stm32u5xx_hal_i2c.d" -MT"Drivers/STM32U5xx_HAL_Driver/stm32u5xx_hal_i2c.o" --specs=nano.specs -mfpu=fpv5-sp-d16 -mfloat-abi=hard -mthumb -o "Drivers/STM32U5xx_HAL_Driver/stm32u5xx_hal_i2c.o"
arm-none-eabi-gcc "C:/Users/raphael.baumeler/workspace_STM/200_Pinbelegung/Drivers/STM32U5xx_HAL_Driver/Src/stm32u5xx_hal_i2c_ex.c" -mcpu=cortex-m33 -std=gnu11 -g3 -DDEBUG -DUSE_HAL_DRIVER -DSTM32U5A5xx -DARM_MATH_CM33 -c -I../../Core/Inc -I"C:/Users/raphael.baumeler/workspace_STM/200_Pinbelegung/STM32CubeIDE/Drivers/CMSIS_DSP/Include" -I"C:/Users/raphael.baumeler/workspace_STM/200_Pinbelegung/STM32CubeIDE/Drivers/CMSIS_DSP/PrivateInclude" -I../../Drivers/STM32U5xx_HAL_Driver/Inc -I../../Drivers/STM32U5xx_HAL_Driver/Inc/Legacy -I../../Drivers/CMSIS/Device/ST/STM32U5xx/Include -I../../Drivers/CMSIS/Include -I"C:/Users/raphael.baumeler/workspace_STM/200_Pinbelegung/STM32CubeIDE/Daten" -I"C:/Users/raphael.baumeler/workspace_STM/200_Pinbelegung/STM32CubeIDE/FFT/Include" -I../../Middlewares/ST/ARM/DSP/Inc -O0 -ffunction-sections -fdata-sections -Wall -fstack-usage -fcyclomatic-complexity -MMD -MP -MF"Drivers/STM32U5xx_HAL_Driver/stm32u5xx_hal_i2c_ex.d" -MT"Drivers/STM32U5xx_HAL_Driver/stm32u5xx_hal_i2c_ex.o" --specs=nano.specs -mfpu=fpv5-sp-d16 -mfloat-abi=hard -mthumb -o "Drivers/STM32U5xx_HAL_Driver/stm32u5xx_hal_i2c_ex.o"
arm-none-eabi-gcc "C:/Users/raphael.baumeler/workspace_STM/200_Pinbelegung/Drivers/STM32U5xx_HAL_Driver/Src/stm32u5xx_hal_icache.c" -mcpu=cortex-m33 -std=gnu11 -g3 -DDEBUG -DUSE_HAL_DRIVER -DSTM32U5A5xx -DARM_MATH_CM33 -c -I../../Core/Inc -I"C:/Users/raphael.baumeler/workspace_STM/200_Pinbelegung/STM32CubeIDE/Drivers/CMSIS_DSP/Include" -I"C:/Users/raphael.baumeler/workspace_STM/200_Pinbelegung/STM32CubeIDE/Drivers/CMSIS_DSP/PrivateInclude" -I../../Drivers/STM32U5xx_HAL_Driver/Inc -I../../Drivers/STM32U5xx_HAL_Driver/Inc/Legacy -I../../Drivers/CMSIS/Device/ST/STM32U5xx/Include -I../../Drivers/CMSIS/Include -I"C:/Users/raphael.baumeler/workspace_STM/200_Pinbelegung/STM32CubeIDE/Daten" -I"C:/Users/raphael.baumeler/workspace_STM/200_Pinbelegung/STM32CubeIDE/FFT/Include" -I../../Middlewares/ST/ARM/DSP/Inc -O0 -ffunction-sections -fdata-sections -Wall -fstack-usage -fcyclomatic-complexity -MMD -MP -MF"Drivers/STM32U5xx_HAL_Driver/stm32u5xx_hal_icache.d" -MT"Drivers/STM32U5xx_HAL_Driver/stm32u5xx_hal_icache.o" --specs=nano.specs -mfpu=fpv5-sp-d16 -mfloat-abi=hard -mthumb -o "Drivers/STM32U5xx_HAL_Driver/stm32u5xx_hal_icache.o"
arm-none-eabi-gcc "C:/Users/raphael.baumeler/workspace_STM/200_Pinbelegung/Drivers/STM32U5xx_HAL_Driver/Src/stm32u5xx_hal_pwr.c" -mcpu=cortex-m33 -std=gnu11 -g3 -DDEBUG -DUSE_HAL_DRIVER -DSTM32U5A5xx -DARM_MATH_CM33 -c -I../../Core/Inc -I"C:/Users/raphael.baumeler/workspace_STM/200_Pinbelegung/STM32CubeIDE/Drivers/CMSIS_DSP/Include" -I"C:/Users/raphael.baumeler/workspace_STM/200_Pinbelegung/STM32CubeIDE/Drivers/CMSIS_DSP/PrivateInclude" -I../../Drivers/STM32U5xx_HAL_Driver/Inc -I../../Drivers/STM32U5xx_HAL_Driver/Inc/Legacy -I../../Drivers/CMSIS/Device/ST/STM32U5xx/Include -I../../Drivers/CMSIS/Include -I"C:/Users/raphael.baumeler/workspace_STM/200_Pinbelegung/STM32CubeIDE/Daten" -I"C:/Users/raphael.baumeler/workspace_STM/200_Pinbelegung/STM32CubeIDE/FFT/Include" -I../../Middlewares/ST/ARM/DSP/Inc -O0 -ffunction-sections -fdata-sections -Wall -fstack-usage -fcyclomatic-complexity -MMD -MP -MF"Drivers/STM32U5xx_HAL_Driver/stm32u5xx_hal_pwr.d" -MT"Drivers/STM32U5xx_HAL_Driver/stm32u5xx_hal_pwr.o" --specs=nano.specs -mfpu=fpv5-sp-d16 -mfloat-abi=hard -mthumb -o "Drivers/STM32U5xx_HAL_Driver/stm32u5xx_hal_pwr.o"
arm-none-eabi-gcc "C:/Users/raphael.baumeler/workspace_STM/200_Pinbelegung/Drivers/STM32U5xx_HAL_Driver/Src/stm32u5xx_hal_pwr_ex.c" -mcpu=cortex-m33 -std=gnu11 -g3 -DDEBUG -DUSE_HAL_DRIVER -DSTM32U5A5xx -DARM_MATH_CM33 -c -I../../Core/Inc -I"C:/Users/raphael.baumeler/workspace_STM/200_Pinbelegung/STM32CubeIDE/Drivers/CMSIS_DSP/Include" -I"C:/Users/raphael.baumeler/workspace_STM/200_Pinbelegung/STM32CubeIDE/Drivers/CMSIS_DSP/PrivateInclude" -I../../Drivers/STM32U5xx_HAL_Driver/Inc -I../../Drivers/STM32U5xx_HAL_Driver/Inc/Legacy -I../../Drivers/CMSIS/Device/ST/STM32U5xx/Include -I../../Drivers/CMSIS/Include -I"C:/Users/raphael.baumeler/workspace_STM/200_Pinbelegung/STM32CubeIDE/Daten" -I"C:/Users/raphael.baumeler/workspace_STM/200_Pinbelegung/STM32CubeIDE/FFT/Include" -I../../Middlewares/ST/ARM/DSP/Inc -O0 -ffunction-sections -fdata-sections -Wall -fstack-usage -fcyclomatic-complexity -MMD -MP -MF"Drivers/STM32U5xx_HAL_Driver/stm32u5xx_hal_pwr_ex.d" -MT"Drivers/STM32U5xx_HAL_Driver/stm32u5xx_hal_pwr_ex.o" --specs=nano.specs -mfpu=fpv5-sp-d16 -mfloat-abi=hard -mthumb -o "Drivers/STM32U5xx_HAL_Driver/stm32u5xx_hal_pwr_ex.o"
arm-none-eabi-gcc "C:/Users/raphael.baumeler/workspace_STM/200_Pinbelegung/Drivers/STM32U5xx_HAL_Driver/Src/stm32u5xx_hal_rcc.c" -mcpu=cortex-m33 -std=gnu11 -g3 -DDEBUG -DUSE_HAL_DRIVER -DSTM32U5A5xx -DARM_MATH_CM33 -c -I../../Core/Inc -I"C:/Users/raphael.baumeler/workspace_STM/200_Pinbelegung/STM32CubeIDE/Drivers/CMSIS_DSP/Include" -I"C:/Users/raphael.baumeler/workspace_STM/200_Pinbelegung/STM32CubeIDE/Drivers/CMSIS_DSP/PrivateInclude" -I../../Drivers/STM32U5xx_HAL_Driver/Inc -I../../Drivers/STM32U5xx_HAL_Driver/Inc/Legacy -I../../Drivers/CMSIS/Device/ST/STM32U5xx/Include -I../../Drivers/CMSIS/Include -I"C:/Users/raphael.baumeler/workspace_STM/200_Pinbelegung/STM32CubeIDE/Daten" -I"C:/Users/raphael.baumeler/workspace_STM/200_Pinbelegung/STM32CubeIDE/FFT/Include" -I../../Middlewares/ST/ARM/DSP/Inc -O0 -ffunction-sections -fdata-sections -Wall -fstack-usage -fcyclomatic-complexity -MMD -MP -MF"Drivers/STM32U5xx_HAL_Driver/stm32u5xx_hal_rcc.d" -MT"Drivers/STM32U5xx_HAL_Driver/stm32u5xx_hal_rcc.o" --specs=nano.specs -mfpu=fpv5-sp-d16 -mfloat-abi=hard -mthumb -o "Drivers/STM32U5xx_HAL_Driver/stm32u5xx_hal_rcc.o"
arm-none-eabi-gcc "C:/Users/raphael.baumeler/workspace_STM/200_Pinbelegung/Drivers/STM32U5xx_HAL_Driver/Src/stm32u5xx_hal_rcc_ex.c" -mcpu=cortex-m33 -std=gnu11 -g3 -DDEBUG -DUSE_HAL_DRIVER -DSTM32U5A5xx -DARM_MATH_CM33 -c -I../../Core/Inc -I"C:/Users/raphael.baumeler/workspace_STM/200_Pinbelegung/STM32CubeIDE/Drivers/CMSIS_DSP/Include" -I"C:/Users/raphael.baumeler/workspace_STM/200_Pinbelegung/STM32CubeIDE/Drivers/CMSIS_DSP/PrivateInclude" -I../../Drivers/STM32U5xx_HAL_Driver/Inc -I../../Drivers/STM32U5xx_HAL_Driver/Inc/Legacy -I../../Drivers/CMSIS/Device/ST/STM32U5xx/Include -I../../Drivers/CMSIS/Include -I"C:/Users/raphael.baumeler/workspace_STM/200_Pinbelegung/STM32CubeIDE/Daten" -I"C:/Users/raphael.baumeler/workspace_STM/200_Pinbelegung/STM32CubeIDE/FFT/Include" -I../../Middlewares/ST/ARM/DSP/Inc -O0 -ffunction-sections -fdata-sections -Wall -fstack-usage -fcyclomatic-complexity -MMD -MP -MF"Drivers/STM32U5xx_HAL_Driver/stm32u5xx_hal_rcc_ex.d" -MT"Drivers/STM32U5xx_HAL_Driver/stm32u5xx_hal_rcc_ex.o" --specs=nano.specs -mfpu=fpv5-sp-d16 -mfloat-abi=hard -mthumb -o "Drivers/STM32U5xx_HAL_Driver/stm32u5xx_hal_rcc_ex.o"
arm-none-eabi-gcc "C:/Users/raphael.baumeler/workspace_STM/200_Pinbelegung/Core/Src/system_stm32u5xx.c" -mcpu=cortex-m33 -std=gnu11 -g3 -DDEBUG -DUSE_HAL_DRIVER -DSTM32U5A5xx -DARM_MATH_CM33 -c -I../../Core/Inc -I"C:/Users/raphael.baumeler/workspace_STM/200_Pinbelegung/STM32CubeIDE/Drivers/CMSIS_DSP/Include" -I"C:/Users/raphael.baumeler/workspace_STM/200_Pinbelegung/STM32CubeIDE/Drivers/CMSIS_DSP/PrivateInclude" -I../../Drivers/STM32U5xx_HAL_Driver/Inc -I../../Drivers/STM32U5xx_HAL_Driver/Inc/Legacy -I../../Drivers/CMSIS/Device/ST/STM32U5xx/Include -I../../Drivers/CMSIS/Include -I"C:/Users/raphael.baumeler/workspace_STM/200_Pinbelegung/STM32CubeIDE/Daten" -I"C:/Users/raphael.baumeler/workspace_STM/200_Pinbelegung/STM32CubeIDE/FFT/Include" -I../../Middlewares/ST/ARM/DSP/Inc -O0 -ffunction-sections -fdata-sections -Wall -fstack-usage -fcyclomatic-complexity -MMD -MP -MF"Drivers/CMSIS/system_stm32u5xx.d" -MT"Drivers/CMSIS/system_stm32u5xx.o" --specs=nano.specs -mfpu=fpv5-sp-d16 -mfloat-abi=hard -mthumb -o "Drivers/CMSIS/system_stm32u5xx.o"
arm-none-eabi-gcc -mcpu=cortex-m33 -g3 -DDEBUG -c -x assembler-with-cpp -MMD -MP -MF"Application/User/Startup/startup_stm32u5a5zjtxq.d" -MT"Application/User/Startup/startup_stm32u5a5zjtxq.o" --specs=nano.specs -mfpu=fpv5-sp-d16 -mfloat-abi=hard -mthumb -o "Application/User/Startup/startup_stm32u5a5zjtxq.o" "../Application/User/Startup/startup_stm32u5a5zjtxq.s"
arm-none-eabi-gcc "C:/Users/raphael.baumeler/workspace_STM/200_Pinbelegung/Core/Src/flash.c" -mcpu=cortex-m33 -std=gnu11 -g3 -DDEBUG -DUSE_HAL_DRIVER -DSTM32U5A5xx -DARM_MATH_CM33 -c -I../../Core/Inc -I"C:/Users/raphael.baumeler/workspace_STM/200_Pinbelegung/STM32CubeIDE/Drivers/CMSIS_DSP/Include" -I"C:/Users/raphael.baumeler/workspace_STM/200_Pinbelegung/STM32CubeIDE/Drivers/CMSIS_DSP/PrivateInclude" -I../../Drivers/STM32U5xx_HAL_Driver/Inc -I../../Drivers/STM32U5xx_HAL_Driver/Inc/Legacy -I../../Drivers/CMSIS/Device/ST/STM32U5xx/Include -I../../Drivers/CMSIS/Include -I"C:/Users/raphael.baumeler/workspace_STM/200_Pinbelegung/STM32CubeIDE/Daten" -I"C:/Users/raphael.baumeler/workspace_STM/200_Pinbelegung/STM32CubeIDE/FFT/Include" -I../../Middlewares/ST/ARM/DSP/Inc -O0 -ffunction-sections -fdata-sections -Wall -fstack-usage -fcyclomatic-complexity -MMD -MP -MF"Application/User/Core/flash.d" -MT"Application/User/Core/flash.o" --specs=nano.specs -mfpu=fpv5-sp-d16 -mfloat-abi=hard -mthumb -o "Application/User/Core/flash.o"
arm-none-eabi-gcc "C:/Users/raphael.baumeler/workspace_STM/200_Pinbelegung/Core/Src/gpio.c" -mcpu=cortex-m33 -std=gnu11 -g3 -DDEBUG -DUSE_HAL_DRIVER -DSTM32U5A5xx -DARM_MATH_CM33 -c -I../../Core/Inc -I"C:/Users/raphael.baumeler/workspace_STM/200_Pinbelegung/STM32CubeIDE/Drivers/CMSIS_DSP/Include" -I"C:/Users/raphael.baumeler/workspace_STM/200_Pinbelegung/STM32CubeIDE/Drivers/CMSIS_DSP/PrivateInclude" -I../../Drivers/STM32U5xx_HAL_Driver/Inc -I../../Drivers/STM32U5xx_HAL_Driver/Inc/Legacy -I../../Drivers/CMSIS/Device/ST/STM32U5xx/Include -I../../Drivers/CMSIS/Include -I"C:/Users/raphael.baumeler/workspace_STM/200_Pinbelegung/STM32CubeIDE/Daten" -I"C:/Users/raphael.baumeler/workspace_STM/200_Pinbelegung/STM32CubeIDE/FFT/Include" -I../../Middlewares/ST/ARM/DSP/Inc -O0 -ffunction-sections -fdata-sections -Wall -fstack-usage -fcyclomatic-complexity -MMD -MP -MF"Application/User/Core/gpio.d" -MT"Application/User/Core/gpio.o" --specs=nano.specs -mfpu=fpv5-sp-d16 -mfloat-abi=hard -mthumb -o "Application/User/Core/gpio.o"
arm-none-eabi-gcc "C:/Users/raphael.baumeler/workspace_STM/200_Pinbelegung/Core/Src/gtzc.c" -mcpu=cortex-m33 -std=gnu11 -g3 -DDEBUG -DUSE_HAL_DRIVER -DSTM32U5A5xx -DARM_MATH_CM33 -c -I../../Core/Inc -I"C:/Users/raphael.baumeler/workspace_STM/200_Pinbelegung/STM32CubeIDE/Drivers/CMSIS_DSP/Include" -I"C:/Users/raphael.baumeler/workspace_STM/200_Pinbelegung/STM32CubeIDE/Drivers/CMSIS_DSP/PrivateInclude" -I../../Drivers/STM32U5xx_HAL_Driver/Inc -I../../Drivers/STM32U5xx_HAL_Driver/Inc/Legacy -I../../Drivers/CMSIS/Device/ST/STM32U5xx/Include -I../../Drivers/CMSIS/Include -I"C:/Users/raphael.baumeler/workspace_STM/200_Pinbelegung/STM32CubeIDE/Daten" -I"C:/Users/raphael.baumeler/workspace_STM/200_Pinbelegung/STM32CubeIDE/FFT/Include" -I../../Middlewares/ST/ARM/DSP/Inc -O0 -ffunction-sections -fdata-sections -Wall -fstack-usage -fcyclomatic-complexity -MMD -MP -MF"Application/User/Core/gtzc.d" -MT"Application/User/Core/gtzc.o" --specs=nano.specs -mfpu=fpv5-sp-d16 -mfloat-abi=hard -mthumb -o "Application/User/Core/gtzc.o"
arm-none-eabi-gcc "C:/Users/raphael.baumeler/workspace_STM/200_Pinbelegung/Core/Src/icache.c" -mcpu=cortex-m33 -std=gnu11 -g3 -DDEBUG -DUSE_HAL_DRIVER -DSTM32U5A5xx -DARM_MATH_CM33 -c -I../../Core/Inc -I"C:/Users/raphael.baumeler/workspace_STM/200_Pinbelegung/STM32CubeIDE/Drivers/CMSIS_DSP/Include" -I"C:/Users/raphael.baumeler/workspace_STM/200_Pinbelegung/STM32CubeIDE/Drivers/CMSIS_DSP/PrivateInclude" -I../../Drivers/STM32U5xx_HAL_Driver/Inc -I../../Drivers/STM32U5xx_HAL_Driver/Inc/Legacy -I../../Drivers/CMSIS/Device/ST/STM32U5xx/Include -I../../Drivers/CMSIS/Include -I"C:/Users/raphael.baumeler/workspace_STM/200_Pinbelegung/STM32CubeIDE/Daten" -I"C:/Users/raphael.baumeler/workspace_STM/200_Pinbelegung/STM32CubeIDE/FFT/Include" -I../../Middlewares/ST/ARM/DSP/Inc -O0 -ffunction-sections -fdata-sections -Wall -fstack-usage -fcyclomatic-complexity -MMD -MP -MF"Application/User/Core/icache.d" -MT"Application/User/Core/icache.o" --specs=nano.specs -mfpu=fpv5-sp-d16 -mfloat-abi=hard -mthumb -o "Application/User/Core/icache.o"
arm-none-eabi-gcc "C:/Users/raphael.baumeler/workspace_STM/200_Pinbelegung/Core/Src/main.c" -mcpu=cortex-m33 -std=gnu11 -g3 -DDEBUG -DUSE_HAL_DRIVER -DSTM32U5A5xx -DARM_MATH_CM33 -c -I../../Core/Inc -I"C:/Users/raphael.baumeler/workspace_STM/200_Pinbelegung/STM32CubeIDE/Drivers/CMSIS_DSP/Include" -I"C:/Users/raphael.baumeler/workspace_STM/200_Pinbelegung/STM32CubeIDE/Drivers/CMSIS_DSP/PrivateInclude" -I../../Drivers/STM32U5xx_HAL_Driver/Inc -I../../Drivers/STM32U5xx_HAL_Driver/Inc/Legacy -I../../Drivers/CMSIS/Device/ST/STM32U5xx/Include -I../../Drivers/CMSIS/Include -I"C:/Users/raphael.baumeler/workspace_STM/200_Pinbelegung/STM32CubeIDE/Daten" -I"C:/Users/raphael.baumeler/workspace_STM/200_Pinbelegung/STM32CubeIDE/FFT/Include" -I../../Middlewares/ST/ARM/DSP/Inc -O0 -ffunction-sections -fdata-sections -Wall -fstack-usage -fcyclomatic-complexity -MMD -MP -MF"Application/User/Core/main.d" -MT"Application/User/Core/main.o" --specs=nano.specs -mfpu=fpv5-sp-d16 -mfloat-abi=hard -mthumb -o "Application/User/Core/main.o"
arm-none-eabi-gcc "C:/Users/raphael.baumeler/workspace_STM/200_Pinbelegung/Core/Src/stm32u5xx_hal_msp.c" -mcpu=cortex-m33 -std=gnu11 -g3 -DDEBUG -DUSE_HAL_DRIVER -DSTM32U5A5xx -DARM_MATH_CM33 -c -I../../Core/Inc -I"C:/Users/raphael.baumeler/workspace_STM/200_Pinbelegung/STM32CubeIDE/Drivers/CMSIS_DSP/Include" -I"C:/Users/raphael.baumeler/workspace_STM/200_Pinbelegung/STM32CubeIDE/Drivers/CMSIS_DSP/PrivateInclude" -I../../Drivers/STM32U5xx_HAL_Driver/Inc -I../../Drivers/STM32U5xx_HAL_Driver/Inc/Legacy -I../../Drivers/CMSIS/Device/ST/STM32U5xx/Include -I../../Drivers/CMSIS/Include -I"C:/Users/raphael.baumeler/workspace_STM/200_Pinbelegung/STM32CubeIDE/Daten" -I"C:/Users/raphael.baumeler/workspace_STM/200_Pinbelegung/STM32CubeIDE/FFT/Include" -I../../Middlewares/ST/ARM/DSP/Inc -O0 -ffunction-sections -fdata-sections -Wall -fstack-usage -fcyclomatic-complexity -MMD -MP -MF"Application/User/Core/stm32u5xx_hal_msp.d" -MT"Application/User/Core/stm32u5xx_hal_msp.o" --specs=nano.specs -mfpu=fpv5-sp-d16 -mfloat-abi=hard -mthumb -o "Application/User/Core/stm32u5xx_hal_msp.o"
arm-none-eabi-gcc "C:/Users/raphael.baumeler/workspace_STM/200_Pinbelegung/Core/Src/stm32u5xx_it.c" -mcpu=cortex-m33 -std=gnu11 -g3 -DDEBUG -DUSE_HAL_DRIVER -DSTM32U5A5xx -DARM_MATH_CM33 -c -I../../Core/Inc -I"C:/Users/raphael.baumeler/workspace_STM/200_Pinbelegung/STM32CubeIDE/Drivers/CMSIS_DSP/Include" -I"C:/Users/raphael.baumeler/workspace_STM/200_Pinbelegung/STM32CubeIDE/Drivers/CMSIS_DSP/PrivateInclude" -I../../Drivers/STM32U5xx_HAL_Driver/Inc -I../../Drivers/STM32U5xx_HAL_Driver/Inc/Legacy -I../../Drivers/CMSIS/Device/ST/STM32U5xx/Include -I../../Drivers/CMSIS/Include -I"C:/Users/raphael.baumeler/workspace_STM/200_Pinbelegung/STM32CubeIDE/Daten" -I"C:/Users/raphael.baumeler/workspace_STM/200_Pinbelegung/STM32CubeIDE/FFT/Include" -I../../Middlewares/ST/ARM/DSP/Inc -O0 -ffunction-sections -fdata-sections -Wall -fstack-usage -fcyclomatic-complexity -MMD -MP -MF"Application/User/Core/stm32u5xx_it.d" -MT"Application/User/Core/stm32u5xx_it.o" --specs=nano.specs -mfpu=fpv5-sp-d16 -mfloat-abi=hard -mthumb -o "Application/User/Core/stm32u5xx_it.o"
arm-none-eabi-gcc "../Application/User/Core/syscalls.c" -mcpu=cortex-m33 -std=gnu11 -g3 -DDEBUG -DUSE_HAL_DRIVER -DSTM32U5A5xx -DARM_MATH_CM33 -c -I../../Core/Inc -I"C:/Users/raphael.baumeler/workspace_STM/200_Pinbelegung/STM32CubeIDE/Drivers/CMSIS_DSP/Include" -I"C:/Users/raphael.baumeler/workspace_STM/200_Pinbelegung/STM32CubeIDE/Drivers/CMSIS_DSP/PrivateInclude" -I../../Drivers/STM32U5xx_HAL_Driver/Inc -I../../Drivers/STM32U5xx_HAL_Driver/Inc/Legacy -I../../Drivers/CMSIS/Device/ST/STM32U5xx/Include -I../../Drivers/CMSIS/Include -I"C:/Users/raphael.baumeler/workspace_STM/200_Pinbelegung/STM32CubeIDE/Daten" -I"C:/Users/raphael.baumeler/workspace_STM/200_Pinbelegung/STM32CubeIDE/FFT/Include" -I../../Middlewares/ST/ARM/DSP/Inc -O0 -ffunction-sections -fdata-sections -Wall -fstack-usage -fcyclomatic-complexity -MMD -MP -MF"Application/User/Core/syscalls.d" -MT"Application/User/Core/syscalls.o" --specs=nano.specs -mfpu=fpv5-sp-d16 -mfloat-abi=hard -mthumb -o "Application/User/Core/syscalls.o"
arm-none-eabi-gcc "../Application/User/Core/sysmem.c" -mcpu=cortex-m33 -std=gnu11 -g3 -DDEBUG -DUSE_HAL_DRIVER -DSTM32U5A5xx -DARM_MATH_CM33 -c -I../../Core/Inc -I"C:/Users/raphael.baumeler/workspace_STM/200_Pinbelegung/STM32CubeIDE/Drivers/CMSIS_DSP/Include" -I"C:/Users/raphael.baumeler/workspace_STM/200_Pinbelegung/STM32CubeIDE/Drivers/CMSIS_DSP/PrivateInclude" -I../../Drivers/STM32U5xx_HAL_Driver/Inc -I../../Drivers/STM32U5xx_HAL_Driver/Inc/Legacy -I../../Drivers/CMSIS/Device/ST/STM32U5xx/Include -I../../Drivers/CMSIS/Include -I"C:/Users/raphael.baumeler/workspace_STM/200_Pinbelegung/STM32CubeIDE/Daten" -I"C:/Users/raphael.baumeler/workspace_STM/200_Pinbelegung/STM32CubeIDE/FFT/Include" -I../../Middlewares/ST/ARM/DSP/Inc -O0 -ffunction-sections -fdata-sections -Wall -fstack-usage -fcyclomatic-complexity -MMD -MP -MF"Application/User/Core/sysmem.d" -MT"Application/User/Core/sysmem.o" --specs=nano.specs -mfpu=fpv5-sp-d16 -mfloat-abi=hard -mthumb -o "Application/User/Core/sysmem.o"
arm-none-eabi-gcc -o "200_Pinbelegung.elf" @"objects.list"  -l:libarm_ARMv8MMLlfsp_math.a -mcpu=cortex-m33 -T"C:\Users\raphael.baumeler\workspace_STM\200_Pinbelegung\STM32CubeIDE\STM32U5A5ZJTXQ_FLASH_MMT_TEMPLATE.ld" --specs=nosys.specs -Wl,-Map="200_Pinbelegung.map" -Wl,--gc-sections -static -L../../Middlewares/ST/ARM/DSP/Lib --specs=nano.specs -mfpu=fpv5-sp-d16 -mfloat-abi=hard -mthumb -Wl,--start-group -lc -lm -Wl,--end-group
Finished building target: 200_Pinbelegung.elf
 
arm-none-eabi-size  200_Pinbelegung.elf 
arm-none-eabi-objdump -h -S 200_Pinbelegung.elf  > "200_Pinbelegung.list"
   text	   data	    bss	    dec	    hex	filename
  24656	 262264	 860504	1147424	 118220	200_Pinbelegung.elf
Finished building: default.size.stdout
 
Finished building: 200_Pinbelegung.list
 

13:01:48 Build Finished. 0 errors, 0 warnings. (took 5s.64ms)

