08:42:51 **** Incremental Build of configuration Debug for project 203_ADC-DMA-Simple ****
make -j14 all 
arm-none-eabi-gcc "C:/Users/raphael.baumeler/workspace_STM/203_ADC-DMA-Simple/Core/Src/main.c" -mcpu=cortex-m33 -std=gnu11 -g3 -DDEBUG -DUSE_HAL_DRIVER -DSTM32U5A5xx -DARM_MATH_CM33 -c -I../../Core/Inc -I"C:/Users/raphael.baumeler/workspace_STM/200_Pinbelegung/STM32CubeIDE/Drivers/CMSIS_DSP/Include" -I"C:/Users/raphael.baumeler/workspace_STM/200_Pinbelegung/STM32CubeIDE/Drivers/CMSIS_DSP/PrivateInclude" -I../../Drivers/STM32U5xx_HAL_Driver/Inc -I../../Drivers/STM32U5xx_HAL_Driver/Inc/Legacy -I../../Drivers/CMSIS/Device/ST/STM32U5xx/Include -I../../Drivers/CMSIS/Include -I../../Middlewares/ST/ARM/DSP/Inc -I"C:/Users/raphael.baumeler/workspace_STM/203_ADC-DMA-Simple/STM32CubeIDE/FFT" -O0 -ffunction-sections -fdata-sections -Wall -fstack-usage -fcyclomatic-complexity -MMD -MP -MF"Application/User/Core/main.d" -MT"Application/User/Core/main.o" --specs=nano.specs -mfpu=fpv5-sp-d16 -mfloat-abi=hard -mthumb -o "Application/User/Core/main.o"
arm-none-eabi-gcc -o "203_ADC-DMA-Simple.elf" @"objects.list"  -l:libarm_ARMv8MMLlfsp_math.a -mcpu=cortex-m33 -T"C:\Users\raphael.baumeler\workspace_STM\203_ADC-DMA-Simple\STM32CubeIDE\STM32U5A5ZJTXQ_FLASH_MMT_TEMPLATE.ld" --specs=nosys.specs -Wl,-Map="203_ADC-DMA-Simple.map" -Wl,--gc-sections -static -L../../Middlewares/ST/ARM/DSP/Lib --specs=nano.specs -mfpu=fpv5-sp-d16 -mfloat-abi=hard -mthumb -u _printf_float -Wl,--start-group -lc -lm -Wl,--end-group
Finished building target: 203_ADC-DMA-Simple.elf
 
arm-none-eabi-size  203_ADC-DMA-Simple.elf 
arm-none-eabi-objdump -h -S 203_ADC-DMA-Simple.elf  > "203_ADC-DMA-Simple.list"
   text	   data	    bss	    dec	    hex	filename
  75121	    496	  75392	 151009	  24de1	203_ADC-DMA-Simple.elf
Finished building: default.size.stdout
 
Finished building: 203_ADC-DMA-Simple.list
 

08:42:53 Build Finished. 0 errors, 0 warnings. (took 1s.208ms)

