16:40:52 **** Clean-only build of configuration Debug for project 207_Monitoringsystem_SD-Karte ****
make -j14 clean 
rm -rf ./SD-Karte/Src/diskio.cyclo ./SD-Karte/Src/diskio.d ./SD-Karte/Src/diskio.o ./SD-Karte/Src/diskio.su ./SD-Karte/Src/ff.cyclo ./SD-Karte/Src/ff.d ./SD-Karte/Src/ff.o ./SD-Karte/Src/ff.su ./SD-Karte/Src/ff_gen_drv.cyclo ./SD-Karte/Src/ff_gen_drv.d ./SD-Karte/Src/ff_gen_drv.o ./SD-Karte/Src/ff_gen_drv.su ./SD-Karte/Src/user_diskio.cyclo ./SD-Karte/Src/user_diskio.d ./SD-Karte/Src/user_diskio.o ./SD-Karte/Src/user_diskio.su ./SD-Karte/Src/user_diskio_spi.cyclo ./SD-Karte/Src/user_diskio_spi.d ./SD-Karte/Src/user_diskio_spi.o ./SD-Karte/Src/user_diskio_spi.su
rm -rf ./Funktionen/Src/konsole.cyclo ./Funktionen/Src/konsole.d ./Funktionen/Src/konsole.o ./Funktionen/Src/konsole.su
rm -rf ./Drivers/STM32U5xx_HAL_Driver/stm32u5xx_hal.cyclo ./Drivers/STM32U5xx_HAL_Driver/stm32u5xx_hal.d ./Drivers/STM32U5xx_HAL_Driver/stm32u5xx_hal.o ./Drivers/STM32U5xx_HAL_Driver/stm32u5xx_hal.su ./Drivers/STM32U5xx_HAL_Driver/stm32u5xx_hal_adc.cyclo ./Drivers/STM32U5xx_HAL_Driver/stm32u5xx_hal_adc.d ./Drivers/STM32U5xx_HAL_Driver/stm32u5xx_hal_adc.o ./Drivers/STM32U5xx_HAL_Driver/stm32u5xx_hal_adc.su ./Drivers/STM32U5xx_HAL_Driver/stm32u5xx_hal_adc_ex.cyclo ./Drivers/STM32U5xx_HAL_Driver/stm32u5xx_hal_adc_ex.d ./Drivers/STM32U5xx_HAL_Driver/stm32u5xx_hal_adc_ex.o ./Drivers/STM32U5xx_HAL_Driver/stm32u5xx_hal_adc_ex.su ./Drivers/STM32U5xx_HAL_Driver/stm32u5xx_hal_comp.cyclo ./Drivers/STM32U5xx_HAL_Driver/stm32u5xx_hal_comp.d ./Drivers/STM32U5xx_HAL_Driver/stm32u5xx_hal_comp.o ./Drivers/STM32U5xx_HAL_Driver/stm32u5xx_hal_comp.su ./Drivers/STM32U5xx_HAL_Driver/stm32u5xx_hal_cortex.cyclo ./Drivers/STM32U5xx_HAL_Driver/stm32u5xx_hal_cortex.d ./Drivers/STM32U5xx_HAL_Driver/stm32u5xx_hal_cortex.o ./Drivers/STM32U5xx_HAL_Driver/stm32u5xx_hal_cortex.su ./Drivers/STM32U5xx_HAL_Driver/stm32u5xx_hal_dac.cyclo ./Drivers/STM32U5xx_HAL_Driver/stm32u5xx_hal_dac.d ./Drivers/STM32U5xx_HAL_Driver/stm32u5xx_hal_dac.o ./Drivers/STM32U5xx_HAL_Driver/stm32u5xx_hal_dac.su ./Drivers/STM32U5xx_HAL_Driver/stm32u5xx_hal_dac_ex.cyclo ./Drivers/STM32U5xx_HAL_Driver/stm32u5xx_hal_dac_ex.d ./Drivers/STM32U5xx_HAL_Driver/stm32u5xx_hal_dac_ex.o ./Drivers/STM32U5xx_HAL_Driver/stm32u5xx_hal_dac_ex.su ./Drivers/STM32U5xx_HAL_Driver/stm32u5xx_hal_dma.cyclo ./Drivers/STM32U5xx_HAL_Driver/stm32u5xx_hal_dma.d ./Drivers/STM32U5xx_HAL_Driver/stm32u5xx_hal_dma.o ./Drivers/STM32U5xx_HAL_Driver/stm32u5xx_hal_dma.su ./Drivers/STM32U5xx_HAL_Driver/stm32u5xx_hal_dma_ex.cyclo ./Drivers/STM32U5xx_HAL_Driver/stm32u5xx_hal_dma_ex.d ./Drivers/STM32U5xx_HAL_Driver/stm32u5xx_hal_dma_ex.o ./Drivers/STM32U5xx_HAL_Driver/stm32u5xx_hal_dma_ex.su ./Drivers/STM32U5xx_HAL_Driver/stm32u5xx_hal_exti.cyclo ./Drivers/STM32U5xx_HAL_Driver/stm32u5xx_hal_exti.d ./Drivers/STM32U5xx_HAL_Driver/stm32u5xx_hal_exti.o ./Drivers/STM32U5xx_HAL_Driver/stm32u5xx_hal_exti.su ./Drivers/STM32U5xx_HAL_Driver/stm32u5xx_hal_fdcan.cyclo ./Drivers/STM32U5xx_HAL_Driver/stm32u5xx_hal_fdcan.d ./Drivers/STM32U5xx_HAL_Driver/stm32u5xx_hal_fdcan.o ./Drivers/STM32U5xx_HAL_Driver/stm32u5xx_hal_fdcan.su ./Drivers/STM32U5xx_HAL_Driver/stm32u5xx_hal_flash.cyclo ./Drivers/STM32U5xx_HAL_Driver/stm32u5xx_hal_flash.d ./Drivers/STM32U5xx_HAL_Driver/stm32u5xx_hal_flash.o ./Drivers/STM32U5xx_HAL_Driver/stm32u5xx_hal_flash.su ./Drivers/STM32U5xx_HAL_Driver/stm32u5xx_hal_flash_ex.cyclo ./Drivers/STM32U5xx_HAL_Driver/stm32u5xx_hal_flash_ex.d ./Drivers/STM32U5xx_HAL_Driver/stm32u5xx_hal_flash_ex.o ./Drivers/STM32U5xx_HAL_Driver/stm32u5xx_hal_flash_ex.su ./Drivers/STM32U5xx_HAL_Driver/stm32u5xx_hal_gpio.cyclo ./Drivers/STM32U5xx_HAL_Driver/stm32u5xx_hal_gpio.d ./Drivers/STM32U5xx_HAL_Driver/stm32u5xx_hal_gpio.o ./Drivers/STM32U5xx_HAL_Driver/stm32u5xx_hal_gpio.su ./Drivers/STM32U5xx_HAL_Driver/stm32u5xx_hal_gtzc.cyclo ./Drivers/STM32U5xx_HAL_Driver/stm32u5xx_hal_gtzc.d ./Drivers/STM32U5xx_HAL_Driver/stm32u5xx_hal_gtzc.o ./Drivers/STM32U5xx_HAL_Driver/stm32u5xx_hal_gtzc.su ./Drivers/STM32U5xx_HAL_Driver/stm32u5xx_hal_i2c.cyclo ./Drivers/STM32U5xx_HAL_Driver/stm32u5xx_hal_i2c.d ./Drivers/STM32U5xx_HAL_Driver/stm32u5xx_hal_i2c.o ./Drivers/STM32U5xx_HAL_Driver/stm32u5xx_hal_i2c.su ./Drivers/STM32U5xx_HAL_Driver/stm32u5xx_hal_i2c_ex.cyclo ./Drivers/STM32U5xx_HAL_Driver/stm32u5xx_hal_i2c_ex.d ./Drivers/STM32U5xx_HAL_Driver/stm32u5xx_hal_i2c_ex.o ./Drivers/STM32U5xx_HAL_Driver/stm32u5xx_hal_i2c_ex.su ./Drivers/STM32U5xx_HAL_Driver/stm32u5xx_hal_icache.cyclo ./Drivers/STM32U5xx_HAL_Driver/stm32u5xx_hal_icache.d ./Drivers/STM32U5xx_HAL_Driver/stm32u5xx_hal_icache.o ./Drivers/STM32U5xx_HAL_Driver/stm32u5xx_hal_icache.su ./Drivers/STM32U5xx_HAL_Driver/stm32u5xx_hal_pwr.cyclo ./Drivers/STM32U5xx_HAL_Driver/stm32u5xx_hal_pwr.d ./Drivers/STM32U5xx_HAL_Driver/stm32u5xx_hal_pwr.o ./Drivers/STM32U5xx_HAL_Driver/stm32u5xx_hal_pwr.su ./Drivers/STM32U5xx_HAL_Driver/stm32u5xx_hal_pwr_ex.cyclo ./Drivers/STM32U5xx_HAL_Driver/stm32u5xx_hal_pwr_ex.d ./Drivers/STM32U5xx_HAL_Driver/stm32u5xx_hal_pwr_ex.o ./Drivers/STM32U5xx_HAL_Driver/stm32u5xx_hal_pwr_ex.su ./Drivers/STM32U5xx_HAL_Driver/stm32u5xx_hal_rcc.cyclo ./Drivers/STM32U5xx_HAL_Driver/stm32u5xx_hal_rcc.d ./Drivers/STM32U5xx_HAL_Driver/stm32u5xx_hal_rcc.o ./Drivers/STM32U5xx_HAL_Driver/stm32u5xx_hal_rcc.su ./Drivers/STM32U5xx_HAL_Driver/stm32u5xx_hal_rcc_ex.cyclo ./Drivers/STM32U5xx_HAL_Driver/stm32u5xx_hal_rcc_ex.d ./Drivers/STM32U5xx_HAL_Driver/stm32u5xx_hal_rcc_ex.o ./Drivers/STM32U5xx_HAL_Driver/stm32u5xx_hal_rcc_ex.su ./Drivers/STM32U5xx_HAL_Driver/stm32u5xx_hal_spi.cyclo ./Drivers/STM32U5xx_HAL_Driver/stm32u5xx_hal_spi.d ./Drivers/STM32U5xx_HAL_Driver/stm32u5xx_hal_spi.o ./Drivers/STM32U5xx_HAL_Driver/stm32u5xx_hal_spi.su ./Drivers/STM32U5xx_HAL_Driver/stm32u5xx_hal_spi_ex.cyclo ./Drivers/STM32U5xx_HAL_Driver/stm32u5xx_hal_spi_ex.d ./Drivers/STM32U5xx_HAL_Driver/stm32u5xx_hal_spi_ex.o ./Drivers/STM32U5xx_HAL_Driver/stm32u5xx_hal_spi_ex.su ./Drivers/STM32U5xx_HAL_Driver/stm32u5xx_hal_tim.cyclo ./Drivers/STM32U5xx_HAL_Driver/stm32u5xx_hal_tim.d ./Drivers/STM32U5xx_HAL_Driver/stm32u5xx_hal_tim.o ./Drivers/STM32U5xx_HAL_Driver/stm32u5xx_hal_tim.su ./Drivers/STM32U5xx_HAL_Driver/stm32u5xx_hal_tim_ex.cyclo ./Drivers/STM32U5xx_HAL_Driver/stm32u5xx_hal_tim_ex.d ./Drivers/STM32U5xx_HAL_Driver/stm32u5xx_hal_tim_ex.o ./Drivers/STM32U5xx_HAL_Driver/stm32u5xx_hal_tim_ex.su ./Drivers/STM32U5xx_HAL_Driver/stm32u5xx_hal_uart.cyclo ./Drivers/STM32U5xx_HAL_Driver/stm32u5xx_hal_uart.d ./Drivers/STM32U5xx_HAL_Driver/stm32u5xx_hal_uart.o ./Drivers/STM32U5xx_HAL_Driver/stm32u5xx_hal_uart.su ./Drivers/STM32U5xx_HAL_Driver/stm32u5xx_hal_uart_ex.cyclo ./Drivers/STM32U5xx_HAL_Driver/stm32u5xx_hal_uart_ex.d ./Drivers/STM32U5xx_HAL_Driver/stm32u5xx_hal_uart_ex.o
rm -rf ./Drivers/CMSIS/system_stm32u5xx.cyclo ./Drivers/CMSIS/system_stm32u5xx.d ./Drivers/CMSIS/system_stm32u5xx.o ./Drivers/CMSIS/system_stm32u5xx.su
rm -rf ./Application/User/Startup/startup_stm32u5a5zjtxq.d ./Application/User/Startup/startup_stm32u5a5zjtxq.o
rm -rf ./Application/User/Core/adc.cyclo ./Application/User/Core/adc.d ./Application/User/Core/adc.o ./Application/User/Core/adc.su ./Application/User/Core/comp.cyclo ./Application/User/Core/comp.d ./Application/User/Core/comp.o ./Application/User/Core/comp.su ./Application/User/Core/dac.cyclo ./Application/User/Core/dac.d ./Application/User/Core/dac.o ./Application/User/Core/dac.su ./Application/User/Core/fdcan.cyclo ./Application/User/Core/fdcan.d ./Application/User/Core/fdcan.o ./Application/User/Core/fdcan.su ./Application/User/Core/flash.cyclo ./Application/User/Core/flash.d ./Application/User/Core/flash.o ./Application/User/Core/flash.su ./Application/User/Core/gpdma.cyclo ./Application/User/Core/gpdma.d ./Application/User/Core/gpdma.o ./Application/User/Core/gpdma.su ./Application/User/Core/gpio.cyclo ./Application/User/Core/gpio.d ./Application/User/Core/gpio.o ./Application/User/Core/gpio.su ./Application/User/Core/gtzc.cyclo ./Application/User/Core/gtzc.d ./Application/User/Core/gtzc.o ./Application/User/Core/gtzc.su ./Application/User/Core/icache.cyclo ./Application/User/Core/icache.d ./Application/User/Core/icache.o ./Application/User/Core/icache.su ./Application/User/Core/main.cyclo ./Application/User/Core/main.d ./Application/User/Core/main.o ./Application/User/Core/main.su ./Application/User/Core/spi.cyclo ./Application/User/Core/spi.d ./Application/User/Core/spi.o ./Application/User/Core/spi.su ./Application/User/Core/stm32u5xx_hal_msp.cyclo ./Application/User/Core/stm32u5xx_hal_msp.d ./Application/User/Core/stm32u5xx_hal_msp.o ./Application/User/Core/stm32u5xx_hal_msp.su ./Application/User/Core/stm32u5xx_it.cyclo ./Application/User/Core/stm32u5xx_it.d ./Application/User/Core/stm32u5xx_it.o ./Application/User/Core/stm32u5xx_it.su ./Application/User/Core/syscalls.cyclo ./Application/User/Core/syscalls.d ./Application/User/Core/syscalls.o ./Application/User/Core/syscalls.su ./Application/User/Core/sysmem.cyclo ./Application/User/Core/sysmem.d ./Application/User/Core/sysmem.o ./Application/User/Core/sysmem.su ./Application/User/Core/tim.cyclo ./Application/User/Core/tim.d ./Application/User/Core/tim.o ./Application/User/Core/tim.su ./Application/User/Core/usart.cyclo ./Application/User/Core/usart.d ./Application/User/Core/usart.o ./Application/User/Core/usart.su
rm -rf ./Drivers/STM32U5xx_HAL_Driver/stm32u5xx_hal_uart_ex.su
rm -rf 207_Monitoringsystem_SD-Karte.elf 207_Monitoringsystem_SD-Karte.list 207_Monitoringsystem_SD-Karte.map default.size.stdout
rm: can't remove '207_Monitoringsystem_SD-Karte.elf': Permission denied
make: [makefile:83: clean] Error 1 (ignored)
 
16:40:52 **** Incremental Build of configuration Debug for project 207_Monitoringsystem_SD-Karte ****
make -j14 all 
arm-none-eabi-gcc "../SD-Karte/Src/diskio.c" -mcpu=cortex-m33 -std=gnu11 -g3 -DDEBUG -DUSE_HAL_DRIVER -DSTM32U5A5xx -DARM_MATH_CM33 -c -I"C:/Users/raphael.baumeler/workspace_STM/207_Monitoringsystem_SD-Karte/STM32CubeIDE/Callbacks" -I../../Core/Inc -I"C:/Users/raphael.baumeler/workspace_STM/200_Pinbelegung/STM32CubeIDE/Drivers/CMSIS_DSP/Include" -I"C:/Users/raphael.baumeler/workspace_STM/200_Pinbelegung/STM32CubeIDE/Drivers/CMSIS_DSP/PrivateInclude" -I../../Drivers/STM32U5xx_HAL_Driver/Inc -I../../Drivers/STM32U5xx_HAL_Driver/Inc/Legacy -I../../Drivers/CMSIS/Device/ST/STM32U5xx/Include -I../../Drivers/CMSIS/Include -I../../Middlewares/ST/ARM/DSP/Inc -I"C:/Users/raphael.baumeler/workspace_STM/207_Monitoringsystem_SD-Karte/STM32CubeIDE/SD-Karte/Inc" -I"C:/Users/raphael.baumeler/workspace_STM/207_Monitoringsystem_SD-Karte/STM32CubeIDE/Funktionen/Inc" -O0 -ffunction-sections -fdata-sections -Wall -fstack-usage -fcyclomatic-complexity -MMD -MP -MF"SD-Karte/Src/diskio.d" -MT"SD-Karte/Src/diskio.o" --specs=nano.specs -mfpu=fpv5-sp-d16 -mfloat-abi=hard -mthumb -o "SD-Karte/Src/diskio.o"
arm-none-eabi-gcc "../SD-Karte/Src/ff.c" -mcpu=cortex-m33 -std=gnu11 -g3 -DDEBUG -DUSE_HAL_DRIVER -DSTM32U5A5xx -DARM_MATH_CM33 -c -I"C:/Users/raphael.baumeler/workspace_STM/207_Monitoringsystem_SD-Karte/STM32CubeIDE/Callbacks" -I../../Core/Inc -I"C:/Users/raphael.baumeler/workspace_STM/200_Pinbelegung/STM32CubeIDE/Drivers/CMSIS_DSP/Include" -I"C:/Users/raphael.baumeler/workspace_STM/200_Pinbelegung/STM32CubeIDE/Drivers/CMSIS_DSP/PrivateInclude" -I../../Drivers/STM32U5xx_HAL_Driver/Inc -I../../Drivers/STM32U5xx_HAL_Driver/Inc/Legacy -I../../Drivers/CMSIS/Device/ST/STM32U5xx/Include -I../../Drivers/CMSIS/Include -I../../Middlewares/ST/ARM/DSP/Inc -I"C:/Users/raphael.baumeler/workspace_STM/207_Monitoringsystem_SD-Karte/STM32CubeIDE/SD-Karte/Inc" -I"C:/Users/raphael.baumeler/workspace_STM/207_Monitoringsystem_SD-Karte/STM32CubeIDE/Funktionen/Inc" -O0 -ffunction-sections -fdata-sections -Wall -fstack-usage -fcyclomatic-complexity -MMD -MP -MF"SD-Karte/Src/ff.d" -MT"SD-Karte/Src/ff.o" --specs=nano.specs -mfpu=fpv5-sp-d16 -mfloat-abi=hard -mthumb -o "SD-Karte/Src/ff.o"
arm-none-eabi-gcc "../SD-Karte/Src/ff_gen_drv.c" -mcpu=cortex-m33 -std=gnu11 -g3 -DDEBUG -DUSE_HAL_DRIVER -DSTM32U5A5xx -DARM_MATH_CM33 -c -I"C:/Users/raphael.baumeler/workspace_STM/207_Monitoringsystem_SD-Karte/STM32CubeIDE/Callbacks" -I../../Core/Inc -I"C:/Users/raphael.baumeler/workspace_STM/200_Pinbelegung/STM32CubeIDE/Drivers/CMSIS_DSP/Include" -I"C:/Users/raphael.baumeler/workspace_STM/200_Pinbelegung/STM32CubeIDE/Drivers/CMSIS_DSP/PrivateInclude" -I../../Drivers/STM32U5xx_HAL_Driver/Inc -I../../Drivers/STM32U5xx_HAL_Driver/Inc/Legacy -I../../Drivers/CMSIS/Device/ST/STM32U5xx/Include -I../../Drivers/CMSIS/Include -I../../Middlewares/ST/ARM/DSP/Inc -I"C:/Users/raphael.baumeler/workspace_STM/207_Monitoringsystem_SD-Karte/STM32CubeIDE/SD-Karte/Inc" -I"C:/Users/raphael.baumeler/workspace_STM/207_Monitoringsystem_SD-Karte/STM32CubeIDE/Funktionen/Inc" -O0 -ffunction-sections -fdata-sections -Wall -fstack-usage -fcyclomatic-complexity -MMD -MP -MF"SD-Karte/Src/ff_gen_drv.d" -MT"SD-Karte/Src/ff_gen_drv.o" --specs=nano.specs -mfpu=fpv5-sp-d16 -mfloat-abi=hard -mthumb -o "SD-Karte/Src/ff_gen_drv.o"
arm-none-eabi-gcc "../SD-Karte/Src/user_diskio.c" -mcpu=cortex-m33 -std=gnu11 -g3 -DDEBUG -DUSE_HAL_DRIVER -DSTM32U5A5xx -DARM_MATH_CM33 -c -I"C:/Users/raphael.baumeler/workspace_STM/207_Monitoringsystem_SD-Karte/STM32CubeIDE/Callbacks" -I../../Core/Inc -I"C:/Users/raphael.baumeler/workspace_STM/200_Pinbelegung/STM32CubeIDE/Drivers/CMSIS_DSP/Include" -I"C:/Users/raphael.baumeler/workspace_STM/200_Pinbelegung/STM32CubeIDE/Drivers/CMSIS_DSP/PrivateInclude" -I../../Drivers/STM32U5xx_HAL_Driver/Inc -I../../Drivers/STM32U5xx_HAL_Driver/Inc/Legacy -I../../Drivers/CMSIS/Device/ST/STM32U5xx/Include -I../../Drivers/CMSIS/Include -I../../Middlewares/ST/ARM/DSP/Inc -I"C:/Users/raphael.baumeler/workspace_STM/207_Monitoringsystem_SD-Karte/STM32CubeIDE/SD-Karte/Inc" -I"C:/Users/raphael.baumeler/workspace_STM/207_Monitoringsystem_SD-Karte/STM32CubeIDE/Funktionen/Inc" -O0 -ffunction-sections -fdata-sections -Wall -fstack-usage -fcyclomatic-complexity -MMD -MP -MF"SD-Karte/Src/user_diskio.d" -MT"SD-Karte/Src/user_diskio.o" --specs=nano.specs -mfpu=fpv5-sp-d16 -mfloat-abi=hard -mthumb -o "SD-Karte/Src/user_diskio.o"
arm-none-eabi-gcc "../SD-Karte/Src/user_diskio_spi.c" -mcpu=cortex-m33 -std=gnu11 -g3 -DDEBUG -DUSE_HAL_DRIVER -DSTM32U5A5xx -DARM_MATH_CM33 -c -I"C:/Users/raphael.baumeler/workspace_STM/207_Monitoringsystem_SD-Karte/STM32CubeIDE/Callbacks" -I../../Core/Inc -I"C:/Users/raphael.baumeler/workspace_STM/200_Pinbelegung/STM32CubeIDE/Drivers/CMSIS_DSP/Include" -I"C:/Users/raphael.baumeler/workspace_STM/200_Pinbelegung/STM32CubeIDE/Drivers/CMSIS_DSP/PrivateInclude" -I../../Drivers/STM32U5xx_HAL_Driver/Inc -I../../Drivers/STM32U5xx_HAL_Driver/Inc/Legacy -I../../Drivers/CMSIS/Device/ST/STM32U5xx/Include -I../../Drivers/CMSIS/Include -I../../Middlewares/ST/ARM/DSP/Inc -I"C:/Users/raphael.baumeler/workspace_STM/207_Monitoringsystem_SD-Karte/STM32CubeIDE/SD-Karte/Inc" -I"C:/Users/raphael.baumeler/workspace_STM/207_Monitoringsystem_SD-Karte/STM32CubeIDE/Funktionen/Inc" -O0 -ffunction-sections -fdata-sections -Wall -fstack-usage -fcyclomatic-complexity -MMD -MP -MF"SD-Karte/Src/user_diskio_spi.d" -MT"SD-Karte/Src/user_diskio_spi.o" --specs=nano.specs -mfpu=fpv5-sp-d16 -mfloat-abi=hard -mthumb -o "SD-Karte/Src/user_diskio_spi.o"
arm-none-eabi-gcc "../Funktionen/Src/konsole.c" -mcpu=cortex-m33 -std=gnu11 -g3 -DDEBUG -DUSE_HAL_DRIVER -DSTM32U5A5xx -DARM_MATH_CM33 -c -I"C:/Users/raphael.baumeler/workspace_STM/207_Monitoringsystem_SD-Karte/STM32CubeIDE/Callbacks" -I../../Core/Inc -I"C:/Users/raphael.baumeler/workspace_STM/200_Pinbelegung/STM32CubeIDE/Drivers/CMSIS_DSP/Include" -I"C:/Users/raphael.baumeler/workspace_STM/200_Pinbelegung/STM32CubeIDE/Drivers/CMSIS_DSP/PrivateInclude" -I../../Drivers/STM32U5xx_HAL_Driver/Inc -I../../Drivers/STM32U5xx_HAL_Driver/Inc/Legacy -I../../Drivers/CMSIS/Device/ST/STM32U5xx/Include -I../../Drivers/CMSIS/Include -I../../Middlewares/ST/ARM/DSP/Inc -I"C:/Users/raphael.baumeler/workspace_STM/207_Monitoringsystem_SD-Karte/STM32CubeIDE/SD-Karte/Inc" -I"C:/Users/raphael.baumeler/workspace_STM/207_Monitoringsystem_SD-Karte/STM32CubeIDE/Funktionen/Inc" -O0 -ffunction-sections -fdata-sections -Wall -fstack-usage -fcyclomatic-complexity -MMD -MP -MF"Funktionen/Src/konsole.d" -MT"Funktionen/Src/konsole.o" --specs=nano.specs -mfpu=fpv5-sp-d16 -mfloat-abi=hard -mthumb -o "Funktionen/Src/konsole.o"
arm-none-eabi-gcc "C:/Users/raphael.baumeler/workspace_STM/207_Monitoringsystem_SD-Karte/Drivers/STM32U5xx_HAL_Driver/Src/stm32u5xx_hal.c" -mcpu=cortex-m33 -std=gnu11 -g3 -DDEBUG -DUSE_HAL_DRIVER -DSTM32U5A5xx -DARM_MATH_CM33 -c -I"C:/Users/raphael.baumeler/workspace_STM/207_Monitoringsystem_SD-Karte/STM32CubeIDE/Callbacks" -I../../Core/Inc -I"C:/Users/raphael.baumeler/workspace_STM/200_Pinbelegung/STM32CubeIDE/Drivers/CMSIS_DSP/Include" -I"C:/Users/raphael.baumeler/workspace_STM/200_Pinbelegung/STM32CubeIDE/Drivers/CMSIS_DSP/PrivateInclude" -I../../Drivers/STM32U5xx_HAL_Driver/Inc -I../../Drivers/STM32U5xx_HAL_Driver/Inc/Legacy -I../../Drivers/CMSIS/Device/ST/STM32U5xx/Include -I../../Drivers/CMSIS/Include -I../../Middlewares/ST/ARM/DSP/Inc -I"C:/Users/raphael.baumeler/workspace_STM/207_Monitoringsystem_SD-Karte/STM32CubeIDE/SD-Karte/Inc" -I"C:/Users/raphael.baumeler/workspace_STM/207_Monitoringsystem_SD-Karte/STM32CubeIDE/Funktionen/Inc" -O0 -ffunction-sections -fdata-sections -Wall -fstack-usage -fcyclomatic-complexity -MMD -MP -MF"Drivers/STM32U5xx_HAL_Driver/stm32u5xx_hal.d" -MT"Drivers/STM32U5xx_HAL_Driver/stm32u5xx_hal.o" --specs=nano.specs -mfpu=fpv5-sp-d16 -mfloat-abi=hard -mthumb -o "Drivers/STM32U5xx_HAL_Driver/stm32u5xx_hal.o"
arm-none-eabi-gcc "C:/Users/raphael.baumeler/workspace_STM/207_Monitoringsystem_SD-Karte/Drivers/STM32U5xx_HAL_Driver/Src/stm32u5xx_hal_adc.c" -mcpu=cortex-m33 -std=gnu11 -g3 -DDEBUG -DUSE_HAL_DRIVER -DSTM32U5A5xx -DARM_MATH_CM33 -c -I"C:/Users/raphael.baumeler/workspace_STM/207_Monitoringsystem_SD-Karte/STM32CubeIDE/Callbacks" -I../../Core/Inc -I"C:/Users/raphael.baumeler/workspace_STM/200_Pinbelegung/STM32CubeIDE/Drivers/CMSIS_DSP/Include" -I"C:/Users/raphael.baumeler/workspace_STM/200_Pinbelegung/STM32CubeIDE/Drivers/CMSIS_DSP/PrivateInclude" -I../../Drivers/STM32U5xx_HAL_Driver/Inc -I../../Drivers/STM32U5xx_HAL_Driver/Inc/Legacy -I../../Drivers/CMSIS/Device/ST/STM32U5xx/Include -I../../Drivers/CMSIS/Include -I../../Middlewares/ST/ARM/DSP/Inc -I"C:/Users/raphael.baumeler/workspace_STM/207_Monitoringsystem_SD-Karte/STM32CubeIDE/SD-Karte/Inc" -I"C:/Users/raphael.baumeler/workspace_STM/207_Monitoringsystem_SD-Karte/STM32CubeIDE/Funktionen/Inc" -O0 -ffunction-sections -fdata-sections -Wall -fstack-usage -fcyclomatic-complexity -MMD -MP -MF"Drivers/STM32U5xx_HAL_Driver/stm32u5xx_hal_adc.d" -MT"Drivers/STM32U5xx_HAL_Driver/stm32u5xx_hal_adc.o" --specs=nano.specs -mfpu=fpv5-sp-d16 -mfloat-abi=hard -mthumb -o "Drivers/STM32U5xx_HAL_Driver/stm32u5xx_hal_adc.o"
arm-none-eabi-gcc "C:/Users/raphael.baumeler/workspace_STM/207_Monitoringsystem_SD-Karte/Drivers/STM32U5xx_HAL_Driver/Src/stm32u5xx_hal_adc_ex.c" -mcpu=cortex-m33 -std=gnu11 -g3 -DDEBUG -DUSE_HAL_DRIVER -DSTM32U5A5xx -DARM_MATH_CM33 -c -I"C:/Users/raphael.baumeler/workspace_STM/207_Monitoringsystem_SD-Karte/STM32CubeIDE/Callbacks" -I../../Core/Inc -I"C:/Users/raphael.baumeler/workspace_STM/200_Pinbelegung/STM32CubeIDE/Drivers/CMSIS_DSP/Include" -I"C:/Users/raphael.baumeler/workspace_STM/200_Pinbelegung/STM32CubeIDE/Drivers/CMSIS_DSP/PrivateInclude" -I../../Drivers/STM32U5xx_HAL_Driver/Inc -I../../Drivers/STM32U5xx_HAL_Driver/Inc/Legacy -I../../Drivers/CMSIS/Device/ST/STM32U5xx/Include -I../../Drivers/CMSIS/Include -I../../Middlewares/ST/ARM/DSP/Inc -I"C:/Users/raphael.baumeler/workspace_STM/207_Monitoringsystem_SD-Karte/STM32CubeIDE/SD-Karte/Inc" -I"C:/Users/raphael.baumeler/workspace_STM/207_Monitoringsystem_SD-Karte/STM32CubeIDE/Funktionen/Inc" -O0 -ffunction-sections -fdata-sections -Wall -fstack-usage -fcyclomatic-complexity -MMD -MP -MF"Drivers/STM32U5xx_HAL_Driver/stm32u5xx_hal_adc_ex.d" -MT"Drivers/STM32U5xx_HAL_Driver/stm32u5xx_hal_adc_ex.o" --specs=nano.specs -mfpu=fpv5-sp-d16 -mfloat-abi=hard -mthumb -o "Drivers/STM32U5xx_HAL_Driver/stm32u5xx_hal_adc_ex.o"
arm-none-eabi-gcc "C:/Users/raphael.baumeler/workspace_STM/207_Monitoringsystem_SD-Karte/Drivers/STM32U5xx_HAL_Driver/Src/stm32u5xx_hal_comp.c" -mcpu=cortex-m33 -std=gnu11 -g3 -DDEBUG -DUSE_HAL_DRIVER -DSTM32U5A5xx -DARM_MATH_CM33 -c -I"C:/Users/raphael.baumeler/workspace_STM/207_Monitoringsystem_SD-Karte/STM32CubeIDE/Callbacks" -I../../Core/Inc -I"C:/Users/raphael.baumeler/workspace_STM/200_Pinbelegung/STM32CubeIDE/Drivers/CMSIS_DSP/Include" -I"C:/Users/raphael.baumeler/workspace_STM/200_Pinbelegung/STM32CubeIDE/Drivers/CMSIS_DSP/PrivateInclude" -I../../Drivers/STM32U5xx_HAL_Driver/Inc -I../../Drivers/STM32U5xx_HAL_Driver/Inc/Legacy -I../../Drivers/CMSIS/Device/ST/STM32U5xx/Include -I../../Drivers/CMSIS/Include -I../../Middlewares/ST/ARM/DSP/Inc -I"C:/Users/raphael.baumeler/workspace_STM/207_Monitoringsystem_SD-Karte/STM32CubeIDE/SD-Karte/Inc" -I"C:/Users/raphael.baumeler/workspace_STM/207_Monitoringsystem_SD-Karte/STM32CubeIDE/Funktionen/Inc" -O0 -ffunction-sections -fdata-sections -Wall -fstack-usage -fcyclomatic-complexity -MMD -MP -MF"Drivers/STM32U5xx_HAL_Driver/stm32u5xx_hal_comp.d" -MT"Drivers/STM32U5xx_HAL_Driver/stm32u5xx_hal_comp.o" --specs=nano.specs -mfpu=fpv5-sp-d16 -mfloat-abi=hard -mthumb -o "Drivers/STM32U5xx_HAL_Driver/stm32u5xx_hal_comp.o"
arm-none-eabi-gcc "C:/Users/raphael.baumeler/workspace_STM/207_Monitoringsystem_SD-Karte/Drivers/STM32U5xx_HAL_Driver/Src/stm32u5xx_hal_cortex.c" -mcpu=cortex-m33 -std=gnu11 -g3 -DDEBUG -DUSE_HAL_DRIVER -DSTM32U5A5xx -DARM_MATH_CM33 -c -I"C:/Users/raphael.baumeler/workspace_STM/207_Monitoringsystem_SD-Karte/STM32CubeIDE/Callbacks" -I../../Core/Inc -I"C:/Users/raphael.baumeler/workspace_STM/200_Pinbelegung/STM32CubeIDE/Drivers/CMSIS_DSP/Include" -I"C:/Users/raphael.baumeler/workspace_STM/200_Pinbelegung/STM32CubeIDE/Drivers/CMSIS_DSP/PrivateInclude" -I../../Drivers/STM32U5xx_HAL_Driver/Inc -I../../Drivers/STM32U5xx_HAL_Driver/Inc/Legacy -I../../Drivers/CMSIS/Device/ST/STM32U5xx/Include -I../../Drivers/CMSIS/Include -I../../Middlewares/ST/ARM/DSP/Inc -I"C:/Users/raphael.baumeler/workspace_STM/207_Monitoringsystem_SD-Karte/STM32CubeIDE/SD-Karte/Inc" -I"C:/Users/raphael.baumeler/workspace_STM/207_Monitoringsystem_SD-Karte/STM32CubeIDE/Funktionen/Inc" -O0 -ffunction-sections -fdata-sections -Wall -fstack-usage -fcyclomatic-complexity -MMD -MP -MF"Drivers/STM32U5xx_HAL_Driver/stm32u5xx_hal_cortex.d" -MT"Drivers/STM32U5xx_HAL_Driver/stm32u5xx_hal_cortex.o" --specs=nano.specs -mfpu=fpv5-sp-d16 -mfloat-abi=hard -mthumb -o "Drivers/STM32U5xx_HAL_Driver/stm32u5xx_hal_cortex.o"
arm-none-eabi-gcc "C:/Users/raphael.baumeler/workspace_STM/207_Monitoringsystem_SD-Karte/Drivers/STM32U5xx_HAL_Driver/Src/stm32u5xx_hal_dac.c" -mcpu=cortex-m33 -std=gnu11 -g3 -DDEBUG -DUSE_HAL_DRIVER -DSTM32U5A5xx -DARM_MATH_CM33 -c -I"C:/Users/raphael.baumeler/workspace_STM/207_Monitoringsystem_SD-Karte/STM32CubeIDE/Callbacks" -I../../Core/Inc -I"C:/Users/raphael.baumeler/workspace_STM/200_Pinbelegung/STM32CubeIDE/Drivers/CMSIS_DSP/Include" -I"C:/Users/raphael.baumeler/workspace_STM/200_Pinbelegung/STM32CubeIDE/Drivers/CMSIS_DSP/PrivateInclude" -I../../Drivers/STM32U5xx_HAL_Driver/Inc -I../../Drivers/STM32U5xx_HAL_Driver/Inc/Legacy -I../../Drivers/CMSIS/Device/ST/STM32U5xx/Include -I../../Drivers/CMSIS/Include -I../../Middlewares/ST/ARM/DSP/Inc -I"C:/Users/raphael.baumeler/workspace_STM/207_Monitoringsystem_SD-Karte/STM32CubeIDE/SD-Karte/Inc" -I"C:/Users/raphael.baumeler/workspace_STM/207_Monitoringsystem_SD-Karte/STM32CubeIDE/Funktionen/Inc" -O0 -ffunction-sections -fdata-sections -Wall -fstack-usage -fcyclomatic-complexity -MMD -MP -MF"Drivers/STM32U5xx_HAL_Driver/stm32u5xx_hal_dac.d" -MT"Drivers/STM32U5xx_HAL_Driver/stm32u5xx_hal_dac.o" --specs=nano.specs -mfpu=fpv5-sp-d16 -mfloat-abi=hard -mthumb -o "Drivers/STM32U5xx_HAL_Driver/stm32u5xx_hal_dac.o"
arm-none-eabi-gcc "C:/Users/raphael.baumeler/workspace_STM/207_Monitoringsystem_SD-Karte/Drivers/STM32U5xx_HAL_Driver/Src/stm32u5xx_hal_dac_ex.c" -mcpu=cortex-m33 -std=gnu11 -g3 -DDEBUG -DUSE_HAL_DRIVER -DSTM32U5A5xx -DARM_MATH_CM33 -c -I"C:/Users/raphael.baumeler/workspace_STM/207_Monitoringsystem_SD-Karte/STM32CubeIDE/Callbacks" -I../../Core/Inc -I"C:/Users/raphael.baumeler/workspace_STM/200_Pinbelegung/STM32CubeIDE/Drivers/CMSIS_DSP/Include" -I"C:/Users/raphael.baumeler/workspace_STM/200_Pinbelegung/STM32CubeIDE/Drivers/CMSIS_DSP/PrivateInclude" -I../../Drivers/STM32U5xx_HAL_Driver/Inc -I../../Drivers/STM32U5xx_HAL_Driver/Inc/Legacy -I../../Drivers/CMSIS/Device/ST/STM32U5xx/Include -I../../Drivers/CMSIS/Include -I../../Middlewares/ST/ARM/DSP/Inc -I"C:/Users/raphael.baumeler/workspace_STM/207_Monitoringsystem_SD-Karte/STM32CubeIDE/SD-Karte/Inc" -I"C:/Users/raphael.baumeler/workspace_STM/207_Monitoringsystem_SD-Karte/STM32CubeIDE/Funktionen/Inc" -O0 -ffunction-sections -fdata-sections -Wall -fstack-usage -fcyclomatic-complexity -MMD -MP -MF"Drivers/STM32U5xx_HAL_Driver/stm32u5xx_hal_dac_ex.d" -MT"Drivers/STM32U5xx_HAL_Driver/stm32u5xx_hal_dac_ex.o" --specs=nano.specs -mfpu=fpv5-sp-d16 -mfloat-abi=hard -mthumb -o "Drivers/STM32U5xx_HAL_Driver/stm32u5xx_hal_dac_ex.o"
arm-none-eabi-gcc "C:/Users/raphael.baumeler/workspace_STM/207_Monitoringsystem_SD-Karte/Drivers/STM32U5xx_HAL_Driver/Src/stm32u5xx_hal_dma.c" -mcpu=cortex-m33 -std=gnu11 -g3 -DDEBUG -DUSE_HAL_DRIVER -DSTM32U5A5xx -DARM_MATH_CM33 -c -I"C:/Users/raphael.baumeler/workspace_STM/207_Monitoringsystem_SD-Karte/STM32CubeIDE/Callbacks" -I../../Core/Inc -I"C:/Users/raphael.baumeler/workspace_STM/200_Pinbelegung/STM32CubeIDE/Drivers/CMSIS_DSP/Include" -I"C:/Users/raphael.baumeler/workspace_STM/200_Pinbelegung/STM32CubeIDE/Drivers/CMSIS_DSP/PrivateInclude" -I../../Drivers/STM32U5xx_HAL_Driver/Inc -I../../Drivers/STM32U5xx_HAL_Driver/Inc/Legacy -I../../Drivers/CMSIS/Device/ST/STM32U5xx/Include -I../../Drivers/CMSIS/Include -I../../Middlewares/ST/ARM/DSP/Inc -I"C:/Users/raphael.baumeler/workspace_STM/207_Monitoringsystem_SD-Karte/STM32CubeIDE/SD-Karte/Inc" -I"C:/Users/raphael.baumeler/workspace_STM/207_Monitoringsystem_SD-Karte/STM32CubeIDE/Funktionen/Inc" -O0 -ffunction-sections -fdata-sections -Wall -fstack-usage -fcyclomatic-complexity -MMD -MP -MF"Drivers/STM32U5xx_HAL_Driver/stm32u5xx_hal_dma.d" -MT"Drivers/STM32U5xx_HAL_Driver/stm32u5xx_hal_dma.o" --specs=nano.specs -mfpu=fpv5-sp-d16 -mfloat-abi=hard -mthumb -o "Drivers/STM32U5xx_HAL_Driver/stm32u5xx_hal_dma.o"
arm-none-eabi-gcc "C:/Users/raphael.baumeler/workspace_STM/207_Monitoringsystem_SD-Karte/Drivers/STM32U5xx_HAL_Driver/Src/stm32u5xx_hal_dma_ex.c" -mcpu=cortex-m33 -std=gnu11 -g3 -DDEBUG -DUSE_HAL_DRIVER -DSTM32U5A5xx -DARM_MATH_CM33 -c -I"C:/Users/raphael.baumeler/workspace_STM/207_Monitoringsystem_SD-Karte/STM32CubeIDE/Callbacks" -I../../Core/Inc -I"C:/Users/raphael.baumeler/workspace_STM/200_Pinbelegung/STM32CubeIDE/Drivers/CMSIS_DSP/Include" -I"C:/Users/raphael.baumeler/workspace_STM/200_Pinbelegung/STM32CubeIDE/Drivers/CMSIS_DSP/PrivateInclude" -I../../Drivers/STM32U5xx_HAL_Driver/Inc -I../../Drivers/STM32U5xx_HAL_Driver/Inc/Legacy -I../../Drivers/CMSIS/Device/ST/STM32U5xx/Include -I../../Drivers/CMSIS/Include -I../../Middlewares/ST/ARM/DSP/Inc -I"C:/Users/raphael.baumeler/workspace_STM/207_Monitoringsystem_SD-Karte/STM32CubeIDE/SD-Karte/Inc" -I"C:/Users/raphael.baumeler/workspace_STM/207_Monitoringsystem_SD-Karte/STM32CubeIDE/Funktionen/Inc" -O0 -ffunction-sections -fdata-sections -Wall -fstack-usage -fcyclomatic-complexity -MMD -MP -MF"Drivers/STM32U5xx_HAL_Driver/stm32u5xx_hal_dma_ex.d" -MT"Drivers/STM32U5xx_HAL_Driver/stm32u5xx_hal_dma_ex.o" --specs=nano.specs -mfpu=fpv5-sp-d16 -mfloat-abi=hard -mthumb -o "Drivers/STM32U5xx_HAL_Driver/stm32u5xx_hal_dma_ex.o"
arm-none-eabi-gcc "C:/Users/raphael.baumeler/workspace_STM/207_Monitoringsystem_SD-Karte/Drivers/STM32U5xx_HAL_Driver/Src/stm32u5xx_hal_exti.c" -mcpu=cortex-m33 -std=gnu11 -g3 -DDEBUG -DUSE_HAL_DRIVER -DSTM32U5A5xx -DARM_MATH_CM33 -c -I"C:/Users/raphael.baumeler/workspace_STM/207_Monitoringsystem_SD-Karte/STM32CubeIDE/Callbacks" -I../../Core/Inc -I"C:/Users/raphael.baumeler/workspace_STM/200_Pinbelegung/STM32CubeIDE/Drivers/CMSIS_DSP/Include" -I"C:/Users/raphael.baumeler/workspace_STM/200_Pinbelegung/STM32CubeIDE/Drivers/CMSIS_DSP/PrivateInclude" -I../../Drivers/STM32U5xx_HAL_Driver/Inc -I../../Drivers/STM32U5xx_HAL_Driver/Inc/Legacy -I../../Drivers/CMSIS/Device/ST/STM32U5xx/Include -I../../Drivers/CMSIS/Include -I../../Middlewares/ST/ARM/DSP/Inc -I"C:/Users/raphael.baumeler/workspace_STM/207_Monitoringsystem_SD-Karte/STM32CubeIDE/SD-Karte/Inc" -I"C:/Users/raphael.baumeler/workspace_STM/207_Monitoringsystem_SD-Karte/STM32CubeIDE/Funktionen/Inc" -O0 -ffunction-sections -fdata-sections -Wall -fstack-usage -fcyclomatic-complexity -MMD -MP -MF"Drivers/STM32U5xx_HAL_Driver/stm32u5xx_hal_exti.d" -MT"Drivers/STM32U5xx_HAL_Driver/stm32u5xx_hal_exti.o" --specs=nano.specs -mfpu=fpv5-sp-d16 -mfloat-abi=hard -mthumb -o "Drivers/STM32U5xx_HAL_Driver/stm32u5xx_hal_exti.o"
arm-none-eabi-gcc "C:/Users/raphael.baumeler/workspace_STM/207_Monitoringsystem_SD-Karte/Drivers/STM32U5xx_HAL_Driver/Src/stm32u5xx_hal_fdcan.c" -mcpu=cortex-m33 -std=gnu11 -g3 -DDEBUG -DUSE_HAL_DRIVER -DSTM32U5A5xx -DARM_MATH_CM33 -c -I"C:/Users/raphael.baumeler/workspace_STM/207_Monitoringsystem_SD-Karte/STM32CubeIDE/Callbacks" -I../../Core/Inc -I"C:/Users/raphael.baumeler/workspace_STM/200_Pinbelegung/STM32CubeIDE/Drivers/CMSIS_DSP/Include" -I"C:/Users/raphael.baumeler/workspace_STM/200_Pinbelegung/STM32CubeIDE/Drivers/CMSIS_DSP/PrivateInclude" -I../../Drivers/STM32U5xx_HAL_Driver/Inc -I../../Drivers/STM32U5xx_HAL_Driver/Inc/Legacy -I../../Drivers/CMSIS/Device/ST/STM32U5xx/Include -I../../Drivers/CMSIS/Include -I../../Middlewares/ST/ARM/DSP/Inc -I"C:/Users/raphael.baumeler/workspace_STM/207_Monitoringsystem_SD-Karte/STM32CubeIDE/SD-Karte/Inc" -I"C:/Users/raphael.baumeler/workspace_STM/207_Monitoringsystem_SD-Karte/STM32CubeIDE/Funktionen/Inc" -O0 -ffunction-sections -fdata-sections -Wall -fstack-usage -fcyclomatic-complexity -MMD -MP -MF"Drivers/STM32U5xx_HAL_Driver/stm32u5xx_hal_fdcan.d" -MT"Drivers/STM32U5xx_HAL_Driver/stm32u5xx_hal_fdcan.o" --specs=nano.specs -mfpu=fpv5-sp-d16 -mfloat-abi=hard -mthumb -o "Drivers/STM32U5xx_HAL_Driver/stm32u5xx_hal_fdcan.o"
arm-none-eabi-gcc "C:/Users/raphael.baumeler/workspace_STM/207_Monitoringsystem_SD-Karte/Drivers/STM32U5xx_HAL_Driver/Src/stm32u5xx_hal_flash.c" -mcpu=cortex-m33 -std=gnu11 -g3 -DDEBUG -DUSE_HAL_DRIVER -DSTM32U5A5xx -DARM_MATH_CM33 -c -I"C:/Users/raphael.baumeler/workspace_STM/207_Monitoringsystem_SD-Karte/STM32CubeIDE/Callbacks" -I../../Core/Inc -I"C:/Users/raphael.baumeler/workspace_STM/200_Pinbelegung/STM32CubeIDE/Drivers/CMSIS_DSP/Include" -I"C:/Users/raphael.baumeler/workspace_STM/200_Pinbelegung/STM32CubeIDE/Drivers/CMSIS_DSP/PrivateInclude" -I../../Drivers/STM32U5xx_HAL_Driver/Inc -I../../Drivers/STM32U5xx_HAL_Driver/Inc/Legacy -I../../Drivers/CMSIS/Device/ST/STM32U5xx/Include -I../../Drivers/CMSIS/Include -I../../Middlewares/ST/ARM/DSP/Inc -I"C:/Users/raphael.baumeler/workspace_STM/207_Monitoringsystem_SD-Karte/STM32CubeIDE/SD-Karte/Inc" -I"C:/Users/raphael.baumeler/workspace_STM/207_Monitoringsystem_SD-Karte/STM32CubeIDE/Funktionen/Inc" -O0 -ffunction-sections -fdata-sections -Wall -fstack-usage -fcyclomatic-complexity -MMD -MP -MF"Drivers/STM32U5xx_HAL_Driver/stm32u5xx_hal_flash.d" -MT"Drivers/STM32U5xx_HAL_Driver/stm32u5xx_hal_flash.o" --specs=nano.specs -mfpu=fpv5-sp-d16 -mfloat-abi=hard -mthumb -o "Drivers/STM32U5xx_HAL_Driver/stm32u5xx_hal_flash.o"
arm-none-eabi-gcc "C:/Users/raphael.baumeler/workspace_STM/207_Monitoringsystem_SD-Karte/Drivers/STM32U5xx_HAL_Driver/Src/stm32u5xx_hal_flash_ex.c" -mcpu=cortex-m33 -std=gnu11 -g3 -DDEBUG -DUSE_HAL_DRIVER -DSTM32U5A5xx -DARM_MATH_CM33 -c -I"C:/Users/raphael.baumeler/workspace_STM/207_Monitoringsystem_SD-Karte/STM32CubeIDE/Callbacks" -I../../Core/Inc -I"C:/Users/raphael.baumeler/workspace_STM/200_Pinbelegung/STM32CubeIDE/Drivers/CMSIS_DSP/Include" -I"C:/Users/raphael.baumeler/workspace_STM/200_Pinbelegung/STM32CubeIDE/Drivers/CMSIS_DSP/PrivateInclude" -I../../Drivers/STM32U5xx_HAL_Driver/Inc -I../../Drivers/STM32U5xx_HAL_Driver/Inc/Legacy -I../../Drivers/CMSIS/Device/ST/STM32U5xx/Include -I../../Drivers/CMSIS/Include -I../../Middlewares/ST/ARM/DSP/Inc -I"C:/Users/raphael.baumeler/workspace_STM/207_Monitoringsystem_SD-Karte/STM32CubeIDE/SD-Karte/Inc" -I"C:/Users/raphael.baumeler/workspace_STM/207_Monitoringsystem_SD-Karte/STM32CubeIDE/Funktionen/Inc" -O0 -ffunction-sections -fdata-sections -Wall -fstack-usage -fcyclomatic-complexity -MMD -MP -MF"Drivers/STM32U5xx_HAL_Driver/stm32u5xx_hal_flash_ex.d" -MT"Drivers/STM32U5xx_HAL_Driver/stm32u5xx_hal_flash_ex.o" --specs=nano.specs -mfpu=fpv5-sp-d16 -mfloat-abi=hard -mthumb -o "Drivers/STM32U5xx_HAL_Driver/stm32u5xx_hal_flash_ex.o"
arm-none-eabi-gcc "C:/Users/raphael.baumeler/workspace_STM/207_Monitoringsystem_SD-Karte/Drivers/STM32U5xx_HAL_Driver/Src/stm32u5xx_hal_gpio.c" -mcpu=cortex-m33 -std=gnu11 -g3 -DDEBUG -DUSE_HAL_DRIVER -DSTM32U5A5xx -DARM_MATH_CM33 -c -I"C:/Users/raphael.baumeler/workspace_STM/207_Monitoringsystem_SD-Karte/STM32CubeIDE/Callbacks" -I../../Core/Inc -I"C:/Users/raphael.baumeler/workspace_STM/200_Pinbelegung/STM32CubeIDE/Drivers/CMSIS_DSP/Include" -I"C:/Users/raphael.baumeler/workspace_STM/200_Pinbelegung/STM32CubeIDE/Drivers/CMSIS_DSP/PrivateInclude" -I../../Drivers/STM32U5xx_HAL_Driver/Inc -I../../Drivers/STM32U5xx_HAL_Driver/Inc/Legacy -I../../Drivers/CMSIS/Device/ST/STM32U5xx/Include -I../../Drivers/CMSIS/Include -I../../Middlewares/ST/ARM/DSP/Inc -I"C:/Users/raphael.baumeler/workspace_STM/207_Monitoringsystem_SD-Karte/STM32CubeIDE/SD-Karte/Inc" -I"C:/Users/raphael.baumeler/workspace_STM/207_Monitoringsystem_SD-Karte/STM32CubeIDE/Funktionen/Inc" -O0 -ffunction-sections -fdata-sections -Wall -fstack-usage -fcyclomatic-complexity -MMD -MP -MF"Drivers/STM32U5xx_HAL_Driver/stm32u5xx_hal_gpio.d" -MT"Drivers/STM32U5xx_HAL_Driver/stm32u5xx_hal_gpio.o" --specs=nano.specs -mfpu=fpv5-sp-d16 -mfloat-abi=hard -mthumb -o "Drivers/STM32U5xx_HAL_Driver/stm32u5xx_hal_gpio.o"
arm-none-eabi-gcc "C:/Users/raphael.baumeler/workspace_STM/207_Monitoringsystem_SD-Karte/Drivers/STM32U5xx_HAL_Driver/Src/stm32u5xx_hal_gtzc.c" -mcpu=cortex-m33 -std=gnu11 -g3 -DDEBUG -DUSE_HAL_DRIVER -DSTM32U5A5xx -DARM_MATH_CM33 -c -I"C:/Users/raphael.baumeler/workspace_STM/207_Monitoringsystem_SD-Karte/STM32CubeIDE/Callbacks" -I../../Core/Inc -I"C:/Users/raphael.baumeler/workspace_STM/200_Pinbelegung/STM32CubeIDE/Drivers/CMSIS_DSP/Include" -I"C:/Users/raphael.baumeler/workspace_STM/200_Pinbelegung/STM32CubeIDE/Drivers/CMSIS_DSP/PrivateInclude" -I../../Drivers/STM32U5xx_HAL_Driver/Inc -I../../Drivers/STM32U5xx_HAL_Driver/Inc/Legacy -I../../Drivers/CMSIS/Device/ST/STM32U5xx/Include -I../../Drivers/CMSIS/Include -I../../Middlewares/ST/ARM/DSP/Inc -I"C:/Users/raphael.baumeler/workspace_STM/207_Monitoringsystem_SD-Karte/STM32CubeIDE/SD-Karte/Inc" -I"C:/Users/raphael.baumeler/workspace_STM/207_Monitoringsystem_SD-Karte/STM32CubeIDE/Funktionen/Inc" -O0 -ffunction-sections -fdata-sections -Wall -fstack-usage -fcyclomatic-complexity -MMD -MP -MF"Drivers/STM32U5xx_HAL_Driver/stm32u5xx_hal_gtzc.d" -MT"Drivers/STM32U5xx_HAL_Driver/stm32u5xx_hal_gtzc.o" --specs=nano.specs -mfpu=fpv5-sp-d16 -mfloat-abi=hard -mthumb -o "Drivers/STM32U5xx_HAL_Driver/stm32u5xx_hal_gtzc.o"
arm-none-eabi-gcc "C:/Users/raphael.baumeler/workspace_STM/207_Monitoringsystem_SD-Karte/Drivers/STM32U5xx_HAL_Driver/Src/stm32u5xx_hal_i2c.c" -mcpu=cortex-m33 -std=gnu11 -g3 -DDEBUG -DUSE_HAL_DRIVER -DSTM32U5A5xx -DARM_MATH_CM33 -c -I"C:/Users/raphael.baumeler/workspace_STM/207_Monitoringsystem_SD-Karte/STM32CubeIDE/Callbacks" -I../../Core/Inc -I"C:/Users/raphael.baumeler/workspace_STM/200_Pinbelegung/STM32CubeIDE/Drivers/CMSIS_DSP/Include" -I"C:/Users/raphael.baumeler/workspace_STM/200_Pinbelegung/STM32CubeIDE/Drivers/CMSIS_DSP/PrivateInclude" -I../../Drivers/STM32U5xx_HAL_Driver/Inc -I../../Drivers/STM32U5xx_HAL_Driver/Inc/Legacy -I../../Drivers/CMSIS/Device/ST/STM32U5xx/Include -I../../Drivers/CMSIS/Include -I../../Middlewares/ST/ARM/DSP/Inc -I"C:/Users/raphael.baumeler/workspace_STM/207_Monitoringsystem_SD-Karte/STM32CubeIDE/SD-Karte/Inc" -I"C:/Users/raphael.baumeler/workspace_STM/207_Monitoringsystem_SD-Karte/STM32CubeIDE/Funktionen/Inc" -O0 -ffunction-sections -fdata-sections -Wall -fstack-usage -fcyclomatic-complexity -MMD -MP -MF"Drivers/STM32U5xx_HAL_Driver/stm32u5xx_hal_i2c.d" -MT"Drivers/STM32U5xx_HAL_Driver/stm32u5xx_hal_i2c.o" --specs=nano.specs -mfpu=fpv5-sp-d16 -mfloat-abi=hard -mthumb -o "Drivers/STM32U5xx_HAL_Driver/stm32u5xx_hal_i2c.o"
arm-none-eabi-gcc "C:/Users/raphael.baumeler/workspace_STM/207_Monitoringsystem_SD-Karte/Drivers/STM32U5xx_HAL_Driver/Src/stm32u5xx_hal_i2c_ex.c" -mcpu=cortex-m33 -std=gnu11 -g3 -DDEBUG -DUSE_HAL_DRIVER -DSTM32U5A5xx -DARM_MATH_CM33 -c -I"C:/Users/raphael.baumeler/workspace_STM/207_Monitoringsystem_SD-Karte/STM32CubeIDE/Callbacks" -I../../Core/Inc -I"C:/Users/raphael.baumeler/workspace_STM/200_Pinbelegung/STM32CubeIDE/Drivers/CMSIS_DSP/Include" -I"C:/Users/raphael.baumeler/workspace_STM/200_Pinbelegung/STM32CubeIDE/Drivers/CMSIS_DSP/PrivateInclude" -I../../Drivers/STM32U5xx_HAL_Driver/Inc -I../../Drivers/STM32U5xx_HAL_Driver/Inc/Legacy -I../../Drivers/CMSIS/Device/ST/STM32U5xx/Include -I../../Drivers/CMSIS/Include -I../../Middlewares/ST/ARM/DSP/Inc -I"C:/Users/raphael.baumeler/workspace_STM/207_Monitoringsystem_SD-Karte/STM32CubeIDE/SD-Karte/Inc" -I"C:/Users/raphael.baumeler/workspace_STM/207_Monitoringsystem_SD-Karte/STM32CubeIDE/Funktionen/Inc" -O0 -ffunction-sections -fdata-sections -Wall -fstack-usage -fcyclomatic-complexity -MMD -MP -MF"Drivers/STM32U5xx_HAL_Driver/stm32u5xx_hal_i2c_ex.d" -MT"Drivers/STM32U5xx_HAL_Driver/stm32u5xx_hal_i2c_ex.o" --specs=nano.specs -mfpu=fpv5-sp-d16 -mfloat-abi=hard -mthumb -o "Drivers/STM32U5xx_HAL_Driver/stm32u5xx_hal_i2c_ex.o"
arm-none-eabi-gcc "C:/Users/raphael.baumeler/workspace_STM/207_Monitoringsystem_SD-Karte/Drivers/STM32U5xx_HAL_Driver/Src/stm32u5xx_hal_icache.c" -mcpu=cortex-m33 -std=gnu11 -g3 -DDEBUG -DUSE_HAL_DRIVER -DSTM32U5A5xx -DARM_MATH_CM33 -c -I"C:/Users/raphael.baumeler/workspace_STM/207_Monitoringsystem_SD-Karte/STM32CubeIDE/Callbacks" -I../../Core/Inc -I"C:/Users/raphael.baumeler/workspace_STM/200_Pinbelegung/STM32CubeIDE/Drivers/CMSIS_DSP/Include" -I"C:/Users/raphael.baumeler/workspace_STM/200_Pinbelegung/STM32CubeIDE/Drivers/CMSIS_DSP/PrivateInclude" -I../../Drivers/STM32U5xx_HAL_Driver/Inc -I../../Drivers/STM32U5xx_HAL_Driver/Inc/Legacy -I../../Drivers/CMSIS/Device/ST/STM32U5xx/Include -I../../Drivers/CMSIS/Include -I../../Middlewares/ST/ARM/DSP/Inc -I"C:/Users/raphael.baumeler/workspace_STM/207_Monitoringsystem_SD-Karte/STM32CubeIDE/SD-Karte/Inc" -I"C:/Users/raphael.baumeler/workspace_STM/207_Monitoringsystem_SD-Karte/STM32CubeIDE/Funktionen/Inc" -O0 -ffunction-sections -fdata-sections -Wall -fstack-usage -fcyclomatic-complexity -MMD -MP -MF"Drivers/STM32U5xx_HAL_Driver/stm32u5xx_hal_icache.d" -MT"Drivers/STM32U5xx_HAL_Driver/stm32u5xx_hal_icache.o" --specs=nano.specs -mfpu=fpv5-sp-d16 -mfloat-abi=hard -mthumb -o "Drivers/STM32U5xx_HAL_Driver/stm32u5xx_hal_icache.o"
arm-none-eabi-gcc "C:/Users/raphael.baumeler/workspace_STM/207_Monitoringsystem_SD-Karte/Drivers/STM32U5xx_HAL_Driver/Src/stm32u5xx_hal_pwr.c" -mcpu=cortex-m33 -std=gnu11 -g3 -DDEBUG -DUSE_HAL_DRIVER -DSTM32U5A5xx -DARM_MATH_CM33 -c -I"C:/Users/raphael.baumeler/workspace_STM/207_Monitoringsystem_SD-Karte/STM32CubeIDE/Callbacks" -I../../Core/Inc -I"C:/Users/raphael.baumeler/workspace_STM/200_Pinbelegung/STM32CubeIDE/Drivers/CMSIS_DSP/Include" -I"C:/Users/raphael.baumeler/workspace_STM/200_Pinbelegung/STM32CubeIDE/Drivers/CMSIS_DSP/PrivateInclude" -I../../Drivers/STM32U5xx_HAL_Driver/Inc -I../../Drivers/STM32U5xx_HAL_Driver/Inc/Legacy -I../../Drivers/CMSIS/Device/ST/STM32U5xx/Include -I../../Drivers/CMSIS/Include -I../../Middlewares/ST/ARM/DSP/Inc -I"C:/Users/raphael.baumeler/workspace_STM/207_Monitoringsystem_SD-Karte/STM32CubeIDE/SD-Karte/Inc" -I"C:/Users/raphael.baumeler/workspace_STM/207_Monitoringsystem_SD-Karte/STM32CubeIDE/Funktionen/Inc" -O0 -ffunction-sections -fdata-sections -Wall -fstack-usage -fcyclomatic-complexity -MMD -MP -MF"Drivers/STM32U5xx_HAL_Driver/stm32u5xx_hal_pwr.d" -MT"Drivers/STM32U5xx_HAL_Driver/stm32u5xx_hal_pwr.o" --specs=nano.specs -mfpu=fpv5-sp-d16 -mfloat-abi=hard -mthumb -o "Drivers/STM32U5xx_HAL_Driver/stm32u5xx_hal_pwr.o"
arm-none-eabi-gcc "C:/Users/raphael.baumeler/workspace_STM/207_Monitoringsystem_SD-Karte/Drivers/STM32U5xx_HAL_Driver/Src/stm32u5xx_hal_pwr_ex.c" -mcpu=cortex-m33 -std=gnu11 -g3 -DDEBUG -DUSE_HAL_DRIVER -DSTM32U5A5xx -DARM_MATH_CM33 -c -I"C:/Users/raphael.baumeler/workspace_STM/207_Monitoringsystem_SD-Karte/STM32CubeIDE/Callbacks" -I../../Core/Inc -I"C:/Users/raphael.baumeler/workspace_STM/200_Pinbelegung/STM32CubeIDE/Drivers/CMSIS_DSP/Include" -I"C:/Users/raphael.baumeler/workspace_STM/200_Pinbelegung/STM32CubeIDE/Drivers/CMSIS_DSP/PrivateInclude" -I../../Drivers/STM32U5xx_HAL_Driver/Inc -I../../Drivers/STM32U5xx_HAL_Driver/Inc/Legacy -I../../Drivers/CMSIS/Device/ST/STM32U5xx/Include -I../../Drivers/CMSIS/Include -I../../Middlewares/ST/ARM/DSP/Inc -I"C:/Users/raphael.baumeler/workspace_STM/207_Monitoringsystem_SD-Karte/STM32CubeIDE/SD-Karte/Inc" -I"C:/Users/raphael.baumeler/workspace_STM/207_Monitoringsystem_SD-Karte/STM32CubeIDE/Funktionen/Inc" -O0 -ffunction-sections -fdata-sections -Wall -fstack-usage -fcyclomatic-complexity -MMD -MP -MF"Drivers/STM32U5xx_HAL_Driver/stm32u5xx_hal_pwr_ex.d" -MT"Drivers/STM32U5xx_HAL_Driver/stm32u5xx_hal_pwr_ex.o" --specs=nano.specs -mfpu=fpv5-sp-d16 -mfloat-abi=hard -mthumb -o "Drivers/STM32U5xx_HAL_Driver/stm32u5xx_hal_pwr_ex.o"
arm-none-eabi-gcc "C:/Users/raphael.baumeler/workspace_STM/207_Monitoringsystem_SD-Karte/Drivers/STM32U5xx_HAL_Driver/Src/stm32u5xx_hal_rcc.c" -mcpu=cortex-m33 -std=gnu11 -g3 -DDEBUG -DUSE_HAL_DRIVER -DSTM32U5A5xx -DARM_MATH_CM33 -c -I"C:/Users/raphael.baumeler/workspace_STM/207_Monitoringsystem_SD-Karte/STM32CubeIDE/Callbacks" -I../../Core/Inc -I"C:/Users/raphael.baumeler/workspace_STM/200_Pinbelegung/STM32CubeIDE/Drivers/CMSIS_DSP/Include" -I"C:/Users/raphael.baumeler/workspace_STM/200_Pinbelegung/STM32CubeIDE/Drivers/CMSIS_DSP/PrivateInclude" -I../../Drivers/STM32U5xx_HAL_Driver/Inc -I../../Drivers/STM32U5xx_HAL_Driver/Inc/Legacy -I../../Drivers/CMSIS/Device/ST/STM32U5xx/Include -I../../Drivers/CMSIS/Include -I../../Middlewares/ST/ARM/DSP/Inc -I"C:/Users/raphael.baumeler/workspace_STM/207_Monitoringsystem_SD-Karte/STM32CubeIDE/SD-Karte/Inc" -I"C:/Users/raphael.baumeler/workspace_STM/207_Monitoringsystem_SD-Karte/STM32CubeIDE/Funktionen/Inc" -O0 -ffunction-sections -fdata-sections -Wall -fstack-usage -fcyclomatic-complexity -MMD -MP -MF"Drivers/STM32U5xx_HAL_Driver/stm32u5xx_hal_rcc.d" -MT"Drivers/STM32U5xx_HAL_Driver/stm32u5xx_hal_rcc.o" --specs=nano.specs -mfpu=fpv5-sp-d16 -mfloat-abi=hard -mthumb -o "Drivers/STM32U5xx_HAL_Driver/stm32u5xx_hal_rcc.o"
arm-none-eabi-gcc "C:/Users/raphael.baumeler/workspace_STM/207_Monitoringsystem_SD-Karte/Drivers/STM32U5xx_HAL_Driver/Src/stm32u5xx_hal_rcc_ex.c" -mcpu=cortex-m33 -std=gnu11 -g3 -DDEBUG -DUSE_HAL_DRIVER -DSTM32U5A5xx -DARM_MATH_CM33 -c -I"C:/Users/raphael.baumeler/workspace_STM/207_Monitoringsystem_SD-Karte/STM32CubeIDE/Callbacks" -I../../Core/Inc -I"C:/Users/raphael.baumeler/workspace_STM/200_Pinbelegung/STM32CubeIDE/Drivers/CMSIS_DSP/Include" -I"C:/Users/raphael.baumeler/workspace_STM/200_Pinbelegung/STM32CubeIDE/Drivers/CMSIS_DSP/PrivateInclude" -I../../Drivers/STM32U5xx_HAL_Driver/Inc -I../../Drivers/STM32U5xx_HAL_Driver/Inc/Legacy -I../../Drivers/CMSIS/Device/ST/STM32U5xx/Include -I../../Drivers/CMSIS/Include -I../../Middlewares/ST/ARM/DSP/Inc -I"C:/Users/raphael.baumeler/workspace_STM/207_Monitoringsystem_SD-Karte/STM32CubeIDE/SD-Karte/Inc" -I"C:/Users/raphael.baumeler/workspace_STM/207_Monitoringsystem_SD-Karte/STM32CubeIDE/Funktionen/Inc" -O0 -ffunction-sections -fdata-sections -Wall -fstack-usage -fcyclomatic-complexity -MMD -MP -MF"Drivers/STM32U5xx_HAL_Driver/stm32u5xx_hal_rcc_ex.d" -MT"Drivers/STM32U5xx_HAL_Driver/stm32u5xx_hal_rcc_ex.o" --specs=nano.specs -mfpu=fpv5-sp-d16 -mfloat-abi=hard -mthumb -o "Drivers/STM32U5xx_HAL_Driver/stm32u5xx_hal_rcc_ex.o"
arm-none-eabi-gcc "C:/Users/raphael.baumeler/workspace_STM/207_Monitoringsystem_SD-Karte/Drivers/STM32U5xx_HAL_Driver/Src/stm32u5xx_hal_spi.c" -mcpu=cortex-m33 -std=gnu11 -g3 -DDEBUG -DUSE_HAL_DRIVER -DSTM32U5A5xx -DARM_MATH_CM33 -c -I"C:/Users/raphael.baumeler/workspace_STM/207_Monitoringsystem_SD-Karte/STM32CubeIDE/Callbacks" -I../../Core/Inc -I"C:/Users/raphael.baumeler/workspace_STM/200_Pinbelegung/STM32CubeIDE/Drivers/CMSIS_DSP/Include" -I"C:/Users/raphael.baumeler/workspace_STM/200_Pinbelegung/STM32CubeIDE/Drivers/CMSIS_DSP/PrivateInclude" -I../../Drivers/STM32U5xx_HAL_Driver/Inc -I../../Drivers/STM32U5xx_HAL_Driver/Inc/Legacy -I../../Drivers/CMSIS/Device/ST/STM32U5xx/Include -I../../Drivers/CMSIS/Include -I../../Middlewares/ST/ARM/DSP/Inc -I"C:/Users/raphael.baumeler/workspace_STM/207_Monitoringsystem_SD-Karte/STM32CubeIDE/SD-Karte/Inc" -I"C:/Users/raphael.baumeler/workspace_STM/207_Monitoringsystem_SD-Karte/STM32CubeIDE/Funktionen/Inc" -O0 -ffunction-sections -fdata-sections -Wall -fstack-usage -fcyclomatic-complexity -MMD -MP -MF"Drivers/STM32U5xx_HAL_Driver/stm32u5xx_hal_spi.d" -MT"Drivers/STM32U5xx_HAL_Driver/stm32u5xx_hal_spi.o" --specs=nano.specs -mfpu=fpv5-sp-d16 -mfloat-abi=hard -mthumb -o "Drivers/STM32U5xx_HAL_Driver/stm32u5xx_hal_spi.o"
arm-none-eabi-gcc "C:/Users/raphael.baumeler/workspace_STM/207_Monitoringsystem_SD-Karte/Drivers/STM32U5xx_HAL_Driver/Src/stm32u5xx_hal_spi_ex.c" -mcpu=cortex-m33 -std=gnu11 -g3 -DDEBUG -DUSE_HAL_DRIVER -DSTM32U5A5xx -DARM_MATH_CM33 -c -I"C:/Users/raphael.baumeler/workspace_STM/207_Monitoringsystem_SD-Karte/STM32CubeIDE/Callbacks" -I../../Core/Inc -I"C:/Users/raphael.baumeler/workspace_STM/200_Pinbelegung/STM32CubeIDE/Drivers/CMSIS_DSP/Include" -I"C:/Users/raphael.baumeler/workspace_STM/200_Pinbelegung/STM32CubeIDE/Drivers/CMSIS_DSP/PrivateInclude" -I../../Drivers/STM32U5xx_HAL_Driver/Inc -I../../Drivers/STM32U5xx_HAL_Driver/Inc/Legacy -I../../Drivers/CMSIS/Device/ST/STM32U5xx/Include -I../../Drivers/CMSIS/Include -I../../Middlewares/ST/ARM/DSP/Inc -I"C:/Users/raphael.baumeler/workspace_STM/207_Monitoringsystem_SD-Karte/STM32CubeIDE/SD-Karte/Inc" -I"C:/Users/raphael.baumeler/workspace_STM/207_Monitoringsystem_SD-Karte/STM32CubeIDE/Funktionen/Inc" -O0 -ffunction-sections -fdata-sections -Wall -fstack-usage -fcyclomatic-complexity -MMD -MP -MF"Drivers/STM32U5xx_HAL_Driver/stm32u5xx_hal_spi_ex.d" -MT"Drivers/STM32U5xx_HAL_Driver/stm32u5xx_hal_spi_ex.o" --specs=nano.specs -mfpu=fpv5-sp-d16 -mfloat-abi=hard -mthumb -o "Drivers/STM32U5xx_HAL_Driver/stm32u5xx_hal_spi_ex.o"
arm-none-eabi-gcc "C:/Users/raphael.baumeler/workspace_STM/207_Monitoringsystem_SD-Karte/Drivers/STM32U5xx_HAL_Driver/Src/stm32u5xx_hal_tim.c" -mcpu=cortex-m33 -std=gnu11 -g3 -DDEBUG -DUSE_HAL_DRIVER -DSTM32U5A5xx -DARM_MATH_CM33 -c -I"C:/Users/raphael.baumeler/workspace_STM/207_Monitoringsystem_SD-Karte/STM32CubeIDE/Callbacks" -I../../Core/Inc -I"C:/Users/raphael.baumeler/workspace_STM/200_Pinbelegung/STM32CubeIDE/Drivers/CMSIS_DSP/Include" -I"C:/Users/raphael.baumeler/workspace_STM/200_Pinbelegung/STM32CubeIDE/Drivers/CMSIS_DSP/PrivateInclude" -I../../Drivers/STM32U5xx_HAL_Driver/Inc -I../../Drivers/STM32U5xx_HAL_Driver/Inc/Legacy -I../../Drivers/CMSIS/Device/ST/STM32U5xx/Include -I../../Drivers/CMSIS/Include -I../../Middlewares/ST/ARM/DSP/Inc -I"C:/Users/raphael.baumeler/workspace_STM/207_Monitoringsystem_SD-Karte/STM32CubeIDE/SD-Karte/Inc" -I"C:/Users/raphael.baumeler/workspace_STM/207_Monitoringsystem_SD-Karte/STM32CubeIDE/Funktionen/Inc" -O0 -ffunction-sections -fdata-sections -Wall -fstack-usage -fcyclomatic-complexity -MMD -MP -MF"Drivers/STM32U5xx_HAL_Driver/stm32u5xx_hal_tim.d" -MT"Drivers/STM32U5xx_HAL_Driver/stm32u5xx_hal_tim.o" --specs=nano.specs -mfpu=fpv5-sp-d16 -mfloat-abi=hard -mthumb -o "Drivers/STM32U5xx_HAL_Driver/stm32u5xx_hal_tim.o"
arm-none-eabi-gcc "C:/Users/raphael.baumeler/workspace_STM/207_Monitoringsystem_SD-Karte/Drivers/STM32U5xx_HAL_Driver/Src/stm32u5xx_hal_tim_ex.c" -mcpu=cortex-m33 -std=gnu11 -g3 -DDEBUG -DUSE_HAL_DRIVER -DSTM32U5A5xx -DARM_MATH_CM33 -c -I"C:/Users/raphael.baumeler/workspace_STM/207_Monitoringsystem_SD-Karte/STM32CubeIDE/Callbacks" -I../../Core/Inc -I"C:/Users/raphael.baumeler/workspace_STM/200_Pinbelegung/STM32CubeIDE/Drivers/CMSIS_DSP/Include" -I"C:/Users/raphael.baumeler/workspace_STM/200_Pinbelegung/STM32CubeIDE/Drivers/CMSIS_DSP/PrivateInclude" -I../../Drivers/STM32U5xx_HAL_Driver/Inc -I../../Drivers/STM32U5xx_HAL_Driver/Inc/Legacy -I../../Drivers/CMSIS/Device/ST/STM32U5xx/Include -I../../Drivers/CMSIS/Include -I../../Middlewares/ST/ARM/DSP/Inc -I"C:/Users/raphael.baumeler/workspace_STM/207_Monitoringsystem_SD-Karte/STM32CubeIDE/SD-Karte/Inc" -I"C:/Users/raphael.baumeler/workspace_STM/207_Monitoringsystem_SD-Karte/STM32CubeIDE/Funktionen/Inc" -O0 -ffunction-sections -fdata-sections -Wall -fstack-usage -fcyclomatic-complexity -MMD -MP -MF"Drivers/STM32U5xx_HAL_Driver/stm32u5xx_hal_tim_ex.d" -MT"Drivers/STM32U5xx_HAL_Driver/stm32u5xx_hal_tim_ex.o" --specs=nano.specs -mfpu=fpv5-sp-d16 -mfloat-abi=hard -mthumb -o "Drivers/STM32U5xx_HAL_Driver/stm32u5xx_hal_tim_ex.o"
arm-none-eabi-gcc "C:/Users/raphael.baumeler/workspace_STM/207_Monitoringsystem_SD-Karte/Drivers/STM32U5xx_HAL_Driver/Src/stm32u5xx_hal_uart.c" -mcpu=cortex-m33 -std=gnu11 -g3 -DDEBUG -DUSE_HAL_DRIVER -DSTM32U5A5xx -DARM_MATH_CM33 -c -I"C:/Users/raphael.baumeler/workspace_STM/207_Monitoringsystem_SD-Karte/STM32CubeIDE/Callbacks" -I../../Core/Inc -I"C:/Users/raphael.baumeler/workspace_STM/200_Pinbelegung/STM32CubeIDE/Drivers/CMSIS_DSP/Include" -I"C:/Users/raphael.baumeler/workspace_STM/200_Pinbelegung/STM32CubeIDE/Drivers/CMSIS_DSP/PrivateInclude" -I../../Drivers/STM32U5xx_HAL_Driver/Inc -I../../Drivers/STM32U5xx_HAL_Driver/Inc/Legacy -I../../Drivers/CMSIS/Device/ST/STM32U5xx/Include -I../../Drivers/CMSIS/Include -I../../Middlewares/ST/ARM/DSP/Inc -I"C:/Users/raphael.baumeler/workspace_STM/207_Monitoringsystem_SD-Karte/STM32CubeIDE/SD-Karte/Inc" -I"C:/Users/raphael.baumeler/workspace_STM/207_Monitoringsystem_SD-Karte/STM32CubeIDE/Funktionen/Inc" -O0 -ffunction-sections -fdata-sections -Wall -fstack-usage -fcyclomatic-complexity -MMD -MP -MF"Drivers/STM32U5xx_HAL_Driver/stm32u5xx_hal_uart.d" -MT"Drivers/STM32U5xx_HAL_Driver/stm32u5xx_hal_uart.o" --specs=nano.specs -mfpu=fpv5-sp-d16 -mfloat-abi=hard -mthumb -o "Drivers/STM32U5xx_HAL_Driver/stm32u5xx_hal_uart.o"
arm-none-eabi-gcc "C:/Users/raphael.baumeler/workspace_STM/207_Monitoringsystem_SD-Karte/Drivers/STM32U5xx_HAL_Driver/Src/stm32u5xx_hal_uart_ex.c" -mcpu=cortex-m33 -std=gnu11 -g3 -DDEBUG -DUSE_HAL_DRIVER -DSTM32U5A5xx -DARM_MATH_CM33 -c -I"C:/Users/raphael.baumeler/workspace_STM/207_Monitoringsystem_SD-Karte/STM32CubeIDE/Callbacks" -I../../Core/Inc -I"C:/Users/raphael.baumeler/workspace_STM/200_Pinbelegung/STM32CubeIDE/Drivers/CMSIS_DSP/Include" -I"C:/Users/raphael.baumeler/workspace_STM/200_Pinbelegung/STM32CubeIDE/Drivers/CMSIS_DSP/PrivateInclude" -I../../Drivers/STM32U5xx_HAL_Driver/Inc -I../../Drivers/STM32U5xx_HAL_Driver/Inc/Legacy -I../../Drivers/CMSIS/Device/ST/STM32U5xx/Include -I../../Drivers/CMSIS/Include -I../../Middlewares/ST/ARM/DSP/Inc -I"C:/Users/raphael.baumeler/workspace_STM/207_Monitoringsystem_SD-Karte/STM32CubeIDE/SD-Karte/Inc" -I"C:/Users/raphael.baumeler/workspace_STM/207_Monitoringsystem_SD-Karte/STM32CubeIDE/Funktionen/Inc" -O0 -ffunction-sections -fdata-sections -Wall -fstack-usage -fcyclomatic-complexity -MMD -MP -MF"Drivers/STM32U5xx_HAL_Driver/stm32u5xx_hal_uart_ex.d" -MT"Drivers/STM32U5xx_HAL_Driver/stm32u5xx_hal_uart_ex.o" --specs=nano.specs -mfpu=fpv5-sp-d16 -mfloat-abi=hard -mthumb -o "Drivers/STM32U5xx_HAL_Driver/stm32u5xx_hal_uart_ex.o"
arm-none-eabi-gcc "C:/Users/raphael.baumeler/workspace_STM/207_Monitoringsystem_SD-Karte/Core/Src/system_stm32u5xx.c" -mcpu=cortex-m33 -std=gnu11 -g3 -DDEBUG -DUSE_HAL_DRIVER -DSTM32U5A5xx -DARM_MATH_CM33 -c -I"C:/Users/raphael.baumeler/workspace_STM/207_Monitoringsystem_SD-Karte/STM32CubeIDE/Callbacks" -I../../Core/Inc -I"C:/Users/raphael.baumeler/workspace_STM/200_Pinbelegung/STM32CubeIDE/Drivers/CMSIS_DSP/Include" -I"C:/Users/raphael.baumeler/workspace_STM/200_Pinbelegung/STM32CubeIDE/Drivers/CMSIS_DSP/PrivateInclude" -I../../Drivers/STM32U5xx_HAL_Driver/Inc -I../../Drivers/STM32U5xx_HAL_Driver/Inc/Legacy -I../../Drivers/CMSIS/Device/ST/STM32U5xx/Include -I../../Drivers/CMSIS/Include -I../../Middlewares/ST/ARM/DSP/Inc -I"C:/Users/raphael.baumeler/workspace_STM/207_Monitoringsystem_SD-Karte/STM32CubeIDE/SD-Karte/Inc" -I"C:/Users/raphael.baumeler/workspace_STM/207_Monitoringsystem_SD-Karte/STM32CubeIDE/Funktionen/Inc" -O0 -ffunction-sections -fdata-sections -Wall -fstack-usage -fcyclomatic-complexity -MMD -MP -MF"Drivers/CMSIS/system_stm32u5xx.d" -MT"Drivers/CMSIS/system_stm32u5xx.o" --specs=nano.specs -mfpu=fpv5-sp-d16 -mfloat-abi=hard -mthumb -o "Drivers/CMSIS/system_stm32u5xx.o"
arm-none-eabi-gcc -mcpu=cortex-m33 -g3 -DDEBUG -c -x assembler-with-cpp -MMD -MP -MF"Application/User/Startup/startup_stm32u5a5zjtxq.d" -MT"Application/User/Startup/startup_stm32u5a5zjtxq.o" --specs=nano.specs -mfpu=fpv5-sp-d16 -mfloat-abi=hard -mthumb -o "Application/User/Startup/startup_stm32u5a5zjtxq.o" "../Application/User/Startup/startup_stm32u5a5zjtxq.s"
arm-none-eabi-gcc "C:/Users/raphael.baumeler/workspace_STM/207_Monitoringsystem_SD-Karte/Core/Src/adc.c" -mcpu=cortex-m33 -std=gnu11 -g3 -DDEBUG -DUSE_HAL_DRIVER -DSTM32U5A5xx -DARM_MATH_CM33 -c -I"C:/Users/raphael.baumeler/workspace_STM/207_Monitoringsystem_SD-Karte/STM32CubeIDE/Callbacks" -I../../Core/Inc -I"C:/Users/raphael.baumeler/workspace_STM/200_Pinbelegung/STM32CubeIDE/Drivers/CMSIS_DSP/Include" -I"C:/Users/raphael.baumeler/workspace_STM/200_Pinbelegung/STM32CubeIDE/Drivers/CMSIS_DSP/PrivateInclude" -I../../Drivers/STM32U5xx_HAL_Driver/Inc -I../../Drivers/STM32U5xx_HAL_Driver/Inc/Legacy -I../../Drivers/CMSIS/Device/ST/STM32U5xx/Include -I../../Drivers/CMSIS/Include -I../../Middlewares/ST/ARM/DSP/Inc -I"C:/Users/raphael.baumeler/workspace_STM/207_Monitoringsystem_SD-Karte/STM32CubeIDE/SD-Karte/Inc" -I"C:/Users/raphael.baumeler/workspace_STM/207_Monitoringsystem_SD-Karte/STM32CubeIDE/Funktionen/Inc" -O0 -ffunction-sections -fdata-sections -Wall -fstack-usage -fcyclomatic-complexity -MMD -MP -MF"Application/User/Core/adc.d" -MT"Application/User/Core/adc.o" --specs=nano.specs -mfpu=fpv5-sp-d16 -mfloat-abi=hard -mthumb -o "Application/User/Core/adc.o"
arm-none-eabi-gcc "C:/Users/raphael.baumeler/workspace_STM/207_Monitoringsystem_SD-Karte/Core/Src/comp.c" -mcpu=cortex-m33 -std=gnu11 -g3 -DDEBUG -DUSE_HAL_DRIVER -DSTM32U5A5xx -DARM_MATH_CM33 -c -I"C:/Users/raphael.baumeler/workspace_STM/207_Monitoringsystem_SD-Karte/STM32CubeIDE/Callbacks" -I../../Core/Inc -I"C:/Users/raphael.baumeler/workspace_STM/200_Pinbelegung/STM32CubeIDE/Drivers/CMSIS_DSP/Include" -I"C:/Users/raphael.baumeler/workspace_STM/200_Pinbelegung/STM32CubeIDE/Drivers/CMSIS_DSP/PrivateInclude" -I../../Drivers/STM32U5xx_HAL_Driver/Inc -I../../Drivers/STM32U5xx_HAL_Driver/Inc/Legacy -I../../Drivers/CMSIS/Device/ST/STM32U5xx/Include -I../../Drivers/CMSIS/Include -I../../Middlewares/ST/ARM/DSP/Inc -I"C:/Users/raphael.baumeler/workspace_STM/207_Monitoringsystem_SD-Karte/STM32CubeIDE/SD-Karte/Inc" -I"C:/Users/raphael.baumeler/workspace_STM/207_Monitoringsystem_SD-Karte/STM32CubeIDE/Funktionen/Inc" -O0 -ffunction-sections -fdata-sections -Wall -fstack-usage -fcyclomatic-complexity -MMD -MP -MF"Application/User/Core/comp.d" -MT"Application/User/Core/comp.o" --specs=nano.specs -mfpu=fpv5-sp-d16 -mfloat-abi=hard -mthumb -o "Application/User/Core/comp.o"
arm-none-eabi-gcc "C:/Users/raphael.baumeler/workspace_STM/207_Monitoringsystem_SD-Karte/Core/Src/dac.c" -mcpu=cortex-m33 -std=gnu11 -g3 -DDEBUG -DUSE_HAL_DRIVER -DSTM32U5A5xx -DARM_MATH_CM33 -c -I"C:/Users/raphael.baumeler/workspace_STM/207_Monitoringsystem_SD-Karte/STM32CubeIDE/Callbacks" -I../../Core/Inc -I"C:/Users/raphael.baumeler/workspace_STM/200_Pinbelegung/STM32CubeIDE/Drivers/CMSIS_DSP/Include" -I"C:/Users/raphael.baumeler/workspace_STM/200_Pinbelegung/STM32CubeIDE/Drivers/CMSIS_DSP/PrivateInclude" -I../../Drivers/STM32U5xx_HAL_Driver/Inc -I../../Drivers/STM32U5xx_HAL_Driver/Inc/Legacy -I../../Drivers/CMSIS/Device/ST/STM32U5xx/Include -I../../Drivers/CMSIS/Include -I../../Middlewares/ST/ARM/DSP/Inc -I"C:/Users/raphael.baumeler/workspace_STM/207_Monitoringsystem_SD-Karte/STM32CubeIDE/SD-Karte/Inc" -I"C:/Users/raphael.baumeler/workspace_STM/207_Monitoringsystem_SD-Karte/STM32CubeIDE/Funktionen/Inc" -O0 -ffunction-sections -fdata-sections -Wall -fstack-usage -fcyclomatic-complexity -MMD -MP -MF"Application/User/Core/dac.d" -MT"Application/User/Core/dac.o" --specs=nano.specs -mfpu=fpv5-sp-d16 -mfloat-abi=hard -mthumb -o "Application/User/Core/dac.o"
arm-none-eabi-gcc "C:/Users/raphael.baumeler/workspace_STM/207_Monitoringsystem_SD-Karte/Core/Src/fdcan.c" -mcpu=cortex-m33 -std=gnu11 -g3 -DDEBUG -DUSE_HAL_DRIVER -DSTM32U5A5xx -DARM_MATH_CM33 -c -I"C:/Users/raphael.baumeler/workspace_STM/207_Monitoringsystem_SD-Karte/STM32CubeIDE/Callbacks" -I../../Core/Inc -I"C:/Users/raphael.baumeler/workspace_STM/200_Pinbelegung/STM32CubeIDE/Drivers/CMSIS_DSP/Include" -I"C:/Users/raphael.baumeler/workspace_STM/200_Pinbelegung/STM32CubeIDE/Drivers/CMSIS_DSP/PrivateInclude" -I../../Drivers/STM32U5xx_HAL_Driver/Inc -I../../Drivers/STM32U5xx_HAL_Driver/Inc/Legacy -I../../Drivers/CMSIS/Device/ST/STM32U5xx/Include -I../../Drivers/CMSIS/Include -I../../Middlewares/ST/ARM/DSP/Inc -I"C:/Users/raphael.baumeler/workspace_STM/207_Monitoringsystem_SD-Karte/STM32CubeIDE/SD-Karte/Inc" -I"C:/Users/raphael.baumeler/workspace_STM/207_Monitoringsystem_SD-Karte/STM32CubeIDE/Funktionen/Inc" -O0 -ffunction-sections -fdata-sections -Wall -fstack-usage -fcyclomatic-complexity -MMD -MP -MF"Application/User/Core/fdcan.d" -MT"Application/User/Core/fdcan.o" --specs=nano.specs -mfpu=fpv5-sp-d16 -mfloat-abi=hard -mthumb -o "Application/User/Core/fdcan.o"
arm-none-eabi-gcc "C:/Users/raphael.baumeler/workspace_STM/207_Monitoringsystem_SD-Karte/Core/Src/flash.c" -mcpu=cortex-m33 -std=gnu11 -g3 -DDEBUG -DUSE_HAL_DRIVER -DSTM32U5A5xx -DARM_MATH_CM33 -c -I"C:/Users/raphael.baumeler/workspace_STM/207_Monitoringsystem_SD-Karte/STM32CubeIDE/Callbacks" -I../../Core/Inc -I"C:/Users/raphael.baumeler/workspace_STM/200_Pinbelegung/STM32CubeIDE/Drivers/CMSIS_DSP/Include" -I"C:/Users/raphael.baumeler/workspace_STM/200_Pinbelegung/STM32CubeIDE/Drivers/CMSIS_DSP/PrivateInclude" -I../../Drivers/STM32U5xx_HAL_Driver/Inc -I../../Drivers/STM32U5xx_HAL_Driver/Inc/Legacy -I../../Drivers/CMSIS/Device/ST/STM32U5xx/Include -I../../Drivers/CMSIS/Include -I../../Middlewares/ST/ARM/DSP/Inc -I"C:/Users/raphael.baumeler/workspace_STM/207_Monitoringsystem_SD-Karte/STM32CubeIDE/SD-Karte/Inc" -I"C:/Users/raphael.baumeler/workspace_STM/207_Monitoringsystem_SD-Karte/STM32CubeIDE/Funktionen/Inc" -O0 -ffunction-sections -fdata-sections -Wall -fstack-usage -fcyclomatic-complexity -MMD -MP -MF"Application/User/Core/flash.d" -MT"Application/User/Core/flash.o" --specs=nano.specs -mfpu=fpv5-sp-d16 -mfloat-abi=hard -mthumb -o "Application/User/Core/flash.o"
arm-none-eabi-gcc "C:/Users/raphael.baumeler/workspace_STM/207_Monitoringsystem_SD-Karte/Core/Src/gpdma.c" -mcpu=cortex-m33 -std=gnu11 -g3 -DDEBUG -DUSE_HAL_DRIVER -DSTM32U5A5xx -DARM_MATH_CM33 -c -I"C:/Users/raphael.baumeler/workspace_STM/207_Monitoringsystem_SD-Karte/STM32CubeIDE/Callbacks" -I../../Core/Inc -I"C:/Users/raphael.baumeler/workspace_STM/200_Pinbelegung/STM32CubeIDE/Drivers/CMSIS_DSP/Include" -I"C:/Users/raphael.baumeler/workspace_STM/200_Pinbelegung/STM32CubeIDE/Drivers/CMSIS_DSP/PrivateInclude" -I../../Drivers/STM32U5xx_HAL_Driver/Inc -I../../Drivers/STM32U5xx_HAL_Driver/Inc/Legacy -I../../Drivers/CMSIS/Device/ST/STM32U5xx/Include -I../../Drivers/CMSIS/Include -I../../Middlewares/ST/ARM/DSP/Inc -I"C:/Users/raphael.baumeler/workspace_STM/207_Monitoringsystem_SD-Karte/STM32CubeIDE/SD-Karte/Inc" -I"C:/Users/raphael.baumeler/workspace_STM/207_Monitoringsystem_SD-Karte/STM32CubeIDE/Funktionen/Inc" -O0 -ffunction-sections -fdata-sections -Wall -fstack-usage -fcyclomatic-complexity -MMD -MP -MF"Application/User/Core/gpdma.d" -MT"Application/User/Core/gpdma.o" --specs=nano.specs -mfpu=fpv5-sp-d16 -mfloat-abi=hard -mthumb -o "Application/User/Core/gpdma.o"
arm-none-eabi-gcc "C:/Users/raphael.baumeler/workspace_STM/207_Monitoringsystem_SD-Karte/Core/Src/gpio.c" -mcpu=cortex-m33 -std=gnu11 -g3 -DDEBUG -DUSE_HAL_DRIVER -DSTM32U5A5xx -DARM_MATH_CM33 -c -I"C:/Users/raphael.baumeler/workspace_STM/207_Monitoringsystem_SD-Karte/STM32CubeIDE/Callbacks" -I../../Core/Inc -I"C:/Users/raphael.baumeler/workspace_STM/200_Pinbelegung/STM32CubeIDE/Drivers/CMSIS_DSP/Include" -I"C:/Users/raphael.baumeler/workspace_STM/200_Pinbelegung/STM32CubeIDE/Drivers/CMSIS_DSP/PrivateInclude" -I../../Drivers/STM32U5xx_HAL_Driver/Inc -I../../Drivers/STM32U5xx_HAL_Driver/Inc/Legacy -I../../Drivers/CMSIS/Device/ST/STM32U5xx/Include -I../../Drivers/CMSIS/Include -I../../Middlewares/ST/ARM/DSP/Inc -I"C:/Users/raphael.baumeler/workspace_STM/207_Monitoringsystem_SD-Karte/STM32CubeIDE/SD-Karte/Inc" -I"C:/Users/raphael.baumeler/workspace_STM/207_Monitoringsystem_SD-Karte/STM32CubeIDE/Funktionen/Inc" -O0 -ffunction-sections -fdata-sections -Wall -fstack-usage -fcyclomatic-complexity -MMD -MP -MF"Application/User/Core/gpio.d" -MT"Application/User/Core/gpio.o" --specs=nano.specs -mfpu=fpv5-sp-d16 -mfloat-abi=hard -mthumb -o "Application/User/Core/gpio.o"
arm-none-eabi-gcc "C:/Users/raphael.baumeler/workspace_STM/207_Monitoringsystem_SD-Karte/Core/Src/gtzc.c" -mcpu=cortex-m33 -std=gnu11 -g3 -DDEBUG -DUSE_HAL_DRIVER -DSTM32U5A5xx -DARM_MATH_CM33 -c -I"C:/Users/raphael.baumeler/workspace_STM/207_Monitoringsystem_SD-Karte/STM32CubeIDE/Callbacks" -I../../Core/Inc -I"C:/Users/raphael.baumeler/workspace_STM/200_Pinbelegung/STM32CubeIDE/Drivers/CMSIS_DSP/Include" -I"C:/Users/raphael.baumeler/workspace_STM/200_Pinbelegung/STM32CubeIDE/Drivers/CMSIS_DSP/PrivateInclude" -I../../Drivers/STM32U5xx_HAL_Driver/Inc -I../../Drivers/STM32U5xx_HAL_Driver/Inc/Legacy -I../../Drivers/CMSIS/Device/ST/STM32U5xx/Include -I../../Drivers/CMSIS/Include -I../../Middlewares/ST/ARM/DSP/Inc -I"C:/Users/raphael.baumeler/workspace_STM/207_Monitoringsystem_SD-Karte/STM32CubeIDE/SD-Karte/Inc" -I"C:/Users/raphael.baumeler/workspace_STM/207_Monitoringsystem_SD-Karte/STM32CubeIDE/Funktionen/Inc" -O0 -ffunction-sections -fdata-sections -Wall -fstack-usage -fcyclomatic-complexity -MMD -MP -MF"Application/User/Core/gtzc.d" -MT"Application/User/Core/gtzc.o" --specs=nano.specs -mfpu=fpv5-sp-d16 -mfloat-abi=hard -mthumb -o "Application/User/Core/gtzc.o"
arm-none-eabi-gcc "C:/Users/raphael.baumeler/workspace_STM/207_Monitoringsystem_SD-Karte/Core/Src/icache.c" -mcpu=cortex-m33 -std=gnu11 -g3 -DDEBUG -DUSE_HAL_DRIVER -DSTM32U5A5xx -DARM_MATH_CM33 -c -I"C:/Users/raphael.baumeler/workspace_STM/207_Monitoringsystem_SD-Karte/STM32CubeIDE/Callbacks" -I../../Core/Inc -I"C:/Users/raphael.baumeler/workspace_STM/200_Pinbelegung/STM32CubeIDE/Drivers/CMSIS_DSP/Include" -I"C:/Users/raphael.baumeler/workspace_STM/200_Pinbelegung/STM32CubeIDE/Drivers/CMSIS_DSP/PrivateInclude" -I../../Drivers/STM32U5xx_HAL_Driver/Inc -I../../Drivers/STM32U5xx_HAL_Driver/Inc/Legacy -I../../Drivers/CMSIS/Device/ST/STM32U5xx/Include -I../../Drivers/CMSIS/Include -I../../Middlewares/ST/ARM/DSP/Inc -I"C:/Users/raphael.baumeler/workspace_STM/207_Monitoringsystem_SD-Karte/STM32CubeIDE/SD-Karte/Inc" -I"C:/Users/raphael.baumeler/workspace_STM/207_Monitoringsystem_SD-Karte/STM32CubeIDE/Funktionen/Inc" -O0 -ffunction-sections -fdata-sections -Wall -fstack-usage -fcyclomatic-complexity -MMD -MP -MF"Application/User/Core/icache.d" -MT"Application/User/Core/icache.o" --specs=nano.specs -mfpu=fpv5-sp-d16 -mfloat-abi=hard -mthumb -o "Application/User/Core/icache.o"
arm-none-eabi-gcc "C:/Users/raphael.baumeler/workspace_STM/207_Monitoringsystem_SD-Karte/Core/Src/main.c" -mcpu=cortex-m33 -std=gnu11 -g3 -DDEBUG -DUSE_HAL_DRIVER -DSTM32U5A5xx -DARM_MATH_CM33 -c -I"C:/Users/raphael.baumeler/workspace_STM/207_Monitoringsystem_SD-Karte/STM32CubeIDE/Callbacks" -I../../Core/Inc -I"C:/Users/raphael.baumeler/workspace_STM/200_Pinbelegung/STM32CubeIDE/Drivers/CMSIS_DSP/Include" -I"C:/Users/raphael.baumeler/workspace_STM/200_Pinbelegung/STM32CubeIDE/Drivers/CMSIS_DSP/PrivateInclude" -I../../Drivers/STM32U5xx_HAL_Driver/Inc -I../../Drivers/STM32U5xx_HAL_Driver/Inc/Legacy -I../../Drivers/CMSIS/Device/ST/STM32U5xx/Include -I../../Drivers/CMSIS/Include -I../../Middlewares/ST/ARM/DSP/Inc -I"C:/Users/raphael.baumeler/workspace_STM/207_Monitoringsystem_SD-Karte/STM32CubeIDE/SD-Karte/Inc" -I"C:/Users/raphael.baumeler/workspace_STM/207_Monitoringsystem_SD-Karte/STM32CubeIDE/Funktionen/Inc" -O0 -ffunction-sections -fdata-sections -Wall -fstack-usage -fcyclomatic-complexity -MMD -MP -MF"Application/User/Core/main.d" -MT"Application/User/Core/main.o" --specs=nano.specs -mfpu=fpv5-sp-d16 -mfloat-abi=hard -mthumb -o "Application/User/Core/main.o"
arm-none-eabi-gcc "C:/Users/raphael.baumeler/workspace_STM/207_Monitoringsystem_SD-Karte/Core/Src/spi.c" -mcpu=cortex-m33 -std=gnu11 -g3 -DDEBUG -DUSE_HAL_DRIVER -DSTM32U5A5xx -DARM_MATH_CM33 -c -I"C:/Users/raphael.baumeler/workspace_STM/207_Monitoringsystem_SD-Karte/STM32CubeIDE/Callbacks" -I../../Core/Inc -I"C:/Users/raphael.baumeler/workspace_STM/200_Pinbelegung/STM32CubeIDE/Drivers/CMSIS_DSP/Include" -I"C:/Users/raphael.baumeler/workspace_STM/200_Pinbelegung/STM32CubeIDE/Drivers/CMSIS_DSP/PrivateInclude" -I../../Drivers/STM32U5xx_HAL_Driver/Inc -I../../Drivers/STM32U5xx_HAL_Driver/Inc/Legacy -I../../Drivers/CMSIS/Device/ST/STM32U5xx/Include -I../../Drivers/CMSIS/Include -I../../Middlewares/ST/ARM/DSP/Inc -I"C:/Users/raphael.baumeler/workspace_STM/207_Monitoringsystem_SD-Karte/STM32CubeIDE/SD-Karte/Inc" -I"C:/Users/raphael.baumeler/workspace_STM/207_Monitoringsystem_SD-Karte/STM32CubeIDE/Funktionen/Inc" -O0 -ffunction-sections -fdata-sections -Wall -fstack-usage -fcyclomatic-complexity -MMD -MP -MF"Application/User/Core/spi.d" -MT"Application/User/Core/spi.o" --specs=nano.specs -mfpu=fpv5-sp-d16 -mfloat-abi=hard -mthumb -o "Application/User/Core/spi.o"
arm-none-eabi-gcc "C:/Users/raphael.baumeler/workspace_STM/207_Monitoringsystem_SD-Karte/Core/Src/stm32u5xx_hal_msp.c" -mcpu=cortex-m33 -std=gnu11 -g3 -DDEBUG -DUSE_HAL_DRIVER -DSTM32U5A5xx -DARM_MATH_CM33 -c -I"C:/Users/raphael.baumeler/workspace_STM/207_Monitoringsystem_SD-Karte/STM32CubeIDE/Callbacks" -I../../Core/Inc -I"C:/Users/raphael.baumeler/workspace_STM/200_Pinbelegung/STM32CubeIDE/Drivers/CMSIS_DSP/Include" -I"C:/Users/raphael.baumeler/workspace_STM/200_Pinbelegung/STM32CubeIDE/Drivers/CMSIS_DSP/PrivateInclude" -I../../Drivers/STM32U5xx_HAL_Driver/Inc -I../../Drivers/STM32U5xx_HAL_Driver/Inc/Legacy -I../../Drivers/CMSIS/Device/ST/STM32U5xx/Include -I../../Drivers/CMSIS/Include -I../../Middlewares/ST/ARM/DSP/Inc -I"C:/Users/raphael.baumeler/workspace_STM/207_Monitoringsystem_SD-Karte/STM32CubeIDE/SD-Karte/Inc" -I"C:/Users/raphael.baumeler/workspace_STM/207_Monitoringsystem_SD-Karte/STM32CubeIDE/Funktionen/Inc" -O0 -ffunction-sections -fdata-sections -Wall -fstack-usage -fcyclomatic-complexity -MMD -MP -MF"Application/User/Core/stm32u5xx_hal_msp.d" -MT"Application/User/Core/stm32u5xx_hal_msp.o" --specs=nano.specs -mfpu=fpv5-sp-d16 -mfloat-abi=hard -mthumb -o "Application/User/Core/stm32u5xx_hal_msp.o"
arm-none-eabi-gcc "C:/Users/raphael.baumeler/workspace_STM/207_Monitoringsystem_SD-Karte/Core/Src/stm32u5xx_it.c" -mcpu=cortex-m33 -std=gnu11 -g3 -DDEBUG -DUSE_HAL_DRIVER -DSTM32U5A5xx -DARM_MATH_CM33 -c -I"C:/Users/raphael.baumeler/workspace_STM/207_Monitoringsystem_SD-Karte/STM32CubeIDE/Callbacks" -I../../Core/Inc -I"C:/Users/raphael.baumeler/workspace_STM/200_Pinbelegung/STM32CubeIDE/Drivers/CMSIS_DSP/Include" -I"C:/Users/raphael.baumeler/workspace_STM/200_Pinbelegung/STM32CubeIDE/Drivers/CMSIS_DSP/PrivateInclude" -I../../Drivers/STM32U5xx_HAL_Driver/Inc -I../../Drivers/STM32U5xx_HAL_Driver/Inc/Legacy -I../../Drivers/CMSIS/Device/ST/STM32U5xx/Include -I../../Drivers/CMSIS/Include -I../../Middlewares/ST/ARM/DSP/Inc -I"C:/Users/raphael.baumeler/workspace_STM/207_Monitoringsystem_SD-Karte/STM32CubeIDE/SD-Karte/Inc" -I"C:/Users/raphael.baumeler/workspace_STM/207_Monitoringsystem_SD-Karte/STM32CubeIDE/Funktionen/Inc" -O0 -ffunction-sections -fdata-sections -Wall -fstack-usage -fcyclomatic-complexity -MMD -MP -MF"Application/User/Core/stm32u5xx_it.d" -MT"Application/User/Core/stm32u5xx_it.o" --specs=nano.specs -mfpu=fpv5-sp-d16 -mfloat-abi=hard -mthumb -o "Application/User/Core/stm32u5xx_it.o"
arm-none-eabi-gcc "../Application/User/Core/syscalls.c" -mcpu=cortex-m33 -std=gnu11 -g3 -DDEBUG -DUSE_HAL_DRIVER -DSTM32U5A5xx -DARM_MATH_CM33 -c -I"C:/Users/raphael.baumeler/workspace_STM/207_Monitoringsystem_SD-Karte/STM32CubeIDE/Callbacks" -I../../Core/Inc -I"C:/Users/raphael.baumeler/workspace_STM/200_Pinbelegung/STM32CubeIDE/Drivers/CMSIS_DSP/Include" -I"C:/Users/raphael.baumeler/workspace_STM/200_Pinbelegung/STM32CubeIDE/Drivers/CMSIS_DSP/PrivateInclude" -I../../Drivers/STM32U5xx_HAL_Driver/Inc -I../../Drivers/STM32U5xx_HAL_Driver/Inc/Legacy -I../../Drivers/CMSIS/Device/ST/STM32U5xx/Include -I../../Drivers/CMSIS/Include -I../../Middlewares/ST/ARM/DSP/Inc -I"C:/Users/raphael.baumeler/workspace_STM/207_Monitoringsystem_SD-Karte/STM32CubeIDE/SD-Karte/Inc" -I"C:/Users/raphael.baumeler/workspace_STM/207_Monitoringsystem_SD-Karte/STM32CubeIDE/Funktionen/Inc" -O0 -ffunction-sections -fdata-sections -Wall -fstack-usage -fcyclomatic-complexity -MMD -MP -MF"Application/User/Core/syscalls.d" -MT"Application/User/Core/syscalls.o" --specs=nano.specs -mfpu=fpv5-sp-d16 -mfloat-abi=hard -mthumb -o "Application/User/Core/syscalls.o"
arm-none-eabi-gcc "../Application/User/Core/sysmem.c" -mcpu=cortex-m33 -std=gnu11 -g3 -DDEBUG -DUSE_HAL_DRIVER -DSTM32U5A5xx -DARM_MATH_CM33 -c -I"C:/Users/raphael.baumeler/workspace_STM/207_Monitoringsystem_SD-Karte/STM32CubeIDE/Callbacks" -I../../Core/Inc -I"C:/Users/raphael.baumeler/workspace_STM/200_Pinbelegung/STM32CubeIDE/Drivers/CMSIS_DSP/Include" -I"C:/Users/raphael.baumeler/workspace_STM/200_Pinbelegung/STM32CubeIDE/Drivers/CMSIS_DSP/PrivateInclude" -I../../Drivers/STM32U5xx_HAL_Driver/Inc -I../../Drivers/STM32U5xx_HAL_Driver/Inc/Legacy -I../../Drivers/CMSIS/Device/ST/STM32U5xx/Include -I../../Drivers/CMSIS/Include -I../../Middlewares/ST/ARM/DSP/Inc -I"C:/Users/raphael.baumeler/workspace_STM/207_Monitoringsystem_SD-Karte/STM32CubeIDE/SD-Karte/Inc" -I"C:/Users/raphael.baumeler/workspace_STM/207_Monitoringsystem_SD-Karte/STM32CubeIDE/Funktionen/Inc" -O0 -ffunction-sections -fdata-sections -Wall -fstack-usage -fcyclomatic-complexity -MMD -MP -MF"Application/User/Core/sysmem.d" -MT"Application/User/Core/sysmem.o" --specs=nano.specs -mfpu=fpv5-sp-d16 -mfloat-abi=hard -mthumb -o "Application/User/Core/sysmem.o"
arm-none-eabi-gcc "C:/Users/raphael.baumeler/workspace_STM/207_Monitoringsystem_SD-Karte/Core/Src/tim.c" -mcpu=cortex-m33 -std=gnu11 -g3 -DDEBUG -DUSE_HAL_DRIVER -DSTM32U5A5xx -DARM_MATH_CM33 -c -I"C:/Users/raphael.baumeler/workspace_STM/207_Monitoringsystem_SD-Karte/STM32CubeIDE/Callbacks" -I../../Core/Inc -I"C:/Users/raphael.baumeler/workspace_STM/200_Pinbelegung/STM32CubeIDE/Drivers/CMSIS_DSP/Include" -I"C:/Users/raphael.baumeler/workspace_STM/200_Pinbelegung/STM32CubeIDE/Drivers/CMSIS_DSP/PrivateInclude" -I../../Drivers/STM32U5xx_HAL_Driver/Inc -I../../Drivers/STM32U5xx_HAL_Driver/Inc/Legacy -I../../Drivers/CMSIS/Device/ST/STM32U5xx/Include -I../../Drivers/CMSIS/Include -I../../Middlewares/ST/ARM/DSP/Inc -I"C:/Users/raphael.baumeler/workspace_STM/207_Monitoringsystem_SD-Karte/STM32CubeIDE/SD-Karte/Inc" -I"C:/Users/raphael.baumeler/workspace_STM/207_Monitoringsystem_SD-Karte/STM32CubeIDE/Funktionen/Inc" -O0 -ffunction-sections -fdata-sections -Wall -fstack-usage -fcyclomatic-complexity -MMD -MP -MF"Application/User/Core/tim.d" -MT"Application/User/Core/tim.o" --specs=nano.specs -mfpu=fpv5-sp-d16 -mfloat-abi=hard -mthumb -o "Application/User/Core/tim.o"
arm-none-eabi-gcc "C:/Users/raphael.baumeler/workspace_STM/207_Monitoringsystem_SD-Karte/Core/Src/usart.c" -mcpu=cortex-m33 -std=gnu11 -g3 -DDEBUG -DUSE_HAL_DRIVER -DSTM32U5A5xx -DARM_MATH_CM33 -c -I"C:/Users/raphael.baumeler/workspace_STM/207_Monitoringsystem_SD-Karte/STM32CubeIDE/Callbacks" -I../../Core/Inc -I"C:/Users/raphael.baumeler/workspace_STM/200_Pinbelegung/STM32CubeIDE/Drivers/CMSIS_DSP/Include" -I"C:/Users/raphael.baumeler/workspace_STM/200_Pinbelegung/STM32CubeIDE/Drivers/CMSIS_DSP/PrivateInclude" -I../../Drivers/STM32U5xx_HAL_Driver/Inc -I../../Drivers/STM32U5xx_HAL_Driver/Inc/Legacy -I../../Drivers/CMSIS/Device/ST/STM32U5xx/Include -I../../Drivers/CMSIS/Include -I../../Middlewares/ST/ARM/DSP/Inc -I"C:/Users/raphael.baumeler/workspace_STM/207_Monitoringsystem_SD-Karte/STM32CubeIDE/SD-Karte/Inc" -I"C:/Users/raphael.baumeler/workspace_STM/207_Monitoringsystem_SD-Karte/STM32CubeIDE/Funktionen/Inc" -O0 -ffunction-sections -fdata-sections -Wall -fstack-usage -fcyclomatic-complexity -MMD -MP -MF"Application/User/Core/usart.d" -MT"Application/User/Core/usart.o" --specs=nano.specs -mfpu=fpv5-sp-d16 -mfloat-abi=hard -mthumb -o "Application/User/Core/usart.o"
arm-none-eabi-gcc -o "207_Monitoringsystem_SD-Karte.elf" @"objects.list"  -l:libarm_ARMv8MMLlfsp_math.a -mcpu=cortex-m33 -T"C:\Users\raphael.baumeler\workspace_STM\207_Monitoringsystem_SD-Karte\STM32CubeIDE\STM32U5A5ZJTXQ_FLASH_MMT_TEMPLATE.ld" --specs=nosys.specs -Wl,-Map="207_Monitoringsystem_SD-Karte.map" -Wl,--gc-sections -static -L../../Middlewares/ST/ARM/DSP/Lib --specs=nano.specs -mfpu=fpv5-sp-d16 -mfloat-abi=hard -mthumb -u _printf_float -Wl,--start-group -lc -lm -Wl,--end-group
Finished building target: 207_Monitoringsystem_SD-Karte.elf
 
arm-none-eabi-size  207_Monitoringsystem_SD-Karte.elf 
arm-none-eabi-objdump -h -S 207_Monitoringsystem_SD-Karte.elf  > "207_Monitoringsystem_SD-Karte.list"
   text	   data	    bss	    dec	    hex	filename
  96785	    524	 149380	 246689	  3c3a1	207_Monitoringsystem_SD-Karte.elf
Finished building: default.size.stdout
 
Finished building: 207_Monitoringsystem_SD-Karte.list
 
16:41:03 **** Incremental Build of configuration Debug for project 207_Monitoringsystem_SD-Karte ****
make -j14 all 
arm-none-eabi-gcc "../SD-Karte/Src/diskio.c" -mcpu=cortex-m33 -std=gnu11 -g3 -DDEBUG -DUSE_HAL_DRIVER -DSTM32U5A5xx -DARM_MATH_CM33 -c -I"C:/Users/raphael.baumeler/workspace_STM/207_Monitoringsystem_SD-Karte/STM32CubeIDE/Callbacks" -I../../Core/Inc -I"C:/Users/raphael.baumeler/workspace_STM/200_Pinbelegung/STM32CubeIDE/Drivers/CMSIS_DSP/Include" -I"C:/Users/raphael.baumeler/workspace_STM/200_Pinbelegung/STM32CubeIDE/Drivers/CMSIS_DSP/PrivateInclude" -I../../Drivers/STM32U5xx_HAL_Driver/Inc -I../../Drivers/STM32U5xx_HAL_Driver/Inc/Legacy -I../../Drivers/CMSIS/Device/ST/STM32U5xx/Include -I../../Drivers/CMSIS/Include -I../../Middlewares/ST/ARM/DSP/Inc -I"C:/Users/raphael.baumeler/workspace_STM/207_Monitoringsystem_SD-Karte/STM32CubeIDE/SD-Karte/Inc" -I"C:/Users/raphael.baumeler/workspace_STM/207_Monitoringsystem_SD-Karte/STM32CubeIDE/Funktionen/Inc" -O0 -ffunction-sections -fdata-sections -Wall -fstack-usage -fcyclomatic-complexity -MMD -MP -MF"SD-Karte/Src/diskio.d" -MT"SD-Karte/Src/diskio.o" --specs=nano.specs -mfpu=fpv5-sp-d16 -mfloat-abi=hard -mthumb -o "SD-Karte/Src/diskio.o"
arm-none-eabi-gcc "../SD-Karte/Src/ff.c" -mcpu=cortex-m33 -std=gnu11 -g3 -DDEBUG -DUSE_HAL_DRIVER -DSTM32U5A5xx -DARM_MATH_CM33 -c -I"C:/Users/raphael.baumeler/workspace_STM/207_Monitoringsystem_SD-Karte/STM32CubeIDE/Callbacks" -I../../Core/Inc -I"C:/Users/raphael.baumeler/workspace_STM/200_Pinbelegung/STM32CubeIDE/Drivers/CMSIS_DSP/Include" -I"C:/Users/raphael.baumeler/workspace_STM/200_Pinbelegung/STM32CubeIDE/Drivers/CMSIS_DSP/PrivateInclude" -I../../Drivers/STM32U5xx_HAL_Driver/Inc -I../../Drivers/STM32U5xx_HAL_Driver/Inc/Legacy -I../../Drivers/CMSIS/Device/ST/STM32U5xx/Include -I../../Drivers/CMSIS/Include -I../../Middlewares/ST/ARM/DSP/Inc -I"C:/Users/raphael.baumeler/workspace_STM/207_Monitoringsystem_SD-Karte/STM32CubeIDE/SD-Karte/Inc" -I"C:/Users/raphael.baumeler/workspace_STM/207_Monitoringsystem_SD-Karte/STM32CubeIDE/Funktionen/Inc" -O0 -ffunction-sections -fdata-sections -Wall -fstack-usage -fcyclomatic-complexity -MMD -MP -MF"SD-Karte/Src/ff.d" -MT"SD-Karte/Src/ff.o" --specs=nano.specs -mfpu=fpv5-sp-d16 -mfloat-abi=hard -mthumb -o "SD-Karte/Src/ff.o"
arm-none-eabi-gcc "../SD-Karte/Src/ff_gen_drv.c" -mcpu=cortex-m33 -std=gnu11 -g3 -DDEBUG -DUSE_HAL_DRIVER -DSTM32U5A5xx -DARM_MATH_CM33 -c -I"C:/Users/raphael.baumeler/workspace_STM/207_Monitoringsystem_SD-Karte/STM32CubeIDE/Callbacks" -I../../Core/Inc -I"C:/Users/raphael.baumeler/workspace_STM/200_Pinbelegung/STM32CubeIDE/Drivers/CMSIS_DSP/Include" -I"C:/Users/raphael.baumeler/workspace_STM/200_Pinbelegung/STM32CubeIDE/Drivers/CMSIS_DSP/PrivateInclude" -I../../Drivers/STM32U5xx_HAL_Driver/Inc -I../../Drivers/STM32U5xx_HAL_Driver/Inc/Legacy -I../../Drivers/CMSIS/Device/ST/STM32U5xx/Include -I../../Drivers/CMSIS/Include -I../../Middlewares/ST/ARM/DSP/Inc -I"C:/Users/raphael.baumeler/workspace_STM/207_Monitoringsystem_SD-Karte/STM32CubeIDE/SD-Karte/Inc" -I"C:/Users/raphael.baumeler/workspace_STM/207_Monitoringsystem_SD-Karte/STM32CubeIDE/Funktionen/Inc" -O0 -ffunction-sections -fdata-sections -Wall -fstack-usage -fcyclomatic-complexity -MMD -MP -MF"SD-Karte/Src/ff_gen_drv.d" -MT"SD-Karte/Src/ff_gen_drv.o" --specs=nano.specs -mfpu=fpv5-sp-d16 -mfloat-abi=hard -mthumb -o "SD-Karte/Src/ff_gen_drv.o"
arm-none-eabi-gcc "../SD-Karte/Src/user_diskio.c" -mcpu=cortex-m33 -std=gnu11 -g3 -DDEBUG -DUSE_HAL_DRIVER -DSTM32U5A5xx -DARM_MATH_CM33 -c -I"C:/Users/raphael.baumeler/workspace_STM/207_Monitoringsystem_SD-Karte/STM32CubeIDE/Callbacks" -I../../Core/Inc -I"C:/Users/raphael.baumeler/workspace_STM/200_Pinbelegung/STM32CubeIDE/Drivers/CMSIS_DSP/Include" -I"C:/Users/raphael.baumeler/workspace_STM/200_Pinbelegung/STM32CubeIDE/Drivers/CMSIS_DSP/PrivateInclude" -I../../Drivers/STM32U5xx_HAL_Driver/Inc -I../../Drivers/STM32U5xx_HAL_Driver/Inc/Legacy -I../../Drivers/CMSIS/Device/ST/STM32U5xx/Include -I../../Drivers/CMSIS/Include -I../../Middlewares/ST/ARM/DSP/Inc -I"C:/Users/raphael.baumeler/workspace_STM/207_Monitoringsystem_SD-Karte/STM32CubeIDE/SD-Karte/Inc" -I"C:/Users/raphael.baumeler/workspace_STM/207_Monitoringsystem_SD-Karte/STM32CubeIDE/Funktionen/Inc" -O0 -ffunction-sections -fdata-sections -Wall -fstack-usage -fcyclomatic-complexity -MMD -MP -MF"SD-Karte/Src/user_diskio.d" -MT"SD-Karte/Src/user_diskio.o" --specs=nano.specs -mfpu=fpv5-sp-d16 -mfloat-abi=hard -mthumb -o "SD-Karte/Src/user_diskio.o"
[...]
arm-none-eabi-gcc "C:/Users/raphael.baumeler/workspace_STM/207_Monitoringsystem_SD-Karte/Core/Src/comp.c" -mcpu=cortex-m33 -std=gnu11 -g3 -DDEBUG -DUSE_HAL_DRIVER -DSTM32U5A5xx -DARM_MATH_CM33 -c -I"C:/Users/raphael.baumeler/workspace_STM/207_Monitoringsystem_SD-Karte/STM32CubeIDE/Callbacks" -I../../Core/Inc -I"C:/Users/raphael.baumeler/workspace_STM/200_Pinbelegung/STM32CubeIDE/Drivers/CMSIS_DSP/Include" -I"C:/Users/raphael.baumeler/workspace_STM/200_Pinbelegung/STM32CubeIDE/Drivers/CMSIS_DSP/PrivateInclude" -I../../Drivers/STM32U5xx_HAL_Driver/Inc -I../../Drivers/STM32U5xx_HAL_Driver/Inc/Legacy -I../../Drivers/CMSIS/Device/ST/STM32U5xx/Include -I../../Drivers/CMSIS/Include -I../../Middlewares/ST/ARM/DSP/Inc -I"C:/Users/raphael.baumeler/workspace_STM/207_Monitoringsystem_SD-Karte/STM32CubeIDE/SD-Karte/Inc" -I"C:/Users/raphael.baumeler/workspace_STM/207_Monitoringsystem_SD-Karte/STM32CubeIDE/Funktionen/Inc" -O0 -ffunction-sections -fdata-sections -Wall -fstack-usage -fcyclomatic-complexity -MMD -MP -MF"Application/User/Core/comp.d" -MT"Application/User/Core/comp.o" --specs=nano.specs -mfpu=fpv5-sp-d16 -mfloat-abi=hard -mthumb -o "Application/User/Core/comp.o"
arm-none-eabi-gcc "C:/Users/raphael.baumeler/workspace_STM/207_Monitoringsystem_SD-Karte/Core/Src/dac.c" -mcpu=cortex-m33 -std=gnu11 -g3 -DDEBUG -DUSE_HAL_DRIVER -DSTM32U5A5xx -DARM_MATH_CM33 -c -I"C:/Users/raphael.baumeler/workspace_STM/207_Monitoringsystem_SD-Karte/STM32CubeIDE/Callbacks" -I../../Core/Inc -I"C:/Users/raphael.baumeler/workspace_STM/200_Pinbelegung/STM32CubeIDE/Drivers/CMSIS_DSP/Include" -I"C:/Users/raphael.baumeler/workspace_STM/200_Pinbelegung/STM32CubeIDE/Drivers/CMSIS_DSP/PrivateInclude" -I../../Drivers/STM32U5xx_HAL_Driver/Inc -I../../Drivers/STM32U5xx_HAL_Driver/Inc/Legacy -I../../Drivers/CMSIS/Device/ST/STM32U5xx/Include -I../../Drivers/CMSIS/Include -I../../Middlewares/ST/ARM/DSP/Inc -I"C:/Users/raphael.baumeler/workspace_STM/207_Monitoringsystem_SD-Karte/STM32CubeIDE/SD-Karte/Inc" -I"C:/Users/raphael.baumeler/workspace_STM/207_Monitoringsystem_SD-Karte/STM32CubeIDE/Funktionen/Inc" -O0 -ffunction-sections -fdata-sections -Wall -fstack-usage -fcyclomatic-complexity -MMD -MP -MF"Application/User/Core/dac.d" -MT"Application/User/Core/dac.o" --specs=nano.specs -mfpu=fpv5-sp-d16 -mfloat-abi=hard -mthumb -o "Application/User/Core/dac.o"
arm-none-eabi-gcc "C:/Users/raphael.baumeler/workspace_STM/207_Monitoringsystem_SD-Karte/Core/Src/fdcan.c" -mcpu=cortex-m33 -std=gnu11 -g3 -DDEBUG -DUSE_HAL_DRIVER -DSTM32U5A5xx -DARM_MATH_CM33 -c -I"C:/Users/raphael.baumeler/workspace_STM/207_Monitoringsystem_SD-Karte/STM32CubeIDE/Callbacks" -I../../Core/Inc -I"C:/Users/raphael.baumeler/workspace_STM/200_Pinbelegung/STM32CubeIDE/Drivers/CMSIS_DSP/Include" -I"C:/Users/raphael.baumeler/workspace_STM/200_Pinbelegung/STM32CubeIDE/Drivers/CMSIS_DSP/PrivateInclude" -I../../Drivers/STM32U5xx_HAL_Driver/Inc -I../../Drivers/STM32U5xx_HAL_Driver/Inc/Legacy -I../../Drivers/CMSIS/Device/ST/STM32U5xx/Include -I../../Drivers/CMSIS/Include -I../../Middlewares/ST/ARM/DSP/Inc -I"C:/Users/raphael.baumeler/workspace_STM/207_Monitoringsystem_SD-Karte/STM32CubeIDE/SD-Karte/Inc" -I"C:/Users/raphael.baumeler/workspace_STM/207_Monitoringsystem_SD-Karte/STM32CubeIDE/Funktionen/Inc" -O0 -ffunction-sections -fdata-sections -Wall -fstack-usage -fcyclomatic-complexity -MMD -MP -MF"Application/User/Core/fdcan.d" -MT"Application/User/Core/fdcan.o" --specs=nano.specs -mfpu=fpv5-sp-d16 -mfloat-abi=hard -mthumb -o "Application/User/Core/fdcan.o"
arm-none-eabi-gcc "C:/Users/raphael.baumeler/workspace_STM/207_Monitoringsystem_SD-Karte/Core/Src/flash.c" -mcpu=cortex-m33 -std=gnu11 -g3 -DDEBUG -DUSE_HAL_DRIVER -DSTM32U5A5xx -DARM_MATH_CM33 -c -I"C:/Users/raphael.baumeler/workspace_STM/207_Monitoringsystem_SD-Karte/STM32CubeIDE/Callbacks" -I../../Core/Inc -I"C:/Users/raphael.baumeler/workspace_STM/200_Pinbelegung/STM32CubeIDE/Drivers/CMSIS_DSP/Include" -I"C:/Users/raphael.baumeler/workspace_STM/200_Pinbelegung/STM32CubeIDE/Drivers/CMSIS_DSP/PrivateInclude" -I../../Drivers/STM32U5xx_HAL_Driver/Inc -I../../Drivers/STM32U5xx_HAL_Driver/Inc/Legacy -I../../Drivers/CMSIS/Device/ST/STM32U5xx/Include -I../../Drivers/CMSIS/Include -I../../Middlewares/ST/ARM/DSP/Inc -I"C:/Users/raphael.baumeler/workspace_STM/207_Monitoringsystem_SD-Karte/STM32CubeIDE/SD-Karte/Inc" -I"C:/Users/raphael.baumeler/workspace_STM/207_Monitoringsystem_SD-Karte/STM32CubeIDE/Funktionen/Inc" -O0 -ffunction-sections -fdata-sections -Wall -fstack-usage -fcyclomatic-complexity -MMD -MP -MF"Application/User/Core/flash.d" -MT"Application/User/Core/flash.o" --specs=nano.specs -mfpu=fpv5-sp-d16 -mfloat-abi=hard -mthumb -o "Application/User/Core/flash.o"
arm-none-eabi-gcc "C:/Users/raphael.baumeler/workspace_STM/207_Monitoringsystem_SD-Karte/Core/Src/gpdma.c" -mcpu=cortex-m33 -std=gnu11 -g3 -DDEBUG -DUSE_HAL_DRIVER -DSTM32U5A5xx -DARM_MATH_CM33 -c -I"C:/Users/raphael.baumeler/workspace_STM/207_Monitoringsystem_SD-Karte/STM32CubeIDE/Callbacks" -I../../Core/Inc -I"C:/Users/raphael.baumeler/workspace_STM/200_Pinbelegung/STM32CubeIDE/Drivers/CMSIS_DSP/Include" -I"C:/Users/raphael.baumeler/workspace_STM/200_Pinbelegung/STM32CubeIDE/Drivers/CMSIS_DSP/PrivateInclude" -I../../Drivers/STM32U5xx_HAL_Driver/Inc -I../../Drivers/STM32U5xx_HAL_Driver/Inc/Legacy -I../../Drivers/CMSIS/Device/ST/STM32U5xx/Include -I../../Drivers/CMSIS/Include -I../../Middlewares/ST/ARM/DSP/Inc -I"C:/Users/raphael.baumeler/workspace_STM/207_Monitoringsystem_SD-Karte/STM32CubeIDE/SD-Karte/Inc" -I"C:/Users/raphael.baumeler/workspace_STM/207_Monitoringsystem_SD-Karte/STM32CubeIDE/Funktionen/Inc" -O0 -ffunction-sections -fdata-sections -Wall -fstack-usage -fcyclomatic-complexity -MMD -MP -MF"Application/User/Core/gpdma.d" -MT"Application/User/Core/gpdma.o" --specs=nano.specs -mfpu=fpv5-sp-d16 -mfloat-abi=hard -mthumb -o "Application/User/Core/gpdma.o"
arm-none-eabi-gcc "C:/Users/raphael.baumeler/workspace_STM/207_Monitoringsystem_SD-Karte/Core/Src/gpio.c" -mcpu=cortex-m33 -std=gnu11 -g3 -DDEBUG -DUSE_HAL_DRIVER -DSTM32U5A5xx -DARM_MATH_CM33 -c -I"C:/Users/raphael.baumeler/workspace_STM/207_Monitoringsystem_SD-Karte/STM32CubeIDE/Callbacks" -I../../Core/Inc -I"C:/Users/raphael.baumeler/workspace_STM/200_Pinbelegung/STM32CubeIDE/Drivers/CMSIS_DSP/Include" -I"C:/Users/raphael.baumeler/workspace_STM/200_Pinbelegung/STM32CubeIDE/Drivers/CMSIS_DSP/PrivateInclude" -I../../Drivers/STM32U5xx_HAL_Driver/Inc -I../../Drivers/STM32U5xx_HAL_Driver/Inc/Legacy -I../../Drivers/CMSIS/Device/ST/STM32U5xx/Include -I../../Drivers/CMSIS/Include -I../../Middlewares/ST/ARM/DSP/Inc -I"C:/Users/raphael.baumeler/workspace_STM/207_Monitoringsystem_SD-Karte/STM32CubeIDE/SD-Karte/Inc" -I"C:/Users/raphael.baumeler/workspace_STM/207_Monitoringsystem_SD-Karte/STM32CubeIDE/Funktionen/Inc" -O0 -ffunction-sections -fdata-sections -Wall -fstack-usage -fcyclomatic-complexity -MMD -MP -MF"Application/User/Core/gpio.d" -MT"Application/User/Core/gpio.o" --specs=nano.specs -mfpu=fpv5-sp-d16 -mfloat-abi=hard -mthumb -o "Application/User/Core/gpio.o"
arm-none-eabi-gcc "C:/Users/raphael.baumeler/workspace_STM/207_Monitoringsystem_SD-Karte/Core/Src/gtzc.c" -mcpu=cortex-m33 -std=gnu11 -g3 -DDEBUG -DUSE_HAL_DRIVER -DSTM32U5A5xx -DARM_MATH_CM33 -c -I"C:/Users/raphael.baumeler/workspace_STM/207_Monitoringsystem_SD-Karte/STM32CubeIDE/Callbacks" -I../../Core/Inc -I"C:/Users/raphael.baumeler/workspace_STM/200_Pinbelegung/STM32CubeIDE/Drivers/CMSIS_DSP/Include" -I"C:/Users/raphael.baumeler/workspace_STM/200_Pinbelegung/STM32CubeIDE/Drivers/CMSIS_DSP/PrivateInclude" -I../../Drivers/STM32U5xx_HAL_Driver/Inc -I../../Drivers/STM32U5xx_HAL_Driver/Inc/Legacy -I../../Drivers/CMSIS/Device/ST/STM32U5xx/Include -I../../Drivers/CMSIS/Include -I../../Middlewares/ST/ARM/DSP/Inc -I"C:/Users/raphael.baumeler/workspace_STM/207_Monitoringsystem_SD-Karte/STM32CubeIDE/SD-Karte/Inc" -I"C:/Users/raphael.baumeler/workspace_STM/207_Monitoringsystem_SD-Karte/STM32CubeIDE/Funktionen/Inc" -O0 -ffunction-sections -fdata-sections -Wall -fstack-usage -fcyclomatic-complexity -MMD -MP -MF"Application/User/Core/gtzc.d" -MT"Application/User/Core/gtzc.o" --specs=nano.specs -mfpu=fpv5-sp-d16 -mfloat-abi=hard -mthumb -o "Application/User/Core/gtzc.o"
arm-none-eabi-gcc "C:/Users/raphael.baumeler/workspace_STM/207_Monitoringsystem_SD-Karte/Core/Src/icache.c" -mcpu=cortex-m33 -std=gnu11 -g3 -DDEBUG -DUSE_HAL_DRIVER -DSTM32U5A5xx -DARM_MATH_CM33 -c -I"C:/Users/raphael.baumeler/workspace_STM/207_Monitoringsystem_SD-Karte/STM32CubeIDE/Callbacks" -I../../Core/Inc -I"C:/Users/raphael.baumeler/workspace_STM/200_Pinbelegung/STM32CubeIDE/Drivers/CMSIS_DSP/Include" -I"C:/Users/raphael.baumeler/workspace_STM/200_Pinbelegung/STM32CubeIDE/Drivers/CMSIS_DSP/PrivateInclude" -I../../Drivers/STM32U5xx_HAL_Driver/Inc -I../../Drivers/STM32U5xx_HAL_Driver/Inc/Legacy -I../../Drivers/CMSIS/Device/ST/STM32U5xx/Include -I../../Drivers/CMSIS/Include -I../../Middlewares/ST/ARM/DSP/Inc -I"C:/Users/raphael.baumeler/workspace_STM/207_Monitoringsystem_SD-Karte/STM32CubeIDE/SD-Karte/Inc" -I"C:/Users/raphael.baumeler/workspace_STM/207_Monitoringsystem_SD-Karte/STM32CubeIDE/Funktionen/Inc" -O0 -ffunction-sections -fdata-sections -Wall -fstack-usage -fcyclomatic-complexity -MMD -MP -MF"Application/User/Core/icache.d" -MT"Application/User/Core/icache.o" --specs=nano.specs -mfpu=fpv5-sp-d16 -mfloat-abi=hard -mthumb -o "Application/User/Core/icache.o"
arm-none-eabi-gcc "C:/Users/raphael.baumeler/workspace_STM/207_Monitoringsystem_SD-Karte/Core/Src/main.c" -mcpu=cortex-m33 -std=gnu11 -g3 -DDEBUG -DUSE_HAL_DRIVER -DSTM32U5A5xx -DARM_MATH_CM33 -c -I"C:/Users/raphael.baumeler/workspace_STM/207_Monitoringsystem_SD-Karte/STM32CubeIDE/Callbacks" -I../../Core/Inc -I"C:/Users/raphael.baumeler/workspace_STM/200_Pinbelegung/STM32CubeIDE/Drivers/CMSIS_DSP/Include" -I"C:/Users/raphael.baumeler/workspace_STM/200_Pinbelegung/STM32CubeIDE/Drivers/CMSIS_DSP/PrivateInclude" -I../../Drivers/STM32U5xx_HAL_Driver/Inc -I../../Drivers/STM32U5xx_HAL_Driver/Inc/Legacy -I../../Drivers/CMSIS/Device/ST/STM32U5xx/Include -I../../Drivers/CMSIS/Include -I../../Middlewares/ST/ARM/DSP/Inc -I"C:/Users/raphael.baumeler/workspace_STM/207_Monitoringsystem_SD-Karte/STM32CubeIDE/SD-Karte/Inc" -I"C:/Users/raphael.baumeler/workspace_STM/207_Monitoringsystem_SD-Karte/STM32CubeIDE/Funktionen/Inc" -O0 -ffunction-sections -fdata-sections -Wall -fstack-usage -fcyclomatic-complexity -MMD -MP -MF"Application/User/Core/main.d" -MT"Application/User/Core/main.o" --specs=nano.specs -mfpu=fpv5-sp-d16 -mfloat-abi=hard -mthumb -o "Application/User/Core/main.o"
arm-none-eabi-gcc "C:/Users/raphael.baumeler/workspace_STM/207_Monitoringsystem_SD-Karte/Core/Src/spi.c" -mcpu=cortex-m33 -std=gnu11 -g3 -DDEBUG -DUSE_HAL_DRIVER -DSTM32U5A5xx -DARM_MATH_CM33 -c -I"C:/Users/raphael.baumeler/workspace_STM/207_Monitoringsystem_SD-Karte/STM32CubeIDE/Callbacks" -I../../Core/Inc -I"C:/Users/raphael.baumeler/workspace_STM/200_Pinbelegung/STM32CubeIDE/Drivers/CMSIS_DSP/Include" -I"C:/Users/raphael.baumeler/workspace_STM/200_Pinbelegung/STM32CubeIDE/Drivers/CMSIS_DSP/PrivateInclude" -I../../Drivers/STM32U5xx_HAL_Driver/Inc -I../../Drivers/STM32U5xx_HAL_Driver/Inc/Legacy -I../../Drivers/CMSIS/Device/ST/STM32U5xx/Include -I../../Drivers/CMSIS/Include -I../../Middlewares/ST/ARM/DSP/Inc -I"C:/Users/raphael.baumeler/workspace_STM/207_Monitoringsystem_SD-Karte/STM32CubeIDE/SD-Karte/Inc" -I"C:/Users/raphael.baumeler/workspace_STM/207_Monitoringsystem_SD-Karte/STM32CubeIDE/Funktionen/Inc" -O0 -ffunction-sections -fdata-sections -Wall -fstack-usage -fcyclomatic-complexity -MMD -MP -MF"Application/User/Core/spi.d" -MT"Application/User/Core/spi.o" --specs=nano.specs -mfpu=fpv5-sp-d16 -mfloat-abi=hard -mthumb -o "Application/User/Core/spi.o"
arm-none-eabi-gcc "C:/Users/raphael.baumeler/workspace_STM/207_Monitoringsystem_SD-Karte/Core/Src/stm32u5xx_hal_msp.c" -mcpu=cortex-m33 -std=gnu11 -g3 -DDEBUG -DUSE_HAL_DRIVER -DSTM32U5A5xx -DARM_MATH_CM33 -c -I"C:/Users/raphael.baumeler/workspace_STM/207_Monitoringsystem_SD-Karte/STM32CubeIDE/Callbacks" -I../../Core/Inc -I"C:/Users/raphael.baumeler/workspace_STM/200_Pinbelegung/STM32CubeIDE/Drivers/CMSIS_DSP/Include" -I"C:/Users/raphael.baumeler/workspace_STM/200_Pinbelegung/STM32CubeIDE/Drivers/CMSIS_DSP/PrivateInclude" -I../../Drivers/STM32U5xx_HAL_Driver/Inc -I../../Drivers/STM32U5xx_HAL_Driver/Inc/Legacy -I../../Drivers/CMSIS/Device/ST/STM32U5xx/Include -I../../Drivers/CMSIS/Include -I../../Middlewares/ST/ARM/DSP/Inc -I"C:/Users/raphael.baumeler/workspace_STM/207_Monitoringsystem_SD-Karte/STM32CubeIDE/SD-Karte/Inc" -I"C:/Users/raphael.baumeler/workspace_STM/207_Monitoringsystem_SD-Karte/STM32CubeIDE/Funktionen/Inc" -O0 -ffunction-sections -fdata-sections -Wall -fstack-usage -fcyclomatic-complexity -MMD -MP -MF"Application/User/Core/stm32u5xx_hal_msp.d" -MT"Application/User/Core/stm32u5xx_hal_msp.o" --specs=nano.specs -mfpu=fpv5-sp-d16 -mfloat-abi=hard -mthumb -o "Application/User/Core/stm32u5xx_hal_msp.o"
arm-none-eabi-gcc "C:/Users/raphael.baumeler/workspace_STM/207_Monitoringsystem_SD-Karte/Core/Src/stm32u5xx_it.c" -mcpu=cortex-m33 -std=gnu11 -g3 -DDEBUG -DUSE_HAL_DRIVER -DSTM32U5A5xx -DARM_MATH_CM33 -c -I"C:/Users/raphael.baumeler/workspace_STM/207_Monitoringsystem_SD-Karte/STM32CubeIDE/Callbacks" -I../../Core/Inc -I"C:/Users/raphael.baumeler/workspace_STM/200_Pinbelegung/STM32CubeIDE/Drivers/CMSIS_DSP/Include" -I"C:/Users/raphael.baumeler/workspace_STM/200_Pinbelegung/STM32CubeIDE/Drivers/CMSIS_DSP/PrivateInclude" -I../../Drivers/STM32U5xx_HAL_Driver/Inc -I../../Drivers/STM32U5xx_HAL_Driver/Inc/Legacy -I../../Drivers/CMSIS/Device/ST/STM32U5xx/Include -I../../Drivers/CMSIS/Include -I../../Middlewares/ST/ARM/DSP/Inc -I"C:/Users/raphael.baumeler/workspace_STM/207_Monitoringsystem_SD-Karte/STM32CubeIDE/SD-Karte/Inc" -I"C:/Users/raphael.baumeler/workspace_STM/207_Monitoringsystem_SD-Karte/STM32CubeIDE/Funktionen/Inc" -O0 -ffunction-sections -fdata-sections -Wall -fstack-usage -fcyclomatic-complexity -MMD -MP -MF"Application/User/Core/stm32u5xx_it.d" -MT"Application/User/Core/stm32u5xx_it.o" --specs=nano.specs -mfpu=fpv5-sp-d16 -mfloat-abi=hard -mthumb -o "Application/User/Core/stm32u5xx_it.o"
arm-none-eabi-gcc "../Application/User/Core/syscalls.c" -mcpu=cortex-m33 -std=gnu11 -g3 -DDEBUG -DUSE_HAL_DRIVER -DSTM32U5A5xx -DARM_MATH_CM33 -c -I"C:/Users/raphael.baumeler/workspace_STM/207_Monitoringsystem_SD-Karte/STM32CubeIDE/Callbacks" -I../../Core/Inc -I"C:/Users/raphael.baumeler/workspace_STM/200_Pinbelegung/STM32CubeIDE/Drivers/CMSIS_DSP/Include" -I"C:/Users/raphael.baumeler/workspace_STM/200_Pinbelegung/STM32CubeIDE/Drivers/CMSIS_DSP/PrivateInclude" -I../../Drivers/STM32U5xx_HAL_Driver/Inc -I../../Drivers/STM32U5xx_HAL_Driver/Inc/Legacy -I../../Drivers/CMSIS/Device/ST/STM32U5xx/Include -I../../Drivers/CMSIS/Include -I../../Middlewares/ST/ARM/DSP/Inc -I"C:/Users/raphael.baumeler/workspace_STM/207_Monitoringsystem_SD-Karte/STM32CubeIDE/SD-Karte/Inc" -I"C:/Users/raphael.baumeler/workspace_STM/207_Monitoringsystem_SD-Karte/STM32CubeIDE/Funktionen/Inc" -O0 -ffunction-sections -fdata-sections -Wall -fstack-usage -fcyclomatic-complexity -MMD -MP -MF"Application/User/Core/syscalls.d" -MT"Application/User/Core/syscalls.o" --specs=nano.specs -mfpu=fpv5-sp-d16 -mfloat-abi=hard -mthumb -o "Application/User/Core/syscalls.o"
arm-none-eabi-gcc "../Application/User/Core/sysmem.c" -mcpu=cortex-m33 -std=gnu11 -g3 -DDEBUG -DUSE_HAL_DRIVER -DSTM32U5A5xx -DARM_MATH_CM33 -c -I"C:/Users/raphael.baumeler/workspace_STM/207_Monitoringsystem_SD-Karte/STM32CubeIDE/Callbacks" -I../../Core/Inc -I"C:/Users/raphael.baumeler/workspace_STM/200_Pinbelegung/STM32CubeIDE/Drivers/CMSIS_DSP/Include" -I"C:/Users/raphael.baumeler/workspace_STM/200_Pinbelegung/STM32CubeIDE/Drivers/CMSIS_DSP/PrivateInclude" -I../../Drivers/STM32U5xx_HAL_Driver/Inc -I../../Drivers/STM32U5xx_HAL_Driver/Inc/Legacy -I../../Drivers/CMSIS/Device/ST/STM32U5xx/Include -I../../Drivers/CMSIS/Include -I../../Middlewares/ST/ARM/DSP/Inc -I"C:/Users/raphael.baumeler/workspace_STM/207_Monitoringsystem_SD-Karte/STM32CubeIDE/SD-Karte/Inc" -I"C:/Users/raphael.baumeler/workspace_STM/207_Monitoringsystem_SD-Karte/STM32CubeIDE/Funktionen/Inc" -O0 -ffunction-sections -fdata-sections -Wall -fstack-usage -fcyclomatic-complexity -MMD -MP -MF"Application/User/Core/sysmem.d" -MT"Application/User/Core/sysmem.o" --specs=nano.specs -mfpu=fpv5-sp-d16 -mfloat-abi=hard -mthumb -o "Application/User/Core/sysmem.o"
arm-none-eabi-gcc "C:/Users/raphael.baumeler/workspace_STM/207_Monitoringsystem_SD-Karte/Core/Src/tim.c" -mcpu=cortex-m33 -std=gnu11 -g3 -DDEBUG -DUSE_HAL_DRIVER -DSTM32U5A5xx -DARM_MATH_CM33 -c -I"C:/Users/raphael.baumeler/workspace_STM/207_Monitoringsystem_SD-Karte/STM32CubeIDE/Callbacks" -I../../Core/Inc -I"C:/Users/raphael.baumeler/workspace_STM/200_Pinbelegung/STM32CubeIDE/Drivers/CMSIS_DSP/Include" -I"C:/Users/raphael.baumeler/workspace_STM/200_Pinbelegung/STM32CubeIDE/Drivers/CMSIS_DSP/PrivateInclude" -I../../Drivers/STM32U5xx_HAL_Driver/Inc -I../../Drivers/STM32U5xx_HAL_Driver/Inc/Legacy -I../../Drivers/CMSIS/Device/ST/STM32U5xx/Include -I../../Drivers/CMSIS/Include -I../../Middlewares/ST/ARM/DSP/Inc -I"C:/Users/raphael.baumeler/workspace_STM/207_Monitoringsystem_SD-Karte/STM32CubeIDE/SD-Karte/Inc" -I"C:/Users/raphael.baumeler/workspace_STM/207_Monitoringsystem_SD-Karte/STM32CubeIDE/Funktionen/Inc" -O0 -ffunction-sections -fdata-sections -Wall -fstack-usage -fcyclomatic-complexity -MMD -MP -MF"Application/User/Core/tim.d" -MT"Application/User/Core/tim.o" --specs=nano.specs -mfpu=fpv5-sp-d16 -mfloat-abi=hard -mthumb -o "Application/User/Core/tim.o"
arm-none-eabi-gcc "C:/Users/raphael.baumeler/workspace_STM/207_Monitoringsystem_SD-Karte/Core/Src/usart.c" -mcpu=cortex-m33 -std=gnu11 -g3 -DDEBUG -DUSE_HAL_DRIVER -DSTM32U5A5xx -DARM_MATH_CM33 -c -I"C:/Users/raphael.baumeler/workspace_STM/207_Monitoringsystem_SD-Karte/STM32CubeIDE/Callbacks" -I../../Core/Inc -I"C:/Users/raphael.baumeler/workspace_STM/200_Pinbelegung/STM32CubeIDE/Drivers/CMSIS_DSP/Include" -I"C:/Users/raphael.baumeler/workspace_STM/200_Pinbelegung/STM32CubeIDE/Drivers/CMSIS_DSP/PrivateInclude" -I../../Drivers/STM32U5xx_HAL_Driver/Inc -I../../Drivers/STM32U5xx_HAL_Driver/Inc/Legacy -I../../Drivers/CMSIS/Device/ST/STM32U5xx/Include -I../../Drivers/CMSIS/Include -I../../Middlewares/ST/ARM/DSP/Inc -I"C:/Users/raphael.baumeler/workspace_STM/207_Monitoringsystem_SD-Karte/STM32CubeIDE/SD-Karte/Inc" -I"C:/Users/raphael.baumeler/workspace_STM/207_Monitoringsystem_SD-Karte/STM32CubeIDE/Funktionen/Inc" -O0 -ffunction-sections -fdata-sections -Wall -fstack-usage -fcyclomatic-complexity -MMD -MP -MF"Application/User/Core/usart.d" -MT"Application/User/Core/usart.o" --specs=nano.specs -mfpu=fpv5-sp-d16 -mfloat-abi=hard -mthumb -o "Application/User/Core/usart.o"
arm-none-eabi-gcc -o "207_Monitoringsystem_SD-Karte.elf" @"objects.list"  -l:libarm_ARMv8MMLlfsp_math.a -mcpu=cortex-m33 -T"C:\Users\raphael.baumeler\workspace_STM\207_Monitoringsystem_SD-Karte\STM32CubeIDE\STM32U5A5ZJTXQ_FLASH_MMT_TEMPLATE.ld" --specs=nosys.specs -Wl,-Map="207_Monitoringsystem_SD-Karte.map" -Wl,--gc-sections -static -L../../Middlewares/ST/ARM/DSP/Lib --specs=nano.specs -mfpu=fpv5-sp-d16 -mfloat-abi=hard -mthumb -u _printf_float -Wl,--start-group -lc -lm -Wl,--end-group
Finished building target: 207_Monitoringsystem_SD-Karte.elf
 
arm-none-eabi-size  207_Monitoringsystem_SD-Karte.elf 
arm-none-eabi-objdump -h -S 207_Monitoringsystem_SD-Karte.elf  > "207_Monitoringsystem_SD-Karte.list"
   text	   data	    bss	    dec	    hex	filename
  96785	    524	 149380	 246689	  3c3a1	207_Monitoringsystem_SD-Karte.elf
Finished building: default.size.stdout
 
Finished building: 207_Monitoringsystem_SD-Karte.list
 
